{
  "Entries": [
    {
      "RequestUri": "https://rooms-ppe-us.ppe.communication.azure.net/identities?api-version=2021-03-07",
      "RequestMethod": "POST",
      "RequestHeaders": {
        "Accept": "application/json",
        "Authorization": "Sanitized",
        "Content-Length": "2",
        "Content-Type": "application/json",
        "traceparent": "00-dff9c5906c32587d7918e6f04f66b732-2e636fd1636b5ae2-00",
        "User-Agent": "azsdk-net-Communication.Identity/1.1.0-alpha.20220425.1 (.NET 6.0.4; Microsoft Windows 10.0.22000)",
        "x-ms-client-request-id": "9fe37b3bf9ee37f2acf6a1267b7df6d0",
        "x-ms-content-sha256": "Sanitized",
        "x-ms-date": "Mon, 25 Apr 2022 23:21:36 GMT",
        "x-ms-return-client-request-id": "true"
      },
      "RequestBody": {},
      "StatusCode": 201,
      "ResponseHeaders": {
        "api-supported-versions": "2020-07-20-preview2, 2021-02-22-preview1, 2021-03-07, 2021-10-31-preview, 2021-11-01, 2022-06-01",
        "Content-Length": "101",
        "Content-Type": "application/json; charset=utf-8",
        "Date": "Mon, 25 Apr 2022 23:21:37 GMT",
        "MS-CV": "PC4APY6QGkaq0xxLKQycxA.0",
        "Request-Context": "appId=",
        "Strict-Transport-Security": "max-age=2592000",
        "X-Azure-Ref": "0Ai1nYgAAAABeJwzug\u002B8qTqdOZyjs7tNhVFlPMDFFREdFMjUxNwBmMDlhNGMxMy0yMWYxLTQ4ZWMtOWNmNy02NjU0NTY4NGI2NDI=",
        "X-Cache": "CONFIG_NOCACHE",
        "x-ms-client-request-id": "9fe37b3bf9ee37f2acf6a1267b7df6d0",
        "X-Processing-Time": "62ms"
      },
      "ResponseBody": {
        "identity": {
          "id": "8:acs:db75ed0c-e801-41a3-99a4-66a0a119a06c_00000011-02e9-75be-83fe-0848220003db"
        }
      }
    },
    {
      "RequestUri": "https://rooms-ppe-us.ppe.communication.azure.net/identities?api-version=2021-03-07",
      "RequestMethod": "POST",
      "RequestHeaders": {
        "Accept": "application/json",
        "Authorization": "Sanitized",
        "Content-Length": "2",
        "Content-Type": "application/json",
        "traceparent": "00-f13f0c99e21a9db786ea98e8026d3b68-6b28080e08790849-00",
        "User-Agent": "azsdk-net-Communication.Identity/1.1.0-alpha.20220425.1 (.NET 6.0.4; Microsoft Windows 10.0.22000)",
        "x-ms-client-request-id": "6653990b797f08713c6b9a6299f7e75f",
        "x-ms-content-sha256": "Sanitized",
        "x-ms-date": "Mon, 25 Apr 2022 23:21:37 GMT",
        "x-ms-return-client-request-id": "true"
      },
      "RequestBody": {},
      "StatusCode": 201,
      "ResponseHeaders": {
        "api-supported-versions": "2020-07-20-preview2, 2021-02-22-preview1, 2021-03-07, 2021-10-31-preview, 2021-11-01, 2022-06-01",
        "Content-Length": "101",
        "Content-Type": "application/json; charset=utf-8",
        "Date": "Mon, 25 Apr 2022 23:21:38 GMT",
        "MS-CV": "PVR4pDWbfEqTYlUoxiAgHA.0",
        "Request-Context": "appId=",
        "Strict-Transport-Security": "max-age=2592000",
        "X-Azure-Ref": "0Ai1nYgAAAACjfnifu5zpQJU6TDHnQruTVFlPMDFFREdFMjUxNwBmMDlhNGMxMy0yMWYxLTQ4ZWMtOWNmNy02NjU0NTY4NGI2NDI=",
        "X-Cache": "CONFIG_NOCACHE",
        "x-ms-client-request-id": "6653990b797f08713c6b9a6299f7e75f",
        "X-Processing-Time": "26ms"
      },
      "ResponseBody": {
        "identity": {
          "id": "8:acs:db75ed0c-e801-41a3-99a4-66a0a119a06c_00000011-02e9-76b0-83fe-0848220003dc"
        }
      }
    },
    {
      "RequestUri": "https://rooms-ppe-us.ppe.communication.azure.net/identities?api-version=2021-03-07",
      "RequestMethod": "POST",
      "RequestHeaders": {
        "Accept": "application/json",
        "Authorization": "Sanitized",
        "Content-Length": "2",
        "Content-Type": "application/json",
        "traceparent": "00-f7a8146aba1a2073a78680a5ccf166c2-9fa7bc2e1e55495a-00",
        "User-Agent": "azsdk-net-Communication.Identity/1.1.0-alpha.20220425.1 (.NET 6.0.4; Microsoft Windows 10.0.22000)",
        "x-ms-client-request-id": "529d60b66cc20a9c758acffcbf3a57b2",
        "x-ms-content-sha256": "Sanitized",
        "x-ms-date": "Mon, 25 Apr 2022 23:21:37 GMT",
        "x-ms-return-client-request-id": "true"
      },
      "RequestBody": {},
      "StatusCode": 201,
      "ResponseHeaders": {
        "api-supported-versions": "2020-07-20-preview2, 2021-02-22-preview1, 2021-03-07, 2021-10-31-preview, 2021-11-01, 2022-06-01",
        "Content-Length": "101",
        "Content-Type": "application/json; charset=utf-8",
        "Date": "Mon, 25 Apr 2022 23:21:38 GMT",
        "MS-CV": "Gk6Uz3GNi0yIt\u002BBjB9AdRg.0",
        "Request-Context": "appId=",
        "Strict-Transport-Security": "max-age=2592000",
        "X-Azure-Ref": "0Ai1nYgAAAABi8xL5wnfNSY2lgF\u002BotQKEVFlPMDFFREdFMjUxNwBmMDlhNGMxMy0yMWYxLTQ4ZWMtOWNmNy02NjU0NTY4NGI2NDI=",
        "X-Cache": "CONFIG_NOCACHE",
        "x-ms-client-request-id": "529d60b66cc20a9c758acffcbf3a57b2",
        "X-Processing-Time": "25ms"
      },
      "ResponseBody": {
        "identity": {
          "id": "8:acs:db75ed0c-e801-41a3-99a4-66a0a119a06c_00000011-02e9-777b-83fe-0848220003dd"
        }
      }
    },
    {
      "RequestUri": "https://rooms-ppe-us.ppe.communication.azure.net/rooms?api-version=2022-02-01",
      "RequestMethod": "POST",
      "RequestHeaders": {
        "Accept": "application/json, text/json",
        "Authorization": "Sanitized",
        "Content-Length": "310",
        "Content-Type": "application/json",
        "traceparent": "00-716462fd54b7c619e59e261d4783807b-57cada67c4423dba-00",
        "User-Agent": "azsdk-net-Communication.Rooms/1.0.0-alpha.20220425.1 (.NET 6.0.4; Microsoft Windows 10.0.22000)",
        "x-ms-client-request-id": "7184d05d6652c11509da63835e8f9eb4",
        "x-ms-content-sha256": "Sanitized",
        "x-ms-date": "Mon, 25 Apr 2022 23:21:37 GMT",
        "x-ms-return-client-request-id": "true"
      },
      "RequestBody": {
        "validFrom": "2022-05-01T00:00:00.0000000Z",
        "validUntil": "2022-05-02T00:00:00.0000000Z",
        "participants": {
          "8:acs:db75ed0c-e801-41a3-99a4-66a0a119a06c_00000011-02e9-75be-83fe-0848220003db": {
            "role": "Presenter"
          },
          "8:acs:db75ed0c-e801-41a3-99a4-66a0a119a06c_00000011-02e9-76b0-83fe-0848220003dc": {
            "role": "Attendee"
          }
        }
      },
      "StatusCode": 201,
      "ResponseHeaders": {
        "api-supported-versions": "2021-04-07, 2022-02-01",
        "Content-Type": "application/json; charset=utf-8",
        "Date": "Mon, 25 Apr 2022 23:21:39 GMT",
        "Location": "99454368273283047",
        "MS-CV": "gR8mvfwj3kKNoZo1aVEH/w.0",
        "Transfer-Encoding": "chunked",
        "X-Azure-Ref": "0Ay1nYgAAAADrlgenJaO4TZE21IbqlDmOVFlPMDFFREdFMjUxNwBmMDlhNGMxMy0yMWYxLTQ4ZWMtOWNmNy02NjU0NTY4NGI2NDI=",
        "X-Cache": "CONFIG_NOCACHE"
      },
      "ResponseBody": {
        "room": {
          "id": "99454368273283047",
          "createdDateTime": "2022-04-25T23:21:39.7072079\u002B00:00",
          "validFrom": "2022-05-01T00:00:00\u002B00:00",
          "validUntil": "2022-05-02T00:00:00\u002B00:00",
          "participants": {
            "8:acs:db75ed0c-e801-41a3-99a4-66a0a119a06c_00000011-02e9-75be-83fe-0848220003db": {
              "role": "Presenter"
            },
            "8:acs:db75ed0c-e801-41a3-99a4-66a0a119a06c_00000011-02e9-76b0-83fe-0848220003dc": {
              "role": "Attendee"
            }
          }
        }
      }
    },
    {
      "RequestUri": "https://rooms-ppe-us.ppe.communication.azure.net/rooms/99454368273283047?api-version=2022-02-01",
      "RequestMethod": "PATCH",
      "RequestHeaders": {
        "Accept": "application/json, text/json",
        "Authorization": "Sanitized",
        "Content-Length": "88",
        "Content-Type": "application/merge-patch\u002Bjson",
        "traceparent": "00-cb577908a2380d334c92bbf8ddeef2ac-f8d2b6f1c9fee95c-00",
        "User-Agent": "azsdk-net-Communication.Rooms/1.0.0-alpha.20220425.1 (.NET 6.0.4; Microsoft Windows 10.0.22000)",
        "x-ms-client-request-id": "1a6f410ea3df9e0dfd48f0f4aa754801",
        "x-ms-content-sha256": "Sanitized",
        "x-ms-date": "Mon, 25 Apr 2022 23:21:38 GMT",
        "x-ms-return-client-request-id": "true"
      },
      "RequestBody": {
        "validFrom": "2022-05-01T00:00:00.0000000Z",
        "validUntil": "2022-05-02T00:00:00.0000000Z"
      },
      "StatusCode": 200,
      "ResponseHeaders": {
        "api-supported-versions": "2021-04-07, 2022-02-01",
        "Content-Type": "application/json; charset=utf-8",
        "Date": "Mon, 25 Apr 2022 23:21:39 GMT",
        "MS-CV": "5JGIAhRijk2TICrYfpbrbw.0",
        "Transfer-Encoding": "chunked",
        "X-Azure-Ref": "0Ay1nYgAAAAClbExP7AZkSqKtKb54gGbKVFlPMDFFREdFMjUxNwBmMDlhNGMxMy0yMWYxLTQ4ZWMtOWNmNy02NjU0NTY4NGI2NDI=",
        "X-Cache": "CONFIG_NOCACHE"
      },
      "ResponseBody": {
        "room": {
          "id": "99454368273283047",
          "createdDateTime": "2022-04-25T23:21:39.7072079\u002B00:00",
          "validFrom": "2022-05-01T00:00:00\u002B00:00",
          "validUntil": "2022-05-02T00:00:00\u002B00:00",
          "participants": {
            "8:acs:db75ed0c-e801-41a3-99a4-66a0a119a06c_00000011-02e9-75be-83fe-0848220003db": {
              "role": "Presenter"
            },
            "8:acs:db75ed0c-e801-41a3-99a4-66a0a119a06c_00000011-02e9-76b0-83fe-0848220003dc": {
              "role": "Attendee"
            }
          }
        }
      }
    },
    {
      "RequestUri": "https://rooms-ppe-us.ppe.communication.azure.net/rooms/99454368273283047?api-version=2022-02-01",
      "RequestMethod": "GET",
      "RequestHeaders": {
        "Accept": "application/json, text/json",
        "Authorization": "Sanitized",
        "traceparent": "00-200b2b264fc1e820d8b4caec95243442-5507c6358aa7e5f3-00",
        "User-Agent": "azsdk-net-Communication.Rooms/1.0.0-alpha.20220425.1 (.NET 6.0.4; Microsoft Windows 10.0.22000)",
        "x-ms-client-request-id": "c905e71375734f0d4adb49e70819ace6",
        "x-ms-content-sha256": "Sanitized",
        "x-ms-date": "Mon, 25 Apr 2022 23:21:38 GMT",
        "x-ms-return-client-request-id": "true"
      },
      "RequestBody": null,
      "StatusCode": 200,
      "ResponseHeaders": {
        "api-supported-versions": "2021-04-07, 2022-02-01",
        "Content-Type": "application/json; charset=utf-8",
        "Date": "Mon, 25 Apr 2022 23:21:39 GMT",
        "MS-CV": "33IpYKAVYUGC5axGsOo7EA.0",
        "Transfer-Encoding": "chunked",
        "X-Azure-Ref": "0BC1nYgAAAABxbsjHFtsTSqhi/HcovfsHVFlPMDFFREdFMjUxNwBmMDlhNGMxMy0yMWYxLTQ4ZWMtOWNmNy02NjU0NTY4NGI2NDI=",
        "X-Cache": "CONFIG_NOCACHE"
      },
      "ResponseBody": {
        "id": "99454368273283047",
        "createdDateTime": "2022-04-25T23:21:39.7072079\u002B00:00",
        "validFrom": "2022-05-01T00:00:00\u002B00:00",
        "validUntil": "2022-05-02T00:00:00\u002B00:00",
        "participants": {
          "8:acs:db75ed0c-e801-41a3-99a4-66a0a119a06c_00000011-02e9-75be-83fe-0848220003db": {
            "role": "Presenter"
          },
          "8:acs:db75ed0c-e801-41a3-99a4-66a0a119a06c_00000011-02e9-76b0-83fe-0848220003dc": {
            "role": "Attendee"
          }
        }
      }
    },
    {
      "RequestUri": "https://rooms-ppe-us.ppe.communication.azure.net/rooms/99454368273283047?api-version=2022-02-01",
      "RequestMethod": "DELETE",
      "RequestHeaders": {
        "Accept": "application/json",
        "Authorization": "Sanitized",
        "traceparent": "00-8bacb3ffaffa94a347042b9555451310-73073523cea2641c-00",
        "User-Agent": "azsdk-net-Communication.Rooms/1.0.0-alpha.20220425.1 (.NET 6.0.4; Microsoft Windows 10.0.22000)",
        "x-ms-client-request-id": "7eed1aec3ccabad2c3e5740a75201793",
        "x-ms-content-sha256": "Sanitized",
        "x-ms-date": "Mon, 25 Apr 2022 23:21:39 GMT",
        "x-ms-return-client-request-id": "true"
      },
      "RequestBody": null,
      "StatusCode": 204,
      "ResponseHeaders": {
        "api-supported-versions": "2021-04-07, 2022-02-01",
        "Date": "Mon, 25 Apr 2022 23:21:40 GMT",
        "MS-CV": "tWCWWBIhD0CM\u002Bq75cKdP9Q.0",
        "X-Azure-Ref": "0BC1nYgAAAADCeTKXI0LGTqsJ7xEHuVirVFlPMDFFREdFMjUxNwBmMDlhNGMxMy0yMWYxLTQ4ZWMtOWNmNy02NjU0NTY4NGI2NDI=",
        "X-Cache": "CONFIG_NOCACHE"
      },
      "ResponseBody": null
    }
  ],
  "Variables": {
    "COMMUNICATION_LIVETEST_DYNAMIC_CONNECTION_STRING": "endpoint=https://rooms-ppe-us.ppe.communication.azure.net/;accesskey=Kg==",
    "RandomSeed": "420067238"
  }
}
