{
  "Entries": [
    {
      "RequestUri": "https://rooms-ppe-us.ppe.communication.azure.net/rooms?api-version=2022-02-01",
      "RequestMethod": "POST",
      "RequestHeaders": {
        "Accept": "application/json",
        "Authorization": "Sanitized",
        "Content-Length": "105",
        "Content-Type": "application/json",
        "Repeatability-First-Sent": "2022-06-21T20:49:24.1301054Z",
        "Repeatability-Request-ID": "885239ff-5f35-43d7-b5c7-464649ed396c",
        "traceparent": "00-cbed59308fc16d0e02332fd6d9448863-c8f86f5054c85226-00",
        "User-Agent": "azsdk-net-Communication.Rooms/1.0.0-alpha.20220621.1 (.NET 6.0.6; Microsoft Windows 10.0.22000)",
        "x-ms-client-request-id": "34dc49f64b8e2e1e0d2cc63588bd1c11",
        "x-ms-content-sha256": "Sanitized",
        "x-ms-date": "Tue, 21 Jun 2022 20:49:24 GMT",
        "x-ms-return-client-request-id": "true"
      },
      "RequestBody": {
        "validFrom": "2022-06-21T20:49:24.1299067Z",
        "validUntil": "2022-06-22T20:49:24.1299067Z",
        "roomOpen": false
      },
      "StatusCode": 201,
      "ResponseHeaders": {
        "api-supported-versions": "2021-04-07, 2022-02-01",
        "Content-Type": "application/json; charset=utf-8",
        "Date": "Tue, 21 Jun 2022 20:49:24 GMT",
        "Location": "99414913760263886",
        "MS-CV": "M4TjBiAwP0adPONucGrbnQ.0",
        "Repeatability-Result": "accepted",
        "Transfer-Encoding": "chunked",
        "X-Azure-Ref": "01C6yYgAAAAC9ChRDzzlsQq/L7GWZkvoRWVZSMzExMDAwMTE2MDIzAGYwOWE0YzEzLTIxZjEtNDhlYy05Y2Y3LTY2NTQ1Njg0YjY0Mg==",
        "X-Cache": "CONFIG_NOCACHE"
      },
      "ResponseBody": {
        "id": "99414913760263886",
        "createdDateTime": "2022-06-21T20:49:24.6012569\u002B00:00",
        "validFrom": "2022-06-21T20:49:24.1299067\u002B00:00",
        "validUntil": "2022-06-22T20:49:24.1299067\u002B00:00",
        "participants": []
      }
    },
    {
      "RequestUri": "https://rooms-ppe-us.ppe.communication.azure.net/rooms/99414913760263886?api-version=2022-02-01",
      "RequestMethod": "GET",
      "RequestHeaders": {
        "Accept": "application/json",
        "Authorization": "Sanitized",
        "traceparent": "00-c6080ca3a39d654a6a3c5af474bf0f0f-f00c0c0f6aac829e-00",
        "User-Agent": "azsdk-net-Communication.Rooms/1.0.0-alpha.20220621.1 (.NET 6.0.6; Microsoft Windows 10.0.22000)",
        "x-ms-client-request-id": "093073a5837cb6c906727772d6cc7e06",
        "x-ms-content-sha256": "Sanitized",
        "x-ms-date": "Tue, 21 Jun 2022 20:49:24 GMT",
        "x-ms-return-client-request-id": "true"
      },
      "RequestBody": null,
      "StatusCode": 200,
      "ResponseHeaders": {
        "api-supported-versions": "2021-04-07, 2022-02-01",
        "Content-Type": "application/json; charset=utf-8",
        "Date": "Tue, 21 Jun 2022 20:49:25 GMT",
        "MS-CV": "xSAYL\u002BHmMUeAKVbctdvuvw.0",
        "Transfer-Encoding": "chunked",
        "X-Azure-Ref": "01C6yYgAAAADpjAr/FmrTR7ZY6V0nqckKWVZSMzExMDAwMTE2MDIzAGYwOWE0YzEzLTIxZjEtNDhlYy05Y2Y3LTY2NTQ1Njg0YjY0Mg==",
        "X-Cache": "CONFIG_NOCACHE"
      },
      "ResponseBody": {
        "id": "99414913760263886",
        "createdDateTime": "2022-06-21T20:49:24.6012569\u002B00:00",
        "validFrom": "2022-06-21T20:49:24.1299067\u002B00:00",
        "validUntil": "2022-06-22T20:49:24.1299067\u002B00:00",
        "participants": []
      }
    },
    {
      "RequestUri": "https://rooms-ppe-us.ppe.communication.azure.net/rooms/99414913760263886?api-version=2022-02-01",
      "RequestMethod": "PATCH",
      "RequestHeaders": {
        "Accept": "application/json",
        "Authorization": "Sanitized",
        "Content-Length": "105",
        "Content-Type": "application/json",
        "traceparent": "00-2bbf360740d80185437041149847076e-77c6433c9b844f17-00",
        "User-Agent": "azsdk-net-Communication.Rooms/1.0.0-alpha.20220621.1 (.NET 6.0.6; Microsoft Windows 10.0.22000)",
        "x-ms-client-request-id": "bf876effc70545b93396f6a7ad62bd6c",
        "x-ms-content-sha256": "Sanitized",
        "x-ms-date": "Tue, 21 Jun 2022 20:49:25 GMT",
        "x-ms-return-client-request-id": "true"
      },
      "RequestBody": {
        "validFrom": "2022-06-22T20:49:24.1299067Z",
        "validUntil": "2022-06-24T20:49:24.1299067Z",
        "roomOpen": false
      },
      "StatusCode": 200,
      "ResponseHeaders": {
        "api-supported-versions": "2021-04-07, 2022-02-01",
        "Content-Type": "application/json; charset=utf-8",
        "Date": "Tue, 21 Jun 2022 20:49:25 GMT",
        "MS-CV": "9Pvx8vyZ5UCyO8NpaApZ1Q.0",
        "Transfer-Encoding": "chunked",
        "X-Azure-Ref": "01S6yYgAAAABKbrbL24qeQoI\u002Bg2UA5UtAWVZSMzExMDAwMTE2MDIzAGYwOWE0YzEzLTIxZjEtNDhlYy05Y2Y3LTY2NTQ1Njg0YjY0Mg==",
        "X-Cache": "CONFIG_NOCACHE"
      },
      "ResponseBody": {
        "id": "99414913760263886",
        "createdDateTime": "2022-06-21T20:49:24.6012569\u002B00:00",
        "validFrom": "2022-06-22T20:49:24.1299067\u002B00:00",
        "validUntil": "2022-06-24T20:49:24.1299067\u002B00:00",
        "participants": []
      }
    },
    {
      "RequestUri": "https://rooms-ppe-us.ppe.communication.azure.net/rooms/99414913760263886?api-version=2022-02-01",
      "RequestMethod": "DELETE",
      "RequestHeaders": {
        "Accept": "application/json",
        "Authorization": "Sanitized",
        "traceparent": "00-5bc6c95a995ab09abd1ca2c34bc240cd-0ced8f6a83cbe8f2-00",
        "User-Agent": "azsdk-net-Communication.Rooms/1.0.0-alpha.20220621.1 (.NET 6.0.6; Microsoft Windows 10.0.22000)",
        "x-ms-client-request-id": "467d1802437f73a67f262e1bd3ac5840",
        "x-ms-content-sha256": "Sanitized",
        "x-ms-date": "Tue, 21 Jun 2022 20:49:25 GMT",
        "x-ms-return-client-request-id": "true"
      },
      "RequestBody": null,
      "StatusCode": 204,
      "ResponseHeaders": {
        "api-supported-versions": "2021-04-07, 2022-02-01",
        "Date": "Tue, 21 Jun 2022 20:49:26 GMT",
        "MS-CV": "/jyg5As1306P8cSOHZtYgw.0",
        "X-Azure-Ref": "01S6yYgAAAAA2bJf/hPe4Rr00oHA/XVJIWVZSMzExMDAwMTE2MDIzAGYwOWE0YzEzLTIxZjEtNDhlYy05Y2Y3LTY2NTQ1Njg0YjY0Mg==",
        "X-Cache": "CONFIG_NOCACHE"
      },
      "ResponseBody": null
    }
  ],
  "Variables": {
    "COMMUNICATION_LIVETEST_DYNAMIC_CONNECTION_STRING": "endpoint=https://rooms-ppe-us.ppe.communication.azure.net/;accesskey=Kg==",
    "RandomSeed": "1702427278"
  }
}
