{
  "Entries": [
    {
      "RequestUri": "https://management.azure.com/subscriptions/db1ab6f0-4769-4b27-930e-01e2ef9c123c?api-version=2019-11-01",
      "RequestMethod": "GET",
      "RequestHeaders": {
        "Accept": "application/json",
        "Authorization": "Sanitized",
        "User-Agent": [
          "azsdk-net-ResourceManager/1.0.0-alpha.20210811.3",
          "(.NET 5.0.7; Microsoft Windows 10.0.19631)"
        ],
        "x-ms-client-request-id": "94f1cb096ccbef98f154336f7ea9931b",
        "x-ms-return-client-request-id": "true"
      },
      "RequestBody": null,
      "StatusCode": 200,
      "ResponseHeaders": {
        "Cache-Control": "no-cache",
        "Content-Length": "468",
        "Content-Type": "application/json; charset=utf-8",
        "Date": "Mon, 16 Aug 2021 05:56:29 GMT",
        "Expires": "-1",
        "Pragma": "no-cache",
        "Strict-Transport-Security": "max-age=31536000; includeSubDomains",
        "X-Content-Type-Options": "nosniff",
        "x-ms-correlation-request-id": "2775f1cb-fac1-47ef-94b8-d92a923646c2",
        "x-ms-ratelimit-remaining-subscription-reads": "11998",
        "x-ms-request-id": "2775f1cb-fac1-47ef-94b8-d92a923646c2",
        "x-ms-routing-request-id": "SOUTHEASTASIA:20210816T055629Z:2775f1cb-fac1-47ef-94b8-d92a923646c2"
      },
      "ResponseBody": {
        "id": "/subscriptions/db1ab6f0-4769-4b27-930e-01e2ef9c123c",
        "authorizationSource": "RoleBased",
        "managedByTenants": [],
        "tags": {
          "tagKey1": "tagValue1",
          "tagKey2": "tagValue2"
        },
        "subscriptionId": "db1ab6f0-4769-4b27-930e-01e2ef9c123c",
        "tenantId": "72f988bf-86f1-41af-91ab-2d7cd011db47",
        "displayName": ".NET Mgmt SDK Test with TTL = 1 Day",
        "state": "Enabled",
        "subscriptionPolicies": {
          "locationPlacementId": "Internal_2014-09-01",
          "quotaId": "Internal_2014-09-01",
          "spendingLimit": "Off"
        }
      }
    },
    {
      "RequestUri": "https://management.azure.com/subscriptions/db1ab6f0-4769-4b27-930e-01e2ef9c123c/resourcegroups/testRG-6796?api-version=2019-10-01",
      "RequestMethod": "PUT",
      "RequestHeaders": {
        "Accept": "application/json",
        "Authorization": "Sanitized",
        "Content-Length": "44",
        "Content-Type": "application/json",
        "traceparent": "00-2e8d34366e5a9a4ca88c385ed18d7aca-ba71a1d04870f947-00",
        "User-Agent": [
          "azsdk-net-ResourceManager/1.0.0-alpha.20210811.3",
          "(.NET 5.0.7; Microsoft Windows 10.0.19631)"
        ],
        "x-ms-client-request-id": "6b23ba06bd218062eee98eb0480c4a28",
        "x-ms-return-client-request-id": "true"
      },
      "RequestBody": {
        "location": "westus2",
        "tags": {
          "test": "env"
        }
      },
      "StatusCode": 201,
      "ResponseHeaders": {
        "Cache-Control": "no-cache",
        "Content-Length": "242",
        "Content-Type": "application/json; charset=utf-8",
        "Date": "Mon, 16 Aug 2021 05:56:31 GMT",
        "Expires": "-1",
        "Pragma": "no-cache",
        "Strict-Transport-Security": "max-age=31536000; includeSubDomains",
        "X-Content-Type-Options": "nosniff",
        "x-ms-correlation-request-id": "7bc400f1-1c00-4897-9b38-b078d9a3648e",
        "x-ms-ratelimit-remaining-subscription-writes": "1199",
        "x-ms-request-id": "7bc400f1-1c00-4897-9b38-b078d9a3648e",
        "x-ms-routing-request-id": "SOUTHEASTASIA:20210816T055631Z:7bc400f1-1c00-4897-9b38-b078d9a3648e"
      },
      "ResponseBody": {
        "id": "/subscriptions/db1ab6f0-4769-4b27-930e-01e2ef9c123c/resourceGroups/testRG-6796",
        "name": "testRG-6796",
        "type": "Microsoft.Resources/resourceGroups",
        "location": "westus2",
        "tags": {
          "test": "env"
        },
        "properties": {
          "provisioningState": "Succeeded"
        }
      }
    },
    {
      "RequestUri": "https://management.azure.com/subscriptions/db1ab6f0-4769-4b27-930e-01e2ef9c123c/resourceGroups/testRG-6796/providers/Microsoft.Compute/hostGroups/testDHG-8822?api-version=2021-03-01",
      "RequestMethod": "PUT",
      "RequestHeaders": {
        "Accept": "application/json",
        "Authorization": "Sanitized",
        "Content-Length": "76",
        "Content-Type": "application/json",
        "User-Agent": [
          "azsdk-net-ResourceManager/1.0.0-alpha.20210811.3",
          "(.NET 5.0.7; Microsoft Windows 10.0.19631)"
        ],
        "x-ms-client-request-id": "b8fa01a8a48238d246b2c5f0656ee3ce",
        "x-ms-return-client-request-id": "true"
      },
      "RequestBody": {
        "tags": {},
        "location": "westus2",
        "properties": {
          "platformFaultDomainCount": 2
        }
      },
      "StatusCode": 201,
      "ResponseHeaders": {
        "Cache-Control": "no-cache",
        "Content-Length": "358",
        "Content-Type": "application/json; charset=utf-8",
        "Date": "Mon, 16 Aug 2021 05:56:36 GMT",
        "Expires": "-1",
        "Pragma": "no-cache",
        "Server": [
          "Microsoft-HTTPAPI/2.0",
          "Microsoft-HTTPAPI/2.0"
        ],
        "Strict-Transport-Security": "max-age=31536000; includeSubDomains",
        "X-Content-Type-Options": "nosniff",
        "x-ms-client-request-id": "b8fa01a8a48238d246b2c5f0656ee3ce",
        "x-ms-correlation-request-id": "4aebc4a1-b73b-4b00-8bb3-56ce0d867805",
        "x-ms-ratelimit-remaining-resource": "Microsoft.Compute/PutDeleteDedicatedHost3Min;119,Microsoft.Compute/PutDeleteDedicatedHost30Min;599",
        "x-ms-ratelimit-remaining-subscription-writes": "1198",
        "x-ms-request-id": "2fb498b4-77c3-4ddc-91e9-d3611cc816c0",
        "x-ms-routing-request-id": "SOUTHEASTASIA:20210816T055636Z:4aebc4a1-b73b-4b00-8bb3-56ce0d867805"
      },
      "ResponseBody": [
        "{\r\n",
        "  \u0022name\u0022: \u0022testDHG-8822\u0022,\r\n",
        "  \u0022id\u0022: \u0022/subscriptions/db1ab6f0-4769-4b27-930e-01e2ef9c123c/resourceGroups/TESTRG-6796/providers/Microsoft.Compute/hostGroups/testDHG-8822\u0022,\r\n",
        "  \u0022type\u0022: \u0022Microsoft.Compute/hostGroups\u0022,\r\n",
        "  \u0022location\u0022: \u0022westus2\u0022,\r\n",
        "  \u0022tags\u0022: {},\r\n",
        "  \u0022properties\u0022: {\r\n",
        "    \u0022platformFaultDomainCount\u0022: 2,\r\n",
        "    \u0022supportAutomaticPlacement\u0022: false\r\n",
        "  }\r\n",
        "}"
      ]
    },
    {
      "RequestUri": "https://management.azure.com/subscriptions/db1ab6f0-4769-4b27-930e-01e2ef9c123c/resourceGroups/TESTRG-6796/providers/Microsoft.Compute/hostGroups/testDHG-8822/hosts/testHost-6172?api-version=2021-03-01",
      "RequestMethod": "PUT",
      "RequestHeaders": {
        "Accept": "application/json",
        "Authorization": "Sanitized",
        "Content-Length": "99",
        "Content-Type": "application/json",
        "User-Agent": [
          "azsdk-net-ResourceManager/1.0.0-alpha.20210811.3",
          "(.NET 5.0.7; Microsoft Windows 10.0.19631)"
        ],
        "x-ms-client-request-id": "61bcd0ec60e6d6d069eba90562a4eb63",
        "x-ms-return-client-request-id": "true"
      },
      "RequestBody": {
        "sku": {
          "name": "DSv3-Type1"
        },
        "tags": {},
        "location": "westus2",
        "properties": {
          "platformFaultDomain": 0
        }
      },
      "StatusCode": 201,
      "ResponseHeaders": {
        "Azure-AsyncNotification": "Enabled",
        "Azure-AsyncOperation": "https://management.azure.com/subscriptions/db1ab6f0-4769-4b27-930e-01e2ef9c123c/providers/Microsoft.Compute/locations/westus2/operations/d26753ae-8ced-49ff-abcb-9cdefb30a05b?p=6dc3cfcb-f5db-4e95-ac20-4affbabf6d0b\u0026api-version=2021-03-01",
        "Cache-Control": "no-cache",
        "Content-Length": "511",
        "Content-Type": "application/json; charset=utf-8",
        "Date": "Mon, 16 Aug 2021 05:56:39 GMT",
        "Expires": "-1",
        "Pragma": "no-cache",
        "Server": [
          "Microsoft-HTTPAPI/2.0",
          "Microsoft-HTTPAPI/2.0"
        ],
        "Strict-Transport-Security": "max-age=31536000; includeSubDomains",
        "X-Content-Type-Options": "nosniff",
        "x-ms-client-request-id": "61bcd0ec60e6d6d069eba90562a4eb63",
        "x-ms-correlation-request-id": "4ec2ed5c-ad6a-4479-a687-1aa737478043",
        "x-ms-ratelimit-remaining-resource": "Microsoft.Compute/PutDeleteDedicatedHost3Min;118,Microsoft.Compute/PutDeleteDedicatedHost30Min;598",
        "x-ms-ratelimit-remaining-subscription-writes": "1197",
        "x-ms-request-id": "d26753ae-8ced-49ff-abcb-9cdefb30a05b",
        "x-ms-routing-request-id": "SOUTHEASTASIA:20210816T055639Z:4ec2ed5c-ad6a-4479-a687-1aa737478043"
      },
      "ResponseBody": [
        "{\r\n",
        "  \u0022name\u0022: \u0022testHost-6172\u0022,\r\n",
        "  \u0022id\u0022: \u0022/subscriptions/db1ab6f0-4769-4b27-930e-01e2ef9c123c/resourceGroups/TESTRG-6796/providers/Microsoft.Compute/hostGroups/testDHG-8822/hosts/testHost-6172\u0022,\r\n",
        "  \u0022type\u0022: \u0022Microsoft.Compute/hostGroups/hosts\u0022,\r\n",
        "  \u0022location\u0022: \u0022westus2\u0022,\r\n",
        "  \u0022tags\u0022: {},\r\n",
        "  \u0022sku\u0022: {\r\n",
        "    \u0022name\u0022: \u0022DSv3-Type1\u0022\r\n",
        "  },\r\n",
        "  \u0022properties\u0022: {\r\n",
        "    \u0022platformFaultDomain\u0022: 0,\r\n",
        "    \u0022autoReplaceOnFailure\u0022: true,\r\n",
        "    \u0022hostId\u0022: \u00223a15b8d4-b8fa-461a-97cb-3baa5853a4f5\u0022,\r\n",
        "    \u0022provisioningState\u0022: \u0022Creating\u0022\r\n",
        "  }\r\n",
        "}"
      ]
    },
    {
      "RequestUri": "https://management.azure.com/subscriptions/db1ab6f0-4769-4b27-930e-01e2ef9c123c/providers/Microsoft.Compute/locations/westus2/operations/d26753ae-8ced-49ff-abcb-9cdefb30a05b?p=6dc3cfcb-f5db-4e95-ac20-4affbabf6d0b\u0026api-version=2021-03-01",
      "RequestMethod": "GET",
      "RequestHeaders": {
        "Authorization": "Sanitized",
        "User-Agent": [
          "azsdk-net-ResourceManager/1.0.0-alpha.20210811.3",
          "(.NET 5.0.7; Microsoft Windows 10.0.19631)"
        ],
        "x-ms-client-request-id": "77c3bf06e950484231234f96fbccd5a2",
        "x-ms-return-client-request-id": "true"
      },
      "RequestBody": null,
      "StatusCode": 200,
      "ResponseHeaders": {
        "Cache-Control": "no-cache",
        "Content-Length": "184",
        "Content-Type": "application/json; charset=utf-8",
        "Date": "Mon, 16 Aug 2021 05:56:39 GMT",
        "Expires": "-1",
        "Pragma": "no-cache",
        "Server": [
          "Microsoft-HTTPAPI/2.0",
          "Microsoft-HTTPAPI/2.0"
        ],
        "Strict-Transport-Security": "max-age=31536000; includeSubDomains",
        "X-Content-Type-Options": "nosniff",
        "x-ms-client-request-id": "77c3bf06e950484231234f96fbccd5a2",
        "x-ms-correlation-request-id": "c0b9a37b-9eb8-492d-b5fe-d30b0bce765c",
        "x-ms-ratelimit-remaining-resource": "Microsoft.Compute/GetOperation3Min;14999,Microsoft.Compute/GetOperation30Min;29999",
        "x-ms-ratelimit-remaining-subscription-reads": "11997",
        "x-ms-request-id": "dae8c1b4-df15-4571-8aa8-b7f907361dde",
        "x-ms-routing-request-id": "SOUTHEASTASIA:20210816T055639Z:c0b9a37b-9eb8-492d-b5fe-d30b0bce765c"
      },
      "ResponseBody": [
        "{\r\n",
        "  \u0022startTime\u0022: \u00222021-08-16T05:56:38.2363374\u002B00:00\u0022,\r\n",
        "  \u0022endTime\u0022: \u00222021-08-16T05:56:38.9707017\u002B00:00\u0022,\r\n",
        "  \u0022status\u0022: \u0022Succeeded\u0022,\r\n",
        "  \u0022name\u0022: \u0022d26753ae-8ced-49ff-abcb-9cdefb30a05b\u0022\r\n",
        "}"
      ]
    },
    {
      "RequestUri": "https://management.azure.com/subscriptions/db1ab6f0-4769-4b27-930e-01e2ef9c123c/resourceGroups/TESTRG-6796/providers/Microsoft.Compute/hostGroups/testDHG-8822/hosts/testHost-6172?api-version=2021-03-01",
      "RequestMethod": "GET",
      "RequestHeaders": {
        "Authorization": "Sanitized",
        "User-Agent": [
          "azsdk-net-ResourceManager/1.0.0-alpha.20210811.3",
          "(.NET 5.0.7; Microsoft Windows 10.0.19631)"
        ],
        "x-ms-client-request-id": "e5bb62c6c9833863a95a79fb3c61dff7",
        "x-ms-return-client-request-id": "true"
      },
      "RequestBody": null,
      "StatusCode": 200,
      "ResponseHeaders": {
        "Cache-Control": "no-cache",
        "Content-Length": "602",
        "Content-Type": "application/json; charset=utf-8",
        "Date": "Mon, 16 Aug 2021 05:56:39 GMT",
        "Expires": "-1",
        "Pragma": "no-cache",
        "Server": [
          "Microsoft-HTTPAPI/2.0",
          "Microsoft-HTTPAPI/2.0"
        ],
        "Strict-Transport-Security": "max-age=31536000; includeSubDomains",
        "X-Content-Type-Options": "nosniff",
        "x-ms-client-request-id": "e5bb62c6c9833863a95a79fb3c61dff7",
        "x-ms-correlation-request-id": "701b3409-c3f7-4c04-8c6a-1d0c8b1ab9c0",
        "x-ms-ratelimit-remaining-resource": "Microsoft.Compute/GetDedicatedHost3Min;199,Microsoft.Compute/GetDedicatedHost30Min;999",
        "x-ms-ratelimit-remaining-subscription-reads": "11996",
        "x-ms-request-id": "b030ec1b-0e06-4e69-8373-0290a2516bb2",
        "x-ms-routing-request-id": "SOUTHEASTASIA:20210816T055639Z:701b3409-c3f7-4c04-8c6a-1d0c8b1ab9c0"
      },
      "ResponseBody": [
        "{\r\n",
        "  \u0022name\u0022: \u0022testHost-6172\u0022,\r\n",
        "  \u0022id\u0022: \u0022/subscriptions/db1ab6f0-4769-4b27-930e-01e2ef9c123c/resourceGroups/TESTRG-6796/providers/Microsoft.Compute/hostGroups/testDHG-8822/hosts/testHost-6172\u0022,\r\n",
        "  \u0022type\u0022: \u0022Microsoft.Compute/hostGroups/hosts\u0022,\r\n",
        "  \u0022location\u0022: \u0022westus2\u0022,\r\n",
        "  \u0022tags\u0022: {},\r\n",
        "  \u0022sku\u0022: {\r\n",
        "    \u0022name\u0022: \u0022DSv3-Type1\u0022\r\n",
        "  },\r\n",
        "  \u0022properties\u0022: {\r\n",
        "    \u0022platformFaultDomain\u0022: 0,\r\n",
        "    \u0022autoReplaceOnFailure\u0022: true,\r\n",
        "    \u0022hostId\u0022: \u00223a15b8d4-b8fa-461a-97cb-3baa5853a4f5\u0022,\r\n",
        "    \u0022virtualMachines\u0022: [],\r\n",
        "    \u0022provisioningTime\u0022: \u00222021-08-16T05:56:38.5331819\u002B00:00\u0022,\r\n",
        "    \u0022provisioningState\u0022: \u0022Succeeded\u0022\r\n",
        "  }\r\n",
        "}"
      ]
    },
    {
      "RequestUri": "https://management.azure.com/subscriptions/db1ab6f0-4769-4b27-930e-01e2ef9c123c/resourceGroups/TESTRG-6796/providers/Microsoft.Compute/hostGroups/testDHG-8822/hosts/testHost-6172?api-version=2021-03-01",
      "RequestMethod": "DELETE",
      "RequestHeaders": {
        "Authorization": "Sanitized",
        "User-Agent": [
          "azsdk-net-ResourceManager/1.0.0-alpha.20210811.3",
          "(.NET 5.0.7; Microsoft Windows 10.0.19631)"
        ],
        "x-ms-client-request-id": "a3ff28d174e04b123da2e848648f661a",
        "x-ms-return-client-request-id": "true"
      },
      "RequestBody": null,
      "StatusCode": 202,
      "ResponseHeaders": {
        "Azure-AsyncNotification": "Enabled",
        "Azure-AsyncOperation": "https://management.azure.com/subscriptions/db1ab6f0-4769-4b27-930e-01e2ef9c123c/providers/Microsoft.Compute/locations/westus2/operations/a4e6b265-703e-4776-81ad-324b4a880ae5?p=6dc3cfcb-f5db-4e95-ac20-4affbabf6d0b\u0026api-version=2021-03-01",
        "Cache-Control": "no-cache",
        "Content-Length": "0",
        "Date": "Mon, 16 Aug 2021 05:56:40 GMT",
        "Expires": "-1",
        "Location": "https://management.azure.com/subscriptions/db1ab6f0-4769-4b27-930e-01e2ef9c123c/providers/Microsoft.Compute/locations/westus2/operations/a4e6b265-703e-4776-81ad-324b4a880ae5?p=6dc3cfcb-f5db-4e95-ac20-4affbabf6d0b\u0026monitor=true\u0026api-version=2021-03-01",
        "Pragma": "no-cache",
        "Server": [
          "Microsoft-HTTPAPI/2.0",
          "Microsoft-HTTPAPI/2.0"
        ],
        "Strict-Transport-Security": "max-age=31536000; includeSubDomains",
        "X-Content-Type-Options": "nosniff",
        "x-ms-client-request-id": "a3ff28d174e04b123da2e848648f661a",
        "x-ms-correlation-request-id": "0e71cc91-2fb6-412b-a645-518e7b49735c",
        "x-ms-ratelimit-remaining-resource": "Microsoft.Compute/PutDeleteDedicatedHost3Min;117,Microsoft.Compute/PutDeleteDedicatedHost30Min;597",
        "x-ms-ratelimit-remaining-subscription-deletes": "14999",
        "x-ms-request-id": "a4e6b265-703e-4776-81ad-324b4a880ae5",
        "x-ms-routing-request-id": "SOUTHEASTASIA:20210816T055640Z:0e71cc91-2fb6-412b-a645-518e7b49735c"
      },
      "ResponseBody": []
    },
    {
      "RequestUri": "https://management.azure.com/subscriptions/db1ab6f0-4769-4b27-930e-01e2ef9c123c/providers/Microsoft.Compute/locations/westus2/operations/a4e6b265-703e-4776-81ad-324b4a880ae5?p=6dc3cfcb-f5db-4e95-ac20-4affbabf6d0b\u0026api-version=2021-03-01",
      "RequestMethod": "GET",
      "RequestHeaders": {
        "Authorization": "Sanitized",
        "User-Agent": [
          "azsdk-net-ResourceManager/1.0.0-alpha.20210811.3",
          "(.NET 5.0.7; Microsoft Windows 10.0.19631)"
        ],
        "x-ms-client-request-id": "d2c5584432cd52c14f6fa7e1e01ad41a",
        "x-ms-return-client-request-id": "true"
      },
      "RequestBody": null,
      "StatusCode": 200,
      "ResponseHeaders": {
        "Cache-Control": "no-cache",
        "Content-Length": "184",
        "Content-Type": "application/json; charset=utf-8",
        "Date": "Mon, 16 Aug 2021 05:56:40 GMT",
        "Expires": "-1",
        "Pragma": "no-cache",
        "Server": [
          "Microsoft-HTTPAPI/2.0",
          "Microsoft-HTTPAPI/2.0"
        ],
        "Strict-Transport-Security": "max-age=31536000; includeSubDomains",
        "X-Content-Type-Options": "nosniff",
        "x-ms-client-request-id": "d2c5584432cd52c14f6fa7e1e01ad41a",
        "x-ms-correlation-request-id": "ec11cde3-d0bc-4f9b-bba9-931340aedb11",
        "x-ms-ratelimit-remaining-resource": "Microsoft.Compute/GetOperation3Min;14998,Microsoft.Compute/GetOperation30Min;29998",
        "x-ms-ratelimit-remaining-subscription-reads": "11995",
        "x-ms-request-id": "8ed0cf9a-4fba-4556-bd20-40c960336cdc",
        "x-ms-routing-request-id": "SOUTHEASTASIA:20210816T055640Z:ec11cde3-d0bc-4f9b-bba9-931340aedb11"
      },
      "ResponseBody": [
        "{\r\n",
        "  \u0022startTime\u0022: \u00222021-08-16T05:56:40.5332259\u002B00:00\u0022,\r\n",
        "  \u0022endTime\u0022: \u00222021-08-16T05:56:40.5956768\u002B00:00\u0022,\r\n",
        "  \u0022status\u0022: \u0022Succeeded\u0022,\r\n",
        "  \u0022name\u0022: \u0022a4e6b265-703e-4776-81ad-324b4a880ae5\u0022\r\n",
        "}"
      ]
    }
  ],
  "Variables": {
    "RandomSeed": "81690153",
    "RESOURCE_MANAGER_URL": null,
    "SUBSCRIPTION_ID": "db1ab6f0-4769-4b27-930e-01e2ef9c123c"
  }
}