{
  "Entries": [
    {
      "RequestUri": "https://management.azure.com/subscriptions/db1ab6f0-4769-4b27-930e-01e2ef9c123c?api-version=2019-11-01",
      "RequestMethod": "GET",
      "RequestHeaders": {
        "Accept": "application/json",
        "Authorization": "Sanitized",
        "User-Agent": [
          "azsdk-net-ResourceManager/1.0.0-alpha.20210811.3",
          "(.NET 5.0.7; Microsoft Windows 10.0.19631)"
        ],
        "x-ms-client-request-id": "d1b8720aeae24d2d904e1f5f8f7ad112",
        "x-ms-return-client-request-id": "true"
      },
      "RequestBody": null,
      "StatusCode": 200,
      "ResponseHeaders": {
        "Cache-Control": "no-cache",
        "Content-Length": "468",
        "Content-Type": "application/json; charset=utf-8",
        "Date": "Mon, 16 Aug 2021 05:57:56 GMT",
        "Expires": "-1",
        "Pragma": "no-cache",
        "Strict-Transport-Security": "max-age=31536000; includeSubDomains",
        "X-Content-Type-Options": "nosniff",
        "x-ms-correlation-request-id": "12bf726f-2d55-4887-9554-10d580ef2620",
        "x-ms-ratelimit-remaining-subscription-reads": "11982",
        "x-ms-request-id": "12bf726f-2d55-4887-9554-10d580ef2620",
        "x-ms-routing-request-id": "SOUTHEASTASIA:20210816T055756Z:12bf726f-2d55-4887-9554-10d580ef2620"
      },
      "ResponseBody": {
        "id": "/subscriptions/db1ab6f0-4769-4b27-930e-01e2ef9c123c",
        "authorizationSource": "RoleBased",
        "managedByTenants": [],
        "tags": {
          "tagKey1": "tagValue1",
          "tagKey2": "tagValue2"
        },
        "subscriptionId": "db1ab6f0-4769-4b27-930e-01e2ef9c123c",
        "tenantId": "72f988bf-86f1-41af-91ab-2d7cd011db47",
        "displayName": ".NET Mgmt SDK Test with TTL = 1 Day",
        "state": "Enabled",
        "subscriptionPolicies": {
          "locationPlacementId": "Internal_2014-09-01",
          "quotaId": "Internal_2014-09-01",
          "spendingLimit": "Off"
        }
      }
    },
    {
      "RequestUri": "https://management.azure.com/subscriptions/db1ab6f0-4769-4b27-930e-01e2ef9c123c/resourcegroups/testRG-4396?api-version=2019-10-01",
      "RequestMethod": "PUT",
      "RequestHeaders": {
        "Accept": "application/json",
        "Authorization": "Sanitized",
        "Content-Length": "44",
        "Content-Type": "application/json",
        "traceparent": "00-55f923ef2555a74dad009cb2e76e940b-9307eedf3a6c4644-00",
        "User-Agent": [
          "azsdk-net-ResourceManager/1.0.0-alpha.20210811.3",
          "(.NET 5.0.7; Microsoft Windows 10.0.19631)"
        ],
        "x-ms-client-request-id": "c9a8fc88411b84ae43021008aab62315",
        "x-ms-return-client-request-id": "true"
      },
      "RequestBody": {
        "location": "westus2",
        "tags": {
          "test": "env"
        }
      },
      "StatusCode": 201,
      "ResponseHeaders": {
        "Cache-Control": "no-cache",
        "Content-Length": "242",
        "Content-Type": "application/json; charset=utf-8",
        "Date": "Mon, 16 Aug 2021 05:57:57 GMT",
        "Expires": "-1",
        "Pragma": "no-cache",
        "Strict-Transport-Security": "max-age=31536000; includeSubDomains",
        "X-Content-Type-Options": "nosniff",
        "x-ms-correlation-request-id": "dedd0a73-31db-4656-b39b-6b53f8d2d84e",
        "x-ms-ratelimit-remaining-subscription-writes": "1192",
        "x-ms-request-id": "dedd0a73-31db-4656-b39b-6b53f8d2d84e",
        "x-ms-routing-request-id": "SOUTHEASTASIA:20210816T055757Z:dedd0a73-31db-4656-b39b-6b53f8d2d84e"
      },
      "ResponseBody": {
        "id": "/subscriptions/db1ab6f0-4769-4b27-930e-01e2ef9c123c/resourceGroups/testRG-4396",
        "name": "testRG-4396",
        "type": "Microsoft.Resources/resourceGroups",
        "location": "westus2",
        "tags": {
          "test": "env"
        },
        "properties": {
          "provisioningState": "Succeeded"
        }
      }
    },
    {
      "RequestUri": "https://management.azure.com/subscriptions/db1ab6f0-4769-4b27-930e-01e2ef9c123c/resourceGroups/testRG-4396/providers/Microsoft.Compute/hostGroups/testDHG-1763?api-version=2021-03-01",
      "RequestMethod": "PUT",
      "RequestHeaders": {
        "Accept": "application/json",
        "Authorization": "Sanitized",
        "Content-Length": "76",
        "Content-Type": "application/json",
        "User-Agent": [
          "azsdk-net-ResourceManager/1.0.0-alpha.20210811.3",
          "(.NET 5.0.7; Microsoft Windows 10.0.19631)"
        ],
        "x-ms-client-request-id": "e8ebe4be1fb7e3414dfbaebc8cc7774f",
        "x-ms-return-client-request-id": "true"
      },
      "RequestBody": {
        "tags": {},
        "location": "westus2",
        "properties": {
          "platformFaultDomainCount": 2
        }
      },
      "StatusCode": 201,
      "ResponseHeaders": {
        "Cache-Control": "no-cache",
        "Content-Length": "358",
        "Content-Type": "application/json; charset=utf-8",
        "Date": "Mon, 16 Aug 2021 05:57:59 GMT",
        "Expires": "-1",
        "Pragma": "no-cache",
        "Server": [
          "Microsoft-HTTPAPI/2.0",
          "Microsoft-HTTPAPI/2.0"
        ],
        "Strict-Transport-Security": "max-age=31536000; includeSubDomains",
        "X-Content-Type-Options": "nosniff",
        "x-ms-client-request-id": "e8ebe4be1fb7e3414dfbaebc8cc7774f",
        "x-ms-correlation-request-id": "2e72a537-59d3-40d1-a5ec-ecc43357cfb6",
        "x-ms-ratelimit-remaining-resource": "Microsoft.Compute/PutDeleteDedicatedHost3Min;98,Microsoft.Compute/PutDeleteDedicatedHost30Min;578",
        "x-ms-ratelimit-remaining-subscription-writes": "1191",
        "x-ms-request-id": "99b23e63-893b-4f3c-8a8e-6d991674cd62",
        "x-ms-routing-request-id": "SOUTHEASTASIA:20210816T055800Z:2e72a537-59d3-40d1-a5ec-ecc43357cfb6"
      },
      "ResponseBody": [
        "{\r\n",
        "  \u0022name\u0022: \u0022testDHG-1763\u0022,\r\n",
        "  \u0022id\u0022: \u0022/subscriptions/db1ab6f0-4769-4b27-930e-01e2ef9c123c/resourceGroups/TESTRG-4396/providers/Microsoft.Compute/hostGroups/testDHG-1763\u0022,\r\n",
        "  \u0022type\u0022: \u0022Microsoft.Compute/hostGroups\u0022,\r\n",
        "  \u0022location\u0022: \u0022westus2\u0022,\r\n",
        "  \u0022tags\u0022: {},\r\n",
        "  \u0022properties\u0022: {\r\n",
        "    \u0022platformFaultDomainCount\u0022: 2,\r\n",
        "    \u0022supportAutomaticPlacement\u0022: false\r\n",
        "  }\r\n",
        "}"
      ]
    },
    {
      "RequestUri": "https://management.azure.com/subscriptions/db1ab6f0-4769-4b27-930e-01e2ef9c123c/resourceGroups/TESTRG-4396/providers/Microsoft.Compute/hostGroups/testDHG-1763/hosts/testHost-2245?api-version=2021-03-01",
      "RequestMethod": "PUT",
      "RequestHeaders": {
        "Accept": "application/json",
        "Authorization": "Sanitized",
        "Content-Length": "99",
        "Content-Type": "application/json",
        "User-Agent": [
          "azsdk-net-ResourceManager/1.0.0-alpha.20210811.3",
          "(.NET 5.0.7; Microsoft Windows 10.0.19631)"
        ],
        "x-ms-client-request-id": "142d6c5ca9618f9c3366ea4b804674a9",
        "x-ms-return-client-request-id": "true"
      },
      "RequestBody": {
        "sku": {
          "name": "DSv3-Type1"
        },
        "tags": {},
        "location": "westus2",
        "properties": {
          "platformFaultDomain": 0
        }
      },
      "StatusCode": 201,
      "ResponseHeaders": {
        "Azure-AsyncNotification": "Enabled",
        "Azure-AsyncOperation": "https://management.azure.com/subscriptions/db1ab6f0-4769-4b27-930e-01e2ef9c123c/providers/Microsoft.Compute/locations/westus2/operations/6f977e63-44b2-450e-9ae6-2c0388f2652d?p=6dc3cfcb-f5db-4e95-ac20-4affbabf6d0b\u0026api-version=2021-03-01",
        "Cache-Control": "no-cache",
        "Content-Length": "511",
        "Content-Type": "application/json; charset=utf-8",
        "Date": "Mon, 16 Aug 2021 05:58:02 GMT",
        "Expires": "-1",
        "Pragma": "no-cache",
        "Server": [
          "Microsoft-HTTPAPI/2.0",
          "Microsoft-HTTPAPI/2.0"
        ],
        "Strict-Transport-Security": "max-age=31536000; includeSubDomains",
        "X-Content-Type-Options": "nosniff",
        "x-ms-client-request-id": "142d6c5ca9618f9c3366ea4b804674a9",
        "x-ms-correlation-request-id": "0e40245a-58d2-429d-8800-1d4c94d71300",
        "x-ms-ratelimit-remaining-resource": "Microsoft.Compute/PutDeleteDedicatedHost3Min;97,Microsoft.Compute/PutDeleteDedicatedHost30Min;577",
        "x-ms-ratelimit-remaining-subscription-writes": "1190",
        "x-ms-request-id": "6f977e63-44b2-450e-9ae6-2c0388f2652d",
        "x-ms-routing-request-id": "SOUTHEASTASIA:20210816T055803Z:0e40245a-58d2-429d-8800-1d4c94d71300"
      },
      "ResponseBody": [
        "{\r\n",
        "  \u0022name\u0022: \u0022testHost-2245\u0022,\r\n",
        "  \u0022id\u0022: \u0022/subscriptions/db1ab6f0-4769-4b27-930e-01e2ef9c123c/resourceGroups/TESTRG-4396/providers/Microsoft.Compute/hostGroups/testDHG-1763/hosts/testHost-2245\u0022,\r\n",
        "  \u0022type\u0022: \u0022Microsoft.Compute/hostGroups/hosts\u0022,\r\n",
        "  \u0022location\u0022: \u0022westus2\u0022,\r\n",
        "  \u0022tags\u0022: {},\r\n",
        "  \u0022sku\u0022: {\r\n",
        "    \u0022name\u0022: \u0022DSv3-Type1\u0022\r\n",
        "  },\r\n",
        "  \u0022properties\u0022: {\r\n",
        "    \u0022platformFaultDomain\u0022: 0,\r\n",
        "    \u0022autoReplaceOnFailure\u0022: true,\r\n",
        "    \u0022hostId\u0022: \u0022ed3a8f91-a348-4395-9c85-54d9f92bdba7\u0022,\r\n",
        "    \u0022provisioningState\u0022: \u0022Creating\u0022\r\n",
        "  }\r\n",
        "}"
      ]
    },
    {
      "RequestUri": "https://management.azure.com/subscriptions/db1ab6f0-4769-4b27-930e-01e2ef9c123c/providers/Microsoft.Compute/locations/westus2/operations/6f977e63-44b2-450e-9ae6-2c0388f2652d?p=6dc3cfcb-f5db-4e95-ac20-4affbabf6d0b\u0026api-version=2021-03-01",
      "RequestMethod": "GET",
      "RequestHeaders": {
        "Authorization": "Sanitized",
        "User-Agent": [
          "azsdk-net-ResourceManager/1.0.0-alpha.20210811.3",
          "(.NET 5.0.7; Microsoft Windows 10.0.19631)"
        ],
        "x-ms-client-request-id": "3eabc08a0f8815b3485bb45035f66207",
        "x-ms-return-client-request-id": "true"
      },
      "RequestBody": null,
      "StatusCode": 200,
      "ResponseHeaders": {
        "Cache-Control": "no-cache",
        "Content-Length": "184",
        "Content-Type": "application/json; charset=utf-8",
        "Date": "Mon, 16 Aug 2021 05:58:03 GMT",
        "Expires": "-1",
        "Pragma": "no-cache",
        "Server": [
          "Microsoft-HTTPAPI/2.0",
          "Microsoft-HTTPAPI/2.0"
        ],
        "Strict-Transport-Security": "max-age=31536000; includeSubDomains",
        "X-Content-Type-Options": "nosniff",
        "x-ms-client-request-id": "3eabc08a0f8815b3485bb45035f66207",
        "x-ms-correlation-request-id": "28c2a9f0-1246-4762-98aa-025e477c8f6c",
        "x-ms-ratelimit-remaining-resource": "Microsoft.Compute/GetOperation3Min;14968,Microsoft.Compute/GetOperation30Min;29968",
        "x-ms-ratelimit-remaining-subscription-reads": "11981",
        "x-ms-request-id": "24b1b425-e54f-4d3a-aa54-5bd627018450",
        "x-ms-routing-request-id": "SOUTHEASTASIA:20210816T055803Z:28c2a9f0-1246-4762-98aa-025e477c8f6c"
      },
      "ResponseBody": [
        "{\r\n",
        "  \u0022startTime\u0022: \u00222021-08-16T05:58:02.2666207\u002B00:00\u0022,\r\n",
        "  \u0022endTime\u0022: \u00222021-08-16T05:58:02.7353692\u002B00:00\u0022,\r\n",
        "  \u0022status\u0022: \u0022Succeeded\u0022,\r\n",
        "  \u0022name\u0022: \u00226f977e63-44b2-450e-9ae6-2c0388f2652d\u0022\r\n",
        "}"
      ]
    },
    {
      "RequestUri": "https://management.azure.com/subscriptions/db1ab6f0-4769-4b27-930e-01e2ef9c123c/resourceGroups/TESTRG-4396/providers/Microsoft.Compute/hostGroups/testDHG-1763/hosts/testHost-2245?api-version=2021-03-01",
      "RequestMethod": "GET",
      "RequestHeaders": {
        "Authorization": "Sanitized",
        "User-Agent": [
          "azsdk-net-ResourceManager/1.0.0-alpha.20210811.3",
          "(.NET 5.0.7; Microsoft Windows 10.0.19631)"
        ],
        "x-ms-client-request-id": "2650048749b44eafcec4599d2d7cfc42",
        "x-ms-return-client-request-id": "true"
      },
      "RequestBody": null,
      "StatusCode": 200,
      "ResponseHeaders": {
        "Cache-Control": "no-cache",
        "Content-Length": "602",
        "Content-Type": "application/json; charset=utf-8",
        "Date": "Mon, 16 Aug 2021 05:58:03 GMT",
        "Expires": "-1",
        "Pragma": "no-cache",
        "Server": [
          "Microsoft-HTTPAPI/2.0",
          "Microsoft-HTTPAPI/2.0"
        ],
        "Strict-Transport-Security": "max-age=31536000; includeSubDomains",
        "X-Content-Type-Options": "nosniff",
        "x-ms-client-request-id": "2650048749b44eafcec4599d2d7cfc42",
        "x-ms-correlation-request-id": "2b98f1b3-92fa-426e-8974-edf81001493f",
        "x-ms-ratelimit-remaining-resource": "Microsoft.Compute/GetDedicatedHost3Min;186,Microsoft.Compute/GetDedicatedHost30Min;986",
        "x-ms-ratelimit-remaining-subscription-reads": "11980",
        "x-ms-request-id": "6f6acf3e-4499-4402-9246-d84098a98128",
        "x-ms-routing-request-id": "SOUTHEASTASIA:20210816T055803Z:2b98f1b3-92fa-426e-8974-edf81001493f"
      },
      "ResponseBody": [
        "{\r\n",
        "  \u0022name\u0022: \u0022testHost-2245\u0022,\r\n",
        "  \u0022id\u0022: \u0022/subscriptions/db1ab6f0-4769-4b27-930e-01e2ef9c123c/resourceGroups/TESTRG-4396/providers/Microsoft.Compute/hostGroups/testDHG-1763/hosts/testHost-2245\u0022,\r\n",
        "  \u0022type\u0022: \u0022Microsoft.Compute/hostGroups/hosts\u0022,\r\n",
        "  \u0022location\u0022: \u0022westus2\u0022,\r\n",
        "  \u0022tags\u0022: {},\r\n",
        "  \u0022sku\u0022: {\r\n",
        "    \u0022name\u0022: \u0022DSv3-Type1\u0022\r\n",
        "  },\r\n",
        "  \u0022properties\u0022: {\r\n",
        "    \u0022platformFaultDomain\u0022: 0,\r\n",
        "    \u0022autoReplaceOnFailure\u0022: true,\r\n",
        "    \u0022hostId\u0022: \u0022ed3a8f91-a348-4395-9c85-54d9f92bdba7\u0022,\r\n",
        "    \u0022virtualMachines\u0022: [],\r\n",
        "    \u0022provisioningTime\u0022: \u00222021-08-16T05:58:02.6729735\u002B00:00\u0022,\r\n",
        "    \u0022provisioningState\u0022: \u0022Succeeded\u0022\r\n",
        "  }\r\n",
        "}"
      ]
    },
    {
      "RequestUri": "https://management.azure.com/subscriptions/db1ab6f0-4769-4b27-930e-01e2ef9c123c/resourceGroups/TESTRG-4396/providers/Microsoft.Compute/hostGroups/testDHG-1763/hosts/testHost-2245?api-version=2021-03-01",
      "RequestMethod": "GET",
      "RequestHeaders": {
        "Accept": "application/json",
        "Authorization": "Sanitized",
        "User-Agent": [
          "azsdk-net-ResourceManager/1.0.0-alpha.20210811.3",
          "(.NET 5.0.7; Microsoft Windows 10.0.19631)"
        ],
        "x-ms-client-request-id": "c0c06e6e369a5c21b2fee543594d33c3",
        "x-ms-return-client-request-id": "true"
      },
      "RequestBody": null,
      "StatusCode": 200,
      "ResponseHeaders": {
        "Cache-Control": "no-cache",
        "Content-Length": "602",
        "Content-Type": "application/json; charset=utf-8",
        "Date": "Mon, 16 Aug 2021 05:58:03 GMT",
        "Expires": "-1",
        "Pragma": "no-cache",
        "Server": [
          "Microsoft-HTTPAPI/2.0",
          "Microsoft-HTTPAPI/2.0"
        ],
        "Strict-Transport-Security": "max-age=31536000; includeSubDomains",
        "X-Content-Type-Options": "nosniff",
        "x-ms-client-request-id": "c0c06e6e369a5c21b2fee543594d33c3",
        "x-ms-correlation-request-id": "c5c71ba0-ca91-4fb9-8d81-bdabbc6f2412",
        "x-ms-ratelimit-remaining-resource": "Microsoft.Compute/GetDedicatedHost3Min;185,Microsoft.Compute/GetDedicatedHost30Min;985",
        "x-ms-ratelimit-remaining-subscription-reads": "11979",
        "x-ms-request-id": "369f010d-4430-4810-9595-f61f938efb41",
        "x-ms-routing-request-id": "SOUTHEASTASIA:20210816T055804Z:c5c71ba0-ca91-4fb9-8d81-bdabbc6f2412"
      },
      "ResponseBody": [
        "{\r\n",
        "  \u0022name\u0022: \u0022testHost-2245\u0022,\r\n",
        "  \u0022id\u0022: \u0022/subscriptions/db1ab6f0-4769-4b27-930e-01e2ef9c123c/resourceGroups/TESTRG-4396/providers/Microsoft.Compute/hostGroups/testDHG-1763/hosts/testHost-2245\u0022,\r\n",
        "  \u0022type\u0022: \u0022Microsoft.Compute/hostGroups/hosts\u0022,\r\n",
        "  \u0022location\u0022: \u0022westus2\u0022,\r\n",
        "  \u0022tags\u0022: {},\r\n",
        "  \u0022sku\u0022: {\r\n",
        "    \u0022name\u0022: \u0022DSv3-Type1\u0022\r\n",
        "  },\r\n",
        "  \u0022properties\u0022: {\r\n",
        "    \u0022platformFaultDomain\u0022: 0,\r\n",
        "    \u0022autoReplaceOnFailure\u0022: true,\r\n",
        "    \u0022hostId\u0022: \u0022ed3a8f91-a348-4395-9c85-54d9f92bdba7\u0022,\r\n",
        "    \u0022virtualMachines\u0022: [],\r\n",
        "    \u0022provisioningTime\u0022: \u00222021-08-16T05:58:02.6729735\u002B00:00\u0022,\r\n",
        "    \u0022provisioningState\u0022: \u0022Succeeded\u0022\r\n",
        "  }\r\n",
        "}"
      ]
    }
  ],
  "Variables": {
    "RandomSeed": "1148709160",
    "RESOURCE_MANAGER_URL": null,
    "SUBSCRIPTION_ID": "db1ab6f0-4769-4b27-930e-01e2ef9c123c"
  }
}