{
  "Entries": [
    {
      "RequestUri": "https://management.azure.com/subscriptions/db1ab6f0-4769-4b27-930e-01e2ef9c123c?api-version=2019-11-01",
      "RequestMethod": "GET",
      "RequestHeaders": {
        "Accept": "application/json",
        "Authorization": "Sanitized",
        "User-Agent": [
          "azsdk-net-ResourceManager/1.0.0-alpha.20210804.1",
          "(.NET 5.0.7; Microsoft Windows 10.0.19631)"
        ],
        "x-ms-client-request-id": "b3b3c70885a7ea8f536c50cd437f4aa9",
        "x-ms-return-client-request-id": "true"
      },
      "RequestBody": null,
      "StatusCode": 200,
      "ResponseHeaders": {
        "Cache-Control": "no-cache",
        "Content-Length": "468",
        "Content-Type": "application/json; charset=utf-8",
        "Date": "Tue, 10 Aug 2021 07:57:01 GMT",
        "Expires": "-1",
        "Pragma": "no-cache",
        "Strict-Transport-Security": "max-age=31536000; includeSubDomains",
        "X-Content-Type-Options": "nosniff",
        "x-ms-correlation-request-id": "262ab490-298b-4911-8a3d-a8d446e09529",
        "x-ms-ratelimit-remaining-subscription-reads": "11997",
        "x-ms-request-id": "262ab490-298b-4911-8a3d-a8d446e09529",
        "x-ms-routing-request-id": "SOUTHEASTASIA:20210810T075701Z:262ab490-298b-4911-8a3d-a8d446e09529"
      },
      "ResponseBody": {
        "id": "/subscriptions/db1ab6f0-4769-4b27-930e-01e2ef9c123c",
        "authorizationSource": "RoleBased",
        "managedByTenants": [],
        "tags": {
          "tagKey1": "tagValue1",
          "tagKey2": "tagValue2"
        },
        "subscriptionId": "db1ab6f0-4769-4b27-930e-01e2ef9c123c",
        "tenantId": "72f988bf-86f1-41af-91ab-2d7cd011db47",
        "displayName": ".NET Mgmt SDK Test with TTL = 1 Day",
        "state": "Enabled",
        "subscriptionPolicies": {
          "locationPlacementId": "Internal_2014-09-01",
          "quotaId": "Internal_2014-09-01",
          "spendingLimit": "Off"
        }
      }
    },
    {
      "RequestUri": "https://management.azure.com/subscriptions/db1ab6f0-4769-4b27-930e-01e2ef9c123c/resourcegroups/testRG-5935?api-version=2019-10-01",
      "RequestMethod": "PUT",
      "RequestHeaders": {
        "Accept": "application/json",
        "Authorization": "Sanitized",
        "Content-Length": "44",
        "Content-Type": "application/json",
        "traceparent": "00-3c0a38901ddd524d92a1769be6a449f9-40a342d9ee123e42-00",
        "User-Agent": [
          "azsdk-net-ResourceManager/1.0.0-alpha.20210804.1",
          "(.NET 5.0.7; Microsoft Windows 10.0.19631)"
        ],
        "x-ms-client-request-id": "52052623f955404a24360692b6c03970",
        "x-ms-return-client-request-id": "true"
      },
      "RequestBody": {
        "location": "westus2",
        "tags": {
          "test": "env"
        }
      },
      "StatusCode": 201,
      "ResponseHeaders": {
        "Cache-Control": "no-cache",
        "Content-Length": "242",
        "Content-Type": "application/json; charset=utf-8",
        "Date": "Tue, 10 Aug 2021 07:57:02 GMT",
        "Expires": "-1",
        "Pragma": "no-cache",
        "Strict-Transport-Security": "max-age=31536000; includeSubDomains",
        "X-Content-Type-Options": "nosniff",
        "x-ms-correlation-request-id": "eac7e0da-df47-41ae-893c-96d2a9f269cf",
        "x-ms-ratelimit-remaining-subscription-writes": "1199",
        "x-ms-request-id": "eac7e0da-df47-41ae-893c-96d2a9f269cf",
        "x-ms-routing-request-id": "SOUTHEASTASIA:20210810T075702Z:eac7e0da-df47-41ae-893c-96d2a9f269cf"
      },
      "ResponseBody": {
        "id": "/subscriptions/db1ab6f0-4769-4b27-930e-01e2ef9c123c/resourceGroups/testRG-5935",
        "name": "testRG-5935",
        "type": "Microsoft.Resources/resourceGroups",
        "location": "westus2",
        "tags": {
          "test": "env"
        },
        "properties": {
          "provisioningState": "Succeeded"
        }
      }
    },
    {
      "RequestUri": "https://management.azure.com/subscriptions/db1ab6f0-4769-4b27-930e-01e2ef9c123c/resourceGroups/testRG-5935/providers/Microsoft.Compute/hostGroups/testDHG-925?api-version=2021-03-01",
      "RequestMethod": "PUT",
      "RequestHeaders": {
        "Accept": "application/json",
        "Authorization": "Sanitized",
        "Content-Length": "76",
        "Content-Type": "application/json",
        "User-Agent": [
          "azsdk-net-ResourceManager/1.0.0-alpha.20210804.1",
          "(.NET 5.0.7; Microsoft Windows 10.0.19631)"
        ],
        "x-ms-client-request-id": "3337a6d2e2f6ea05ab4e76da4a05ceeb",
        "x-ms-return-client-request-id": "true"
      },
      "RequestBody": {
        "tags": {},
        "location": "westus2",
        "properties": {
          "platformFaultDomainCount": 2
        }
      },
      "StatusCode": 201,
      "ResponseHeaders": {
        "Cache-Control": "no-cache",
        "Content-Length": "356",
        "Content-Type": "application/json; charset=utf-8",
        "Date": "Tue, 10 Aug 2021 07:57:06 GMT",
        "Expires": "-1",
        "Pragma": "no-cache",
        "Server": [
          "Microsoft-HTTPAPI/2.0",
          "Microsoft-HTTPAPI/2.0"
        ],
        "Strict-Transport-Security": "max-age=31536000; includeSubDomains",
        "X-Content-Type-Options": "nosniff",
        "x-ms-client-request-id": "3337a6d2e2f6ea05ab4e76da4a05ceeb",
        "x-ms-correlation-request-id": "1c786d2c-aa7a-4abd-93c4-74f0366dd628",
        "x-ms-ratelimit-remaining-resource": "Microsoft.Compute/PutDeleteDedicatedHost3Min;109,Microsoft.Compute/PutDeleteDedicatedHost30Min;585",
        "x-ms-ratelimit-remaining-subscription-writes": "1198",
        "x-ms-request-id": "64f01e97-923e-4a73-b6b7-aa49cfcf826b",
        "x-ms-routing-request-id": "SOUTHEASTASIA:20210810T075706Z:1c786d2c-aa7a-4abd-93c4-74f0366dd628"
      },
      "ResponseBody": [
        "{\r\n",
        "  \u0022name\u0022: \u0022testDHG-925\u0022,\r\n",
        "  \u0022id\u0022: \u0022/subscriptions/db1ab6f0-4769-4b27-930e-01e2ef9c123c/resourceGroups/TESTRG-5935/providers/Microsoft.Compute/hostGroups/testDHG-925\u0022,\r\n",
        "  \u0022type\u0022: \u0022Microsoft.Compute/hostGroups\u0022,\r\n",
        "  \u0022location\u0022: \u0022westus2\u0022,\r\n",
        "  \u0022tags\u0022: {},\r\n",
        "  \u0022properties\u0022: {\r\n",
        "    \u0022platformFaultDomainCount\u0022: 2,\r\n",
        "    \u0022supportAutomaticPlacement\u0022: false\r\n",
        "  }\r\n",
        "}"
      ]
    }
  ],
  "Variables": {
    "RandomSeed": "1617090540",
    "RESOURCE_MANAGER_URL": null,
    "SUBSCRIPTION_ID": "db1ab6f0-4769-4b27-930e-01e2ef9c123c"
  }
}