{
  "Entries": [
    {
      "RequestUri": "/subscriptions/28337c71-5911-4e75-8354-c4ac645e902d/providers/Microsoft.Compute/locations/SoutheastAsia/publishers/MicrosoftWindowsServer/artifacttypes/vmimage/offers/WindowsServer/skus/2012-R2-Datacenter/versions?$top=1&api-version=2022-03-01",
      "EncodedRequestUri": "L3N1YnNjcmlwdGlvbnMvMjgzMzdjNzEtNTkxMS00ZTc1LTgzNTQtYzRhYzY0NWU5MDJkL3Byb3ZpZGVycy9NaWNyb3NvZnQuQ29tcHV0ZS9sb2NhdGlvbnMvU291dGhlYXN0QXNpYS9wdWJsaXNoZXJzL01pY3Jvc29mdFdpbmRvd3NTZXJ2ZXIvYXJ0aWZhY3R0eXBlcy92bWltYWdlL29mZmVycy9XaW5kb3dzU2VydmVyL3NrdXMvMjAxMi1SMi1EYXRhY2VudGVyL3ZlcnNpb25zPyR0b3A9MSZhcGktdmVyc2lvbj0yMDIyLTAzLTAx",
      "RequestMethod": "GET",
      "RequestBody": "",
      "RequestHeaders": {
        "x-ms-client-request-id": [
          "303ec26d-edc2-4a4a-a676-7865606ef7a9"
        ],
        "Accept-Language": [
          "en-US"
        ],
        "User-Agent": [
          "FxVersion/4.700.22.16002",
          "OSName/Windows",
          "OSVersion/Microsoft.Windows.10.0.19044",
          "Microsoft.Azure.Management.Compute.ComputeManagementClient/53.0.0"
        ]
      },
      "ResponseHeaders": {
        "Cache-Control": [
          "no-cache"
        ],
        "Pragma": [
          "no-cache"
        ],
        "x-ms-ratelimit-remaining-resource": [
          "Microsoft.Compute/ListVMImagesVersionsFromLocation3Min;15998,Microsoft.Compute/ListVMImagesVersionsFromLocation30Min;43996"
        ],
        "Strict-Transport-Security": [
          "max-age=31536000; includeSubDomains"
        ],
        "x-ms-served-by": [
          "9fc414ea-410e-4600-9f7c-71bc36416f3f_132891484908468594"
        ],
        "x-ms-request-id": [
          "f363e095-ade9-4d3d-8aa9-9ddc39140429"
        ],
        "Server": [
          "Microsoft-HTTPAPI/2.0",
          "Microsoft-HTTPAPI/2.0"
        ],
        "x-ms-ratelimit-remaining-subscription-reads": [
          "11999"
        ],
        "x-ms-correlation-request-id": [
          "1a267977-9420-4be3-9800-3a902d2274d0"
        ],
        "x-ms-routing-request-id": [
          "WESTCENTRALUS:20220413T184705Z:1a267977-9420-4be3-9800-3a902d2274d0"
        ],
        "X-Content-Type-Options": [
          "nosniff"
        ],
        "Date": [
          "Wed, 13 Apr 2022 18:47:04 GMT"
        ],
        "Content-Length": [
          "321"
        ],
        "Content-Type": [
          "application/json; charset=utf-8"
        ],
        "Expires": [
          "-1"
        ]
      },
      "ResponseBody": "[\r\n  {\r\n    \"location\": \"southeastasia\",\r\n    \"name\": \"4.127.20180315\",\r\n    \"id\": \"/Subscriptions/28337c71-5911-4e75-8354-c4ac645e902d/Providers/Microsoft.Compute/Locations/southeastasia/Publishers/MicrosoftWindowsServer/ArtifactTypes/VMImage/Offers/WindowsServer/Skus/2012-R2-Datacenter/Versions/4.127.20180315\"\r\n  }\r\n]",
      "StatusCode": 200
    },
    {
      "RequestUri": "/subscriptions/28337c71-5911-4e75-8354-c4ac645e902d/resourcegroups/crptestar4914?api-version=2017-05-10",
      "EncodedRequestUri": "L3N1YnNjcmlwdGlvbnMvMjgzMzdjNzEtNTkxMS00ZTc1LTgzNTQtYzRhYzY0NWU5MDJkL3Jlc291cmNlZ3JvdXBzL2NycHRlc3RhcjQ5MTQ/YXBpLXZlcnNpb249MjAxNy0wNS0xMA==",
      "RequestMethod": "PUT",
      "RequestBody": "{\r\n  \"location\": \"SoutheastAsia\",\r\n  \"tags\": {\r\n    \"crptestar4914\": \"2022-04-13 18:47:05Z\"\r\n  }\r\n}",
      "RequestHeaders": {
        "x-ms-client-request-id": [
          "058bb2ae-a69c-4e87-88ef-3e2c06c93651"
        ],
        "Accept-Language": [
          "en-US"
        ],
        "User-Agent": [
          "FxVersion/4.700.22.16002",
          "OSName/Windows",
          "OSVersion/Microsoft.Windows.10.0.19044",
          "Microsoft.Azure.Management.ResourceManager.ResourceManagementClient/1.6.0.0"
        ],
        "Content-Type": [
          "application/json; charset=utf-8"
        ],
        "Content-Length": [
          "99"
        ]
      },
      "ResponseHeaders": {
        "Cache-Control": [
          "no-cache"
        ],
        "Pragma": [
          "no-cache"
        ],
        "x-ms-ratelimit-remaining-subscription-writes": [
          "1199"
        ],
        "x-ms-request-id": [
          "98f0fad9-0765-4550-9de7-3c0ee33c6617"
        ],
        "x-ms-correlation-request-id": [
          "98f0fad9-0765-4550-9de7-3c0ee33c6617"
        ],
        "x-ms-routing-request-id": [
          "WESTCENTRALUS:20220413T184706Z:98f0fad9-0765-4550-9de7-3c0ee33c6617"
        ],
        "Strict-Transport-Security": [
          "max-age=31536000; includeSubDomains"
        ],
        "X-Content-Type-Options": [
          "nosniff"
        ],
        "Date": [
          "Wed, 13 Apr 2022 18:47:06 GMT"
        ],
        "Content-Length": [
          "234"
        ],
        "Content-Type": [
          "application/json; charset=utf-8"
        ],
        "Expires": [
          "-1"
        ]
      },
      "ResponseBody": "{\r\n  \"id\": \"/subscriptions/28337c71-5911-4e75-8354-c4ac645e902d/resourceGroups/crptestar4914\",\r\n  \"name\": \"crptestar4914\",\r\n  \"location\": \"southeastasia\",\r\n  \"tags\": {\r\n    \"crptestar4914\": \"2022-04-13 18:47:05Z\"\r\n  },\r\n  \"properties\": {\r\n    \"provisioningState\": \"Succeeded\"\r\n  }\r\n}",
      "StatusCode": 201
    },
    {
      "RequestUri": "/subscriptions/28337c71-5911-4e75-8354-c4ac645e902d/resourcegroups/crptestar4914?api-version=2017-05-10",
      "EncodedRequestUri": "L3N1YnNjcmlwdGlvbnMvMjgzMzdjNzEtNTkxMS00ZTc1LTgzNTQtYzRhYzY0NWU5MDJkL3Jlc291cmNlZ3JvdXBzL2NycHRlc3RhcjQ5MTQ/YXBpLXZlcnNpb249MjAxNy0wNS0xMA==",
      "RequestMethod": "PUT",
      "RequestBody": "{\r\n  \"location\": \"SoutheastAsia\",\r\n  \"tags\": {\r\n    \"crptestar4914\": \"2022-04-13 18:47:46Z\"\r\n  }\r\n}",
      "RequestHeaders": {
        "x-ms-client-request-id": [
          "67d744d9-dff3-465c-b9a6-c1f9cf3afdee"
        ],
        "Accept-Language": [
          "en-US"
        ],
        "User-Agent": [
          "FxVersion/4.700.22.16002",
          "OSName/Windows",
          "OSVersion/Microsoft.Windows.10.0.19044",
          "Microsoft.Azure.Management.ResourceManager.ResourceManagementClient/1.6.0.0"
        ],
        "Content-Type": [
          "application/json; charset=utf-8"
        ],
        "Content-Length": [
          "99"
        ]
      },
      "ResponseHeaders": {
        "Cache-Control": [
          "no-cache"
        ],
        "Pragma": [
          "no-cache"
        ],
        "x-ms-ratelimit-remaining-subscription-writes": [
          "1198"
        ],
        "x-ms-request-id": [
          "35528e4e-1bcf-43d7-b42b-963c0adcbfe0"
        ],
        "x-ms-correlation-request-id": [
          "35528e4e-1bcf-43d7-b42b-963c0adcbfe0"
        ],
        "x-ms-routing-request-id": [
          "WESTCENTRALUS:20220413T184748Z:35528e4e-1bcf-43d7-b42b-963c0adcbfe0"
        ],
        "Strict-Transport-Security": [
          "max-age=31536000; includeSubDomains"
        ],
        "X-Content-Type-Options": [
          "nosniff"
        ],
        "Date": [
          "Wed, 13 Apr 2022 18:47:47 GMT"
        ],
        "Content-Length": [
          "234"
        ],
        "Content-Type": [
          "application/json; charset=utf-8"
        ],
        "Expires": [
          "-1"
        ]
      },
      "ResponseBody": "{\r\n  \"id\": \"/subscriptions/28337c71-5911-4e75-8354-c4ac645e902d/resourceGroups/crptestar4914\",\r\n  \"name\": \"crptestar4914\",\r\n  \"location\": \"southeastasia\",\r\n  \"tags\": {\r\n    \"crptestar4914\": \"2022-04-13 18:47:46Z\"\r\n  },\r\n  \"properties\": {\r\n    \"provisioningState\": \"Succeeded\"\r\n  }\r\n}",
      "StatusCode": 200
    },
    {
      "RequestUri": "/subscriptions/28337c71-5911-4e75-8354-c4ac645e902d/resourceGroups/crptestar4914/providers/Microsoft.Storage/storageAccounts/crptestar8888?api-version=2015-06-15",
      "EncodedRequestUri": "L3N1YnNjcmlwdGlvbnMvMjgzMzdjNzEtNTkxMS00ZTc1LTgzNTQtYzRhYzY0NWU5MDJkL3Jlc291cmNlR3JvdXBzL2NycHRlc3RhcjQ5MTQvcHJvdmlkZXJzL01pY3Jvc29mdC5TdG9yYWdlL3N0b3JhZ2VBY2NvdW50cy9jcnB0ZXN0YXI4ODg4P2FwaS12ZXJzaW9uPTIwMTUtMDYtMTU=",
      "RequestMethod": "PUT",
      "RequestBody": "{\r\n  \"location\": \"SoutheastAsia\",\r\n  \"properties\": {\r\n    \"accountType\": \"Standard_GRS\"\r\n  }\r\n}",
      "RequestHeaders": {
        "x-ms-client-request-id": [
          "37e491cb-aa70-4b27-a937-be7b4a7d1de3"
        ],
        "Accept-Language": [
          "en-US"
        ],
        "User-Agent": [
          "FxVersion/4.700.22.16002",
          "OSName/Windows",
          "OSVersion/Microsoft.Windows.10.0.19044",
          "Microsoft.Azure.Management.Storage.StorageManagementClient/4.0.0.0"
        ],
        "Content-Type": [
          "application/json; charset=utf-8"
        ],
        "Content-Length": [
          "95"
        ]
      },
      "ResponseHeaders": {
        "Cache-Control": [
          "no-cache"
        ],
        "Pragma": [
          "no-cache"
        ],
        "Location": [
          "https://management.azure.com/subscriptions/28337c71-5911-4e75-8354-c4ac645e902d/providers/Microsoft.Storage/locations/southeastasia/asyncoperations/64162717-89f1-4e17-9739-9698cb8c858f?monitor=true&api-version=2015-06-15"
        ],
        "Retry-After": [
          "17"
        ],
        "x-ms-request-id": [
          "64162717-89f1-4e17-9739-9698cb8c858f"
        ],
        "Strict-Transport-Security": [
          "max-age=31536000; includeSubDomains"
        ],
        "Server": [
          "Microsoft-Azure-Storage-Resource-Provider/1.0,Microsoft-HTTPAPI/2.0 Microsoft-HTTPAPI/2.0"
        ],
        "x-ms-ratelimit-remaining-subscription-writes": [
          "1199"
        ],
        "x-ms-correlation-request-id": [
          "2559ddad-3a45-44b2-b9f2-c320ca7b95ee"
        ],
        "x-ms-routing-request-id": [
          "WESTUS:20220413T184718Z:2559ddad-3a45-44b2-b9f2-c320ca7b95ee"
        ],
        "X-Content-Type-Options": [
          "nosniff"
        ],
        "Date": [
          "Wed, 13 Apr 2022 18:47:18 GMT"
        ],
        "Content-Type": [
          "text/plain; charset=utf-8"
        ],
        "Expires": [
          "-1"
        ],
        "Content-Length": [
          "0"
        ]
      },
      "ResponseBody": "",
      "StatusCode": 202
    },
    {
      "RequestUri": "/subscriptions/28337c71-5911-4e75-8354-c4ac645e902d/providers/Microsoft.Storage/locations/southeastasia/asyncoperations/64162717-89f1-4e17-9739-9698cb8c858f?monitor=true&api-version=2015-06-15",
      "EncodedRequestUri": "L3N1YnNjcmlwdGlvbnMvMjgzMzdjNzEtNTkxMS00ZTc1LTgzNTQtYzRhYzY0NWU5MDJkL3Byb3ZpZGVycy9NaWNyb3NvZnQuU3RvcmFnZS9sb2NhdGlvbnMvc291dGhlYXN0YXNpYS9hc3luY29wZXJhdGlvbnMvNjQxNjI3MTctODlmMS00ZTE3LTk3MzktOTY5OGNiOGM4NThmP21vbml0b3I9dHJ1ZSZhcGktdmVyc2lvbj0yMDE1LTA2LTE1",
      "RequestMethod": "GET",
      "RequestBody": "",
      "RequestHeaders": {
        "User-Agent": [
          "FxVersion/4.700.22.16002",
          "OSName/Windows",
          "OSVersion/Microsoft.Windows.10.0.19044",
          "Microsoft.Azure.Management.Storage.StorageManagementClient/4.0.0.0"
        ]
      },
      "ResponseHeaders": {
        "Cache-Control": [
          "no-cache"
        ],
        "Pragma": [
          "no-cache"
        ],
        "x-ms-request-id": [
          "5e85e76a-c154-44bd-abdb-12a71ec11130"
        ],
        "Strict-Transport-Security": [
          "max-age=31536000; includeSubDomains"
        ],
        "Server": [
          "Microsoft-Azure-Storage-Resource-Provider/1.0,Microsoft-HTTPAPI/2.0 Microsoft-HTTPAPI/2.0"
        ],
        "x-ms-ratelimit-remaining-subscription-reads": [
          "11999"
        ],
        "x-ms-correlation-request-id": [
          "a39840d3-3e3d-4577-a2ea-d656d6d7f607"
        ],
        "x-ms-routing-request-id": [
          "WESTUS:20220413T184736Z:a39840d3-3e3d-4577-a2ea-d656d6d7f607"
        ],
        "X-Content-Type-Options": [
          "nosniff"
        ],
        "Date": [
          "Wed, 13 Apr 2022 18:47:35 GMT"
        ],
        "Content-Length": [
          "95"
        ],
        "Content-Type": [
          "application/json"
        ],
        "Expires": [
          "-1"
        ]
      },
      "ResponseBody": "{\r\n  \"location\": \"SoutheastAsia\",\r\n  \"properties\": {\r\n    \"accountType\": \"Standard_GRS\"\r\n  }\r\n}",
      "StatusCode": 200
    },
    {
      "RequestUri": "/subscriptions/28337c71-5911-4e75-8354-c4ac645e902d/resourceGroups/crptestar4914/providers/Microsoft.Storage/storageAccounts?api-version=2015-06-15",
      "EncodedRequestUri": "L3N1YnNjcmlwdGlvbnMvMjgzMzdjNzEtNTkxMS00ZTc1LTgzNTQtYzRhYzY0NWU5MDJkL3Jlc291cmNlR3JvdXBzL2NycHRlc3RhcjQ5MTQvcHJvdmlkZXJzL01pY3Jvc29mdC5TdG9yYWdlL3N0b3JhZ2VBY2NvdW50cz9hcGktdmVyc2lvbj0yMDE1LTA2LTE1",
      "RequestMethod": "GET",
      "RequestBody": "",
      "RequestHeaders": {
        "x-ms-client-request-id": [
          "96de5b1a-4ed8-4600-91eb-41efcfc577ae"
        ],
        "Accept-Language": [
          "en-US"
        ],
        "User-Agent": [
          "FxVersion/4.700.22.16002",
          "OSName/Windows",
          "OSVersion/Microsoft.Windows.10.0.19044",
          "Microsoft.Azure.Management.Storage.StorageManagementClient/4.0.0.0"
        ]
      },
      "ResponseHeaders": {
        "Cache-Control": [
          "no-cache"
        ],
        "Pragma": [
          "no-cache"
        ],
        "x-ms-request-id": [
          "3b0e3116-2ef2-4894-ae29-f3d48be9bcdf"
        ],
        "Strict-Transport-Security": [
          "max-age=31536000; includeSubDomains"
        ],
        "Server": [
          "Microsoft-Azure-Storage-Resource-Provider/1.0,Microsoft-HTTPAPI/2.0 Microsoft-HTTPAPI/2.0"
        ],
        "x-ms-ratelimit-remaining-subscription-reads": [
          "11998"
        ],
        "x-ms-correlation-request-id": [
          "94bd87ba-12a7-4cf6-b2d2-aa7ba565c6ce"
        ],
        "x-ms-routing-request-id": [
          "WESTUS:20220413T184746Z:94bd87ba-12a7-4cf6-b2d2-aa7ba565c6ce"
        ],
        "X-Content-Type-Options": [
          "nosniff"
        ],
        "Date": [
          "Wed, 13 Apr 2022 18:47:45 GMT"
        ],
        "Content-Length": [
          "752"
        ],
        "Content-Type": [
          "application/json"
        ],
        "Expires": [
          "-1"
        ]
      },
      "ResponseBody": "{\r\n  \"value\": [\r\n    {\r\n      \"id\": \"/subscriptions/28337c71-5911-4e75-8354-c4ac645e902d/resourceGroups/crptestar4914/providers/Microsoft.Storage/storageAccounts/crptestar8888\",\r\n      \"name\": \"crptestar8888\",\r\n      \"type\": \"Microsoft.Storage/storageAccounts\",\r\n      \"location\": \"southeastasia\",\r\n      \"tags\": {},\r\n      \"properties\": {\r\n        \"accountType\": \"Standard_GRS\",\r\n        \"provisioningState\": \"Succeeded\",\r\n        \"creationTime\": \"2022-04-13T18:47:15.5065642Z\",\r\n        \"primaryEndpoints\": {\r\n          \"blob\": \"https://crptestar8888.blob.core.windows.net/\",\r\n          \"queue\": \"https://crptestar8888.queue.core.windows.net/\",\r\n          \"table\": \"https://crptestar8888.table.core.windows.net/\",\r\n          \"file\": \"https://crptestar8888.file.core.windows.net/\"\r\n        },\r\n        \"primaryLocation\": \"southeastasia\",\r\n        \"statusOfPrimary\": \"available\",\r\n        \"secondaryLocation\": \"eastasia\",\r\n        \"statusOfSecondary\": \"available\"\r\n      }\r\n    }\r\n  ]\r\n}",
      "StatusCode": 200
    },
    {
      "RequestUri": "/subscriptions/28337c71-5911-4e75-8354-c4ac645e902d/resourceGroups/crptestar4914/providers/Microsoft.Storage/storageAccounts/crptestar8888?api-version=2015-06-15",
      "EncodedRequestUri": "L3N1YnNjcmlwdGlvbnMvMjgzMzdjNzEtNTkxMS00ZTc1LTgzNTQtYzRhYzY0NWU5MDJkL3Jlc291cmNlR3JvdXBzL2NycHRlc3RhcjQ5MTQvcHJvdmlkZXJzL01pY3Jvc29mdC5TdG9yYWdlL3N0b3JhZ2VBY2NvdW50cy9jcnB0ZXN0YXI4ODg4P2FwaS12ZXJzaW9uPTIwMTUtMDYtMTU=",
      "RequestMethod": "GET",
      "RequestBody": "",
      "RequestHeaders": {
        "x-ms-client-request-id": [
          "8ed8a01e-8944-4adc-9f7b-b0467724bbf9"
        ],
        "Accept-Language": [
          "en-US"
        ],
        "User-Agent": [
          "FxVersion/4.700.22.16002",
          "OSName/Windows",
          "OSVersion/Microsoft.Windows.10.0.19044",
          "Microsoft.Azure.Management.Storage.StorageManagementClient/4.0.0.0"
        ]
      },
      "ResponseHeaders": {
        "Cache-Control": [
          "no-cache"
        ],
        "Pragma": [
          "no-cache"
        ],
        "x-ms-request-id": [
          "99a6543e-71c1-4ae5-bdb0-b68d4825706b"
        ],
        "Strict-Transport-Security": [
          "max-age=31536000; includeSubDomains"
        ],
        "Server": [
          "Microsoft-Azure-Storage-Resource-Provider/1.0,Microsoft-HTTPAPI/2.0 Microsoft-HTTPAPI/2.0"
        ],
        "x-ms-ratelimit-remaining-subscription-reads": [
          "11997"
        ],
        "x-ms-correlation-request-id": [
          "db156abd-c5d9-43c9-aaf5-88f18aad9cac"
        ],
        "x-ms-routing-request-id": [
          "WESTUS:20220413T184746Z:db156abd-c5d9-43c9-aaf5-88f18aad9cac"
        ],
        "X-Content-Type-Options": [
          "nosniff"
        ],
        "Date": [
          "Wed, 13 Apr 2022 18:47:46 GMT"
        ],
        "Content-Length": [
          "740"
        ],
        "Content-Type": [
          "application/json"
        ],
        "Expires": [
          "-1"
        ]
      },
      "ResponseBody": "{\r\n  \"id\": \"/subscriptions/28337c71-5911-4e75-8354-c4ac645e902d/resourceGroups/crptestar4914/providers/Microsoft.Storage/storageAccounts/crptestar8888\",\r\n  \"name\": \"crptestar8888\",\r\n  \"type\": \"Microsoft.Storage/storageAccounts\",\r\n  \"location\": \"southeastasia\",\r\n  \"tags\": {},\r\n  \"properties\": {\r\n    \"accountType\": \"Standard_GRS\",\r\n    \"provisioningState\": \"Succeeded\",\r\n    \"creationTime\": \"2022-04-13T18:47:15.5065642Z\",\r\n    \"primaryEndpoints\": {\r\n      \"blob\": \"https://crptestar8888.blob.core.windows.net/\",\r\n      \"queue\": \"https://crptestar8888.queue.core.windows.net/\",\r\n      \"table\": \"https://crptestar8888.table.core.windows.net/\",\r\n      \"file\": \"https://crptestar8888.file.core.windows.net/\"\r\n    },\r\n    \"primaryLocation\": \"southeastasia\",\r\n    \"statusOfPrimary\": \"available\",\r\n    \"secondaryLocation\": \"eastasia\",\r\n    \"statusOfSecondary\": \"available\"\r\n  }\r\n}",
      "StatusCode": 200
    },
    {
      "RequestUri": "/subscriptions/28337c71-5911-4e75-8354-c4ac645e902d/resourceGroups/crptestar4914/providers/Microsoft.Network/publicIPAddresses/pip4963?api-version=2019-09-01",
      "EncodedRequestUri": "L3N1YnNjcmlwdGlvbnMvMjgzMzdjNzEtNTkxMS00ZTc1LTgzNTQtYzRhYzY0NWU5MDJkL3Jlc291cmNlR3JvdXBzL2NycHRlc3RhcjQ5MTQvcHJvdmlkZXJzL01pY3Jvc29mdC5OZXR3b3JrL3B1YmxpY0lQQWRkcmVzc2VzL3BpcDQ5NjM/YXBpLXZlcnNpb249MjAxOS0wOS0wMQ==",
      "RequestMethod": "PUT",
      "RequestBody": "{\r\n  \"properties\": {\r\n    \"publicIPAllocationMethod\": \"Dynamic\",\r\n    \"dnsSettings\": {\r\n      \"domainNameLabel\": \"dn5983\"\r\n    }\r\n  },\r\n  \"location\": \"SoutheastAsia\",\r\n  \"tags\": {\r\n    \"key\": \"value\"\r\n  }\r\n}",
      "RequestHeaders": {
        "x-ms-client-request-id": [
          "600eacb4-66dc-4cfe-aa46-0f5d77e5892b"
        ],
        "Accept-Language": [
          "en-US"
        ],
        "User-Agent": [
          "FxVersion/4.700.22.16002",
          "OSName/Windows",
          "OSVersion/Microsoft.Windows.10.0.19044",
          "Microsoft.Azure.Management.Network.NetworkManagementClient/19.17.1.0"
        ],
        "Content-Type": [
          "application/json; charset=utf-8"
        ],
        "Content-Length": [
          "207"
        ]
      },
      "ResponseHeaders": {
        "Cache-Control": [
          "no-cache"
        ],
        "Pragma": [
          "no-cache"
        ],
        "Retry-After": [
          "1"
        ],
        "x-ms-request-id": [
          "0b2b4718-a5b1-4634-9b61-838dd44a3578"
        ],
        "Azure-AsyncOperation": [
          "https://management.azure.com/subscriptions/28337c71-5911-4e75-8354-c4ac645e902d/providers/Microsoft.Network/locations/southeastasia/operations/0b2b4718-a5b1-4634-9b61-838dd44a3578?api-version=2019-09-01"
        ],
        "x-ms-correlation-request-id": [
          "79201436-930d-4728-8bd9-ff62aea1a788"
        ],
        "Azure-AsyncNotification": [
          "Enabled"
        ],
        "x-ms-arm-service-request-id": [
          "60108764-2898-4c72-ae50-9bb0b753c807"
        ],
        "Strict-Transport-Security": [
          "max-age=31536000; includeSubDomains"
        ],
        "Server": [
          "Microsoft-HTTPAPI/2.0",
          "Microsoft-HTTPAPI/2.0"
        ],
        "x-ms-ratelimit-remaining-subscription-writes": [
          "1199"
        ],
        "x-ms-routing-request-id": [
          "WESTCENTRALUS:20220413T184759Z:79201436-930d-4728-8bd9-ff62aea1a788"
        ],
        "X-Content-Type-Options": [
          "nosniff"
        ],
        "Date": [
          "Wed, 13 Apr 2022 18:47:58 GMT"
        ],
        "Content-Length": [
          "769"
        ],
        "Content-Type": [
          "application/json; charset=utf-8"
        ],
        "Expires": [
          "-1"
        ]
      },
      "ResponseBody": "{\r\n  \"name\": \"pip4963\",\r\n  \"id\": \"/subscriptions/28337c71-5911-4e75-8354-c4ac645e902d/resourceGroups/crptestar4914/providers/Microsoft.Network/publicIPAddresses/pip4963\",\r\n  \"etag\": \"W/\\\"c86f0352-1340-42c5-b165-41872e608d4b\\\"\",\r\n  \"location\": \"southeastasia\",\r\n  \"tags\": {\r\n    \"key\": \"value\"\r\n  },\r\n  \"properties\": {\r\n    \"provisioningState\": \"Updating\",\r\n    \"resourceGuid\": \"711bb437-0a11-44d5-89bf-93fdedffba3e\",\r\n    \"publicIPAddressVersion\": \"IPv4\",\r\n    \"publicIPAllocationMethod\": \"Dynamic\",\r\n    \"idleTimeoutInMinutes\": 4,\r\n    \"dnsSettings\": {\r\n      \"domainNameLabel\": \"dn5983\",\r\n      \"fqdn\": \"dn5983.southeastasia.cloudapp.azure.com\"\r\n    },\r\n    \"ipTags\": []\r\n  },\r\n  \"type\": \"Microsoft.Network/publicIPAddresses\",\r\n  \"sku\": {\r\n    \"name\": \"Basic\"\r\n  }\r\n}",
      "StatusCode": 201
    },
    {
      "RequestUri": "/subscriptions/28337c71-5911-4e75-8354-c4ac645e902d/providers/Microsoft.Network/locations/southeastasia/operations/0b2b4718-a5b1-4634-9b61-838dd44a3578?api-version=2019-09-01",
      "EncodedRequestUri": "L3N1YnNjcmlwdGlvbnMvMjgzMzdjNzEtNTkxMS00ZTc1LTgzNTQtYzRhYzY0NWU5MDJkL3Byb3ZpZGVycy9NaWNyb3NvZnQuTmV0d29yay9sb2NhdGlvbnMvc291dGhlYXN0YXNpYS9vcGVyYXRpb25zLzBiMmI0NzE4LWE1YjEtNDYzNC05YjYxLTgzOGRkNDRhMzU3OD9hcGktdmVyc2lvbj0yMDE5LTA5LTAx",
      "RequestMethod": "GET",
      "RequestBody": "",
      "RequestHeaders": {
        "User-Agent": [
          "FxVersion/4.700.22.16002",
          "OSName/Windows",
          "OSVersion/Microsoft.Windows.10.0.19044",
          "Microsoft.Azure.Management.Network.NetworkManagementClient/19.17.1.0"
        ]
      },
      "ResponseHeaders": {
        "Cache-Control": [
          "no-cache"
        ],
        "Pragma": [
          "no-cache"
        ],
        "x-ms-request-id": [
          "5b742715-03f2-4dab-94c9-f9da6f80fbdd"
        ],
        "x-ms-correlation-request-id": [
          "7e32d8f2-16b8-4870-bac0-ba72c6668319"
        ],
        "x-ms-arm-service-request-id": [
          "621f416a-1f62-4b48-8d03-c2a8b227340d"
        ],
        "Strict-Transport-Security": [
          "max-age=31536000; includeSubDomains"
        ],
        "Server": [
          "Microsoft-HTTPAPI/2.0",
          "Microsoft-HTTPAPI/2.0"
        ],
        "x-ms-ratelimit-remaining-subscription-reads": [
          "11999"
        ],
        "x-ms-routing-request-id": [
          "WESTCENTRALUS:20220413T184800Z:7e32d8f2-16b8-4870-bac0-ba72c6668319"
        ],
        "X-Content-Type-Options": [
          "nosniff"
        ],
        "Date": [
          "Wed, 13 Apr 2022 18:48:00 GMT"
        ],
        "Content-Length": [
          "29"
        ],
        "Content-Type": [
          "application/json; charset=utf-8"
        ],
        "Expires": [
          "-1"
        ]
      },
      "ResponseBody": "{\r\n  \"status\": \"Succeeded\"\r\n}",
      "StatusCode": 200
    },
    {
      "RequestUri": "/subscriptions/28337c71-5911-4e75-8354-c4ac645e902d/resourceGroups/crptestar4914/providers/Microsoft.Network/publicIPAddresses/pip4963?api-version=2019-09-01",
      "EncodedRequestUri": "L3N1YnNjcmlwdGlvbnMvMjgzMzdjNzEtNTkxMS00ZTc1LTgzNTQtYzRhYzY0NWU5MDJkL3Jlc291cmNlR3JvdXBzL2NycHRlc3RhcjQ5MTQvcHJvdmlkZXJzL01pY3Jvc29mdC5OZXR3b3JrL3B1YmxpY0lQQWRkcmVzc2VzL3BpcDQ5NjM/YXBpLXZlcnNpb249MjAxOS0wOS0wMQ==",
      "RequestMethod": "GET",
      "RequestBody": "",
      "RequestHeaders": {
        "User-Agent": [
          "FxVersion/4.700.22.16002",
          "OSName/Windows",
          "OSVersion/Microsoft.Windows.10.0.19044",
          "Microsoft.Azure.Management.Network.NetworkManagementClient/19.17.1.0"
        ]
      },
      "ResponseHeaders": {
        "Cache-Control": [
          "no-cache"
        ],
        "Pragma": [
          "no-cache"
        ],
        "ETag": [
          "W/\"ede26043-ec53-4ae2-8339-e98296ee3732\""
        ],
        "x-ms-request-id": [
          "71ee4d12-7f00-4ad3-a9b7-70bc8954cb99"
        ],
        "x-ms-correlation-request-id": [
          "b7e94726-8fe3-4785-a54f-66754a3b1881"
        ],
        "x-ms-arm-service-request-id": [
          "c9faa5af-c9e9-4069-8c0e-59076c05dc82"
        ],
        "Strict-Transport-Security": [
          "max-age=31536000; includeSubDomains"
        ],
        "Server": [
          "Microsoft-HTTPAPI/2.0",
          "Microsoft-HTTPAPI/2.0"
        ],
        "x-ms-ratelimit-remaining-subscription-reads": [
          "11998"
        ],
        "x-ms-routing-request-id": [
          "WESTCENTRALUS:20220413T184800Z:b7e94726-8fe3-4785-a54f-66754a3b1881"
        ],
        "X-Content-Type-Options": [
          "nosniff"
        ],
        "Date": [
          "Wed, 13 Apr 2022 18:48:00 GMT"
        ],
        "Content-Length": [
          "770"
        ],
        "Content-Type": [
          "application/json; charset=utf-8"
        ],
        "Expires": [
          "-1"
        ]
      },
      "ResponseBody": "{\r\n  \"name\": \"pip4963\",\r\n  \"id\": \"/subscriptions/28337c71-5911-4e75-8354-c4ac645e902d/resourceGroups/crptestar4914/providers/Microsoft.Network/publicIPAddresses/pip4963\",\r\n  \"etag\": \"W/\\\"ede26043-ec53-4ae2-8339-e98296ee3732\\\"\",\r\n  \"location\": \"southeastasia\",\r\n  \"tags\": {\r\n    \"key\": \"value\"\r\n  },\r\n  \"properties\": {\r\n    \"provisioningState\": \"Succeeded\",\r\n    \"resourceGuid\": \"711bb437-0a11-44d5-89bf-93fdedffba3e\",\r\n    \"publicIPAddressVersion\": \"IPv4\",\r\n    \"publicIPAllocationMethod\": \"Dynamic\",\r\n    \"idleTimeoutInMinutes\": 4,\r\n    \"dnsSettings\": {\r\n      \"domainNameLabel\": \"dn5983\",\r\n      \"fqdn\": \"dn5983.southeastasia.cloudapp.azure.com\"\r\n    },\r\n    \"ipTags\": []\r\n  },\r\n  \"type\": \"Microsoft.Network/publicIPAddresses\",\r\n  \"sku\": {\r\n    \"name\": \"Basic\"\r\n  }\r\n}",
      "StatusCode": 200
    },
    {
      "RequestUri": "/subscriptions/28337c71-5911-4e75-8354-c4ac645e902d/resourceGroups/crptestar4914/providers/Microsoft.Network/publicIPAddresses/pip4963?api-version=2019-09-01",
      "EncodedRequestUri": "L3N1YnNjcmlwdGlvbnMvMjgzMzdjNzEtNTkxMS00ZTc1LTgzNTQtYzRhYzY0NWU5MDJkL3Jlc291cmNlR3JvdXBzL2NycHRlc3RhcjQ5MTQvcHJvdmlkZXJzL01pY3Jvc29mdC5OZXR3b3JrL3B1YmxpY0lQQWRkcmVzc2VzL3BpcDQ5NjM/YXBpLXZlcnNpb249MjAxOS0wOS0wMQ==",
      "RequestMethod": "GET",
      "RequestBody": "",
      "RequestHeaders": {
        "x-ms-client-request-id": [
          "3922bc09-e702-4807-9e56-89aa7eb67529"
        ],
        "Accept-Language": [
          "en-US"
        ],
        "User-Agent": [
          "FxVersion/4.700.22.16002",
          "OSName/Windows",
          "OSVersion/Microsoft.Windows.10.0.19044",
          "Microsoft.Azure.Management.Network.NetworkManagementClient/19.17.1.0"
        ]
      },
      "ResponseHeaders": {
        "Cache-Control": [
          "no-cache"
        ],
        "Pragma": [
          "no-cache"
        ],
        "ETag": [
          "W/\"ede26043-ec53-4ae2-8339-e98296ee3732\""
        ],
        "x-ms-request-id": [
          "d398f98f-b65d-4268-97d3-6fa15c9f4acc"
        ],
        "x-ms-correlation-request-id": [
          "270d89ac-6ca7-4e95-84b4-e03d8007948d"
        ],
        "x-ms-arm-service-request-id": [
          "610f71d2-c1ef-41f8-a7b5-8889e2decf3b"
        ],
        "Strict-Transport-Security": [
          "max-age=31536000; includeSubDomains"
        ],
        "Server": [
          "Microsoft-HTTPAPI/2.0",
          "Microsoft-HTTPAPI/2.0"
        ],
        "x-ms-ratelimit-remaining-subscription-reads": [
          "11997"
        ],
        "x-ms-routing-request-id": [
          "WESTCENTRALUS:20220413T184801Z:270d89ac-6ca7-4e95-84b4-e03d8007948d"
        ],
        "X-Content-Type-Options": [
          "nosniff"
        ],
        "Date": [
          "Wed, 13 Apr 2022 18:48:00 GMT"
        ],
        "Content-Length": [
          "770"
        ],
        "Content-Type": [
          "application/json; charset=utf-8"
        ],
        "Expires": [
          "-1"
        ]
      },
      "ResponseBody": "{\r\n  \"name\": \"pip4963\",\r\n  \"id\": \"/subscriptions/28337c71-5911-4e75-8354-c4ac645e902d/resourceGroups/crptestar4914/providers/Microsoft.Network/publicIPAddresses/pip4963\",\r\n  \"etag\": \"W/\\\"ede26043-ec53-4ae2-8339-e98296ee3732\\\"\",\r\n  \"location\": \"southeastasia\",\r\n  \"tags\": {\r\n    \"key\": \"value\"\r\n  },\r\n  \"properties\": {\r\n    \"provisioningState\": \"Succeeded\",\r\n    \"resourceGuid\": \"711bb437-0a11-44d5-89bf-93fdedffba3e\",\r\n    \"publicIPAddressVersion\": \"IPv4\",\r\n    \"publicIPAllocationMethod\": \"Dynamic\",\r\n    \"idleTimeoutInMinutes\": 4,\r\n    \"dnsSettings\": {\r\n      \"domainNameLabel\": \"dn5983\",\r\n      \"fqdn\": \"dn5983.southeastasia.cloudapp.azure.com\"\r\n    },\r\n    \"ipTags\": []\r\n  },\r\n  \"type\": \"Microsoft.Network/publicIPAddresses\",\r\n  \"sku\": {\r\n    \"name\": \"Basic\"\r\n  }\r\n}",
      "StatusCode": 200
    },
    {
      "RequestUri": "/subscriptions/28337c71-5911-4e75-8354-c4ac645e902d/resourceGroups/crptestar4914/providers/Microsoft.Network/virtualNetworks/vn7869?api-version=2019-09-01",
      "EncodedRequestUri": "L3N1YnNjcmlwdGlvbnMvMjgzMzdjNzEtNTkxMS00ZTc1LTgzNTQtYzRhYzY0NWU5MDJkL3Jlc291cmNlR3JvdXBzL2NycHRlc3RhcjQ5MTQvcHJvdmlkZXJzL01pY3Jvc29mdC5OZXR3b3JrL3ZpcnR1YWxOZXR3b3Jrcy92bjc4Njk/YXBpLXZlcnNpb249MjAxOS0wOS0wMQ==",
      "RequestMethod": "PUT",
      "RequestBody": "{\r\n  \"properties\": {\r\n    \"addressSpace\": {\r\n      \"addressPrefixes\": [\r\n        \"10.0.0.0/16\"\r\n      ]\r\n    },\r\n    \"dhcpOptions\": {\r\n      \"dnsServers\": [\r\n        \"10.1.1.1\",\r\n        \"10.1.2.4\"\r\n      ]\r\n    },\r\n    \"subnets\": [\r\n      {\r\n        \"properties\": {\r\n          \"addressPrefix\": \"10.0.0.0/24\"\r\n        },\r\n        \"name\": \"sn3577\"\r\n      }\r\n    ]\r\n  },\r\n  \"location\": \"SoutheastAsia\"\r\n}",
      "RequestHeaders": {
        "x-ms-client-request-id": [
          "4e62cb74-9b31-4ad7-91f9-baf48d994dd9"
        ],
        "Accept-Language": [
          "en-US"
        ],
        "User-Agent": [
          "FxVersion/4.700.22.16002",
          "OSName/Windows",
          "OSVersion/Microsoft.Windows.10.0.19044",
          "Microsoft.Azure.Management.Network.NetworkManagementClient/19.17.1.0"
        ],
        "Content-Type": [
          "application/json; charset=utf-8"
        ],
        "Content-Length": [
          "402"
        ]
      },
      "ResponseHeaders": {
        "Cache-Control": [
          "no-cache"
        ],
        "Pragma": [
          "no-cache"
        ],
        "Retry-After": [
          "3"
        ],
        "x-ms-request-id": [
          "c6baf8cd-8d85-4833-bb6c-c6e326de2d1c"
        ],
        "Azure-AsyncOperation": [
          "https://management.azure.com/subscriptions/28337c71-5911-4e75-8354-c4ac645e902d/providers/Microsoft.Network/locations/southeastasia/operations/c6baf8cd-8d85-4833-bb6c-c6e326de2d1c?api-version=2019-09-01"
        ],
        "x-ms-correlation-request-id": [
          "9f0f936a-3070-400b-89f7-5c1ac69bdafd"
        ],
        "Azure-AsyncNotification": [
          "Enabled"
        ],
        "x-ms-arm-service-request-id": [
          "b5ad47d5-662f-4ff7-984d-f4fc3af426f4"
        ],
        "Strict-Transport-Security": [
          "max-age=31536000; includeSubDomains"
        ],
        "Server": [
          "Microsoft-HTTPAPI/2.0",
          "Microsoft-HTTPAPI/2.0"
        ],
        "x-ms-ratelimit-remaining-subscription-writes": [
          "1198"
        ],
        "x-ms-routing-request-id": [
          "WESTCENTRALUS:20220413T184804Z:9f0f936a-3070-400b-89f7-5c1ac69bdafd"
        ],
        "X-Content-Type-Options": [
          "nosniff"
        ],
        "Date": [
          "Wed, 13 Apr 2022 18:48:03 GMT"
        ],
        "Content-Length": [
          "1321"
        ],
        "Content-Type": [
          "application/json; charset=utf-8"
        ],
        "Expires": [
          "-1"
        ]
      },
      "ResponseBody": "{\r\n  \"name\": \"vn7869\",\r\n  \"id\": \"/subscriptions/28337c71-5911-4e75-8354-c4ac645e902d/resourceGroups/crptestar4914/providers/Microsoft.Network/virtualNetworks/vn7869\",\r\n  \"etag\": \"W/\\\"9aaeb4bb-2072-4dbb-a2d6-2849be8f4940\\\"\",\r\n  \"type\": \"Microsoft.Network/virtualNetworks\",\r\n  \"location\": \"southeastasia\",\r\n  \"properties\": {\r\n    \"provisioningState\": \"Updating\",\r\n    \"resourceGuid\": \"4dd64121-b7cc-4e6b-aca7-00819ddb647b\",\r\n    \"addressSpace\": {\r\n      \"addressPrefixes\": [\r\n        \"10.0.0.0/16\"\r\n      ]\r\n    },\r\n    \"dhcpOptions\": {\r\n      \"dnsServers\": [\r\n        \"10.1.1.1\",\r\n        \"10.1.2.4\"\r\n      ]\r\n    },\r\n    \"subnets\": [\r\n      {\r\n        \"name\": \"sn3577\",\r\n        \"id\": \"/subscriptions/28337c71-5911-4e75-8354-c4ac645e902d/resourceGroups/crptestar4914/providers/Microsoft.Network/virtualNetworks/vn7869/subnets/sn3577\",\r\n        \"etag\": \"W/\\\"9aaeb4bb-2072-4dbb-a2d6-2849be8f4940\\\"\",\r\n        \"properties\": {\r\n          \"provisioningState\": \"Updating\",\r\n          \"addressPrefix\": \"10.0.0.0/24\",\r\n          \"delegations\": [],\r\n          \"privateEndpointNetworkPolicies\": \"Enabled\",\r\n          \"privateLinkServiceNetworkPolicies\": \"Enabled\"\r\n        },\r\n        \"type\": \"Microsoft.Network/virtualNetworks/subnets\"\r\n      }\r\n    ],\r\n    \"virtualNetworkPeerings\": [],\r\n    \"enableDdosProtection\": false\r\n  }\r\n}",
      "StatusCode": 201
    },
    {
      "RequestUri": "/subscriptions/28337c71-5911-4e75-8354-c4ac645e902d/providers/Microsoft.Network/locations/southeastasia/operations/c6baf8cd-8d85-4833-bb6c-c6e326de2d1c?api-version=2019-09-01",
      "EncodedRequestUri": "L3N1YnNjcmlwdGlvbnMvMjgzMzdjNzEtNTkxMS00ZTc1LTgzNTQtYzRhYzY0NWU5MDJkL3Byb3ZpZGVycy9NaWNyb3NvZnQuTmV0d29yay9sb2NhdGlvbnMvc291dGhlYXN0YXNpYS9vcGVyYXRpb25zL2M2YmFmOGNkLThkODUtNDgzMy1iYjZjLWM2ZTMyNmRlMmQxYz9hcGktdmVyc2lvbj0yMDE5LTA5LTAx",
      "RequestMethod": "GET",
      "RequestBody": "",
      "RequestHeaders": {
        "User-Agent": [
          "FxVersion/4.700.22.16002",
          "OSName/Windows",
          "OSVersion/Microsoft.Windows.10.0.19044",
          "Microsoft.Azure.Management.Network.NetworkManagementClient/19.17.1.0"
        ]
      },
      "ResponseHeaders": {
        "Cache-Control": [
          "no-cache"
        ],
        "Pragma": [
          "no-cache"
        ],
        "x-ms-request-id": [
          "5b3af19a-5526-46e2-bbf0-ec86eb505aab"
        ],
        "x-ms-correlation-request-id": [
          "58d05130-3168-4fce-94bf-f957beac8db2"
        ],
        "x-ms-arm-service-request-id": [
          "5b864aa3-920b-425e-b313-8808a130f9de"
        ],
        "Strict-Transport-Security": [
          "max-age=31536000; includeSubDomains"
        ],
        "Server": [
          "Microsoft-HTTPAPI/2.0",
          "Microsoft-HTTPAPI/2.0"
        ],
        "x-ms-ratelimit-remaining-subscription-reads": [
          "11996"
        ],
        "x-ms-routing-request-id": [
          "WESTCENTRALUS:20220413T184807Z:58d05130-3168-4fce-94bf-f957beac8db2"
        ],
        "X-Content-Type-Options": [
          "nosniff"
        ],
        "Date": [
          "Wed, 13 Apr 2022 18:48:06 GMT"
        ],
        "Content-Length": [
          "29"
        ],
        "Content-Type": [
          "application/json; charset=utf-8"
        ],
        "Expires": [
          "-1"
        ]
      },
      "ResponseBody": "{\r\n  \"status\": \"Succeeded\"\r\n}",
      "StatusCode": 200
    },
    {
      "RequestUri": "/subscriptions/28337c71-5911-4e75-8354-c4ac645e902d/resourceGroups/crptestar4914/providers/Microsoft.Network/virtualNetworks/vn7869?api-version=2019-09-01",
      "EncodedRequestUri": "L3N1YnNjcmlwdGlvbnMvMjgzMzdjNzEtNTkxMS00ZTc1LTgzNTQtYzRhYzY0NWU5MDJkL3Jlc291cmNlR3JvdXBzL2NycHRlc3RhcjQ5MTQvcHJvdmlkZXJzL01pY3Jvc29mdC5OZXR3b3JrL3ZpcnR1YWxOZXR3b3Jrcy92bjc4Njk/YXBpLXZlcnNpb249MjAxOS0wOS0wMQ==",
      "RequestMethod": "GET",
      "RequestBody": "",
      "RequestHeaders": {
        "User-Agent": [
          "FxVersion/4.700.22.16002",
          "OSName/Windows",
          "OSVersion/Microsoft.Windows.10.0.19044",
          "Microsoft.Azure.Management.Network.NetworkManagementClient/19.17.1.0"
        ]
      },
      "ResponseHeaders": {
        "Cache-Control": [
          "no-cache"
        ],
        "Pragma": [
          "no-cache"
        ],
        "ETag": [
          "W/\"b07d57ff-0098-44ae-91e9-de7ba7db9318\""
        ],
        "x-ms-request-id": [
          "ec0356f6-c6cf-4fbb-99d0-8b97e684d619"
        ],
        "x-ms-correlation-request-id": [
          "49e8a784-9392-4e24-9e81-7a474cd755f4"
        ],
        "x-ms-arm-service-request-id": [
          "fae42cc5-def6-4e7b-ac21-14f328c1ef4b"
        ],
        "Strict-Transport-Security": [
          "max-age=31536000; includeSubDomains"
        ],
        "Server": [
          "Microsoft-HTTPAPI/2.0",
          "Microsoft-HTTPAPI/2.0"
        ],
        "x-ms-ratelimit-remaining-subscription-reads": [
          "11995"
        ],
        "x-ms-routing-request-id": [
          "WESTCENTRALUS:20220413T184807Z:49e8a784-9392-4e24-9e81-7a474cd755f4"
        ],
        "X-Content-Type-Options": [
          "nosniff"
        ],
        "Date": [
          "Wed, 13 Apr 2022 18:48:07 GMT"
        ],
        "Content-Length": [
          "1323"
        ],
        "Content-Type": [
          "application/json; charset=utf-8"
        ],
        "Expires": [
          "-1"
        ]
      },
      "ResponseBody": "{\r\n  \"name\": \"vn7869\",\r\n  \"id\": \"/subscriptions/28337c71-5911-4e75-8354-c4ac645e902d/resourceGroups/crptestar4914/providers/Microsoft.Network/virtualNetworks/vn7869\",\r\n  \"etag\": \"W/\\\"b07d57ff-0098-44ae-91e9-de7ba7db9318\\\"\",\r\n  \"type\": \"Microsoft.Network/virtualNetworks\",\r\n  \"location\": \"southeastasia\",\r\n  \"properties\": {\r\n    \"provisioningState\": \"Succeeded\",\r\n    \"resourceGuid\": \"4dd64121-b7cc-4e6b-aca7-00819ddb647b\",\r\n    \"addressSpace\": {\r\n      \"addressPrefixes\": [\r\n        \"10.0.0.0/16\"\r\n      ]\r\n    },\r\n    \"dhcpOptions\": {\r\n      \"dnsServers\": [\r\n        \"10.1.1.1\",\r\n        \"10.1.2.4\"\r\n      ]\r\n    },\r\n    \"subnets\": [\r\n      {\r\n        \"name\": \"sn3577\",\r\n        \"id\": \"/subscriptions/28337c71-5911-4e75-8354-c4ac645e902d/resourceGroups/crptestar4914/providers/Microsoft.Network/virtualNetworks/vn7869/subnets/sn3577\",\r\n        \"etag\": \"W/\\\"b07d57ff-0098-44ae-91e9-de7ba7db9318\\\"\",\r\n        \"properties\": {\r\n          \"provisioningState\": \"Succeeded\",\r\n          \"addressPrefix\": \"10.0.0.0/24\",\r\n          \"delegations\": [],\r\n          \"privateEndpointNetworkPolicies\": \"Enabled\",\r\n          \"privateLinkServiceNetworkPolicies\": \"Enabled\"\r\n        },\r\n        \"type\": \"Microsoft.Network/virtualNetworks/subnets\"\r\n      }\r\n    ],\r\n    \"virtualNetworkPeerings\": [],\r\n    \"enableDdosProtection\": false\r\n  }\r\n}",
      "StatusCode": 200
    },
    {
      "RequestUri": "/subscriptions/28337c71-5911-4e75-8354-c4ac645e902d/resourceGroups/crptestar4914/providers/Microsoft.Network/virtualNetworks/vn7869/subnets/sn3577?api-version=2019-09-01",
      "EncodedRequestUri": "L3N1YnNjcmlwdGlvbnMvMjgzMzdjNzEtNTkxMS00ZTc1LTgzNTQtYzRhYzY0NWU5MDJkL3Jlc291cmNlR3JvdXBzL2NycHRlc3RhcjQ5MTQvcHJvdmlkZXJzL01pY3Jvc29mdC5OZXR3b3JrL3ZpcnR1YWxOZXR3b3Jrcy92bjc4Njkvc3VibmV0cy9zbjM1Nzc/YXBpLXZlcnNpb249MjAxOS0wOS0wMQ==",
      "RequestMethod": "GET",
      "RequestBody": "",
      "RequestHeaders": {
        "x-ms-client-request-id": [
          "2f1126c9-f15c-44b2-b942-2c2864dd82de"
        ],
        "Accept-Language": [
          "en-US"
        ],
        "User-Agent": [
          "FxVersion/4.700.22.16002",
          "OSName/Windows",
          "OSVersion/Microsoft.Windows.10.0.19044",
          "Microsoft.Azure.Management.Network.NetworkManagementClient/19.17.1.0"
        ]
      },
      "ResponseHeaders": {
        "Cache-Control": [
          "no-cache"
        ],
        "Pragma": [
          "no-cache"
        ],
        "ETag": [
          "W/\"b07d57ff-0098-44ae-91e9-de7ba7db9318\""
        ],
        "x-ms-request-id": [
          "aa43fd98-6344-4eb9-9a13-beabefe00dcf"
        ],
        "x-ms-correlation-request-id": [
          "a4857f55-2ec7-4b61-9bf4-ead137e80bcd"
        ],
        "x-ms-arm-service-request-id": [
          "61767275-0e03-4a84-95ea-838c55e29840"
        ],
        "Strict-Transport-Security": [
          "max-age=31536000; includeSubDomains"
        ],
        "Server": [
          "Microsoft-HTTPAPI/2.0",
          "Microsoft-HTTPAPI/2.0"
        ],
        "x-ms-ratelimit-remaining-subscription-reads": [
          "11994"
        ],
        "x-ms-routing-request-id": [
          "WESTCENTRALUS:20220413T184808Z:a4857f55-2ec7-4b61-9bf4-ead137e80bcd"
        ],
        "X-Content-Type-Options": [
          "nosniff"
        ],
        "Date": [
          "Wed, 13 Apr 2022 18:48:07 GMT"
        ],
        "Content-Length": [
          "523"
        ],
        "Content-Type": [
          "application/json; charset=utf-8"
        ],
        "Expires": [
          "-1"
        ]
      },
      "ResponseBody": "{\r\n  \"name\": \"sn3577\",\r\n  \"id\": \"/subscriptions/28337c71-5911-4e75-8354-c4ac645e902d/resourceGroups/crptestar4914/providers/Microsoft.Network/virtualNetworks/vn7869/subnets/sn3577\",\r\n  \"etag\": \"W/\\\"b07d57ff-0098-44ae-91e9-de7ba7db9318\\\"\",\r\n  \"properties\": {\r\n    \"provisioningState\": \"Succeeded\",\r\n    \"addressPrefix\": \"10.0.0.0/24\",\r\n    \"delegations\": [],\r\n    \"privateEndpointNetworkPolicies\": \"Enabled\",\r\n    \"privateLinkServiceNetworkPolicies\": \"Enabled\"\r\n  },\r\n  \"type\": \"Microsoft.Network/virtualNetworks/subnets\"\r\n}",
      "StatusCode": 200
    },
    {
      "RequestUri": "/subscriptions/28337c71-5911-4e75-8354-c4ac645e902d/resourceGroups/crptestar4914/providers/Microsoft.Network/networkInterfaces/nic9046?api-version=2019-09-01",
      "EncodedRequestUri": "L3N1YnNjcmlwdGlvbnMvMjgzMzdjNzEtNTkxMS00ZTc1LTgzNTQtYzRhYzY0NWU5MDJkL3Jlc291cmNlR3JvdXBzL2NycHRlc3RhcjQ5MTQvcHJvdmlkZXJzL01pY3Jvc29mdC5OZXR3b3JrL25ldHdvcmtJbnRlcmZhY2VzL25pYzkwNDY/YXBpLXZlcnNpb249MjAxOS0wOS0wMQ==",
      "RequestMethod": "PUT",
      "RequestBody": "{\r\n  \"properties\": {\r\n    \"ipConfigurations\": [\r\n      {\r\n        \"properties\": {\r\n          \"privateIPAllocationMethod\": \"Dynamic\",\r\n          \"subnet\": {\r\n            \"properties\": {\r\n              \"addressPrefix\": \"10.0.0.0/24\",\r\n              \"delegations\": [],\r\n              \"privateEndpointNetworkPolicies\": \"Enabled\",\r\n              \"privateLinkServiceNetworkPolicies\": \"Enabled\"\r\n            },\r\n            \"name\": \"sn3577\",\r\n            \"id\": \"/subscriptions/28337c71-5911-4e75-8354-c4ac645e902d/resourceGroups/crptestar4914/providers/Microsoft.Network/virtualNetworks/vn7869/subnets/sn3577\"\r\n          }\r\n        },\r\n        \"name\": \"ip733\"\r\n      }\r\n    ]\r\n  },\r\n  \"location\": \"SoutheastAsia\",\r\n  \"tags\": {\r\n    \"key\": \"value\"\r\n  }\r\n}",
      "RequestHeaders": {
        "x-ms-client-request-id": [
          "738604b2-d1f9-4d8b-9955-21b5979ce154"
        ],
        "Accept-Language": [
          "en-US"
        ],
        "User-Agent": [
          "FxVersion/4.700.22.16002",
          "OSName/Windows",
          "OSVersion/Microsoft.Windows.10.0.19044",
          "Microsoft.Azure.Management.Network.NetworkManagementClient/19.17.1.0"
        ],
        "Content-Type": [
          "application/json; charset=utf-8"
        ],
        "Content-Length": [
          "747"
        ]
      },
      "ResponseHeaders": {
        "Cache-Control": [
          "no-cache"
        ],
        "Pragma": [
          "no-cache"
        ],
        "x-ms-request-id": [
          "404f399f-1f73-491b-a63c-15f704384f4b"
        ],
        "Azure-AsyncOperation": [
          "https://management.azure.com/subscriptions/28337c71-5911-4e75-8354-c4ac645e902d/providers/Microsoft.Network/locations/southeastasia/operations/404f399f-1f73-491b-a63c-15f704384f4b?api-version=2019-09-01"
        ],
        "x-ms-correlation-request-id": [
          "0891223b-7953-4795-9029-bd83857747ee"
        ],
        "Azure-AsyncNotification": [
          "Enabled"
        ],
        "x-ms-arm-service-request-id": [
          "223cb73a-bc91-470d-a53e-d1022bad2afa"
        ],
        "Strict-Transport-Security": [
          "max-age=31536000; includeSubDomains"
        ],
        "Server": [
          "Microsoft-HTTPAPI/2.0",
          "Microsoft-HTTPAPI/2.0"
        ],
        "x-ms-ratelimit-remaining-subscription-writes": [
          "1197"
        ],
        "x-ms-routing-request-id": [
          "WESTCENTRALUS:20220413T184812Z:0891223b-7953-4795-9029-bd83857747ee"
        ],
        "X-Content-Type-Options": [
          "nosniff"
        ],
        "Date": [
          "Wed, 13 Apr 2022 18:48:12 GMT"
        ],
        "Content-Length": [
          "1629"
        ],
        "Content-Type": [
          "application/json; charset=utf-8"
        ],
        "Expires": [
          "-1"
        ]
      },
      "ResponseBody": "{\r\n  \"name\": \"nic9046\",\r\n  \"id\": \"/subscriptions/28337c71-5911-4e75-8354-c4ac645e902d/resourceGroups/crptestar4914/providers/Microsoft.Network/networkInterfaces/nic9046\",\r\n  \"etag\": \"W/\\\"ff4ee456-699a-4a9a-9e54-1168382729d3\\\"\",\r\n  \"location\": \"southeastasia\",\r\n  \"tags\": {\r\n    \"key\": \"value\"\r\n  },\r\n  \"properties\": {\r\n    \"provisioningState\": \"Succeeded\",\r\n    \"resourceGuid\": \"e53bdd71-d593-4e7b-a183-21a4d22d477b\",\r\n    \"ipConfigurations\": [\r\n      {\r\n        \"name\": \"ip733\",\r\n        \"id\": \"/subscriptions/28337c71-5911-4e75-8354-c4ac645e902d/resourceGroups/crptestar4914/providers/Microsoft.Network/networkInterfaces/nic9046/ipConfigurations/ip733\",\r\n        \"etag\": \"W/\\\"ff4ee456-699a-4a9a-9e54-1168382729d3\\\"\",\r\n        \"type\": \"Microsoft.Network/networkInterfaces/ipConfigurations\",\r\n        \"properties\": {\r\n          \"provisioningState\": \"Succeeded\",\r\n          \"privateIPAddress\": \"10.0.0.4\",\r\n          \"privateIPAllocationMethod\": \"Dynamic\",\r\n          \"subnet\": {\r\n            \"id\": \"/subscriptions/28337c71-5911-4e75-8354-c4ac645e902d/resourceGroups/crptestar4914/providers/Microsoft.Network/virtualNetworks/vn7869/subnets/sn3577\"\r\n          },\r\n          \"primary\": true,\r\n          \"privateIPAddressVersion\": \"IPv4\"\r\n        }\r\n      }\r\n    ],\r\n    \"dnsSettings\": {\r\n      \"dnsServers\": [],\r\n      \"appliedDnsServers\": [],\r\n      \"internalDomainNameSuffix\": \"efa3mtomw3vu3lfhacaz1w1epd.ix.internal.cloudapp.net\"\r\n    },\r\n    \"enableAcceleratedNetworking\": false,\r\n    \"enableIPForwarding\": false,\r\n    \"hostedWorkloads\": [],\r\n    \"tapConfigurations\": []\r\n  },\r\n  \"type\": \"Microsoft.Network/networkInterfaces\"\r\n}",
      "StatusCode": 201
    },
    {
      "RequestUri": "/subscriptions/28337c71-5911-4e75-8354-c4ac645e902d/resourceGroups/crptestar4914/providers/Microsoft.Network/networkInterfaces/nic9046?api-version=2019-09-01",
      "EncodedRequestUri": "L3N1YnNjcmlwdGlvbnMvMjgzMzdjNzEtNTkxMS00ZTc1LTgzNTQtYzRhYzY0NWU5MDJkL3Jlc291cmNlR3JvdXBzL2NycHRlc3RhcjQ5MTQvcHJvdmlkZXJzL01pY3Jvc29mdC5OZXR3b3JrL25ldHdvcmtJbnRlcmZhY2VzL25pYzkwNDY/YXBpLXZlcnNpb249MjAxOS0wOS0wMQ==",
      "RequestMethod": "GET",
      "RequestBody": "",
      "RequestHeaders": {
        "User-Agent": [
          "FxVersion/4.700.22.16002",
          "OSName/Windows",
          "OSVersion/Microsoft.Windows.10.0.19044",
          "Microsoft.Azure.Management.Network.NetworkManagementClient/19.17.1.0"
        ]
      },
      "ResponseHeaders": {
        "Cache-Control": [
          "no-cache"
        ],
        "Pragma": [
          "no-cache"
        ],
        "ETag": [
          "W/\"ff4ee456-699a-4a9a-9e54-1168382729d3\""
        ],
        "x-ms-request-id": [
          "f56066b6-c823-417e-87c9-414e997bb6e3"
        ],
        "x-ms-correlation-request-id": [
          "c8317b23-c903-4113-b66f-9924971ca06b"
        ],
        "x-ms-arm-service-request-id": [
          "1fbeece4-9c95-4d2f-93cc-7643470c1f99"
        ],
        "Strict-Transport-Security": [
          "max-age=31536000; includeSubDomains"
        ],
        "Server": [
          "Microsoft-HTTPAPI/2.0",
          "Microsoft-HTTPAPI/2.0"
        ],
        "x-ms-ratelimit-remaining-subscription-reads": [
          "11993"
        ],
        "x-ms-routing-request-id": [
          "WESTCENTRALUS:20220413T184813Z:c8317b23-c903-4113-b66f-9924971ca06b"
        ],
        "X-Content-Type-Options": [
          "nosniff"
        ],
        "Date": [
          "Wed, 13 Apr 2022 18:48:12 GMT"
        ],
        "Content-Length": [
          "1629"
        ],
        "Content-Type": [
          "application/json; charset=utf-8"
        ],
        "Expires": [
          "-1"
        ]
      },
      "ResponseBody": "{\r\n  \"name\": \"nic9046\",\r\n  \"id\": \"/subscriptions/28337c71-5911-4e75-8354-c4ac645e902d/resourceGroups/crptestar4914/providers/Microsoft.Network/networkInterfaces/nic9046\",\r\n  \"etag\": \"W/\\\"ff4ee456-699a-4a9a-9e54-1168382729d3\\\"\",\r\n  \"location\": \"southeastasia\",\r\n  \"tags\": {\r\n    \"key\": \"value\"\r\n  },\r\n  \"properties\": {\r\n    \"provisioningState\": \"Succeeded\",\r\n    \"resourceGuid\": \"e53bdd71-d593-4e7b-a183-21a4d22d477b\",\r\n    \"ipConfigurations\": [\r\n      {\r\n        \"name\": \"ip733\",\r\n        \"id\": \"/subscriptions/28337c71-5911-4e75-8354-c4ac645e902d/resourceGroups/crptestar4914/providers/Microsoft.Network/networkInterfaces/nic9046/ipConfigurations/ip733\",\r\n        \"etag\": \"W/\\\"ff4ee456-699a-4a9a-9e54-1168382729d3\\\"\",\r\n        \"type\": \"Microsoft.Network/networkInterfaces/ipConfigurations\",\r\n        \"properties\": {\r\n          \"provisioningState\": \"Succeeded\",\r\n          \"privateIPAddress\": \"10.0.0.4\",\r\n          \"privateIPAllocationMethod\": \"Dynamic\",\r\n          \"subnet\": {\r\n            \"id\": \"/subscriptions/28337c71-5911-4e75-8354-c4ac645e902d/resourceGroups/crptestar4914/providers/Microsoft.Network/virtualNetworks/vn7869/subnets/sn3577\"\r\n          },\r\n          \"primary\": true,\r\n          \"privateIPAddressVersion\": \"IPv4\"\r\n        }\r\n      }\r\n    ],\r\n    \"dnsSettings\": {\r\n      \"dnsServers\": [],\r\n      \"appliedDnsServers\": [],\r\n      \"internalDomainNameSuffix\": \"efa3mtomw3vu3lfhacaz1w1epd.ix.internal.cloudapp.net\"\r\n    },\r\n    \"enableAcceleratedNetworking\": false,\r\n    \"enableIPForwarding\": false,\r\n    \"hostedWorkloads\": [],\r\n    \"tapConfigurations\": []\r\n  },\r\n  \"type\": \"Microsoft.Network/networkInterfaces\"\r\n}",
      "StatusCode": 200
    },
    {
      "RequestUri": "/subscriptions/28337c71-5911-4e75-8354-c4ac645e902d/resourceGroups/crptestar4914/providers/Microsoft.Network/networkInterfaces/nic9046?api-version=2019-09-01",
      "EncodedRequestUri": "L3N1YnNjcmlwdGlvbnMvMjgzMzdjNzEtNTkxMS00ZTc1LTgzNTQtYzRhYzY0NWU5MDJkL3Jlc291cmNlR3JvdXBzL2NycHRlc3RhcjQ5MTQvcHJvdmlkZXJzL01pY3Jvc29mdC5OZXR3b3JrL25ldHdvcmtJbnRlcmZhY2VzL25pYzkwNDY/YXBpLXZlcnNpb249MjAxOS0wOS0wMQ==",
      "RequestMethod": "GET",
      "RequestBody": "",
      "RequestHeaders": {
        "x-ms-client-request-id": [
          "195b32d5-db52-4c2e-b475-111cee30f38d"
        ],
        "Accept-Language": [
          "en-US"
        ],
        "User-Agent": [
          "FxVersion/4.700.22.16002",
          "OSName/Windows",
          "OSVersion/Microsoft.Windows.10.0.19044",
          "Microsoft.Azure.Management.Network.NetworkManagementClient/19.17.1.0"
        ]
      },
      "ResponseHeaders": {
        "Cache-Control": [
          "no-cache"
        ],
        "Pragma": [
          "no-cache"
        ],
        "ETag": [
          "W/\"ff4ee456-699a-4a9a-9e54-1168382729d3\""
        ],
        "x-ms-request-id": [
          "107202af-506b-4542-89a5-f6bec32dca36"
        ],
        "x-ms-correlation-request-id": [
          "7331d533-75bf-4b61-9391-5c353a210a44"
        ],
        "x-ms-arm-service-request-id": [
          "d4334ab3-305b-4b63-8300-ff3af17d84db"
        ],
        "Strict-Transport-Security": [
          "max-age=31536000; includeSubDomains"
        ],
        "Server": [
          "Microsoft-HTTPAPI/2.0",
          "Microsoft-HTTPAPI/2.0"
        ],
        "x-ms-ratelimit-remaining-subscription-reads": [
          "11992"
        ],
        "x-ms-routing-request-id": [
          "WESTCENTRALUS:20220413T184813Z:7331d533-75bf-4b61-9391-5c353a210a44"
        ],
        "X-Content-Type-Options": [
          "nosniff"
        ],
        "Date": [
          "Wed, 13 Apr 2022 18:48:13 GMT"
        ],
        "Content-Length": [
          "1629"
        ],
        "Content-Type": [
          "application/json; charset=utf-8"
        ],
        "Expires": [
          "-1"
        ]
      },
      "ResponseBody": "{\r\n  \"name\": \"nic9046\",\r\n  \"id\": \"/subscriptions/28337c71-5911-4e75-8354-c4ac645e902d/resourceGroups/crptestar4914/providers/Microsoft.Network/networkInterfaces/nic9046\",\r\n  \"etag\": \"W/\\\"ff4ee456-699a-4a9a-9e54-1168382729d3\\\"\",\r\n  \"location\": \"southeastasia\",\r\n  \"tags\": {\r\n    \"key\": \"value\"\r\n  },\r\n  \"properties\": {\r\n    \"provisioningState\": \"Succeeded\",\r\n    \"resourceGuid\": \"e53bdd71-d593-4e7b-a183-21a4d22d477b\",\r\n    \"ipConfigurations\": [\r\n      {\r\n        \"name\": \"ip733\",\r\n        \"id\": \"/subscriptions/28337c71-5911-4e75-8354-c4ac645e902d/resourceGroups/crptestar4914/providers/Microsoft.Network/networkInterfaces/nic9046/ipConfigurations/ip733\",\r\n        \"etag\": \"W/\\\"ff4ee456-699a-4a9a-9e54-1168382729d3\\\"\",\r\n        \"type\": \"Microsoft.Network/networkInterfaces/ipConfigurations\",\r\n        \"properties\": {\r\n          \"provisioningState\": \"Succeeded\",\r\n          \"privateIPAddress\": \"10.0.0.4\",\r\n          \"privateIPAllocationMethod\": \"Dynamic\",\r\n          \"subnet\": {\r\n            \"id\": \"/subscriptions/28337c71-5911-4e75-8354-c4ac645e902d/resourceGroups/crptestar4914/providers/Microsoft.Network/virtualNetworks/vn7869/subnets/sn3577\"\r\n          },\r\n          \"primary\": true,\r\n          \"privateIPAddressVersion\": \"IPv4\"\r\n        }\r\n      }\r\n    ],\r\n    \"dnsSettings\": {\r\n      \"dnsServers\": [],\r\n      \"appliedDnsServers\": [],\r\n      \"internalDomainNameSuffix\": \"efa3mtomw3vu3lfhacaz1w1epd.ix.internal.cloudapp.net\"\r\n    },\r\n    \"enableAcceleratedNetworking\": false,\r\n    \"enableIPForwarding\": false,\r\n    \"hostedWorkloads\": [],\r\n    \"tapConfigurations\": []\r\n  },\r\n  \"type\": \"Microsoft.Network/networkInterfaces\"\r\n}",
      "StatusCode": 200
    },
    {
      "RequestUri": "/subscriptions/28337c71-5911-4e75-8354-c4ac645e902d/resourceGroups/crptestar4914/providers/Microsoft.Compute/availabilitySets/as9663?api-version=2022-03-01",
      "EncodedRequestUri": "L3N1YnNjcmlwdGlvbnMvMjgzMzdjNzEtNTkxMS00ZTc1LTgzNTQtYzRhYzY0NWU5MDJkL3Jlc291cmNlR3JvdXBzL2NycHRlc3RhcjQ5MTQvcHJvdmlkZXJzL01pY3Jvc29mdC5Db21wdXRlL2F2YWlsYWJpbGl0eVNldHMvYXM5NjYzP2FwaS12ZXJzaW9uPTIwMjItMDMtMDE=",
      "RequestMethod": "PUT",
      "RequestBody": "{\r\n  \"properties\": {\r\n    \"platformUpdateDomainCount\": 5,\r\n    \"platformFaultDomainCount\": 3\r\n  },\r\n  \"sku\": {\r\n    \"name\": \"Classic\"\r\n  },\r\n  \"location\": \"SoutheastAsia\",\r\n  \"tags\": {\r\n    \"RG\": \"rg\",\r\n    \"testTag\": \"1\"\r\n  }\r\n}",
      "RequestHeaders": {
        "x-ms-client-request-id": [
          "2389cd56-9b55-4da0-aa49-6c27c32d3945"
        ],
        "Accept-Language": [
          "en-US"
        ],
        "User-Agent": [
          "FxVersion/4.700.22.16002",
          "OSName/Windows",
          "OSVersion/Microsoft.Windows.10.0.19044",
          "Microsoft.Azure.Management.Compute.ComputeManagementClient/53.0.0"
        ],
        "Content-Type": [
          "application/json; charset=utf-8"
        ],
        "Content-Length": [
          "229"
        ]
      },
      "ResponseHeaders": {
        "Cache-Control": [
          "no-cache"
        ],
        "Pragma": [
          "no-cache"
        ],
        "x-ms-ratelimit-remaining-resource": [
          "Microsoft.Compute/PutVM3Min;239,Microsoft.Compute/PutVM30Min;1187"
        ],
        "Strict-Transport-Security": [
          "max-age=31536000; includeSubDomains"
        ],
        "x-ms-request-id": [
          "6ceba6cc-072d-463c-9f19-8abdd72e13c9"
        ],
        "Server": [
          "Microsoft-HTTPAPI/2.0",
          "Microsoft-HTTPAPI/2.0"
        ],
        "x-ms-ratelimit-remaining-subscription-writes": [
          "1199"
        ],
        "x-ms-correlation-request-id": [
          "1f0ff15e-56e3-4167-8b58-26c521111ffa"
        ],
        "x-ms-routing-request-id": [
          "WESTCENTRALUS:20220413T184821Z:1f0ff15e-56e3-4167-8b58-26c521111ffa"
        ],
        "X-Content-Type-Options": [
          "nosniff"
        ],
        "Date": [
          "Wed, 13 Apr 2022 18:48:21 GMT"
        ],
        "Content-Length": [
          "444"
        ],
        "Content-Type": [
          "application/json; charset=utf-8"
        ],
        "Expires": [
          "-1"
        ]
      },
      "ResponseBody": "{\r\n  \"name\": \"as9663\",\r\n  \"id\": \"/subscriptions/28337c71-5911-4e75-8354-c4ac645e902d/resourceGroups/crptestar4914/providers/Microsoft.Compute/availabilitySets/as9663\",\r\n  \"type\": \"Microsoft.Compute/availabilitySets\",\r\n  \"location\": \"southeastasia\",\r\n  \"tags\": {\r\n    \"RG\": \"rg\",\r\n    \"testTag\": \"1\"\r\n  },\r\n  \"properties\": {\r\n    \"platformUpdateDomainCount\": 5,\r\n    \"platformFaultDomainCount\": 3\r\n  },\r\n  \"sku\": {\r\n    \"name\": \"Classic\"\r\n  }\r\n}",
      "StatusCode": 200
    },
    {
      "RequestUri": "/subscriptions/28337c71-5911-4e75-8354-c4ac645e902d/resourceGroups/crptestar4914/providers/Microsoft.Compute/virtualMachines/vm8999?api-version=2022-03-01",
      "EncodedRequestUri": "L3N1YnNjcmlwdGlvbnMvMjgzMzdjNzEtNTkxMS00ZTc1LTgzNTQtYzRhYzY0NWU5MDJkL3Jlc291cmNlR3JvdXBzL2NycHRlc3RhcjQ5MTQvcHJvdmlkZXJzL01pY3Jvc29mdC5Db21wdXRlL3ZpcnR1YWxNYWNoaW5lcy92bTg5OTk/YXBpLXZlcnNpb249MjAyMi0wMy0wMQ==",
      "RequestMethod": "PUT",
      "RequestBody": "{\r\n  \"properties\": {\r\n    \"hardwareProfile\": {\r\n      \"vmSize\": \"Standard_A1_v2\"\r\n    },\r\n    \"storageProfile\": {\r\n      \"imageReference\": {\r\n        \"publisher\": \"MicrosoftWindowsServer\",\r\n        \"offer\": \"WindowsServer\",\r\n        \"sku\": \"2012-R2-Datacenter\",\r\n        \"version\": \"4.127.20180315\"\r\n      },\r\n      \"osDisk\": {\r\n        \"name\": \"test\",\r\n        \"vhd\": {\r\n          \"uri\": \"https://crptestar8888.blob.core.windows.net/crptestar4302/oscrptestar2446.vhd\"\r\n        },\r\n        \"caching\": \"None\",\r\n        \"createOption\": \"FromImage\"\r\n      }\r\n    },\r\n    \"osProfile\": {\r\n      \"computerName\": \"Test\",\r\n      \"adminUsername\": \"Foo12\",\r\n      \"adminPassword\": \"[PLACEHOLDEr1]\",\r\n      \"windowsConfiguration\": {\r\n        \"provisionVMAgent\": true,\r\n        \"enableAutomaticUpdates\": false,\r\n        \"additionalUnattendContent\": [\r\n          {\r\n            \"passName\": \"OobeSystem\",\r\n            \"componentName\": \"Microsoft-Windows-Shell-Setup\",\r\n            \"settingName\": \"AutoLogon\",\r\n            \"content\": \"<AutoLogon><Enabled>true</Enabled><LogonCount>5</LogonCount><Username>Foo12</Username><Password><Value>[PLACEHOLDEr1]</Value><PlainText>true</PlainText></Password></AutoLogon>\"\r\n          }\r\n        ],\r\n        \"patchSettings\": {\r\n          \"patchMode\": \"AutomaticByPlatform\",\r\n          \"assessmentMode\": \"AutomaticByPlatform\"\r\n        }\r\n      }\r\n    },\r\n    \"networkProfile\": {\r\n      \"networkInterfaces\": [\r\n        {\r\n          \"id\": \"/subscriptions/28337c71-5911-4e75-8354-c4ac645e902d/resourceGroups/crptestar4914/providers/Microsoft.Network/networkInterfaces/nic9046\"\r\n        }\r\n      ]\r\n    },\r\n    \"availabilitySet\": {\r\n      \"id\": \"/subscriptions/28337c71-5911-4e75-8354-c4ac645e902d/resourceGroups/crptestar4914/providers/Microsoft.Compute/availabilitySets/as9663\"\r\n    }\r\n  },\r\n  \"location\": \"SoutheastAsia\",\r\n  \"tags\": {\r\n    \"RG\": \"rg\",\r\n    \"testTag\": \"1\"\r\n  }\r\n}",
      "RequestHeaders": {
        "x-ms-client-request-id": [
          "c5c812f7-61b0-4616-b392-ab41db65db0c"
        ],
        "Accept-Language": [
          "en-US"
        ],
        "User-Agent": [
          "FxVersion/4.700.22.16002",
          "OSName/Windows",
          "OSVersion/Microsoft.Windows.10.0.19044",
          "Microsoft.Azure.Management.Compute.ComputeManagementClient/53.0.0"
        ],
        "Content-Type": [
          "application/json; charset=utf-8"
        ],
        "Content-Length": [
          "1900"
        ]
      },
      "ResponseHeaders": {
        "Cache-Control": [
          "no-cache"
        ],
        "Pragma": [
          "no-cache"
        ],
        "Retry-After": [
          "10"
        ],
        "Azure-AsyncOperation": [
          "https://management.azure.com/subscriptions/28337c71-5911-4e75-8354-c4ac645e902d/providers/Microsoft.Compute/locations/southeastasia/operations/9e4f4efa-a888-4597-a8a0-b2dcb661331a?p=08f98e87-763f-4f3f-a7a9-6f079f6bff0d&api-version=2022-03-01"
        ],
        "Azure-AsyncNotification": [
          "Enabled"
        ],
        "x-ms-ratelimit-remaining-resource": [
          "Microsoft.Compute/PutVM3Min;238,Microsoft.Compute/PutVM30Min;1186"
        ],
        "Strict-Transport-Security": [
          "max-age=31536000; includeSubDomains"
        ],
        "x-ms-request-id": [
          "9e4f4efa-a888-4597-a8a0-b2dcb661331a"
        ],
        "Server": [
          "Microsoft-HTTPAPI/2.0",
          "Microsoft-HTTPAPI/2.0"
        ],
        "x-ms-ratelimit-remaining-subscription-writes": [
          "1198"
        ],
        "x-ms-correlation-request-id": [
          "6adde206-ee19-4074-9157-138878fd23db"
        ],
        "x-ms-routing-request-id": [
          "WESTCENTRALUS:20220413T184826Z:6adde206-ee19-4074-9157-138878fd23db"
        ],
        "X-Content-Type-Options": [
          "nosniff"
        ],
        "Date": [
          "Wed, 13 Apr 2022 18:48:26 GMT"
        ],
        "Content-Length": [
          "2317"
        ],
        "Content-Type": [
          "application/json; charset=utf-8"
        ],
        "Expires": [
          "-1"
        ]
      },
      "ResponseBody": "{\r\n  \"name\": \"vm8999\",\r\n  \"id\": \"/subscriptions/28337c71-5911-4e75-8354-c4ac645e902d/resourceGroups/crptestar4914/providers/Microsoft.Compute/virtualMachines/vm8999\",\r\n  \"type\": \"Microsoft.Compute/virtualMachines\",\r\n  \"location\": \"southeastasia\",\r\n  \"tags\": {\r\n    \"RG\": \"rg\",\r\n    \"testTag\": \"1\",\r\n    \"azsecpack\": \"nonprod\",\r\n    \"platformsettings.host_environment.service.platform_optedin_for_rootcerts\": \"true\"\r\n  },\r\n  \"properties\": {\r\n    \"vmId\": \"6408745d-a67a-40ba-8e67-59780aa8c0c8\",\r\n    \"availabilitySet\": {\r\n      \"id\": \"/subscriptions/28337c71-5911-4e75-8354-c4ac645e902d/resourceGroups/crptestar4914/providers/Microsoft.Compute/availabilitySets/AS9663\"\r\n    },\r\n    \"hardwareProfile\": {\r\n      \"vmSize\": \"Standard_A1_v2\"\r\n    },\r\n    \"storageProfile\": {\r\n      \"imageReference\": {\r\n        \"publisher\": \"MicrosoftWindowsServer\",\r\n        \"offer\": \"WindowsServer\",\r\n        \"sku\": \"2012-R2-Datacenter\",\r\n        \"version\": \"4.127.20180315\",\r\n        \"exactVersion\": \"4.127.20180315\"\r\n      },\r\n      \"osDisk\": {\r\n        \"osType\": \"Windows\",\r\n        \"name\": \"test\",\r\n        \"createOption\": \"FromImage\",\r\n        \"vhd\": {\r\n          \"uri\": \"https://crptestar8888.blob.core.windows.net/crptestar4302/oscrptestar2446.vhd\"\r\n        },\r\n        \"caching\": \"None\",\r\n        \"deleteOption\": \"Detach\"\r\n      },\r\n      \"dataDisks\": []\r\n    },\r\n    \"osProfile\": {\r\n      \"computerName\": \"Test\",\r\n      \"adminUsername\": \"Foo12\",\r\n      \"windowsConfiguration\": {\r\n        \"provisionVMAgent\": true,\r\n        \"enableAutomaticUpdates\": false,\r\n        \"patchSettings\": {\r\n          \"patchMode\": \"AutomaticByPlatform\",\r\n          \"assessmentMode\": \"AutomaticByPlatform\"\r\n        },\r\n        \"additionalUnattendContent\": [\r\n          {\r\n            \"passName\": \"OobeSystem\",\r\n            \"componentName\": \"Microsoft-Windows-Shell-Setup\",\r\n            \"settingName\": \"AutoLogon\"\r\n          }\r\n        ]\r\n      },\r\n      \"secrets\": [],\r\n      \"allowExtensionOperations\": true,\r\n      \"requireGuestProvisionSignal\": true\r\n    },\r\n    \"networkProfile\": {\r\n      \"networkInterfaces\": [\r\n        {\r\n          \"id\": \"/subscriptions/28337c71-5911-4e75-8354-c4ac645e902d/resourceGroups/crptestar4914/providers/Microsoft.Network/networkInterfaces/nic9046\"\r\n        }\r\n      ]\r\n    },\r\n    \"provisioningState\": \"Creating\",\r\n    \"timeCreated\": \"2022-04-13T11:48:24.8063749-07:00\"\r\n  }\r\n}",
      "StatusCode": 201
    },
    {
      "RequestUri": "/subscriptions/28337c71-5911-4e75-8354-c4ac645e902d/resourceGroups/crptestar4914/providers/Microsoft.Compute/virtualMachines/vm8999?api-version=2022-03-01",
      "EncodedRequestUri": "L3N1YnNjcmlwdGlvbnMvMjgzMzdjNzEtNTkxMS00ZTc1LTgzNTQtYzRhYzY0NWU5MDJkL3Jlc291cmNlR3JvdXBzL2NycHRlc3RhcjQ5MTQvcHJvdmlkZXJzL01pY3Jvc29mdC5Db21wdXRlL3ZpcnR1YWxNYWNoaW5lcy92bTg5OTk/YXBpLXZlcnNpb249MjAyMi0wMy0wMQ==",
      "RequestMethod": "PUT",
      "RequestBody": "{\r\n  \"properties\": {\r\n    \"hardwareProfile\": {\r\n      \"vmSize\": \"Standard_A1_v2\"\r\n    },\r\n    \"storageProfile\": {\r\n      \"imageReference\": {\r\n        \"publisher\": \"MicrosoftWindowsServer\",\r\n        \"offer\": \"WindowsServer\",\r\n        \"sku\": \"2012-R2-Datacenter\",\r\n        \"version\": \"4.127.20180315\"\r\n      },\r\n      \"osDisk\": {\r\n        \"osType\": \"Windows\",\r\n        \"name\": \"test\",\r\n        \"vhd\": {\r\n          \"uri\": \"https://crptestar8888.blob.core.windows.net/crptestar4302/oscrptestar2446.vhd\"\r\n        },\r\n        \"caching\": \"None\",\r\n        \"createOption\": \"FromImage\",\r\n        \"diskSizeGB\": 127,\r\n        \"deleteOption\": \"Detach\"\r\n      },\r\n      \"dataDisks\": []\r\n    },\r\n    \"osProfile\": {\r\n      \"computerName\": \"Test\",\r\n      \"adminUsername\": \"Foo12\",\r\n      \"windowsConfiguration\": {\r\n        \"provisionVMAgent\": true,\r\n        \"enableAutomaticUpdates\": false,\r\n        \"additionalUnattendContent\": [\r\n          {\r\n            \"passName\": \"OobeSystem\",\r\n            \"componentName\": \"Microsoft-Windows-Shell-Setup\",\r\n            \"settingName\": \"AutoLogon\"\r\n          }\r\n        ],\r\n        \"patchSettings\": {\r\n          \"patchMode\": \"AutomaticByPlatform\",\r\n          \"assessmentMode\": \"AutomaticByPlatform\"\r\n        }\r\n      },\r\n      \"secrets\": [],\r\n      \"allowExtensionOperations\": true,\r\n      \"requireGuestProvisionSignal\": true\r\n    },\r\n    \"networkProfile\": {\r\n      \"networkInterfaces\": [\r\n        {\r\n          \"id\": \"/subscriptions/28337c71-5911-4e75-8354-c4ac645e902d/resourceGroups/crptestar4914/providers/Microsoft.Network/networkInterfaces/nic9046\"\r\n        }\r\n      ]\r\n    },\r\n    \"availabilitySet\": {\r\n      \"id\": \"/subscriptions/28337c71-5911-4e75-8354-c4ac645e902d/resourceGroups/crptestar4914/providers/Microsoft.Compute/availabilitySets/AS9663\"\r\n    }\r\n  },\r\n  \"location\": \"southeastasia\",\r\n  \"tags\": {\r\n    \"RG\": \"rg\",\r\n    \"testTag\": \"1\",\r\n    \"azsecpack\": \"nonprod\",\r\n    \"platformsettings.host_environment.service.platform_optedin_for_rootcerts\": \"true\"\r\n  }\r\n}",
      "RequestHeaders": {
        "x-ms-client-request-id": [
          "fd1067fd-ded4-42de-a009-3adcea5eb391"
        ],
        "Accept-Language": [
          "en-US"
        ],
        "User-Agent": [
          "FxVersion/4.700.22.16002",
          "OSName/Windows",
          "OSVersion/Microsoft.Windows.10.0.19044",
          "Microsoft.Azure.Management.Compute.ComputeManagementClient/53.0.0"
        ],
        "Content-Type": [
          "application/json; charset=utf-8"
        ],
        "Content-Length": [
          "1997"
        ]
      },
      "ResponseHeaders": {
        "Cache-Control": [
          "no-cache"
        ],
        "Pragma": [
          "no-cache"
        ],
        "x-ms-ratelimit-remaining-resource": [
          "Microsoft.Compute/PutVM3Min;239,Microsoft.Compute/PutVM30Min;1188"
        ],
        "Strict-Transport-Security": [
          "max-age=31536000; includeSubDomains"
        ],
        "x-ms-request-id": [
          "57091033-2f33-4123-bb53-63b5c2b85d54"
        ],
        "Server": [
          "Microsoft-HTTPAPI/2.0",
          "Microsoft-HTTPAPI/2.0"
        ],
        "x-ms-ratelimit-remaining-subscription-writes": [
          "1197"
        ],
        "x-ms-correlation-request-id": [
          "1546e688-ceef-47f5-919c-3ce211677a8e"
        ],
        "x-ms-routing-request-id": [
          "WESTCENTRALUS:20220413T185202Z:1546e688-ceef-47f5-919c-3ce211677a8e"
        ],
        "X-Content-Type-Options": [
          "nosniff"
        ],
        "Date": [
          "Wed, 13 Apr 2022 18:52:02 GMT"
        ],
        "Content-Length": [
          "2345"
        ],
        "Content-Type": [
          "application/json; charset=utf-8"
        ],
        "Expires": [
          "-1"
        ]
      },
      "ResponseBody": "{\r\n  \"name\": \"vm8999\",\r\n  \"id\": \"/subscriptions/28337c71-5911-4e75-8354-c4ac645e902d/resourceGroups/crptestar4914/providers/Microsoft.Compute/virtualMachines/vm8999\",\r\n  \"type\": \"Microsoft.Compute/virtualMachines\",\r\n  \"location\": \"southeastasia\",\r\n  \"tags\": {\r\n    \"RG\": \"rg\",\r\n    \"testTag\": \"1\",\r\n    \"azsecpack\": \"nonprod\",\r\n    \"platformsettings.host_environment.service.platform_optedin_for_rootcerts\": \"true\"\r\n  },\r\n  \"properties\": {\r\n    \"vmId\": \"6408745d-a67a-40ba-8e67-59780aa8c0c8\",\r\n    \"availabilitySet\": {\r\n      \"id\": \"/subscriptions/28337c71-5911-4e75-8354-c4ac645e902d/resourceGroups/crptestar4914/providers/Microsoft.Compute/availabilitySets/AS9663\"\r\n    },\r\n    \"hardwareProfile\": {\r\n      \"vmSize\": \"Standard_A1_v2\"\r\n    },\r\n    \"storageProfile\": {\r\n      \"imageReference\": {\r\n        \"publisher\": \"MicrosoftWindowsServer\",\r\n        \"offer\": \"WindowsServer\",\r\n        \"sku\": \"2012-R2-Datacenter\",\r\n        \"version\": \"4.127.20180315\",\r\n        \"exactVersion\": \"4.127.20180315\"\r\n      },\r\n      \"osDisk\": {\r\n        \"osType\": \"Windows\",\r\n        \"name\": \"test\",\r\n        \"createOption\": \"FromImage\",\r\n        \"vhd\": {\r\n          \"uri\": \"https://crptestar8888.blob.core.windows.net/crptestar4302/oscrptestar2446.vhd\"\r\n        },\r\n        \"caching\": \"None\",\r\n        \"deleteOption\": \"Detach\",\r\n        \"diskSizeGB\": 127\r\n      },\r\n      \"dataDisks\": []\r\n    },\r\n    \"osProfile\": {\r\n      \"computerName\": \"Test\",\r\n      \"adminUsername\": \"Foo12\",\r\n      \"windowsConfiguration\": {\r\n        \"provisionVMAgent\": true,\r\n        \"enableAutomaticUpdates\": false,\r\n        \"patchSettings\": {\r\n          \"patchMode\": \"AutomaticByPlatform\",\r\n          \"assessmentMode\": \"AutomaticByPlatform\"\r\n        },\r\n        \"additionalUnattendContent\": [\r\n          {\r\n            \"passName\": \"OobeSystem\",\r\n            \"componentName\": \"Microsoft-Windows-Shell-Setup\",\r\n            \"settingName\": \"AutoLogon\"\r\n          }\r\n        ]\r\n      },\r\n      \"secrets\": [],\r\n      \"allowExtensionOperations\": true,\r\n      \"requireGuestProvisionSignal\": true\r\n    },\r\n    \"networkProfile\": {\r\n      \"networkInterfaces\": [\r\n        {\r\n          \"id\": \"/subscriptions/28337c71-5911-4e75-8354-c4ac645e902d/resourceGroups/crptestar4914/providers/Microsoft.Network/networkInterfaces/nic9046\"\r\n        }\r\n      ]\r\n    },\r\n    \"provisioningState\": \"Updating\",\r\n    \"timeCreated\": \"2022-04-13T11:48:24.8063749-07:00\"\r\n  }\r\n}",
      "StatusCode": 200
    },
    {
      "RequestUri": "/subscriptions/28337c71-5911-4e75-8354-c4ac645e902d/providers/Microsoft.Compute/locations/southeastasia/operations/9e4f4efa-a888-4597-a8a0-b2dcb661331a?p=08f98e87-763f-4f3f-a7a9-6f079f6bff0d&api-version=2022-03-01",
      "EncodedRequestUri": "L3N1YnNjcmlwdGlvbnMvMjgzMzdjNzEtNTkxMS00ZTc1LTgzNTQtYzRhYzY0NWU5MDJkL3Byb3ZpZGVycy9NaWNyb3NvZnQuQ29tcHV0ZS9sb2NhdGlvbnMvc291dGhlYXN0YXNpYS9vcGVyYXRpb25zLzllNGY0ZWZhLWE4ODgtNDU5Ny1hOGEwLWIyZGNiNjYxMzMxYT9wPTA4Zjk4ZTg3LTc2M2YtNGYzZi1hN2E5LTZmMDc5ZjZiZmYwZCZhcGktdmVyc2lvbj0yMDIyLTAzLTAx",
      "RequestMethod": "GET",
      "RequestBody": "",
      "RequestHeaders": {
        "User-Agent": [
          "FxVersion/4.700.22.16002",
          "OSName/Windows",
          "OSVersion/Microsoft.Windows.10.0.19044",
          "Microsoft.Azure.Management.Compute.ComputeManagementClient/53.0.0"
        ]
      },
      "ResponseHeaders": {
        "Cache-Control": [
          "no-cache"
        ],
        "Pragma": [
          "no-cache"
        ],
        "Retry-After": [
          "50"
        ],
        "x-ms-ratelimit-remaining-resource": [
          "Microsoft.Compute/GetOperation3Min;14999,Microsoft.Compute/GetOperation30Min;29964"
        ],
        "Strict-Transport-Security": [
          "max-age=31536000; includeSubDomains"
        ],
        "x-ms-request-id": [
          "3d3fd6e6-77b0-4b27-a5bf-cef1896eb751"
        ],
        "Server": [
          "Microsoft-HTTPAPI/2.0",
          "Microsoft-HTTPAPI/2.0"
        ],
        "x-ms-ratelimit-remaining-subscription-reads": [
          "11998"
        ],
        "x-ms-correlation-request-id": [
          "2687e40a-f908-40aa-9d0a-bdc2634e2a3b"
        ],
        "x-ms-routing-request-id": [
          "WESTCENTRALUS:20220413T184837Z:2687e40a-f908-40aa-9d0a-bdc2634e2a3b"
        ],
        "X-Content-Type-Options": [
          "nosniff"
        ],
        "Date": [
          "Wed, 13 Apr 2022 18:48:36 GMT"
        ],
        "Content-Length": [
          "134"
        ],
        "Content-Type": [
          "application/json; charset=utf-8"
        ],
        "Expires": [
          "-1"
        ]
      },
      "ResponseBody": "{\r\n  \"startTime\": \"2022-04-13T11:48:24.7439261-07:00\",\r\n  \"status\": \"InProgress\",\r\n  \"name\": \"9e4f4efa-a888-4597-a8a0-b2dcb661331a\"\r\n}",
      "StatusCode": 200
    },
    {
      "RequestUri": "/subscriptions/28337c71-5911-4e75-8354-c4ac645e902d/providers/Microsoft.Compute/locations/southeastasia/operations/9e4f4efa-a888-4597-a8a0-b2dcb661331a?p=08f98e87-763f-4f3f-a7a9-6f079f6bff0d&api-version=2022-03-01",
      "EncodedRequestUri": "L3N1YnNjcmlwdGlvbnMvMjgzMzdjNzEtNTkxMS00ZTc1LTgzNTQtYzRhYzY0NWU5MDJkL3Byb3ZpZGVycy9NaWNyb3NvZnQuQ29tcHV0ZS9sb2NhdGlvbnMvc291dGhlYXN0YXNpYS9vcGVyYXRpb25zLzllNGY0ZWZhLWE4ODgtNDU5Ny1hOGEwLWIyZGNiNjYxMzMxYT9wPTA4Zjk4ZTg3LTc2M2YtNGYzZi1hN2E5LTZmMDc5ZjZiZmYwZCZhcGktdmVyc2lvbj0yMDIyLTAzLTAx",
      "RequestMethod": "GET",
      "RequestBody": "",
      "RequestHeaders": {
        "User-Agent": [
          "FxVersion/4.700.22.16002",
          "OSName/Windows",
          "OSVersion/Microsoft.Windows.10.0.19044",
          "Microsoft.Azure.Management.Compute.ComputeManagementClient/53.0.0"
        ]
      },
      "ResponseHeaders": {
        "Cache-Control": [
          "no-cache"
        ],
        "Pragma": [
          "no-cache"
        ],
        "x-ms-ratelimit-remaining-resource": [
          "Microsoft.Compute/GetOperation3Min;14998,Microsoft.Compute/GetOperation30Min;29963"
        ],
        "Strict-Transport-Security": [
          "max-age=31536000; includeSubDomains"
        ],
        "x-ms-request-id": [
          "19bdc589-d13a-46f8-88ad-44bf72761cf9"
        ],
        "Server": [
          "Microsoft-HTTPAPI/2.0",
          "Microsoft-HTTPAPI/2.0"
        ],
        "x-ms-ratelimit-remaining-subscription-reads": [
          "11997"
        ],
        "x-ms-correlation-request-id": [
          "21422125-0aa5-4627-a591-62a5e365d838"
        ],
        "x-ms-routing-request-id": [
          "WESTCENTRALUS:20220413T184928Z:21422125-0aa5-4627-a591-62a5e365d838"
        ],
        "X-Content-Type-Options": [
          "nosniff"
        ],
        "Date": [
          "Wed, 13 Apr 2022 18:49:27 GMT"
        ],
        "Content-Length": [
          "134"
        ],
        "Content-Type": [
          "application/json; charset=utf-8"
        ],
        "Expires": [
          "-1"
        ]
      },
      "ResponseBody": "{\r\n  \"startTime\": \"2022-04-13T11:48:24.7439261-07:00\",\r\n  \"status\": \"InProgress\",\r\n  \"name\": \"9e4f4efa-a888-4597-a8a0-b2dcb661331a\"\r\n}",
      "StatusCode": 200
    },
    {
      "RequestUri": "/subscriptions/28337c71-5911-4e75-8354-c4ac645e902d/providers/Microsoft.Compute/locations/southeastasia/operations/9e4f4efa-a888-4597-a8a0-b2dcb661331a?p=08f98e87-763f-4f3f-a7a9-6f079f6bff0d&api-version=2022-03-01",
      "EncodedRequestUri": "L3N1YnNjcmlwdGlvbnMvMjgzMzdjNzEtNTkxMS00ZTc1LTgzNTQtYzRhYzY0NWU5MDJkL3Byb3ZpZGVycy9NaWNyb3NvZnQuQ29tcHV0ZS9sb2NhdGlvbnMvc291dGhlYXN0YXNpYS9vcGVyYXRpb25zLzllNGY0ZWZhLWE4ODgtNDU5Ny1hOGEwLWIyZGNiNjYxMzMxYT9wPTA4Zjk4ZTg3LTc2M2YtNGYzZi1hN2E5LTZmMDc5ZjZiZmYwZCZhcGktdmVyc2lvbj0yMDIyLTAzLTAx",
      "RequestMethod": "GET",
      "RequestBody": "",
      "RequestHeaders": {
        "User-Agent": [
          "FxVersion/4.700.22.16002",
          "OSName/Windows",
          "OSVersion/Microsoft.Windows.10.0.19044",
          "Microsoft.Azure.Management.Compute.ComputeManagementClient/53.0.0"
        ]
      },
      "ResponseHeaders": {
        "Cache-Control": [
          "no-cache"
        ],
        "Pragma": [
          "no-cache"
        ],
        "x-ms-ratelimit-remaining-resource": [
          "Microsoft.Compute/GetOperation3Min;14997,Microsoft.Compute/GetOperation30Min;29969"
        ],
        "Strict-Transport-Security": [
          "max-age=31536000; includeSubDomains"
        ],
        "x-ms-request-id": [
          "c58e1b08-c28b-44b5-b6b4-93816fc79926"
        ],
        "Server": [
          "Microsoft-HTTPAPI/2.0",
          "Microsoft-HTTPAPI/2.0"
        ],
        "x-ms-ratelimit-remaining-subscription-reads": [
          "11996"
        ],
        "x-ms-correlation-request-id": [
          "e2c0360f-e1d2-4179-bd79-889ba0dd66ff"
        ],
        "x-ms-routing-request-id": [
          "WESTCENTRALUS:20220413T185018Z:e2c0360f-e1d2-4179-bd79-889ba0dd66ff"
        ],
        "X-Content-Type-Options": [
          "nosniff"
        ],
        "Date": [
          "Wed, 13 Apr 2022 18:50:17 GMT"
        ],
        "Content-Length": [
          "134"
        ],
        "Content-Type": [
          "application/json; charset=utf-8"
        ],
        "Expires": [
          "-1"
        ]
      },
      "ResponseBody": "{\r\n  \"startTime\": \"2022-04-13T11:48:24.7439261-07:00\",\r\n  \"status\": \"InProgress\",\r\n  \"name\": \"9e4f4efa-a888-4597-a8a0-b2dcb661331a\"\r\n}",
      "StatusCode": 200
    },
    {
      "RequestUri": "/subscriptions/28337c71-5911-4e75-8354-c4ac645e902d/providers/Microsoft.Compute/locations/southeastasia/operations/9e4f4efa-a888-4597-a8a0-b2dcb661331a?p=08f98e87-763f-4f3f-a7a9-6f079f6bff0d&api-version=2022-03-01",
      "EncodedRequestUri": "L3N1YnNjcmlwdGlvbnMvMjgzMzdjNzEtNTkxMS00ZTc1LTgzNTQtYzRhYzY0NWU5MDJkL3Byb3ZpZGVycy9NaWNyb3NvZnQuQ29tcHV0ZS9sb2NhdGlvbnMvc291dGhlYXN0YXNpYS9vcGVyYXRpb25zLzllNGY0ZWZhLWE4ODgtNDU5Ny1hOGEwLWIyZGNiNjYxMzMxYT9wPTA4Zjk4ZTg3LTc2M2YtNGYzZi1hN2E5LTZmMDc5ZjZiZmYwZCZhcGktdmVyc2lvbj0yMDIyLTAzLTAx",
      "RequestMethod": "GET",
      "RequestBody": "",
      "RequestHeaders": {
        "User-Agent": [
          "FxVersion/4.700.22.16002",
          "OSName/Windows",
          "OSVersion/Microsoft.Windows.10.0.19044",
          "Microsoft.Azure.Management.Compute.ComputeManagementClient/53.0.0"
        ]
      },
      "ResponseHeaders": {
        "Cache-Control": [
          "no-cache"
        ],
        "Pragma": [
          "no-cache"
        ],
        "x-ms-ratelimit-remaining-resource": [
          "Microsoft.Compute/GetOperation3Min;14995,Microsoft.Compute/GetOperation30Min;29967"
        ],
        "Strict-Transport-Security": [
          "max-age=31536000; includeSubDomains"
        ],
        "x-ms-request-id": [
          "262a0c72-617b-4137-abd7-0ce81e7cda41"
        ],
        "Server": [
          "Microsoft-HTTPAPI/2.0",
          "Microsoft-HTTPAPI/2.0"
        ],
        "x-ms-ratelimit-remaining-subscription-reads": [
          "11995"
        ],
        "x-ms-correlation-request-id": [
          "108690fa-0752-4c46-9bcf-3d2719ba5d1e"
        ],
        "x-ms-routing-request-id": [
          "WESTCENTRALUS:20220413T185108Z:108690fa-0752-4c46-9bcf-3d2719ba5d1e"
        ],
        "X-Content-Type-Options": [
          "nosniff"
        ],
        "Date": [
          "Wed, 13 Apr 2022 18:51:07 GMT"
        ],
        "Content-Length": [
          "134"
        ],
        "Content-Type": [
          "application/json; charset=utf-8"
        ],
        "Expires": [
          "-1"
        ]
      },
      "ResponseBody": "{\r\n  \"startTime\": \"2022-04-13T11:48:24.7439261-07:00\",\r\n  \"status\": \"InProgress\",\r\n  \"name\": \"9e4f4efa-a888-4597-a8a0-b2dcb661331a\"\r\n}",
      "StatusCode": 200
    },
    {
      "RequestUri": "/subscriptions/28337c71-5911-4e75-8354-c4ac645e902d/providers/Microsoft.Compute/locations/southeastasia/operations/9e4f4efa-a888-4597-a8a0-b2dcb661331a?p=08f98e87-763f-4f3f-a7a9-6f079f6bff0d&api-version=2022-03-01",
      "EncodedRequestUri": "L3N1YnNjcmlwdGlvbnMvMjgzMzdjNzEtNTkxMS00ZTc1LTgzNTQtYzRhYzY0NWU5MDJkL3Byb3ZpZGVycy9NaWNyb3NvZnQuQ29tcHV0ZS9sb2NhdGlvbnMvc291dGhlYXN0YXNpYS9vcGVyYXRpb25zLzllNGY0ZWZhLWE4ODgtNDU5Ny1hOGEwLWIyZGNiNjYxMzMxYT9wPTA4Zjk4ZTg3LTc2M2YtNGYzZi1hN2E5LTZmMDc5ZjZiZmYwZCZhcGktdmVyc2lvbj0yMDIyLTAzLTAx",
      "RequestMethod": "GET",
      "RequestBody": "",
      "RequestHeaders": {
        "User-Agent": [
          "FxVersion/4.700.22.16002",
          "OSName/Windows",
          "OSVersion/Microsoft.Windows.10.0.19044",
          "Microsoft.Azure.Management.Compute.ComputeManagementClient/53.0.0"
        ]
      },
      "ResponseHeaders": {
        "Cache-Control": [
          "no-cache"
        ],
        "Pragma": [
          "no-cache"
        ],
        "x-ms-ratelimit-remaining-resource": [
          "Microsoft.Compute/GetOperation3Min;14995,Microsoft.Compute/GetOperation30Min;29966"
        ],
        "Strict-Transport-Security": [
          "max-age=31536000; includeSubDomains"
        ],
        "x-ms-request-id": [
          "d9286c41-1f27-4c4e-83f7-1dcad03cf0c9"
        ],
        "Server": [
          "Microsoft-HTTPAPI/2.0",
          "Microsoft-HTTPAPI/2.0"
        ],
        "x-ms-ratelimit-remaining-subscription-reads": [
          "11994"
        ],
        "x-ms-correlation-request-id": [
          "3664dbdf-dcd6-4f7e-b280-e421ea395140"
        ],
        "x-ms-routing-request-id": [
          "WESTCENTRALUS:20220413T185158Z:3664dbdf-dcd6-4f7e-b280-e421ea395140"
        ],
        "X-Content-Type-Options": [
          "nosniff"
        ],
        "Date": [
          "Wed, 13 Apr 2022 18:51:58 GMT"
        ],
        "Content-Length": [
          "184"
        ],
        "Content-Type": [
          "application/json; charset=utf-8"
        ],
        "Expires": [
          "-1"
        ]
      },
      "ResponseBody": "{\r\n  \"startTime\": \"2022-04-13T11:48:24.7439261-07:00\",\r\n  \"endTime\": \"2022-04-13T11:51:12.4627411-07:00\",\r\n  \"status\": \"Succeeded\",\r\n  \"name\": \"9e4f4efa-a888-4597-a8a0-b2dcb661331a\"\r\n}",
      "StatusCode": 200
    },
    {
      "RequestUri": "/subscriptions/28337c71-5911-4e75-8354-c4ac645e902d/resourceGroups/crptestar4914/providers/Microsoft.Compute/virtualMachines/vm8999?api-version=2022-03-01",
      "EncodedRequestUri": "L3N1YnNjcmlwdGlvbnMvMjgzMzdjNzEtNTkxMS00ZTc1LTgzNTQtYzRhYzY0NWU5MDJkL3Jlc291cmNlR3JvdXBzL2NycHRlc3RhcjQ5MTQvcHJvdmlkZXJzL01pY3Jvc29mdC5Db21wdXRlL3ZpcnR1YWxNYWNoaW5lcy92bTg5OTk/YXBpLXZlcnNpb249MjAyMi0wMy0wMQ==",
      "RequestMethod": "GET",
      "RequestBody": "",
      "RequestHeaders": {
        "User-Agent": [
          "FxVersion/4.700.22.16002",
          "OSName/Windows",
          "OSVersion/Microsoft.Windows.10.0.19044",
          "Microsoft.Azure.Management.Compute.ComputeManagementClient/53.0.0"
        ]
      },
      "ResponseHeaders": {
        "Cache-Control": [
          "no-cache"
        ],
        "Pragma": [
          "no-cache"
        ],
        "x-ms-ratelimit-remaining-resource": [
          "Microsoft.Compute/LowCostGet3Min;3982,Microsoft.Compute/LowCostGet30Min;31829"
        ],
        "Strict-Transport-Security": [
          "max-age=31536000; includeSubDomains"
        ],
        "x-ms-request-id": [
          "85eb0a8f-7576-4be2-8985-f64e27f1f044"
        ],
        "Server": [
          "Microsoft-HTTPAPI/2.0",
          "Microsoft-HTTPAPI/2.0"
        ],
        "x-ms-ratelimit-remaining-subscription-reads": [
          "11993"
        ],
        "x-ms-correlation-request-id": [
          "41e61e1f-8020-45d1-ba95-4703033c6ec4"
        ],
        "x-ms-routing-request-id": [
          "WESTCENTRALUS:20220413T185159Z:41e61e1f-8020-45d1-ba95-4703033c6ec4"
        ],
        "X-Content-Type-Options": [
          "nosniff"
        ],
        "Date": [
          "Wed, 13 Apr 2022 18:51:58 GMT"
        ],
        "Content-Length": [
          "2346"
        ],
        "Content-Type": [
          "application/json; charset=utf-8"
        ],
        "Expires": [
          "-1"
        ]
      },
      "ResponseBody": "{\r\n  \"name\": \"vm8999\",\r\n  \"id\": \"/subscriptions/28337c71-5911-4e75-8354-c4ac645e902d/resourceGroups/crptestar4914/providers/Microsoft.Compute/virtualMachines/vm8999\",\r\n  \"type\": \"Microsoft.Compute/virtualMachines\",\r\n  \"location\": \"southeastasia\",\r\n  \"tags\": {\r\n    \"RG\": \"rg\",\r\n    \"testTag\": \"1\",\r\n    \"azsecpack\": \"nonprod\",\r\n    \"platformsettings.host_environment.service.platform_optedin_for_rootcerts\": \"true\"\r\n  },\r\n  \"properties\": {\r\n    \"vmId\": \"6408745d-a67a-40ba-8e67-59780aa8c0c8\",\r\n    \"availabilitySet\": {\r\n      \"id\": \"/subscriptions/28337c71-5911-4e75-8354-c4ac645e902d/resourceGroups/crptestar4914/providers/Microsoft.Compute/availabilitySets/AS9663\"\r\n    },\r\n    \"hardwareProfile\": {\r\n      \"vmSize\": \"Standard_A1_v2\"\r\n    },\r\n    \"storageProfile\": {\r\n      \"imageReference\": {\r\n        \"publisher\": \"MicrosoftWindowsServer\",\r\n        \"offer\": \"WindowsServer\",\r\n        \"sku\": \"2012-R2-Datacenter\",\r\n        \"version\": \"4.127.20180315\",\r\n        \"exactVersion\": \"4.127.20180315\"\r\n      },\r\n      \"osDisk\": {\r\n        \"osType\": \"Windows\",\r\n        \"name\": \"test\",\r\n        \"createOption\": \"FromImage\",\r\n        \"vhd\": {\r\n          \"uri\": \"https://crptestar8888.blob.core.windows.net/crptestar4302/oscrptestar2446.vhd\"\r\n        },\r\n        \"caching\": \"None\",\r\n        \"deleteOption\": \"Detach\",\r\n        \"diskSizeGB\": 127\r\n      },\r\n      \"dataDisks\": []\r\n    },\r\n    \"osProfile\": {\r\n      \"computerName\": \"Test\",\r\n      \"adminUsername\": \"Foo12\",\r\n      \"windowsConfiguration\": {\r\n        \"provisionVMAgent\": true,\r\n        \"enableAutomaticUpdates\": false,\r\n        \"patchSettings\": {\r\n          \"patchMode\": \"AutomaticByPlatform\",\r\n          \"assessmentMode\": \"AutomaticByPlatform\"\r\n        },\r\n        \"additionalUnattendContent\": [\r\n          {\r\n            \"passName\": \"OobeSystem\",\r\n            \"componentName\": \"Microsoft-Windows-Shell-Setup\",\r\n            \"settingName\": \"AutoLogon\"\r\n          }\r\n        ]\r\n      },\r\n      \"secrets\": [],\r\n      \"allowExtensionOperations\": true,\r\n      \"requireGuestProvisionSignal\": true\r\n    },\r\n    \"networkProfile\": {\r\n      \"networkInterfaces\": [\r\n        {\r\n          \"id\": \"/subscriptions/28337c71-5911-4e75-8354-c4ac645e902d/resourceGroups/crptestar4914/providers/Microsoft.Network/networkInterfaces/nic9046\"\r\n        }\r\n      ]\r\n    },\r\n    \"provisioningState\": \"Succeeded\",\r\n    \"timeCreated\": \"2022-04-13T11:48:24.8063749-07:00\"\r\n  }\r\n}",
      "StatusCode": 200
    },
    {
      "RequestUri": "/subscriptions/28337c71-5911-4e75-8354-c4ac645e902d/resourceGroups/crptestar4914/providers/Microsoft.Compute/virtualMachines/vm8999?api-version=2022-03-01",
      "EncodedRequestUri": "L3N1YnNjcmlwdGlvbnMvMjgzMzdjNzEtNTkxMS00ZTc1LTgzNTQtYzRhYzY0NWU5MDJkL3Jlc291cmNlR3JvdXBzL2NycHRlc3RhcjQ5MTQvcHJvdmlkZXJzL01pY3Jvc29mdC5Db21wdXRlL3ZpcnR1YWxNYWNoaW5lcy92bTg5OTk/YXBpLXZlcnNpb249MjAyMi0wMy0wMQ==",
      "RequestMethod": "GET",
      "RequestBody": "",
      "RequestHeaders": {
        "x-ms-client-request-id": [
          "271788c9-e8e3-448c-b5e2-72b08d8b7acf"
        ],
        "Accept-Language": [
          "en-US"
        ],
        "User-Agent": [
          "FxVersion/4.700.22.16002",
          "OSName/Windows",
          "OSVersion/Microsoft.Windows.10.0.19044",
          "Microsoft.Azure.Management.Compute.ComputeManagementClient/53.0.0"
        ]
      },
      "ResponseHeaders": {
        "Cache-Control": [
          "no-cache"
        ],
        "Pragma": [
          "no-cache"
        ],
        "x-ms-ratelimit-remaining-resource": [
          "Microsoft.Compute/LowCostGet3Min;3981,Microsoft.Compute/LowCostGet30Min;31828"
        ],
        "Strict-Transport-Security": [
          "max-age=31536000; includeSubDomains"
        ],
        "x-ms-request-id": [
          "bd46bc00-eda8-4a00-92d5-e5c2e5d5818c"
        ],
        "Server": [
          "Microsoft-HTTPAPI/2.0",
          "Microsoft-HTTPAPI/2.0"
        ],
        "x-ms-ratelimit-remaining-subscription-reads": [
          "11992"
        ],
        "x-ms-correlation-request-id": [
          "b55d22aa-cfab-4eb5-9406-3280986c3551"
        ],
        "x-ms-routing-request-id": [
          "WESTCENTRALUS:20220413T185159Z:b55d22aa-cfab-4eb5-9406-3280986c3551"
        ],
        "X-Content-Type-Options": [
          "nosniff"
        ],
        "Date": [
          "Wed, 13 Apr 2022 18:51:59 GMT"
        ],
        "Content-Length": [
          "2346"
        ],
        "Content-Type": [
          "application/json; charset=utf-8"
        ],
        "Expires": [
          "-1"
        ]
      },
      "ResponseBody": "{\r\n  \"name\": \"vm8999\",\r\n  \"id\": \"/subscriptions/28337c71-5911-4e75-8354-c4ac645e902d/resourceGroups/crptestar4914/providers/Microsoft.Compute/virtualMachines/vm8999\",\r\n  \"type\": \"Microsoft.Compute/virtualMachines\",\r\n  \"location\": \"southeastasia\",\r\n  \"tags\": {\r\n    \"RG\": \"rg\",\r\n    \"testTag\": \"1\",\r\n    \"azsecpack\": \"nonprod\",\r\n    \"platformsettings.host_environment.service.platform_optedin_for_rootcerts\": \"true\"\r\n  },\r\n  \"properties\": {\r\n    \"vmId\": \"6408745d-a67a-40ba-8e67-59780aa8c0c8\",\r\n    \"availabilitySet\": {\r\n      \"id\": \"/subscriptions/28337c71-5911-4e75-8354-c4ac645e902d/resourceGroups/crptestar4914/providers/Microsoft.Compute/availabilitySets/AS9663\"\r\n    },\r\n    \"hardwareProfile\": {\r\n      \"vmSize\": \"Standard_A1_v2\"\r\n    },\r\n    \"storageProfile\": {\r\n      \"imageReference\": {\r\n        \"publisher\": \"MicrosoftWindowsServer\",\r\n        \"offer\": \"WindowsServer\",\r\n        \"sku\": \"2012-R2-Datacenter\",\r\n        \"version\": \"4.127.20180315\",\r\n        \"exactVersion\": \"4.127.20180315\"\r\n      },\r\n      \"osDisk\": {\r\n        \"osType\": \"Windows\",\r\n        \"name\": \"test\",\r\n        \"createOption\": \"FromImage\",\r\n        \"vhd\": {\r\n          \"uri\": \"https://crptestar8888.blob.core.windows.net/crptestar4302/oscrptestar2446.vhd\"\r\n        },\r\n        \"caching\": \"None\",\r\n        \"deleteOption\": \"Detach\",\r\n        \"diskSizeGB\": 127\r\n      },\r\n      \"dataDisks\": []\r\n    },\r\n    \"osProfile\": {\r\n      \"computerName\": \"Test\",\r\n      \"adminUsername\": \"Foo12\",\r\n      \"windowsConfiguration\": {\r\n        \"provisionVMAgent\": true,\r\n        \"enableAutomaticUpdates\": false,\r\n        \"patchSettings\": {\r\n          \"patchMode\": \"AutomaticByPlatform\",\r\n          \"assessmentMode\": \"AutomaticByPlatform\"\r\n        },\r\n        \"additionalUnattendContent\": [\r\n          {\r\n            \"passName\": \"OobeSystem\",\r\n            \"componentName\": \"Microsoft-Windows-Shell-Setup\",\r\n            \"settingName\": \"AutoLogon\"\r\n          }\r\n        ]\r\n      },\r\n      \"secrets\": [],\r\n      \"allowExtensionOperations\": true,\r\n      \"requireGuestProvisionSignal\": true\r\n    },\r\n    \"networkProfile\": {\r\n      \"networkInterfaces\": [\r\n        {\r\n          \"id\": \"/subscriptions/28337c71-5911-4e75-8354-c4ac645e902d/resourceGroups/crptestar4914/providers/Microsoft.Network/networkInterfaces/nic9046\"\r\n        }\r\n      ]\r\n    },\r\n    \"provisioningState\": \"Succeeded\",\r\n    \"timeCreated\": \"2022-04-13T11:48:24.8063749-07:00\"\r\n  }\r\n}",
      "StatusCode": 200
    },
    {
      "RequestUri": "/subscriptions/28337c71-5911-4e75-8354-c4ac645e902d/resourceGroups/crptestar4914/providers/Microsoft.Compute/virtualMachines/vm8999?api-version=2022-03-01",
      "EncodedRequestUri": "L3N1YnNjcmlwdGlvbnMvMjgzMzdjNzEtNTkxMS00ZTc1LTgzNTQtYzRhYzY0NWU5MDJkL3Jlc291cmNlR3JvdXBzL2NycHRlc3RhcjQ5MTQvcHJvdmlkZXJzL01pY3Jvc29mdC5Db21wdXRlL3ZpcnR1YWxNYWNoaW5lcy92bTg5OTk/YXBpLXZlcnNpb249MjAyMi0wMy0wMQ==",
      "RequestMethod": "GET",
      "RequestBody": "",
      "RequestHeaders": {
        "User-Agent": [
          "FxVersion/4.700.22.16002",
          "OSName/Windows",
          "OSVersion/Microsoft.Windows.10.0.19044",
          "Microsoft.Azure.Management.Compute.ComputeManagementClient/53.0.0"
        ]
      },
      "ResponseHeaders": {
        "Cache-Control": [
          "no-cache"
        ],
        "Pragma": [
          "no-cache"
        ],
        "x-ms-ratelimit-remaining-resource": [
          "Microsoft.Compute/LowCostGet3Min;3979,Microsoft.Compute/LowCostGet30Min;31819"
        ],
        "Strict-Transport-Security": [
          "max-age=31536000; includeSubDomains"
        ],
        "x-ms-request-id": [
          "340f902f-3b43-4c7b-bc6e-dcdc910ac10c"
        ],
        "Server": [
          "Microsoft-HTTPAPI/2.0",
          "Microsoft-HTTPAPI/2.0"
        ],
        "x-ms-ratelimit-remaining-subscription-reads": [
          "11990"
        ],
        "x-ms-correlation-request-id": [
          "2841b4f1-a39e-4702-8e88-3dabe3750f42"
        ],
        "x-ms-routing-request-id": [
          "WESTCENTRALUS:20220413T185233Z:2841b4f1-a39e-4702-8e88-3dabe3750f42"
        ],
        "X-Content-Type-Options": [
          "nosniff"
        ],
        "Date": [
          "Wed, 13 Apr 2022 18:52:32 GMT"
        ],
        "Content-Length": [
          "2346"
        ],
        "Content-Type": [
          "application/json; charset=utf-8"
        ],
        "Expires": [
          "-1"
        ]
      },
      "ResponseBody": "{\r\n  \"name\": \"vm8999\",\r\n  \"id\": \"/subscriptions/28337c71-5911-4e75-8354-c4ac645e902d/resourceGroups/crptestar4914/providers/Microsoft.Compute/virtualMachines/vm8999\",\r\n  \"type\": \"Microsoft.Compute/virtualMachines\",\r\n  \"location\": \"southeastasia\",\r\n  \"tags\": {\r\n    \"RG\": \"rg\",\r\n    \"testTag\": \"1\",\r\n    \"azsecpack\": \"nonprod\",\r\n    \"platformsettings.host_environment.service.platform_optedin_for_rootcerts\": \"true\"\r\n  },\r\n  \"properties\": {\r\n    \"vmId\": \"6408745d-a67a-40ba-8e67-59780aa8c0c8\",\r\n    \"availabilitySet\": {\r\n      \"id\": \"/subscriptions/28337c71-5911-4e75-8354-c4ac645e902d/resourceGroups/crptestar4914/providers/Microsoft.Compute/availabilitySets/AS9663\"\r\n    },\r\n    \"hardwareProfile\": {\r\n      \"vmSize\": \"Standard_A1_v2\"\r\n    },\r\n    \"storageProfile\": {\r\n      \"imageReference\": {\r\n        \"publisher\": \"MicrosoftWindowsServer\",\r\n        \"offer\": \"WindowsServer\",\r\n        \"sku\": \"2012-R2-Datacenter\",\r\n        \"version\": \"4.127.20180315\",\r\n        \"exactVersion\": \"4.127.20180315\"\r\n      },\r\n      \"osDisk\": {\r\n        \"osType\": \"Windows\",\r\n        \"name\": \"test\",\r\n        \"createOption\": \"FromImage\",\r\n        \"vhd\": {\r\n          \"uri\": \"https://crptestar8888.blob.core.windows.net/crptestar4302/oscrptestar2446.vhd\"\r\n        },\r\n        \"caching\": \"None\",\r\n        \"deleteOption\": \"Detach\",\r\n        \"diskSizeGB\": 127\r\n      },\r\n      \"dataDisks\": []\r\n    },\r\n    \"osProfile\": {\r\n      \"computerName\": \"Test\",\r\n      \"adminUsername\": \"Foo12\",\r\n      \"windowsConfiguration\": {\r\n        \"provisionVMAgent\": true,\r\n        \"enableAutomaticUpdates\": false,\r\n        \"patchSettings\": {\r\n          \"patchMode\": \"AutomaticByPlatform\",\r\n          \"assessmentMode\": \"AutomaticByPlatform\"\r\n        },\r\n        \"additionalUnattendContent\": [\r\n          {\r\n            \"passName\": \"OobeSystem\",\r\n            \"componentName\": \"Microsoft-Windows-Shell-Setup\",\r\n            \"settingName\": \"AutoLogon\"\r\n          }\r\n        ]\r\n      },\r\n      \"secrets\": [],\r\n      \"allowExtensionOperations\": true,\r\n      \"requireGuestProvisionSignal\": true\r\n    },\r\n    \"networkProfile\": {\r\n      \"networkInterfaces\": [\r\n        {\r\n          \"id\": \"/subscriptions/28337c71-5911-4e75-8354-c4ac645e902d/resourceGroups/crptestar4914/providers/Microsoft.Network/networkInterfaces/nic9046\"\r\n        }\r\n      ]\r\n    },\r\n    \"provisioningState\": \"Succeeded\",\r\n    \"timeCreated\": \"2022-04-13T11:48:24.8063749-07:00\"\r\n  }\r\n}",
      "StatusCode": 200
    },
    {
      "RequestUri": "/subscriptions/28337c71-5911-4e75-8354-c4ac645e902d/resourceGroups/crptestar4914/providers/Microsoft.Compute/virtualMachines/vm8999?$expand=instanceView&api-version=2022-03-01",
      "EncodedRequestUri": "L3N1YnNjcmlwdGlvbnMvMjgzMzdjNzEtNTkxMS00ZTc1LTgzNTQtYzRhYzY0NWU5MDJkL3Jlc291cmNlR3JvdXBzL2NycHRlc3RhcjQ5MTQvcHJvdmlkZXJzL01pY3Jvc29mdC5Db21wdXRlL3ZpcnR1YWxNYWNoaW5lcy92bTg5OTk/JGV4cGFuZD1pbnN0YW5jZVZpZXcmYXBpLXZlcnNpb249MjAyMi0wMy0wMQ==",
      "RequestMethod": "GET",
      "RequestBody": "",
      "RequestHeaders": {
        "x-ms-client-request-id": [
          "d87ada5c-847d-4a25-a4d6-04e27c908fe3"
        ],
        "Accept-Language": [
          "en-US"
        ],
        "User-Agent": [
          "FxVersion/4.700.22.16002",
          "OSName/Windows",
          "OSVersion/Microsoft.Windows.10.0.19044",
          "Microsoft.Azure.Management.Compute.ComputeManagementClient/53.0.0"
        ]
      },
      "ResponseHeaders": {
        "Cache-Control": [
          "no-cache"
        ],
        "Pragma": [
          "no-cache"
        ],
        "x-ms-ratelimit-remaining-resource": [
          "Microsoft.Compute/LowCostGet3Min;3980,Microsoft.Compute/LowCostGet30Min;31827"
        ],
        "Strict-Transport-Security": [
          "max-age=31536000; includeSubDomains"
        ],
        "x-ms-request-id": [
          "606e1973-40e3-449a-9c1b-e173911df484"
        ],
        "Server": [
          "Microsoft-HTTPAPI/2.0",
          "Microsoft-HTTPAPI/2.0"
        ],
        "x-ms-ratelimit-remaining-subscription-reads": [
          "11991"
        ],
        "x-ms-correlation-request-id": [
          "3c4959d9-4412-4008-977a-0a2b1dc2fd51"
        ],
        "x-ms-routing-request-id": [
          "WESTCENTRALUS:20220413T185159Z:3c4959d9-4412-4008-977a-0a2b1dc2fd51"
        ],
        "X-Content-Type-Options": [
          "nosniff"
        ],
        "Date": [
          "Wed, 13 Apr 2022 18:51:59 GMT"
        ],
        "Content-Length": [
          "3731"
        ],
        "Content-Type": [
          "application/json; charset=utf-8"
        ],
        "Expires": [
          "-1"
        ]
      },
      "ResponseBody": "{\r\n  \"name\": \"vm8999\",\r\n  \"id\": \"/subscriptions/28337c71-5911-4e75-8354-c4ac645e902d/resourceGroups/crptestar4914/providers/Microsoft.Compute/virtualMachines/vm8999\",\r\n  \"type\": \"Microsoft.Compute/virtualMachines\",\r\n  \"location\": \"southeastasia\",\r\n  \"tags\": {\r\n    \"RG\": \"rg\",\r\n    \"testTag\": \"1\",\r\n    \"azsecpack\": \"nonprod\",\r\n    \"platformsettings.host_environment.service.platform_optedin_for_rootcerts\": \"true\"\r\n  },\r\n  \"properties\": {\r\n    \"vmId\": \"6408745d-a67a-40ba-8e67-59780aa8c0c8\",\r\n    \"availabilitySet\": {\r\n      \"id\": \"/subscriptions/28337c71-5911-4e75-8354-c4ac645e902d/resourceGroups/crptestar4914/providers/Microsoft.Compute/availabilitySets/AS9663\"\r\n    },\r\n    \"hardwareProfile\": {\r\n      \"vmSize\": \"Standard_A1_v2\"\r\n    },\r\n    \"storageProfile\": {\r\n      \"imageReference\": {\r\n        \"publisher\": \"MicrosoftWindowsServer\",\r\n        \"offer\": \"WindowsServer\",\r\n        \"sku\": \"2012-R2-Datacenter\",\r\n        \"version\": \"4.127.20180315\",\r\n        \"exactVersion\": \"4.127.20180315\"\r\n      },\r\n      \"osDisk\": {\r\n        \"osType\": \"Windows\",\r\n        \"name\": \"test\",\r\n        \"createOption\": \"FromImage\",\r\n        \"vhd\": {\r\n          \"uri\": \"https://crptestar8888.blob.core.windows.net/crptestar4302/oscrptestar2446.vhd\"\r\n        },\r\n        \"caching\": \"None\",\r\n        \"deleteOption\": \"Detach\",\r\n        \"diskSizeGB\": 127\r\n      },\r\n      \"dataDisks\": []\r\n    },\r\n    \"osProfile\": {\r\n      \"computerName\": \"Test\",\r\n      \"adminUsername\": \"Foo12\",\r\n      \"windowsConfiguration\": {\r\n        \"provisionVMAgent\": true,\r\n        \"enableAutomaticUpdates\": false,\r\n        \"patchSettings\": {\r\n          \"patchMode\": \"AutomaticByPlatform\",\r\n          \"assessmentMode\": \"AutomaticByPlatform\"\r\n        },\r\n        \"additionalUnattendContent\": [\r\n          {\r\n            \"passName\": \"OobeSystem\",\r\n            \"componentName\": \"Microsoft-Windows-Shell-Setup\",\r\n            \"settingName\": \"AutoLogon\"\r\n          }\r\n        ]\r\n      },\r\n      \"secrets\": [],\r\n      \"allowExtensionOperations\": true,\r\n      \"requireGuestProvisionSignal\": true\r\n    },\r\n    \"networkProfile\": {\r\n      \"networkInterfaces\": [\r\n        {\r\n          \"id\": \"/subscriptions/28337c71-5911-4e75-8354-c4ac645e902d/resourceGroups/crptestar4914/providers/Microsoft.Network/networkInterfaces/nic9046\"\r\n        }\r\n      ]\r\n    },\r\n    \"provisioningState\": \"Succeeded\",\r\n    \"instanceView\": {\r\n      \"platformUpdateDomain\": 0,\r\n      \"platformFaultDomain\": 0,\r\n      \"vmAgent\": {\r\n        \"vmAgentVersion\": \"Unknown\",\r\n        \"statuses\": [\r\n          {\r\n            \"code\": \"ProvisioningState/Unavailable\",\r\n            \"level\": \"Warning\",\r\n            \"displayStatus\": \"Not Ready\",\r\n            \"message\": \"VM status blob is found but not yet populated.\",\r\n            \"time\": \"2022-04-13T11:51:59-07:00\"\r\n          }\r\n        ]\r\n      },\r\n      \"disks\": [\r\n        {\r\n          \"name\": \"test\",\r\n          \"statuses\": [\r\n            {\r\n              \"code\": \"ProvisioningState/succeeded\",\r\n              \"level\": \"Info\",\r\n              \"displayStatus\": \"Provisioning succeeded\",\r\n              \"time\": \"2022-04-13T11:48:25.0251311-07:00\"\r\n            }\r\n          ]\r\n        }\r\n      ],\r\n      \"internalData\": {\r\n        \"fabricCluster\": \"asiasoutheast-prod-c\",\r\n        \"fabricTenantName\": \"218b4af2-6259-4f55-9078-5e7a847f7430\"\r\n      },\r\n      \"hyperVGeneration\": \"V1\",\r\n      \"statuses\": [\r\n        {\r\n          \"code\": \"ProvisioningState/succeeded\",\r\n          \"level\": \"Info\",\r\n          \"displayStatus\": \"Provisioning succeeded\",\r\n          \"time\": \"2022-04-13T11:51:12.4314996-07:00\"\r\n        },\r\n        {\r\n          \"code\": \"PowerState/running\",\r\n          \"level\": \"Info\",\r\n          \"displayStatus\": \"VM running\"\r\n        }\r\n      ]\r\n    },\r\n    \"timeCreated\": \"2022-04-13T11:48:24.8063749-07:00\"\r\n  }\r\n}",
      "StatusCode": 200
    },
    {
      "RequestUri": "/subscriptions/28337c71-5911-4e75-8354-c4ac645e902d/resourceGroups/crptestar4914/providers/Microsoft.Compute/virtualMachines/vm8999?api-version=2022-03-01",
      "EncodedRequestUri": "L3N1YnNjcmlwdGlvbnMvMjgzMzdjNzEtNTkxMS00ZTc1LTgzNTQtYzRhYzY0NWU5MDJkL3Jlc291cmNlR3JvdXBzL2NycHRlc3RhcjQ5MTQvcHJvdmlkZXJzL01pY3Jvc29mdC5Db21wdXRlL3ZpcnR1YWxNYWNoaW5lcy92bTg5OTk/YXBpLXZlcnNpb249MjAyMi0wMy0wMQ==",
      "RequestMethod": "DELETE",
      "RequestBody": "",
      "RequestHeaders": {
        "x-ms-client-request-id": [
          "017adfa0-279c-440c-a322-12a5bc3a96d6"
        ],
        "Accept-Language": [
          "en-US"
        ],
        "User-Agent": [
          "FxVersion/4.700.22.16002",
          "OSName/Windows",
          "OSVersion/Microsoft.Windows.10.0.19044",
          "Microsoft.Azure.Management.Compute.ComputeManagementClient/53.0.0"
        ]
      },
      "ResponseHeaders": {
        "Cache-Control": [
          "no-cache"
        ],
        "Pragma": [
          "no-cache"
        ],
        "Location": [
          "https://management.azure.com/subscriptions/28337c71-5911-4e75-8354-c4ac645e902d/providers/Microsoft.Compute/locations/southeastasia/operations/0a6373c4-688d-4875-acb1-77cf30c760e9?p=08f98e87-763f-4f3f-a7a9-6f079f6bff0d&monitor=true&api-version=2022-03-01"
        ],
        "Retry-After": [
          "10"
        ],
        "Azure-AsyncOperation": [
          "https://management.azure.com/subscriptions/28337c71-5911-4e75-8354-c4ac645e902d/providers/Microsoft.Compute/locations/southeastasia/operations/0a6373c4-688d-4875-acb1-77cf30c760e9?p=08f98e87-763f-4f3f-a7a9-6f079f6bff0d&api-version=2022-03-01"
        ],
        "Azure-AsyncNotification": [
          "Enabled"
        ],
        "x-ms-ratelimit-remaining-resource": [
          "Microsoft.Compute/DeleteVM3Min;239,Microsoft.Compute/DeleteVM30Min;1184"
        ],
        "Strict-Transport-Security": [
          "max-age=31536000; includeSubDomains"
        ],
        "x-ms-request-id": [
          "0a6373c4-688d-4875-acb1-77cf30c760e9"
        ],
        "Server": [
          "Microsoft-HTTPAPI/2.0",
          "Microsoft-HTTPAPI/2.0"
        ],
        "x-ms-ratelimit-remaining-subscription-deletes": [
          "14999"
        ],
        "x-ms-correlation-request-id": [
          "d7840f66-f548-4e1f-aaac-7e884427922c"
        ],
        "x-ms-routing-request-id": [
          "WESTCENTRALUS:20220413T185233Z:d7840f66-f548-4e1f-aaac-7e884427922c"
        ],
        "X-Content-Type-Options": [
          "nosniff"
        ],
        "Date": [
          "Wed, 13 Apr 2022 18:52:33 GMT"
        ],
        "Expires": [
          "-1"
        ],
        "Content-Length": [
          "0"
        ]
      },
      "ResponseBody": "",
      "StatusCode": 202
    },
    {
      "RequestUri": "/subscriptions/28337c71-5911-4e75-8354-c4ac645e902d/resourcegroups/crptestar4914?api-version=2017-05-10",
      "EncodedRequestUri": "L3N1YnNjcmlwdGlvbnMvMjgzMzdjNzEtNTkxMS00ZTc1LTgzNTQtYzRhYzY0NWU5MDJkL3Jlc291cmNlZ3JvdXBzL2NycHRlc3RhcjQ5MTQ/YXBpLXZlcnNpb249MjAxNy0wNS0xMA==",
      "RequestMethod": "DELETE",
      "RequestBody": "",
      "RequestHeaders": {
        "x-ms-client-request-id": [
          "37425360-e6f0-4cac-87eb-abf08e7ca934"
        ],
        "Accept-Language": [
          "en-US"
        ],
        "User-Agent": [
          "FxVersion/4.700.22.16002",
          "OSName/Windows",
          "OSVersion/Microsoft.Windows.10.0.19044",
          "Microsoft.Azure.Management.ResourceManager.ResourceManagementClient/1.6.0.0"
        ]
      },
      "ResponseHeaders": {
        "Cache-Control": [
          "no-cache"
        ],
        "Pragma": [
          "no-cache"
        ],
        "Location": [
          "https://management.azure.com/subscriptions/28337c71-5911-4e75-8354-c4ac645e902d/operationresults/eyJqb2JJZCI6IlJFU09VUkNFR1JPVVBERUxFVElPTkpPQi1DUlBURVNUQVI0OTE0LVNPVVRIRUFTVEFTSUEiLCJqb2JMb2NhdGlvbiI6InNvdXRoZWFzdGFzaWEifQ?api-version=2017-05-10"
        ],
        "Retry-After": [
          "15"
        ],
        "x-ms-ratelimit-remaining-subscription-deletes": [
          "14999"
        ],
        "x-ms-request-id": [
          "87736a72-6844-4edb-8930-3528a4fd6231"
        ],
        "x-ms-correlation-request-id": [
          "87736a72-6844-4edb-8930-3528a4fd6231"
        ],
        "x-ms-routing-request-id": [
          "WESTUS:20220413T185239Z:87736a72-6844-4edb-8930-3528a4fd6231"
        ],
        "Strict-Transport-Security": [
          "max-age=31536000; includeSubDomains"
        ],
        "X-Content-Type-Options": [
          "nosniff"
        ],
        "Date": [
          "Wed, 13 Apr 2022 18:52:38 GMT"
        ],
        "Expires": [
          "-1"
        ],
        "Content-Length": [
          "0"
        ]
      },
      "ResponseBody": "",
      "StatusCode": 202
    },
    {
      "RequestUri": "/subscriptions/28337c71-5911-4e75-8354-c4ac645e902d/operationresults/eyJqb2JJZCI6IlJFU09VUkNFR1JPVVBERUxFVElPTkpPQi1DUlBURVNUQVI0OTE0LVNPVVRIRUFTVEFTSUEiLCJqb2JMb2NhdGlvbiI6InNvdXRoZWFzdGFzaWEifQ?api-version=2017-05-10",
      "EncodedRequestUri": "L3N1YnNjcmlwdGlvbnMvMjgzMzdjNzEtNTkxMS00ZTc1LTgzNTQtYzRhYzY0NWU5MDJkL29wZXJhdGlvbnJlc3VsdHMvZXlKcWIySkpaQ0k2SWxKRlUwOVZVa05GUjFKUFZWQkVSVXhGVkVsUFRrcFBRaTFEVWxCVVJWTlVRVkkwT1RFMExWTlBWVlJJUlVGVFZFRlRTVUVpTENKcWIySk1iMk5oZEdsdmJpSTZJbk52ZFhSb1pXRnpkR0Z6YVdFaWZRP2FwaS12ZXJzaW9uPTIwMTctMDUtMTA=",
      "RequestMethod": "GET",
      "RequestBody": "",
      "RequestHeaders": {
        "User-Agent": [
          "FxVersion/4.700.22.16002",
          "OSName/Windows",
          "OSVersion/Microsoft.Windows.10.0.19044",
          "Microsoft.Azure.Management.ResourceManager.ResourceManagementClient/1.6.0.0"
        ]
      },
      "ResponseHeaders": {
        "Cache-Control": [
          "no-cache"
        ],
        "Pragma": [
          "no-cache"
        ],
        "Location": [
          "https://management.azure.com/subscriptions/28337c71-5911-4e75-8354-c4ac645e902d/operationresults/eyJqb2JJZCI6IlJFU09VUkNFR1JPVVBERUxFVElPTkpPQi1DUlBURVNUQVI0OTE0LVNPVVRIRUFTVEFTSUEiLCJqb2JMb2NhdGlvbiI6InNvdXRoZWFzdGFzaWEifQ?api-version=2017-05-10"
        ],
        "Retry-After": [
          "15"
        ],
        "x-ms-ratelimit-remaining-subscription-reads": [
          "11999"
        ],
        "x-ms-request-id": [
          "05919c37-c01c-48f7-b421-b726f1f3580e"
        ],
        "x-ms-correlation-request-id": [
          "05919c37-c01c-48f7-b421-b726f1f3580e"
        ],
        "x-ms-routing-request-id": [
          "WESTUS:20220413T185254Z:05919c37-c01c-48f7-b421-b726f1f3580e"
        ],
        "Strict-Transport-Security": [
          "max-age=31536000; includeSubDomains"
        ],
        "X-Content-Type-Options": [
          "nosniff"
        ],
        "Date": [
          "Wed, 13 Apr 2022 18:52:54 GMT"
        ],
        "Expires": [
          "-1"
        ],
        "Content-Length": [
          "0"
        ]
      },
      "ResponseBody": "",
      "StatusCode": 202
    },
    {
      "RequestUri": "/subscriptions/28337c71-5911-4e75-8354-c4ac645e902d/operationresults/eyJqb2JJZCI6IlJFU09VUkNFR1JPVVBERUxFVElPTkpPQi1DUlBURVNUQVI0OTE0LVNPVVRIRUFTVEFTSUEiLCJqb2JMb2NhdGlvbiI6InNvdXRoZWFzdGFzaWEifQ?api-version=2017-05-10",
      "EncodedRequestUri": "L3N1YnNjcmlwdGlvbnMvMjgzMzdjNzEtNTkxMS00ZTc1LTgzNTQtYzRhYzY0NWU5MDJkL29wZXJhdGlvbnJlc3VsdHMvZXlKcWIySkpaQ0k2SWxKRlUwOVZVa05GUjFKUFZWQkVSVXhGVkVsUFRrcFBRaTFEVWxCVVJWTlVRVkkwT1RFMExWTlBWVlJJUlVGVFZFRlRTVUVpTENKcWIySk1iMk5oZEdsdmJpSTZJbk52ZFhSb1pXRnpkR0Z6YVdFaWZRP2FwaS12ZXJzaW9uPTIwMTctMDUtMTA=",
      "RequestMethod": "GET",
      "RequestBody": "",
      "RequestHeaders": {
        "User-Agent": [
          "FxVersion/4.700.22.16002",
          "OSName/Windows",
          "OSVersion/Microsoft.Windows.10.0.19044",
          "Microsoft.Azure.Management.ResourceManager.ResourceManagementClient/1.6.0.0"
        ]
      },
      "ResponseHeaders": {
        "Cache-Control": [
          "no-cache"
        ],
        "Pragma": [
          "no-cache"
        ],
        "Location": [
          "https://management.azure.com/subscriptions/28337c71-5911-4e75-8354-c4ac645e902d/operationresults/eyJqb2JJZCI6IlJFU09VUkNFR1JPVVBERUxFVElPTkpPQi1DUlBURVNUQVI0OTE0LVNPVVRIRUFTVEFTSUEiLCJqb2JMb2NhdGlvbiI6InNvdXRoZWFzdGFzaWEifQ?api-version=2017-05-10"
        ],
        "Retry-After": [
          "15"
        ],
        "x-ms-ratelimit-remaining-subscription-reads": [
          "11998"
        ],
        "x-ms-request-id": [
          "f10e4aff-2479-428f-9dfd-a9d7b17bb1a9"
        ],
        "x-ms-correlation-request-id": [
          "f10e4aff-2479-428f-9dfd-a9d7b17bb1a9"
        ],
        "x-ms-routing-request-id": [
          "WESTUS:20220413T185310Z:f10e4aff-2479-428f-9dfd-a9d7b17bb1a9"
        ],
        "Strict-Transport-Security": [
          "max-age=31536000; includeSubDomains"
        ],
        "X-Content-Type-Options": [
          "nosniff"
        ],
        "Date": [
          "Wed, 13 Apr 2022 18:53:10 GMT"
        ],
        "Expires": [
          "-1"
        ],
        "Content-Length": [
          "0"
        ]
      },
      "ResponseBody": "",
      "StatusCode": 202
    },
    {
      "RequestUri": "/subscriptions/28337c71-5911-4e75-8354-c4ac645e902d/operationresults/eyJqb2JJZCI6IlJFU09VUkNFR1JPVVBERUxFVElPTkpPQi1DUlBURVNUQVI0OTE0LVNPVVRIRUFTVEFTSUEiLCJqb2JMb2NhdGlvbiI6InNvdXRoZWFzdGFzaWEifQ?api-version=2017-05-10",
      "EncodedRequestUri": "L3N1YnNjcmlwdGlvbnMvMjgzMzdjNzEtNTkxMS00ZTc1LTgzNTQtYzRhYzY0NWU5MDJkL29wZXJhdGlvbnJlc3VsdHMvZXlKcWIySkpaQ0k2SWxKRlUwOVZVa05GUjFKUFZWQkVSVXhGVkVsUFRrcFBRaTFEVWxCVVJWTlVRVkkwT1RFMExWTlBWVlJJUlVGVFZFRlRTVUVpTENKcWIySk1iMk5oZEdsdmJpSTZJbk52ZFhSb1pXRnpkR0Z6YVdFaWZRP2FwaS12ZXJzaW9uPTIwMTctMDUtMTA=",
      "RequestMethod": "GET",
      "RequestBody": "",
      "RequestHeaders": {
        "User-Agent": [
          "FxVersion/4.700.22.16002",
          "OSName/Windows",
          "OSVersion/Microsoft.Windows.10.0.19044",
          "Microsoft.Azure.Management.ResourceManager.ResourceManagementClient/1.6.0.0"
        ]
      },
      "ResponseHeaders": {
        "Cache-Control": [
          "no-cache"
        ],
        "Pragma": [
          "no-cache"
        ],
        "Location": [
          "https://management.azure.com/subscriptions/28337c71-5911-4e75-8354-c4ac645e902d/operationresults/eyJqb2JJZCI6IlJFU09VUkNFR1JPVVBERUxFVElPTkpPQi1DUlBURVNUQVI0OTE0LVNPVVRIRUFTVEFTSUEiLCJqb2JMb2NhdGlvbiI6InNvdXRoZWFzdGFzaWEifQ?api-version=2017-05-10"
        ],
        "Retry-After": [
          "15"
        ],
        "x-ms-ratelimit-remaining-subscription-reads": [
          "11997"
        ],
        "x-ms-request-id": [
          "be246e94-a2a1-4570-9fd4-39ef3b4404f8"
        ],
        "x-ms-correlation-request-id": [
          "be246e94-a2a1-4570-9fd4-39ef3b4404f8"
        ],
        "x-ms-routing-request-id": [
          "WESTUS:20220413T185325Z:be246e94-a2a1-4570-9fd4-39ef3b4404f8"
        ],
        "Strict-Transport-Security": [
          "max-age=31536000; includeSubDomains"
        ],
        "X-Content-Type-Options": [
          "nosniff"
        ],
        "Date": [
          "Wed, 13 Apr 2022 18:53:25 GMT"
        ],
        "Expires": [
          "-1"
        ],
        "Content-Length": [
          "0"
        ]
      },
      "ResponseBody": "",
      "StatusCode": 202
    },
    {
      "RequestUri": "/subscriptions/28337c71-5911-4e75-8354-c4ac645e902d/operationresults/eyJqb2JJZCI6IlJFU09VUkNFR1JPVVBERUxFVElPTkpPQi1DUlBURVNUQVI0OTE0LVNPVVRIRUFTVEFTSUEiLCJqb2JMb2NhdGlvbiI6InNvdXRoZWFzdGFzaWEifQ?api-version=2017-05-10",
      "EncodedRequestUri": "L3N1YnNjcmlwdGlvbnMvMjgzMzdjNzEtNTkxMS00ZTc1LTgzNTQtYzRhYzY0NWU5MDJkL29wZXJhdGlvbnJlc3VsdHMvZXlKcWIySkpaQ0k2SWxKRlUwOVZVa05GUjFKUFZWQkVSVXhGVkVsUFRrcFBRaTFEVWxCVVJWTlVRVkkwT1RFMExWTlBWVlJJUlVGVFZFRlRTVUVpTENKcWIySk1iMk5oZEdsdmJpSTZJbk52ZFhSb1pXRnpkR0Z6YVdFaWZRP2FwaS12ZXJzaW9uPTIwMTctMDUtMTA=",
      "RequestMethod": "GET",
      "RequestBody": "",
      "RequestHeaders": {
        "User-Agent": [
          "FxVersion/4.700.22.16002",
          "OSName/Windows",
          "OSVersion/Microsoft.Windows.10.0.19044",
          "Microsoft.Azure.Management.ResourceManager.ResourceManagementClient/1.6.0.0"
        ]
      },
      "ResponseHeaders": {
        "Cache-Control": [
          "no-cache"
        ],
        "Pragma": [
          "no-cache"
        ],
        "Location": [
          "https://management.azure.com/subscriptions/28337c71-5911-4e75-8354-c4ac645e902d/operationresults/eyJqb2JJZCI6IlJFU09VUkNFR1JPVVBERUxFVElPTkpPQi1DUlBURVNUQVI0OTE0LVNPVVRIRUFTVEFTSUEiLCJqb2JMb2NhdGlvbiI6InNvdXRoZWFzdGFzaWEifQ?api-version=2017-05-10"
        ],
        "Retry-After": [
          "15"
        ],
        "x-ms-ratelimit-remaining-subscription-reads": [
          "11996"
        ],
        "x-ms-request-id": [
          "d54abf04-e69b-465d-bb23-2c98f6a6e33f"
        ],
        "x-ms-correlation-request-id": [
          "d54abf04-e69b-465d-bb23-2c98f6a6e33f"
        ],
        "x-ms-routing-request-id": [
          "WESTUS:20220413T185341Z:d54abf04-e69b-465d-bb23-2c98f6a6e33f"
        ],
        "Strict-Transport-Security": [
          "max-age=31536000; includeSubDomains"
        ],
        "X-Content-Type-Options": [
          "nosniff"
        ],
        "Date": [
          "Wed, 13 Apr 2022 18:53:40 GMT"
        ],
        "Expires": [
          "-1"
        ],
        "Content-Length": [
          "0"
        ]
      },
      "ResponseBody": "",
      "StatusCode": 202
    },
    {
      "RequestUri": "/subscriptions/28337c71-5911-4e75-8354-c4ac645e902d/operationresults/eyJqb2JJZCI6IlJFU09VUkNFR1JPVVBERUxFVElPTkpPQi1DUlBURVNUQVI0OTE0LVNPVVRIRUFTVEFTSUEiLCJqb2JMb2NhdGlvbiI6InNvdXRoZWFzdGFzaWEifQ?api-version=2017-05-10",
      "EncodedRequestUri": "L3N1YnNjcmlwdGlvbnMvMjgzMzdjNzEtNTkxMS00ZTc1LTgzNTQtYzRhYzY0NWU5MDJkL29wZXJhdGlvbnJlc3VsdHMvZXlKcWIySkpaQ0k2SWxKRlUwOVZVa05GUjFKUFZWQkVSVXhGVkVsUFRrcFBRaTFEVWxCVVJWTlVRVkkwT1RFMExWTlBWVlJJUlVGVFZFRlRTVUVpTENKcWIySk1iMk5oZEdsdmJpSTZJbk52ZFhSb1pXRnpkR0Z6YVdFaWZRP2FwaS12ZXJzaW9uPTIwMTctMDUtMTA=",
      "RequestMethod": "GET",
      "RequestBody": "",
      "RequestHeaders": {
        "User-Agent": [
          "FxVersion/4.700.22.16002",
          "OSName/Windows",
          "OSVersion/Microsoft.Windows.10.0.19044",
          "Microsoft.Azure.Management.ResourceManager.ResourceManagementClient/1.6.0.0"
        ]
      },
      "ResponseHeaders": {
        "Cache-Control": [
          "no-cache"
        ],
        "Pragma": [
          "no-cache"
        ],
        "Location": [
          "https://management.azure.com/subscriptions/28337c71-5911-4e75-8354-c4ac645e902d/operationresults/eyJqb2JJZCI6IlJFU09VUkNFR1JPVVBERUxFVElPTkpPQi1DUlBURVNUQVI0OTE0LVNPVVRIRUFTVEFTSUEiLCJqb2JMb2NhdGlvbiI6InNvdXRoZWFzdGFzaWEifQ?api-version=2017-05-10"
        ],
        "Retry-After": [
          "15"
        ],
        "x-ms-ratelimit-remaining-subscription-reads": [
          "11995"
        ],
        "x-ms-request-id": [
          "7418b455-c2ea-45d7-a1a8-51335a0e7f75"
        ],
        "x-ms-correlation-request-id": [
          "7418b455-c2ea-45d7-a1a8-51335a0e7f75"
        ],
        "x-ms-routing-request-id": [
          "WESTUS:20220413T185356Z:7418b455-c2ea-45d7-a1a8-51335a0e7f75"
        ],
        "Strict-Transport-Security": [
          "max-age=31536000; includeSubDomains"
        ],
        "X-Content-Type-Options": [
          "nosniff"
        ],
        "Date": [
          "Wed, 13 Apr 2022 18:53:55 GMT"
        ],
        "Expires": [
          "-1"
        ],
        "Content-Length": [
          "0"
        ]
      },
      "ResponseBody": "",
      "StatusCode": 202
    },
    {
      "RequestUri": "/subscriptions/28337c71-5911-4e75-8354-c4ac645e902d/operationresults/eyJqb2JJZCI6IlJFU09VUkNFR1JPVVBERUxFVElPTkpPQi1DUlBURVNUQVI0OTE0LVNPVVRIRUFTVEFTSUEiLCJqb2JMb2NhdGlvbiI6InNvdXRoZWFzdGFzaWEifQ?api-version=2017-05-10",
      "EncodedRequestUri": "L3N1YnNjcmlwdGlvbnMvMjgzMzdjNzEtNTkxMS00ZTc1LTgzNTQtYzRhYzY0NWU5MDJkL29wZXJhdGlvbnJlc3VsdHMvZXlKcWIySkpaQ0k2SWxKRlUwOVZVa05GUjFKUFZWQkVSVXhGVkVsUFRrcFBRaTFEVWxCVVJWTlVRVkkwT1RFMExWTlBWVlJJUlVGVFZFRlRTVUVpTENKcWIySk1iMk5oZEdsdmJpSTZJbk52ZFhSb1pXRnpkR0Z6YVdFaWZRP2FwaS12ZXJzaW9uPTIwMTctMDUtMTA=",
      "RequestMethod": "GET",
      "RequestBody": "",
      "RequestHeaders": {
        "User-Agent": [
          "FxVersion/4.700.22.16002",
          "OSName/Windows",
          "OSVersion/Microsoft.Windows.10.0.19044",
          "Microsoft.Azure.Management.ResourceManager.ResourceManagementClient/1.6.0.0"
        ]
      },
      "ResponseHeaders": {
        "Cache-Control": [
          "no-cache"
        ],
        "Pragma": [
          "no-cache"
        ],
        "Location": [
          "https://management.azure.com/subscriptions/28337c71-5911-4e75-8354-c4ac645e902d/operationresults/eyJqb2JJZCI6IlJFU09VUkNFR1JPVVBERUxFVElPTkpPQi1DUlBURVNUQVI0OTE0LVNPVVRIRUFTVEFTSUEiLCJqb2JMb2NhdGlvbiI6InNvdXRoZWFzdGFzaWEifQ?api-version=2017-05-10"
        ],
        "Retry-After": [
          "15"
        ],
        "x-ms-ratelimit-remaining-subscription-reads": [
          "11994"
        ],
        "x-ms-request-id": [
          "335ed59a-731a-4fff-82b6-f64cb26404f2"
        ],
        "x-ms-correlation-request-id": [
          "335ed59a-731a-4fff-82b6-f64cb26404f2"
        ],
        "x-ms-routing-request-id": [
          "WESTUS:20220413T185411Z:335ed59a-731a-4fff-82b6-f64cb26404f2"
        ],
        "Strict-Transport-Security": [
          "max-age=31536000; includeSubDomains"
        ],
        "X-Content-Type-Options": [
          "nosniff"
        ],
        "Date": [
          "Wed, 13 Apr 2022 18:54:11 GMT"
        ],
        "Expires": [
          "-1"
        ],
        "Content-Length": [
          "0"
        ]
      },
      "ResponseBody": "",
      "StatusCode": 202
    },
    {
      "RequestUri": "/subscriptions/28337c71-5911-4e75-8354-c4ac645e902d/operationresults/eyJqb2JJZCI6IlJFU09VUkNFR1JPVVBERUxFVElPTkpPQi1DUlBURVNUQVI0OTE0LVNPVVRIRUFTVEFTSUEiLCJqb2JMb2NhdGlvbiI6InNvdXRoZWFzdGFzaWEifQ?api-version=2017-05-10",
      "EncodedRequestUri": "L3N1YnNjcmlwdGlvbnMvMjgzMzdjNzEtNTkxMS00ZTc1LTgzNTQtYzRhYzY0NWU5MDJkL29wZXJhdGlvbnJlc3VsdHMvZXlKcWIySkpaQ0k2SWxKRlUwOVZVa05GUjFKUFZWQkVSVXhGVkVsUFRrcFBRaTFEVWxCVVJWTlVRVkkwT1RFMExWTlBWVlJJUlVGVFZFRlRTVUVpTENKcWIySk1iMk5oZEdsdmJpSTZJbk52ZFhSb1pXRnpkR0Z6YVdFaWZRP2FwaS12ZXJzaW9uPTIwMTctMDUtMTA=",
      "RequestMethod": "GET",
      "RequestBody": "",
      "RequestHeaders": {
        "User-Agent": [
          "FxVersion/4.700.22.16002",
          "OSName/Windows",
          "OSVersion/Microsoft.Windows.10.0.19044",
          "Microsoft.Azure.Management.ResourceManager.ResourceManagementClient/1.6.0.0"
        ]
      },
      "ResponseHeaders": {
        "Cache-Control": [
          "no-cache"
        ],
        "Pragma": [
          "no-cache"
        ],
        "Location": [
          "https://management.azure.com/subscriptions/28337c71-5911-4e75-8354-c4ac645e902d/operationresults/eyJqb2JJZCI6IlJFU09VUkNFR1JPVVBERUxFVElPTkpPQi1DUlBURVNUQVI0OTE0LVNPVVRIRUFTVEFTSUEiLCJqb2JMb2NhdGlvbiI6InNvdXRoZWFzdGFzaWEifQ?api-version=2017-05-10"
        ],
        "Retry-After": [
          "15"
        ],
        "x-ms-ratelimit-remaining-subscription-reads": [
          "11993"
        ],
        "x-ms-request-id": [
          "4b92b631-e866-4622-b449-2ae8cb1a2d74"
        ],
        "x-ms-correlation-request-id": [
          "4b92b631-e866-4622-b449-2ae8cb1a2d74"
        ],
        "x-ms-routing-request-id": [
          "WESTUS:20220413T185427Z:4b92b631-e866-4622-b449-2ae8cb1a2d74"
        ],
        "Strict-Transport-Security": [
          "max-age=31536000; includeSubDomains"
        ],
        "X-Content-Type-Options": [
          "nosniff"
        ],
        "Date": [
          "Wed, 13 Apr 2022 18:54:26 GMT"
        ],
        "Expires": [
          "-1"
        ],
        "Content-Length": [
          "0"
        ]
      },
      "ResponseBody": "",
      "StatusCode": 202
    },
    {
      "RequestUri": "/subscriptions/28337c71-5911-4e75-8354-c4ac645e902d/operationresults/eyJqb2JJZCI6IlJFU09VUkNFR1JPVVBERUxFVElPTkpPQi1DUlBURVNUQVI0OTE0LVNPVVRIRUFTVEFTSUEiLCJqb2JMb2NhdGlvbiI6InNvdXRoZWFzdGFzaWEifQ?api-version=2017-05-10",
      "EncodedRequestUri": "L3N1YnNjcmlwdGlvbnMvMjgzMzdjNzEtNTkxMS00ZTc1LTgzNTQtYzRhYzY0NWU5MDJkL29wZXJhdGlvbnJlc3VsdHMvZXlKcWIySkpaQ0k2SWxKRlUwOVZVa05GUjFKUFZWQkVSVXhGVkVsUFRrcFBRaTFEVWxCVVJWTlVRVkkwT1RFMExWTlBWVlJJUlVGVFZFRlRTVUVpTENKcWIySk1iMk5oZEdsdmJpSTZJbk52ZFhSb1pXRnpkR0Z6YVdFaWZRP2FwaS12ZXJzaW9uPTIwMTctMDUtMTA=",
      "RequestMethod": "GET",
      "RequestBody": "",
      "RequestHeaders": {
        "User-Agent": [
          "FxVersion/4.700.22.16002",
          "OSName/Windows",
          "OSVersion/Microsoft.Windows.10.0.19044",
          "Microsoft.Azure.Management.ResourceManager.ResourceManagementClient/1.6.0.0"
        ]
      },
      "ResponseHeaders": {
        "Cache-Control": [
          "no-cache"
        ],
        "Pragma": [
          "no-cache"
        ],
        "x-ms-ratelimit-remaining-subscription-reads": [
          "11992"
        ],
        "x-ms-request-id": [
          "2e9489ff-7c8a-4d2c-bc09-2ea93daf006e"
        ],
        "x-ms-correlation-request-id": [
          "2e9489ff-7c8a-4d2c-bc09-2ea93daf006e"
        ],
        "x-ms-routing-request-id": [
          "WESTUS:20220413T185442Z:2e9489ff-7c8a-4d2c-bc09-2ea93daf006e"
        ],
        "Strict-Transport-Security": [
          "max-age=31536000; includeSubDomains"
        ],
        "X-Content-Type-Options": [
          "nosniff"
        ],
        "Date": [
          "Wed, 13 Apr 2022 18:54:42 GMT"
        ],
        "Expires": [
          "-1"
        ],
        "Content-Length": [
          "0"
        ]
      },
      "ResponseBody": "",
      "StatusCode": 200
    },
    {
      "RequestUri": "/subscriptions/28337c71-5911-4e75-8354-c4ac645e902d/operationresults/eyJqb2JJZCI6IlJFU09VUkNFR1JPVVBERUxFVElPTkpPQi1DUlBURVNUQVI0OTE0LVNPVVRIRUFTVEFTSUEiLCJqb2JMb2NhdGlvbiI6InNvdXRoZWFzdGFzaWEifQ?api-version=2017-05-10",
      "EncodedRequestUri": "L3N1YnNjcmlwdGlvbnMvMjgzMzdjNzEtNTkxMS00ZTc1LTgzNTQtYzRhYzY0NWU5MDJkL29wZXJhdGlvbnJlc3VsdHMvZXlKcWIySkpaQ0k2SWxKRlUwOVZVa05GUjFKUFZWQkVSVXhGVkVsUFRrcFBRaTFEVWxCVVJWTlVRVkkwT1RFMExWTlBWVlJJUlVGVFZFRlRTVUVpTENKcWIySk1iMk5oZEdsdmJpSTZJbk52ZFhSb1pXRnpkR0Z6YVdFaWZRP2FwaS12ZXJzaW9uPTIwMTctMDUtMTA=",
      "RequestMethod": "GET",
      "RequestBody": "",
      "RequestHeaders": {
        "User-Agent": [
          "FxVersion/4.700.22.16002",
          "OSName/Windows",
          "OSVersion/Microsoft.Windows.10.0.19044",
          "Microsoft.Azure.Management.ResourceManager.ResourceManagementClient/1.6.0.0"
        ]
      },
      "ResponseHeaders": {
        "Cache-Control": [
          "no-cache"
        ],
        "Pragma": [
          "no-cache"
        ],
        "x-ms-ratelimit-remaining-subscription-reads": [
          "11991"
        ],
        "x-ms-request-id": [
          "149407ee-ab83-4c97-9067-8d5eed381aa9"
        ],
        "x-ms-correlation-request-id": [
          "149407ee-ab83-4c97-9067-8d5eed381aa9"
        ],
        "x-ms-routing-request-id": [
          "WESTUS:20220413T185442Z:149407ee-ab83-4c97-9067-8d5eed381aa9"
        ],
        "Strict-Transport-Security": [
          "max-age=31536000; includeSubDomains"
        ],
        "X-Content-Type-Options": [
          "nosniff"
        ],
        "Date": [
          "Wed, 13 Apr 2022 18:54:42 GMT"
        ],
        "Expires": [
          "-1"
        ],
        "Content-Length": [
          "0"
        ]
      },
      "ResponseBody": "",
      "StatusCode": 200
    }
  ],
  "Names": {
    "StartPatchSettingTest": [
      "crptestar4914"
    ],
    "TestVMWithOSProfile": [
      "crptestar8888",
      "as9663"
    ],
    "CreatePublicIP": [
      "pip4963",
      "dn5983"
    ],
    "CreateVNET": [
      "vn7869",
      "sn3577"
    ],
    "CreateNIC": [
      "nic9046",
      "ip733"
    ],
    "CreateDefaultVMInput": [
      "crptestar4302",
      "crptestar510",
      "crptestar2446",
      "vm8999",
      "Microsoft.Compute/virtualMachines1361"
    ]
  },
  "Variables": {
    "SubscriptionId": "28337c71-5911-4e75-8354-c4ac645e902d"
  }
}