{
  "Entries": [
    {
      "RequestUri": "https://management.azure.com/subscriptions/db1ab6f0-4769-4b27-930e-01e2ef9c123c?api-version=2019-11-01",
      "RequestMethod": "GET",
      "RequestHeaders": {
        "Accept": "application/json",
        "Authorization": "Sanitized",
        "User-Agent": "azsdk-net-ResourceManager/1.0.0-alpha.20210727.1 (.NET Framework 4.8.4300.0; Microsoft Windows 10.0.19043 )",
        "x-ms-client-request-id": "57b562f003936f4675e2003ed76e4d13",
        "x-ms-return-client-request-id": "true"
      },
      "RequestBody": null,
      "StatusCode": 200,
      "ResponseHeaders": {
        "Cache-Control": "no-cache",
        "Content-Length": "468",
        "Content-Type": "application/json; charset=utf-8",
        "Date": "Fri, 30 Jul 2021 07:07:32 GMT",
        "Expires": "-1",
        "Pragma": "no-cache",
        "Strict-Transport-Security": "max-age=31536000; includeSubDomains",
        "X-Content-Type-Options": "nosniff",
        "x-ms-correlation-request-id": "1175464c-8e8f-46f1-a4da-dcb7b7ba319f",
        "x-ms-ratelimit-remaining-subscription-reads": "11915",
        "x-ms-request-id": "1175464c-8e8f-46f1-a4da-dcb7b7ba319f",
        "x-ms-routing-request-id": "WESTUS:20210730T070733Z:1175464c-8e8f-46f1-a4da-dcb7b7ba319f"
      },
      "ResponseBody": {
        "id": "/subscriptions/db1ab6f0-4769-4b27-930e-01e2ef9c123c",
        "authorizationSource": "RoleBased",
        "managedByTenants": [],
        "tags": {
          "tagKey1": "tagValue1",
          "tagKey2": "tagValue2"
        },
        "subscriptionId": "db1ab6f0-4769-4b27-930e-01e2ef9c123c",
        "tenantId": "72f988bf-86f1-41af-91ab-2d7cd011db47",
        "displayName": ".NET Mgmt SDK Test with TTL = 1 Day",
        "state": "Enabled",
        "subscriptionPolicies": {
          "locationPlacementId": "Internal_2014-09-01",
          "quotaId": "Internal_2014-09-01",
          "spendingLimit": "Off"
        }
      }
    },
    {
      "RequestUri": "https://management.azure.com/subscriptions/db1ab6f0-4769-4b27-930e-01e2ef9c123c/resourcegroups/test-ComputeResourceContainer8875?api-version=2019-10-01",
      "RequestMethod": "GET",
      "RequestHeaders": {
        "Accept": "application/json",
        "Authorization": "Sanitized",
        "traceparent": "00-388aef06396f994bba9be322267d8310-8050f225d0a4f94a-00",
        "User-Agent": "azsdk-net-ResourceManager/1.0.0-alpha.20210727.1 (.NET Framework 4.8.4300.0; Microsoft Windows 10.0.19043 )",
        "x-ms-client-request-id": "0d3b7aeafeae82c602fdc4a08b339544",
        "x-ms-return-client-request-id": "true"
      },
      "RequestBody": null,
      "StatusCode": 200,
      "ResponseHeaders": {
        "Cache-Control": "no-cache",
        "Content-Length": "274",
        "Content-Type": "application/json; charset=utf-8",
        "Date": "Fri, 30 Jul 2021 07:07:32 GMT",
        "Expires": "-1",
        "Pragma": "no-cache",
        "Strict-Transport-Security": "max-age=31536000; includeSubDomains",
        "X-Content-Type-Options": "nosniff",
        "x-ms-correlation-request-id": "b82cbb94-4449-42d3-99ec-445cb8b8e8f4",
        "x-ms-ratelimit-remaining-subscription-reads": "11914",
        "x-ms-request-id": "b82cbb94-4449-42d3-99ec-445cb8b8e8f4",
        "x-ms-routing-request-id": "WESTUS:20210730T070733Z:b82cbb94-4449-42d3-99ec-445cb8b8e8f4"
      },
      "ResponseBody": {
        "id": "/subscriptions/db1ab6f0-4769-4b27-930e-01e2ef9c123c/resourceGroups/test-ComputeResourceContainer8875",
        "name": "test-ComputeResourceContainer8875",
        "type": "Microsoft.Resources/resourceGroups",
        "location": "westus2",
        "tags": {},
        "properties": {
          "provisioningState": "Succeeded"
        }
      }
    },
    {
      "RequestUri": "https://management.azure.com/subscriptions/db1ab6f0-4769-4b27-930e-01e2ef9c123c/resourceGroups/test-ComputeResourceContainer8875/providers/Microsoft.MachineLearningServices/workspaces/test-workspace2820?api-version=2021-03-01-preview",
      "RequestMethod": "GET",
      "RequestHeaders": {
        "Accept": "application/json",
        "Authorization": "Sanitized",
        "User-Agent": "azsdk-net-ResourceManager/1.0.0-alpha.20210727.1 (.NET Framework 4.8.4300.0; Microsoft Windows 10.0.19043 )",
        "x-ms-client-request-id": "80a5634f659ac0adc2ee831dfda74f32",
        "x-ms-return-client-request-id": "true"
      },
      "RequestBody": null,
      "StatusCode": 200,
      "ResponseHeaders": {
        "Cache-Control": "no-cache",
        "Content-Length": "2650",
        "Content-Type": "application/json; charset=utf-8",
        "Date": "Fri, 30 Jul 2021 07:07:32 GMT",
        "Expires": "-1",
        "Pragma": "no-cache",
        "Request-Context": "appId=cid-v1:2d2e8e63-272e-4b3c-8598-4ee570a0e70d",
        "Strict-Transport-Security": "max-age=31536000; includeSubDomains",
        "Vary": "Accept-Encoding",
        "X-Content-Type-Options": "nosniff",
        "x-ms-client-request-id": "80a5634f659ac0adc2ee831dfda74f32",
        "x-ms-client-session-id": "",
        "x-ms-correlation-request-id": "886a5010-25fc-4aea-bd49-1ff0502cdc6c",
        "x-ms-ratelimit-remaining-subscription-reads": "11913",
        "x-ms-request-id": "886a5010-25fc-4aea-bd49-1ff0502cdc6c",
        "x-ms-response-type": "standard",
        "x-ms-routing-request-id": "WESTUS:20210730T070733Z:886a5010-25fc-4aea-bd49-1ff0502cdc6c",
        "x-request-time": "0.016"
      },
      "ResponseBody": [
        "{\n",
        "  \u0022id\u0022: \u0022/subscriptions/db1ab6f0-4769-4b27-930e-01e2ef9c123c/resourceGroups/test-ComputeResourceContainer8875/providers/Microsoft.MachineLearningServices/workspaces/test-workspace2820\u0022,\n",
        "  \u0022name\u0022: \u0022test-workspace2820\u0022,\n",
        "  \u0022type\u0022: \u0022Microsoft.MachineLearningServices/workspaces\u0022,\n",
        "  \u0022location\u0022: \u0022westus2\u0022,\n",
        "  \u0022tags\u0022: {},\n",
        "  \u0022etag\u0022: null,\n",
        "  \u0022properties\u0022: {\n",
        "    \u0022friendlyName\u0022: \u0022\u0022,\n",
        "    \u0022description\u0022: \u0022\u0022,\n",
        "    \u0022storageAccount\u0022: \u0022/subscriptions/db1ab6f0-4769-4b27-930e-01e2ef9c123c/resourcegroups/test-ml-common/providers/microsoft.storage/storageaccounts/track2mlstorage\u0022,\n",
        "    \u0022keyVault\u0022: \u0022/subscriptions/db1ab6f0-4769-4b27-930e-01e2ef9c123c/resourcegroups/test-ml-common/providers/microsoft.keyvault/vaults/track2mltestkeyvault\u0022,\n",
        "    \u0022applicationInsights\u0022: \u0022/subscriptions/db1ab6f0-4769-4b27-930e-01e2ef9c123c/resourcegroups/test-ml-common/providers/microsoft.insights/components/track2mlappinsight\u0022,\n",
        "    \u0022hbiWorkspace\u0022: false,\n",
        "    \u0022tenantId\u0022: \u002272f988bf-86f1-41af-91ab-2d7cd011db47\u0022,\n",
        "    \u0022imageBuildCompute\u0022: \u0022\u0022,\n",
        "    \u0022provisioningState\u0022: \u0022Succeeded\u0022,\n",
        "    \u0022containerRegistry\u0022: \u0022/subscriptions/db1ab6f0-4769-4b27-930e-01e2ef9c123c/resourcegroups/test-ml-common/providers/microsoft.containerregistry/registries/track2mlacr\u0022,\n",
        "    \u0022notebookInfo\u0022: {\n",
        "      \u0022resourceId\u0022: \u002201f1dd02c40848ea95b94155c193767f\u0022,\n",
        "      \u0022fqdn\u0022: \u0022ml-test-workspace2-westus2-3b05df63-c5c8-44f2-b9f1-42297dee8097.notebooks.azure.net\u0022,\n",
        "      \u0022isPrivateLinkEnabled\u0022: false,\n",
        "      \u0022notebookPreparationError\u0022: null\n",
        "    },\n",
        "    \u0022storageHnsEnabled\u0022: false,\n",
        "    \u0022workspaceId\u0022: \u00223b05df63-c5c8-44f2-b9f1-42297dee8097\u0022,\n",
        "    \u0022linkedModelInventoryArmId\u0022: null,\n",
        "    \u0022privateLinkCount\u0022: 0,\n",
        "    \u0022allowPublicAccessWhenBehindVnet\u0022: false,\n",
        "    \u0022publicNetworkAccess\u0022: \u0022Disabled\u0022,\n",
        "    \u0022discoveryUrl\u0022: \u0022https://westus2.api.azureml.ms/discovery\u0022,\n",
        "    \u0022mlFlowTrackingUri\u0022: \u0022azureml://westus2.api.azureml.ms/mlflow/v1.0//subscriptions/db1ab6f0-4769-4b27-930e-01e2ef9c123c/resourceGroups/test-ComputeResourceContainer8875/providers/Microsoft.MachineLearningServices/workspaces/test-workspace2820\u0022,\n",
        "    \u0022sdkTelemetryAppInsightsKey\u0022: \u002219f24253-9564-406c-9a1e-a48a21b145aa\u0022\n",
        "  },\n",
        "  \u0022identity\u0022: {\n",
        "    \u0022type\u0022: \u0022SystemAssigned\u0022,\n",
        "    \u0022principalId\u0022: \u0022fb2a1240-fd19-4612-8ace-c5287da49b88\u0022,\n",
        "    \u0022tenantId\u0022: \u002272f988bf-86f1-41af-91ab-2d7cd011db47\u0022\n",
        "  },\n",
        "  \u0022sku\u0022: {\n",
        "    \u0022name\u0022: \u0022Basic\u0022,\n",
        "    \u0022tier\u0022: \u0022Basic\u0022\n",
        "  },\n",
        "  \u0022systemData\u0022: {\n",
        "    \u0022createdAt\u0022: \u00222021-07-30T07:06:08.441116Z\u0022,\n",
        "    \u0022createdBy\u0022: \u0022518a1118-468e-499c-a0bf-d601c8fc6adc\u0022,\n",
        "    \u0022createdByType\u0022: \u0022Application\u0022,\n",
        "    \u0022lastModifiedAt\u0022: \u00222021-07-30T07:06:08.441116Z\u0022,\n",
        "    \u0022lastModifiedBy\u0022: \u0022518a1118-468e-499c-a0bf-d601c8fc6adc\u0022,\n",
        "    \u0022lastModifiedByType\u0022: \u0022Application\u0022\n",
        "  }\n",
        "}"
      ]
    },
    {
      "RequestUri": "https://management.azure.com/subscriptions/db1ab6f0-4769-4b27-930e-01e2ef9c123c/resourceGroups/test-ComputeResourceContainer8875/providers/Microsoft.MachineLearningServices/workspaces/test-workspace2820/computes/testresource3057?api-version=2021-03-01-preview",
      "RequestMethod": "PUT",
      "RequestHeaders": {
        "Accept": "application/json",
        "Authorization": "Sanitized",
        "Content-Length": "141",
        "Content-Type": "application/json",
        "User-Agent": "azsdk-net-ResourceManager/1.0.0-alpha.20210727.1 (.NET Framework 4.8.4300.0; Microsoft Windows 10.0.19043 )",
        "x-ms-client-request-id": "f142f5c23acef1019c3254953fa6e441",
        "x-ms-return-client-request-id": "true"
      },
      "RequestBody": {
        "location": "westus2",
        "properties": {
          "properties": {
            "vmSize": "Standard_DS2_v2",
            "scaleSettings": {
              "maxNodeCount": 2
            }
          },
          "computeType": "AmlCompute"
        }
      },
      "StatusCode": 201,
      "ResponseHeaders": {
        "Azure-AsyncOperation": "https://management.azure.com/subscriptions/db1ab6f0-4769-4b27-930e-01e2ef9c123c/providers/Microsoft.MachineLearningServices/locations/westus2/computeOperationsStatus/ee64a58e-6f51-49ff-8703-6e391bdef3af?api-version=2021-03-01-preview\u0026service=new",
        "Cache-Control": "no-cache",
        "Content-Length": "1373",
        "Content-Type": "application/json; charset=utf-8",
        "Date": "Fri, 30 Jul 2021 07:07:33 GMT",
        "Expires": "-1",
        "Pragma": "no-cache",
        "Request-Context": "appId=cid-v1:2d2e8e63-272e-4b3c-8598-4ee570a0e70d",
        "Strict-Transport-Security": "max-age=31536000; includeSubDomains",
        "X-Content-Type-Options": "nosniff",
        "x-ms-correlation-request-id": "4c1d5556-f8f6-474d-a4df-02b24920b8a9",
        "x-ms-ratelimit-remaining-subscription-writes": "1196",
        "x-ms-request-id": "4c1d5556-f8f6-474d-a4df-02b24920b8a9",
        "x-ms-response-type": "standard",
        "x-ms-routing-request-id": "WESTUS:20210730T070733Z:4c1d5556-f8f6-474d-a4df-02b24920b8a9",
        "x-request-time": "0.420"
      },
      "ResponseBody": [
        "{\n",
        "  \u0022id\u0022: \u0022/subscriptions/db1ab6f0-4769-4b27-930e-01e2ef9c123c/resourceGroups/test-ComputeResourceContainer8875/providers/Microsoft.MachineLearningServices/workspaces/test-workspace2820/computes/testresource3057\u0022,\n",
        "  \u0022name\u0022: \u0022testresource3057\u0022,\n",
        "  \u0022type\u0022: \u0022Microsoft.MachineLearningServices/workspaces/computes\u0022,\n",
        "  \u0022location\u0022: \u0022westus2\u0022,\n",
        "  \u0022tags\u0022: {},\n",
        "  \u0022properties\u0022: {\n",
        "    \u0022createdOn\u0022: \u00222021-07-30T07:07:05.1510306\u002B00:00\u0022,\n",
        "    \u0022modifiedOn\u0022: \u00222021-07-30T07:07:33.8576961\u002B00:00\u0022,\n",
        "    \u0022disableLocalAuth\u0022: false,\n",
        "    \u0022description\u0022: null,\n",
        "    \u0022resourceId\u0022: \u0022/subscriptions/db1ab6f0-4769-4b27-930e-01e2ef9c123c/resourceGroups/test-computeresourcecontainer8875/providers/Microsoft.BatchAI/workspaces/test-workspace2820/clusters/testresource3057\u0022,\n",
        "    \u0022computeType\u0022: \u0022AmlCompute\u0022,\n",
        "    \u0022computeLocation\u0022: \u0022westus2\u0022,\n",
        "    \u0022provisioningState\u0022: \u0022Creating\u0022,\n",
        "    \u0022provisioningErrors\u0022: null,\n",
        "    \u0022isAttachedCompute\u0022: false,\n",
        "    \u0022properties\u0022: {\n",
        "      \u0022vmSize\u0022: \u0022STANDARD_DS2_V2\u0022,\n",
        "      \u0022vmPriority\u0022: \u0022Dedicated\u0022,\n",
        "      \u0022scaleSettings\u0022: {\n",
        "        \u0022maxNodeCount\u0022: 2,\n",
        "        \u0022minNodeCount\u0022: 0,\n",
        "        \u0022nodeIdleTimeBeforeScaleDown\u0022: null\n",
        "      },\n",
        "      \u0022subnet\u0022: null,\n",
        "      \u0022currentNodeCount\u0022: null,\n",
        "      \u0022targetNodeCount\u0022: null,\n",
        "      \u0022nodeStateCounts\u0022: null,\n",
        "      \u0022allocationState\u0022: null,\n",
        "      \u0022errors\u0022: null,\n",
        "      \u0022virtualMachineImage\u0022: null,\n",
        "      \u0022isolatedNetwork\u0022: false\n",
        "    }\n",
        "  }\n",
        "}"
      ]
    },
    {
      "RequestUri": "https://management.azure.com/subscriptions/db1ab6f0-4769-4b27-930e-01e2ef9c123c/providers/Microsoft.MachineLearningServices/locations/westus2/computeOperationsStatus/ee64a58e-6f51-49ff-8703-6e391bdef3af?api-version=2021-03-01-preview\u0026service=new",
      "RequestMethod": "GET",
      "RequestHeaders": {
        "Authorization": "Sanitized",
        "User-Agent": "azsdk-net-ResourceManager/1.0.0-alpha.20210727.1 (.NET Framework 4.8.4300.0; Microsoft Windows 10.0.19043 )",
        "x-ms-client-request-id": "95de91ada4f1147662b3e4671017801b",
        "x-ms-return-client-request-id": "true"
      },
      "RequestBody": null,
      "StatusCode": 200,
      "ResponseHeaders": {
        "Cache-Control": "no-cache",
        "Content-Length": "55",
        "Content-Type": "application/json; charset=utf-8",
        "Date": "Fri, 30 Jul 2021 07:07:33 GMT",
        "Expires": "-1",
        "Pragma": "no-cache",
        "Request-Context": "appId=cid-v1:2d2e8e63-272e-4b3c-8598-4ee570a0e70d",
        "Strict-Transport-Security": "max-age=31536000; includeSubDomains",
        "X-Content-Type-Options": "nosniff",
        "x-ms-correlation-request-id": "ed01ec7b-9331-4207-bb92-02734154480c",
        "x-ms-ratelimit-remaining-subscription-reads": "11912",
        "x-ms-request-id": "ed01ec7b-9331-4207-bb92-02734154480c",
        "x-ms-response-type": "standard",
        "x-ms-routing-request-id": "WESTUS:20210730T070733Z:ed01ec7b-9331-4207-bb92-02734154480c",
        "x-request-time": "0.026"
      },
      "ResponseBody": [
        "{\n",
        "  \u0022status\u0022: \u0022Succeeded\u0022,\n",
        "  \u0022percentComplete\u0022: 100.0\n",
        "}"
      ]
    },
    {
      "RequestUri": "https://management.azure.com/subscriptions/db1ab6f0-4769-4b27-930e-01e2ef9c123c/resourceGroups/test-ComputeResourceContainer8875/providers/Microsoft.MachineLearningServices/workspaces/test-workspace2820/computes/testresource3057?api-version=2021-03-01-preview",
      "RequestMethod": "GET",
      "RequestHeaders": {
        "Authorization": "Sanitized",
        "User-Agent": "azsdk-net-ResourceManager/1.0.0-alpha.20210727.1 (.NET Framework 4.8.4300.0; Microsoft Windows 10.0.19043 )",
        "x-ms-client-request-id": "42d0410adbb8f5697cbd2453ee4176f3",
        "x-ms-return-client-request-id": "true"
      },
      "RequestBody": null,
      "StatusCode": 200,
      "ResponseHeaders": {
        "Cache-Control": "no-cache",
        "Content-Length": "1529",
        "Content-Type": "application/json; charset=utf-8",
        "Date": "Fri, 30 Jul 2021 07:07:33 GMT",
        "Expires": "-1",
        "Pragma": "no-cache",
        "Request-Context": "appId=cid-v1:2d2e8e63-272e-4b3c-8598-4ee570a0e70d",
        "Strict-Transport-Security": "max-age=31536000; includeSubDomains",
        "Vary": "Accept-Encoding",
        "X-Content-Type-Options": "nosniff",
        "x-ms-client-request-id": "42d0410adbb8f5697cbd2453ee4176f3",
        "x-ms-client-session-id": "",
        "x-ms-correlation-request-id": "f552356c-8dab-4956-a856-754754b5617a",
        "x-ms-ratelimit-remaining-subscription-reads": "11911",
        "x-ms-request-id": "f552356c-8dab-4956-a856-754754b5617a",
        "x-ms-response-type": "standard",
        "x-ms-routing-request-id": "WESTUS:20210730T070734Z:f552356c-8dab-4956-a856-754754b5617a",
        "x-request-time": "0.341"
      },
      "ResponseBody": [
        "{\n",
        "  \u0022id\u0022: \u0022/subscriptions/db1ab6f0-4769-4b27-930e-01e2ef9c123c/resourceGroups/test-ComputeResourceContainer8875/providers/Microsoft.MachineLearningServices/workspaces/test-workspace2820/computes/testresource3057\u0022,\n",
        "  \u0022name\u0022: \u0022testresource3057\u0022,\n",
        "  \u0022type\u0022: \u0022Microsoft.MachineLearningServices/workspaces/computes\u0022,\n",
        "  \u0022location\u0022: \u0022westus2\u0022,\n",
        "  \u0022tags\u0022: {},\n",
        "  \u0022properties\u0022: {\n",
        "    \u0022createdOn\u0022: \u00222021-07-30T07:07:05.1510306\u002B00:00\u0022,\n",
        "    \u0022modifiedOn\u0022: \u00222021-07-30T07:07:33.9135746\u002B00:00\u0022,\n",
        "    \u0022disableLocalAuth\u0022: false,\n",
        "    \u0022description\u0022: null,\n",
        "    \u0022resourceId\u0022: null,\n",
        "    \u0022computeType\u0022: \u0022AmlCompute\u0022,\n",
        "    \u0022computeLocation\u0022: \u0022westus2\u0022,\n",
        "    \u0022provisioningState\u0022: \u0022Succeeded\u0022,\n",
        "    \u0022provisioningErrors\u0022: null,\n",
        "    \u0022isAttachedCompute\u0022: false,\n",
        "    \u0022properties\u0022: {\n",
        "      \u0022vmSize\u0022: \u0022STANDARD_DS2_V2\u0022,\n",
        "      \u0022vmPriority\u0022: \u0022Dedicated\u0022,\n",
        "      \u0022scaleSettings\u0022: {\n",
        "        \u0022maxNodeCount\u0022: 2,\n",
        "        \u0022minNodeCount\u0022: 0,\n",
        "        \u0022nodeIdleTimeBeforeScaleDown\u0022: \u0022PT2M\u0022\n",
        "      },\n",
        "      \u0022subnet\u0022: null,\n",
        "      \u0022currentNodeCount\u0022: 0,\n",
        "      \u0022targetNodeCount\u0022: 0,\n",
        "      \u0022nodeStateCounts\u0022: {\n",
        "        \u0022preparingNodeCount\u0022: 0,\n",
        "        \u0022runningNodeCount\u0022: 0,\n",
        "        \u0022idleNodeCount\u0022: 0,\n",
        "        \u0022unusableNodeCount\u0022: 0,\n",
        "        \u0022leavingNodeCount\u0022: 0,\n",
        "        \u0022preemptedNodeCount\u0022: 0\n",
        "      },\n",
        "      \u0022allocationState\u0022: \u0022Steady\u0022,\n",
        "      \u0022allocationStateTransitionTime\u0022: \u00222021-07-30T07:07:28.118\u002B00:00\u0022,\n",
        "      \u0022errors\u0022: null,\n",
        "      \u0022remoteLoginPortPublicAccess\u0022: \u0022Enabled\u0022,\n",
        "      \u0022osType\u0022: \u0022Linux\u0022,\n",
        "      \u0022virtualMachineImage\u0022: null,\n",
        "      \u0022isolatedNetwork\u0022: false\n",
        "    }\n",
        "  }\n",
        "}"
      ]
    }
  ],
  "Variables": {
    "RandomSeed": "1703209199",
    "RESOURCE_MANAGER_URL": null,
    "SUBSCRIPTION_ID": "db1ab6f0-4769-4b27-930e-01e2ef9c123c"
  }
}