{
  "Entries": [
    {
      "RequestUri": "https://management.azure.com/subscriptions/db1ab6f0-4769-4b27-930e-01e2ef9c123c?api-version=2019-11-01",
      "RequestMethod": "GET",
      "RequestHeaders": {
        "Accept": "application/json",
        "Authorization": "Sanitized",
        "User-Agent": "azsdk-net-ResourceManager/1.0.0-alpha.20210730.2 (.NET Framework 4.8.4300.0; Microsoft Windows 10.0.19043 )",
        "x-ms-client-request-id": "72ccfb0c2cdd6ccf535e4b6d9513761d",
        "x-ms-return-client-request-id": "true"
      },
      "RequestBody": null,
      "StatusCode": 200,
      "ResponseHeaders": {
        "Cache-Control": "no-cache",
        "Content-Length": "468",
        "Content-Type": "application/json; charset=utf-8",
        "Date": "Sun, 01 Aug 2021 08:12:26 GMT",
        "Expires": "-1",
        "Pragma": "no-cache",
        "Strict-Transport-Security": "max-age=31536000; includeSubDomains",
        "X-Content-Type-Options": "nosniff",
        "x-ms-correlation-request-id": "527461c7-60b4-462d-9cb9-786e496e3b5d",
        "x-ms-ratelimit-remaining-subscription-reads": "11787",
        "x-ms-request-id": "527461c7-60b4-462d-9cb9-786e496e3b5d",
        "x-ms-routing-request-id": "WESTUS:20210801T081226Z:527461c7-60b4-462d-9cb9-786e496e3b5d"
      },
      "ResponseBody": {
        "id": "/subscriptions/db1ab6f0-4769-4b27-930e-01e2ef9c123c",
        "authorizationSource": "RoleBased",
        "managedByTenants": [],
        "tags": {
          "tagKey1": "tagValue1",
          "tagKey2": "tagValue2"
        },
        "subscriptionId": "db1ab6f0-4769-4b27-930e-01e2ef9c123c",
        "tenantId": "72f988bf-86f1-41af-91ab-2d7cd011db47",
        "displayName": ".NET Mgmt SDK Test with TTL = 1 Day",
        "state": "Enabled",
        "subscriptionPolicies": {
          "locationPlacementId": "Internal_2014-09-01",
          "quotaId": "Internal_2014-09-01",
          "spendingLimit": "Off"
        }
      }
    },
    {
      "RequestUri": "https://management.azure.com/subscriptions/db1ab6f0-4769-4b27-930e-01e2ef9c123c/resourcegroups/test-ComputeResourceContainer8875?api-version=2019-10-01",
      "RequestMethod": "GET",
      "RequestHeaders": {
        "Accept": "application/json",
        "Authorization": "Sanitized",
        "traceparent": "00-30560a38e4aaf742945be456d6a319e8-35ce87c4097e2340-00",
        "User-Agent": "azsdk-net-ResourceManager/1.0.0-alpha.20210730.2 (.NET Framework 4.8.4300.0; Microsoft Windows 10.0.19043 )",
        "x-ms-client-request-id": "befefa13c0d4905897ecca2111948df4",
        "x-ms-return-client-request-id": "true"
      },
      "RequestBody": null,
      "StatusCode": 200,
      "ResponseHeaders": {
        "Cache-Control": "no-cache",
        "Content-Length": "274",
        "Content-Type": "application/json; charset=utf-8",
        "Date": "Sun, 01 Aug 2021 08:12:26 GMT",
        "Expires": "-1",
        "Pragma": "no-cache",
        "Strict-Transport-Security": "max-age=31536000; includeSubDomains",
        "X-Content-Type-Options": "nosniff",
        "x-ms-correlation-request-id": "5ed6b746-6c9a-49bd-bc0d-313f02c8e0da",
        "x-ms-ratelimit-remaining-subscription-reads": "11786",
        "x-ms-request-id": "5ed6b746-6c9a-49bd-bc0d-313f02c8e0da",
        "x-ms-routing-request-id": "WESTUS:20210801T081226Z:5ed6b746-6c9a-49bd-bc0d-313f02c8e0da"
      },
      "ResponseBody": {
        "id": "/subscriptions/db1ab6f0-4769-4b27-930e-01e2ef9c123c/resourceGroups/test-ComputeResourceContainer8875",
        "name": "test-ComputeResourceContainer8875",
        "type": "Microsoft.Resources/resourceGroups",
        "location": "westus2",
        "tags": {},
        "properties": {
          "provisioningState": "Succeeded"
        }
      }
    },
    {
      "RequestUri": "https://management.azure.com/subscriptions/db1ab6f0-4769-4b27-930e-01e2ef9c123c/resourceGroups/test-ComputeResourceContainer8875/providers/Microsoft.MachineLearningServices/workspaces/test-workspace2820?api-version=2021-03-01-preview",
      "RequestMethod": "GET",
      "RequestHeaders": {
        "Accept": "application/json",
        "Authorization": "Sanitized",
        "User-Agent": "azsdk-net-ResourceManager/1.0.0-alpha.20210730.2 (.NET Framework 4.8.4300.0; Microsoft Windows 10.0.19043 )",
        "x-ms-client-request-id": "8e21651a8d39d4ca795a269ec222f240",
        "x-ms-return-client-request-id": "true"
      },
      "RequestBody": null,
      "StatusCode": 200,
      "ResponseHeaders": {
        "Cache-Control": "no-cache",
        "Content-Length": "2652",
        "Content-Type": "application/json; charset=utf-8",
        "Date": "Sun, 01 Aug 2021 08:12:26 GMT",
        "Expires": "-1",
        "Pragma": "no-cache",
        "Request-Context": "appId=cid-v1:2d2e8e63-272e-4b3c-8598-4ee570a0e70d",
        "Strict-Transport-Security": "max-age=31536000; includeSubDomains",
        "Vary": "Accept-Encoding",
        "X-Content-Type-Options": "nosniff",
        "x-ms-client-request-id": "8e21651a8d39d4ca795a269ec222f240",
        "x-ms-client-session-id": "",
        "x-ms-correlation-request-id": "608c433c-76e9-47cf-9635-e0a87db1a921",
        "x-ms-ratelimit-remaining-subscription-reads": "11785",
        "x-ms-request-id": "608c433c-76e9-47cf-9635-e0a87db1a921",
        "x-ms-response-type": "standard",
        "x-ms-routing-request-id": "WESTUS:20210801T081227Z:608c433c-76e9-47cf-9635-e0a87db1a921",
        "x-request-time": "0.018"
      },
      "ResponseBody": [
        "{\n",
        "  \u0022id\u0022: \u0022/subscriptions/db1ab6f0-4769-4b27-930e-01e2ef9c123c/resourceGroups/test-ComputeResourceContainer8875/providers/Microsoft.MachineLearningServices/workspaces/test-workspace2820\u0022,\n",
        "  \u0022name\u0022: \u0022test-workspace2820\u0022,\n",
        "  \u0022type\u0022: \u0022Microsoft.MachineLearningServices/workspaces\u0022,\n",
        "  \u0022location\u0022: \u0022westus2\u0022,\n",
        "  \u0022tags\u0022: {},\n",
        "  \u0022etag\u0022: null,\n",
        "  \u0022properties\u0022: {\n",
        "    \u0022friendlyName\u0022: \u0022\u0022,\n",
        "    \u0022description\u0022: \u0022\u0022,\n",
        "    \u0022storageAccount\u0022: \u0022/subscriptions/db1ab6f0-4769-4b27-930e-01e2ef9c123c/resourcegroups/test-ml-common/providers/microsoft.storage/storageaccounts/track2mlstorage\u0022,\n",
        "    \u0022keyVault\u0022: \u0022/subscriptions/db1ab6f0-4769-4b27-930e-01e2ef9c123c/resourcegroups/test-ml-common/providers/microsoft.keyvault/vaults/track2mltestkeyvault\u0022,\n",
        "    \u0022applicationInsights\u0022: \u0022/subscriptions/db1ab6f0-4769-4b27-930e-01e2ef9c123c/resourcegroups/test-ml-common/providers/microsoft.insights/components/track2mlappinsight\u0022,\n",
        "    \u0022hbiWorkspace\u0022: false,\n",
        "    \u0022tenantId\u0022: \u002272f988bf-86f1-41af-91ab-2d7cd011db47\u0022,\n",
        "    \u0022imageBuildCompute\u0022: \u0022\u0022,\n",
        "    \u0022provisioningState\u0022: \u0022Succeeded\u0022,\n",
        "    \u0022containerRegistry\u0022: \u0022/subscriptions/db1ab6f0-4769-4b27-930e-01e2ef9c123c/resourcegroups/test-ml-common/providers/microsoft.containerregistry/registries/track2mlacr\u0022,\n",
        "    \u0022notebookInfo\u0022: {\n",
        "      \u0022resourceId\u0022: \u0022eaee5d122f734018b505ab7256c70984\u0022,\n",
        "      \u0022fqdn\u0022: \u0022ml-test-workspace2-westus2-af017e2e-e766-4300-8865-ed649ea43bb7.notebooks.azure.net\u0022,\n",
        "      \u0022isPrivateLinkEnabled\u0022: false,\n",
        "      \u0022notebookPreparationError\u0022: null\n",
        "    },\n",
        "    \u0022storageHnsEnabled\u0022: false,\n",
        "    \u0022workspaceId\u0022: \u0022af017e2e-e766-4300-8865-ed649ea43bb7\u0022,\n",
        "    \u0022linkedModelInventoryArmId\u0022: null,\n",
        "    \u0022privateLinkCount\u0022: 0,\n",
        "    \u0022allowPublicAccessWhenBehindVnet\u0022: false,\n",
        "    \u0022publicNetworkAccess\u0022: \u0022Disabled\u0022,\n",
        "    \u0022discoveryUrl\u0022: \u0022https://westus2.api.azureml.ms/discovery\u0022,\n",
        "    \u0022mlFlowTrackingUri\u0022: \u0022azureml://westus2.api.azureml.ms/mlflow/v1.0//subscriptions/db1ab6f0-4769-4b27-930e-01e2ef9c123c/resourceGroups/test-ComputeResourceContainer8875/providers/Microsoft.MachineLearningServices/workspaces/test-workspace2820\u0022,\n",
        "    \u0022sdkTelemetryAppInsightsKey\u0022: \u002273498d6d-b9a0-4d3b-9a6c-84285b86bea8\u0022\n",
        "  },\n",
        "  \u0022identity\u0022: {\n",
        "    \u0022type\u0022: \u0022SystemAssigned\u0022,\n",
        "    \u0022principalId\u0022: \u00225a9a033e-fcf4-435f-aa6e-bd8335cfe4a0\u0022,\n",
        "    \u0022tenantId\u0022: \u002272f988bf-86f1-41af-91ab-2d7cd011db47\u0022\n",
        "  },\n",
        "  \u0022sku\u0022: {\n",
        "    \u0022name\u0022: \u0022Basic\u0022,\n",
        "    \u0022tier\u0022: \u0022Basic\u0022\n",
        "  },\n",
        "  \u0022systemData\u0022: {\n",
        "    \u0022createdAt\u0022: \u00222021-08-01T08:10:59.7400452Z\u0022,\n",
        "    \u0022createdBy\u0022: \u0022518a1118-468e-499c-a0bf-d601c8fc6adc\u0022,\n",
        "    \u0022createdByType\u0022: \u0022Application\u0022,\n",
        "    \u0022lastModifiedAt\u0022: \u00222021-08-01T08:10:59.7400452Z\u0022,\n",
        "    \u0022lastModifiedBy\u0022: \u0022518a1118-468e-499c-a0bf-d601c8fc6adc\u0022,\n",
        "    \u0022lastModifiedByType\u0022: \u0022Application\u0022\n",
        "  }\n",
        "}"
      ]
    },
    {
      "RequestUri": "https://management.azure.com/subscriptions/db1ab6f0-4769-4b27-930e-01e2ef9c123c/resourceGroups/test-ComputeResourceContainer8875/providers/Microsoft.MachineLearningServices/workspaces/test-workspace2820/computes/testresource3057?api-version=2021-03-01-preview",
      "RequestMethod": "PUT",
      "RequestHeaders": {
        "Accept": "application/json",
        "Authorization": "Sanitized",
        "Content-Length": "141",
        "Content-Type": "application/json",
        "User-Agent": "azsdk-net-ResourceManager/1.0.0-alpha.20210730.2 (.NET Framework 4.8.4300.0; Microsoft Windows 10.0.19043 )",
        "x-ms-client-request-id": "5b507caac36f4bcca33bdaf062ad5abe",
        "x-ms-return-client-request-id": "true"
      },
      "RequestBody": {
        "location": "westus2",
        "properties": {
          "properties": {
            "vmSize": "Standard_DS2_v2",
            "scaleSettings": {
              "maxNodeCount": 2
            }
          },
          "computeType": "AmlCompute"
        }
      },
      "StatusCode": 201,
      "ResponseHeaders": {
        "Azure-AsyncOperation": "https://management.azure.com/subscriptions/db1ab6f0-4769-4b27-930e-01e2ef9c123c/providers/Microsoft.MachineLearningServices/locations/westus2/computeOperationsStatus/0e0c70ca-3158-4cde-a994-0caec6d558d1?api-version=2021-03-01-preview\u0026service=new",
        "Cache-Control": "no-cache",
        "Content-Length": "1373",
        "Content-Type": "application/json; charset=utf-8",
        "Date": "Sun, 01 Aug 2021 08:12:26 GMT",
        "Expires": "-1",
        "Pragma": "no-cache",
        "Request-Context": "appId=cid-v1:2d2e8e63-272e-4b3c-8598-4ee570a0e70d",
        "Strict-Transport-Security": "max-age=31536000; includeSubDomains",
        "X-Content-Type-Options": "nosniff",
        "x-ms-correlation-request-id": "d7c760bc-4791-469e-8d7b-86ac68c6fcb4",
        "x-ms-ratelimit-remaining-subscription-writes": "1187",
        "x-ms-request-id": "d7c760bc-4791-469e-8d7b-86ac68c6fcb4",
        "x-ms-response-type": "standard",
        "x-ms-routing-request-id": "WESTUS:20210801T081227Z:d7c760bc-4791-469e-8d7b-86ac68c6fcb4",
        "x-request-time": "0.476"
      },
      "ResponseBody": [
        "{\n",
        "  \u0022id\u0022: \u0022/subscriptions/db1ab6f0-4769-4b27-930e-01e2ef9c123c/resourceGroups/test-ComputeResourceContainer8875/providers/Microsoft.MachineLearningServices/workspaces/test-workspace2820/computes/testresource3057\u0022,\n",
        "  \u0022name\u0022: \u0022testresource3057\u0022,\n",
        "  \u0022type\u0022: \u0022Microsoft.MachineLearningServices/workspaces/computes\u0022,\n",
        "  \u0022location\u0022: \u0022westus2\u0022,\n",
        "  \u0022tags\u0022: {},\n",
        "  \u0022properties\u0022: {\n",
        "    \u0022createdOn\u0022: \u00222021-08-01T08:11:55.6703097\u002B00:00\u0022,\n",
        "    \u0022modifiedOn\u0022: \u00222021-08-01T08:12:27.6586912\u002B00:00\u0022,\n",
        "    \u0022disableLocalAuth\u0022: false,\n",
        "    \u0022description\u0022: null,\n",
        "    \u0022resourceId\u0022: \u0022/subscriptions/db1ab6f0-4769-4b27-930e-01e2ef9c123c/resourceGroups/test-computeresourcecontainer8875/providers/Microsoft.BatchAI/workspaces/test-workspace2820/clusters/testresource3057\u0022,\n",
        "    \u0022computeType\u0022: \u0022AmlCompute\u0022,\n",
        "    \u0022computeLocation\u0022: \u0022westus2\u0022,\n",
        "    \u0022provisioningState\u0022: \u0022Creating\u0022,\n",
        "    \u0022provisioningErrors\u0022: null,\n",
        "    \u0022isAttachedCompute\u0022: false,\n",
        "    \u0022properties\u0022: {\n",
        "      \u0022vmSize\u0022: \u0022STANDARD_DS2_V2\u0022,\n",
        "      \u0022vmPriority\u0022: \u0022Dedicated\u0022,\n",
        "      \u0022scaleSettings\u0022: {\n",
        "        \u0022maxNodeCount\u0022: 2,\n",
        "        \u0022minNodeCount\u0022: 0,\n",
        "        \u0022nodeIdleTimeBeforeScaleDown\u0022: null\n",
        "      },\n",
        "      \u0022subnet\u0022: null,\n",
        "      \u0022currentNodeCount\u0022: null,\n",
        "      \u0022targetNodeCount\u0022: null,\n",
        "      \u0022nodeStateCounts\u0022: null,\n",
        "      \u0022allocationState\u0022: null,\n",
        "      \u0022errors\u0022: null,\n",
        "      \u0022virtualMachineImage\u0022: null,\n",
        "      \u0022isolatedNetwork\u0022: false\n",
        "    }\n",
        "  }\n",
        "}"
      ]
    },
    {
      "RequestUri": "https://management.azure.com/subscriptions/db1ab6f0-4769-4b27-930e-01e2ef9c123c/providers/Microsoft.MachineLearningServices/locations/westus2/computeOperationsStatus/0e0c70ca-3158-4cde-a994-0caec6d558d1?api-version=2021-03-01-preview\u0026service=new",
      "RequestMethod": "GET",
      "RequestHeaders": {
        "Authorization": "Sanitized",
        "User-Agent": "azsdk-net-ResourceManager/1.0.0-alpha.20210730.2 (.NET Framework 4.8.4300.0; Microsoft Windows 10.0.19043 )",
        "x-ms-client-request-id": "957789f93144578498d6eafeb2da72cb",
        "x-ms-return-client-request-id": "true"
      },
      "RequestBody": null,
      "StatusCode": 200,
      "ResponseHeaders": {
        "Cache-Control": "no-cache",
        "Content-Length": "55",
        "Content-Type": "application/json; charset=utf-8",
        "Date": "Sun, 01 Aug 2021 08:12:27 GMT",
        "Expires": "-1",
        "Pragma": "no-cache",
        "Request-Context": "appId=cid-v1:2d2e8e63-272e-4b3c-8598-4ee570a0e70d",
        "Strict-Transport-Security": "max-age=31536000; includeSubDomains",
        "X-Content-Type-Options": "nosniff",
        "x-ms-correlation-request-id": "95fe7119-6298-4ae7-a62c-1fba88ebd716",
        "x-ms-ratelimit-remaining-subscription-reads": "11784",
        "x-ms-request-id": "95fe7119-6298-4ae7-a62c-1fba88ebd716",
        "x-ms-response-type": "standard",
        "x-ms-routing-request-id": "WESTUS:20210801T081227Z:95fe7119-6298-4ae7-a62c-1fba88ebd716",
        "x-request-time": "0.027"
      },
      "ResponseBody": [
        "{\n",
        "  \u0022status\u0022: \u0022Succeeded\u0022,\n",
        "  \u0022percentComplete\u0022: 100.0\n",
        "}"
      ]
    },
    {
      "RequestUri": "https://management.azure.com/subscriptions/db1ab6f0-4769-4b27-930e-01e2ef9c123c/resourceGroups/test-ComputeResourceContainer8875/providers/Microsoft.MachineLearningServices/workspaces/test-workspace2820/computes/testresource3057?api-version=2021-03-01-preview",
      "RequestMethod": "GET",
      "RequestHeaders": {
        "Authorization": "Sanitized",
        "User-Agent": "azsdk-net-ResourceManager/1.0.0-alpha.20210730.2 (.NET Framework 4.8.4300.0; Microsoft Windows 10.0.19043 )",
        "x-ms-client-request-id": "6bcc6800c2cfc24e97ca2b457d53b1e9",
        "x-ms-return-client-request-id": "true"
      },
      "RequestBody": null,
      "StatusCode": 200,
      "ResponseHeaders": {
        "Cache-Control": "no-cache",
        "Content-Length": "1529",
        "Content-Type": "application/json; charset=utf-8",
        "Date": "Sun, 01 Aug 2021 08:12:27 GMT",
        "Expires": "-1",
        "Pragma": "no-cache",
        "Request-Context": "appId=cid-v1:2d2e8e63-272e-4b3c-8598-4ee570a0e70d",
        "Strict-Transport-Security": "max-age=31536000; includeSubDomains",
        "Vary": "Accept-Encoding",
        "X-Content-Type-Options": "nosniff",
        "x-ms-client-request-id": "6bcc6800c2cfc24e97ca2b457d53b1e9",
        "x-ms-client-session-id": "",
        "x-ms-correlation-request-id": "1fbe90cc-c69e-4a79-a625-3bbf34eb6037",
        "x-ms-ratelimit-remaining-subscription-reads": "11783",
        "x-ms-request-id": "1fbe90cc-c69e-4a79-a625-3bbf34eb6037",
        "x-ms-response-type": "standard",
        "x-ms-routing-request-id": "WESTUS:20210801T081228Z:1fbe90cc-c69e-4a79-a625-3bbf34eb6037",
        "x-request-time": "0.269"
      },
      "ResponseBody": [
        "{\n",
        "  \u0022id\u0022: \u0022/subscriptions/db1ab6f0-4769-4b27-930e-01e2ef9c123c/resourceGroups/test-ComputeResourceContainer8875/providers/Microsoft.MachineLearningServices/workspaces/test-workspace2820/computes/testresource3057\u0022,\n",
        "  \u0022name\u0022: \u0022testresource3057\u0022,\n",
        "  \u0022type\u0022: \u0022Microsoft.MachineLearningServices/workspaces/computes\u0022,\n",
        "  \u0022location\u0022: \u0022westus2\u0022,\n",
        "  \u0022tags\u0022: {},\n",
        "  \u0022properties\u0022: {\n",
        "    \u0022createdOn\u0022: \u00222021-08-01T08:11:55.6703097\u002B00:00\u0022,\n",
        "    \u0022modifiedOn\u0022: \u00222021-08-01T08:12:27.7260388\u002B00:00\u0022,\n",
        "    \u0022disableLocalAuth\u0022: false,\n",
        "    \u0022description\u0022: null,\n",
        "    \u0022resourceId\u0022: null,\n",
        "    \u0022computeType\u0022: \u0022AmlCompute\u0022,\n",
        "    \u0022computeLocation\u0022: \u0022westus2\u0022,\n",
        "    \u0022provisioningState\u0022: \u0022Succeeded\u0022,\n",
        "    \u0022provisioningErrors\u0022: null,\n",
        "    \u0022isAttachedCompute\u0022: false,\n",
        "    \u0022properties\u0022: {\n",
        "      \u0022vmSize\u0022: \u0022STANDARD_DS2_V2\u0022,\n",
        "      \u0022vmPriority\u0022: \u0022Dedicated\u0022,\n",
        "      \u0022scaleSettings\u0022: {\n",
        "        \u0022maxNodeCount\u0022: 2,\n",
        "        \u0022minNodeCount\u0022: 0,\n",
        "        \u0022nodeIdleTimeBeforeScaleDown\u0022: \u0022PT2M\u0022\n",
        "      },\n",
        "      \u0022subnet\u0022: null,\n",
        "      \u0022currentNodeCount\u0022: 0,\n",
        "      \u0022targetNodeCount\u0022: 0,\n",
        "      \u0022nodeStateCounts\u0022: {\n",
        "        \u0022preparingNodeCount\u0022: 0,\n",
        "        \u0022runningNodeCount\u0022: 0,\n",
        "        \u0022idleNodeCount\u0022: 0,\n",
        "        \u0022unusableNodeCount\u0022: 0,\n",
        "        \u0022leavingNodeCount\u0022: 0,\n",
        "        \u0022preemptedNodeCount\u0022: 0\n",
        "      },\n",
        "      \u0022allocationState\u0022: \u0022Steady\u0022,\n",
        "      \u0022allocationStateTransitionTime\u0022: \u00222021-08-01T08:12:18.274\u002B00:00\u0022,\n",
        "      \u0022errors\u0022: null,\n",
        "      \u0022remoteLoginPortPublicAccess\u0022: \u0022Enabled\u0022,\n",
        "      \u0022osType\u0022: \u0022Linux\u0022,\n",
        "      \u0022virtualMachineImage\u0022: null,\n",
        "      \u0022isolatedNetwork\u0022: false\n",
        "    }\n",
        "  }\n",
        "}"
      ]
    },
    {
      "RequestUri": "https://management.azure.com/subscriptions/db1ab6f0-4769-4b27-930e-01e2ef9c123c/resourceGroups/test-ComputeResourceContainer8875/providers/Microsoft.MachineLearningServices/workspaces/test-workspace2820/computes?api-version=2021-03-01-preview",
      "RequestMethod": "GET",
      "RequestHeaders": {
        "Accept": "application/json",
        "Authorization": "Sanitized",
        "User-Agent": "azsdk-net-ResourceManager/1.0.0-alpha.20210730.2 (.NET Framework 4.8.4300.0; Microsoft Windows 10.0.19043 )",
        "x-ms-client-request-id": "d8f6656cc4359f7ad2fb971bfce6d355",
        "x-ms-return-client-request-id": "true"
      },
      "RequestBody": null,
      "StatusCode": 200,
      "ResponseHeaders": {
        "Cache-Control": "no-cache",
        "Content-Length": "1734",
        "Content-Type": "application/json; charset=utf-8",
        "Date": "Sun, 01 Aug 2021 08:12:27 GMT",
        "Expires": "-1",
        "Pragma": "no-cache",
        "Request-Context": "appId=cid-v1:2d2e8e63-272e-4b3c-8598-4ee570a0e70d",
        "Strict-Transport-Security": "max-age=31536000; includeSubDomains",
        "Vary": [
          "Accept-Encoding",
          "Accept-Encoding"
        ],
        "X-Content-Type-Options": "nosniff",
        "x-ms-correlation-request-id": "e1e21066-eeab-46e8-a119-c855f7786c59",
        "x-ms-ratelimit-remaining-subscription-reads": "11782",
        "x-ms-request-id": "e1e21066-eeab-46e8-a119-c855f7786c59",
        "x-ms-response-type": "standard",
        "x-ms-routing-request-id": "WESTUS:20210801T081228Z:e1e21066-eeab-46e8-a119-c855f7786c59",
        "x-request-time": "0.075"
      },
      "ResponseBody": [
        "{\n",
        "  \u0022value\u0022: [\n",
        "    {\n",
        "      \u0022id\u0022: \u0022/subscriptions/db1ab6f0-4769-4b27-930e-01e2ef9c123c/resourceGroups/test-ComputeResourceContainer8875/providers/Microsoft.MachineLearningServices/workspaces/test-workspace2820/computes/testresource3057\u0022,\n",
        "      \u0022name\u0022: \u0022testresource3057\u0022,\n",
        "      \u0022type\u0022: \u0022Microsoft.MachineLearningServices/workspaces/computes\u0022,\n",
        "      \u0022location\u0022: \u0022westus2\u0022,\n",
        "      \u0022tags\u0022: {},\n",
        "      \u0022properties\u0022: {\n",
        "        \u0022createdOn\u0022: \u00222021-08-01T08:11:55.6703097\u002B00:00\u0022,\n",
        "        \u0022modifiedOn\u0022: \u00222021-08-01T08:12:27.7260388\u002B00:00\u0022,\n",
        "        \u0022disableLocalAuth\u0022: false,\n",
        "        \u0022description\u0022: null,\n",
        "        \u0022resourceId\u0022: null,\n",
        "        \u0022computeType\u0022: \u0022AmlCompute\u0022,\n",
        "        \u0022computeLocation\u0022: \u0022westus2\u0022,\n",
        "        \u0022provisioningState\u0022: \u0022Succeeded\u0022,\n",
        "        \u0022provisioningErrors\u0022: null,\n",
        "        \u0022isAttachedCompute\u0022: false,\n",
        "        \u0022properties\u0022: {\n",
        "          \u0022vmSize\u0022: \u0022STANDARD_DS2_V2\u0022,\n",
        "          \u0022vmPriority\u0022: \u0022Dedicated\u0022,\n",
        "          \u0022scaleSettings\u0022: {\n",
        "            \u0022maxNodeCount\u0022: 2,\n",
        "            \u0022minNodeCount\u0022: 0,\n",
        "            \u0022nodeIdleTimeBeforeScaleDown\u0022: \u0022PT2M\u0022\n",
        "          },\n",
        "          \u0022subnet\u0022: null,\n",
        "          \u0022currentNodeCount\u0022: 0,\n",
        "          \u0022targetNodeCount\u0022: 0,\n",
        "          \u0022nodeStateCounts\u0022: {\n",
        "            \u0022preparingNodeCount\u0022: 0,\n",
        "            \u0022runningNodeCount\u0022: 0,\n",
        "            \u0022idleNodeCount\u0022: 0,\n",
        "            \u0022unusableNodeCount\u0022: 0,\n",
        "            \u0022leavingNodeCount\u0022: 0,\n",
        "            \u0022preemptedNodeCount\u0022: 0\n",
        "          },\n",
        "          \u0022allocationState\u0022: \u0022Steady\u0022,\n",
        "          \u0022allocationStateTransitionTime\u0022: \u00222021-08-01T08:12:18.274\u002B00:00\u0022,\n",
        "          \u0022errors\u0022: null,\n",
        "          \u0022remoteLoginPortPublicAccess\u0022: \u0022Enabled\u0022,\n",
        "          \u0022osType\u0022: \u0022Linux\u0022,\n",
        "          \u0022virtualMachineImage\u0022: null,\n",
        "          \u0022isolatedNetwork\u0022: false\n",
        "        }\n",
        "      }\n",
        "    }\n",
        "  ]\n",
        "}"
      ]
    }
  ],
  "Variables": {
    "RandomSeed": "328656637",
    "RESOURCE_MANAGER_URL": null,
    "SUBSCRIPTION_ID": "db1ab6f0-4769-4b27-930e-01e2ef9c123c"
  }
}