{
  "Entries": [
    {
      "RequestUri": "https://management.azure.com/subscriptions/db1ab6f0-4769-4b27-930e-01e2ef9c123c?api-version=2019-11-01",
      "RequestMethod": "GET",
      "RequestHeaders": {
        "Accept": "application/json",
        "Authorization": "Sanitized",
        "User-Agent": "azsdk-net-ResourceManager/1.0.0-alpha.20210811.3 (.NET Framework 4.8.4341.0; Microsoft Windows 10.0.19043 )",
        "x-ms-client-request-id": "1123915792154725d9bdc63b8244ca10",
        "x-ms-return-client-request-id": "true"
      },
      "RequestBody": null,
      "StatusCode": 200,
      "ResponseHeaders": {
        "Cache-Control": "no-cache",
        "Content-Length": "468",
        "Content-Type": "application/json; charset=utf-8",
        "Date": "Mon, 23 Aug 2021 05:48:41 GMT",
        "Expires": "-1",
        "Pragma": "no-cache",
        "Strict-Transport-Security": "max-age=31536000; includeSubDomains",
        "X-Content-Type-Options": "nosniff",
        "x-ms-correlation-request-id": "29a4b122-e475-46ac-9adc-43a238d18871",
        "x-ms-ratelimit-remaining-subscription-reads": "11988",
        "x-ms-request-id": "29a4b122-e475-46ac-9adc-43a238d18871",
        "x-ms-routing-request-id": "SOUTHEASTASIA:20210823T054841Z:29a4b122-e475-46ac-9adc-43a238d18871"
      },
      "ResponseBody": {
        "id": "/subscriptions/db1ab6f0-4769-4b27-930e-01e2ef9c123c",
        "authorizationSource": "RoleBased",
        "managedByTenants": [],
        "tags": {
          "tagKey1": "tagValue1",
          "tagKey2": "tagValue2"
        },
        "subscriptionId": "db1ab6f0-4769-4b27-930e-01e2ef9c123c",
        "tenantId": "72f988bf-86f1-41af-91ab-2d7cd011db47",
        "displayName": ".NET Mgmt SDK Test with TTL = 1 Day",
        "state": "Enabled",
        "subscriptionPolicies": {
          "locationPlacementId": "Internal_2014-09-01",
          "quotaId": "Internal_2014-09-01",
          "spendingLimit": "Off"
        }
      }
    },
    {
      "RequestUri": "https://management.azure.com/subscriptions/db1ab6f0-4769-4b27-930e-01e2ef9c123c/resourcegroups/csmrg1848?api-version=2019-10-01",
      "RequestMethod": "PUT",
      "RequestHeaders": {
        "Accept": "application/json",
        "Authorization": "Sanitized",
        "Content-Length": "31",
        "Content-Type": "application/json",
        "traceparent": "00-cf399887a096034fa827435482f46e91-80f3fe4d083d764a-00",
        "User-Agent": "azsdk-net-ResourceManager/1.0.0-alpha.20210811.3 (.NET Framework 4.8.4341.0; Microsoft Windows 10.0.19043 )",
        "x-ms-client-request-id": "851a1f931eb675f47a383ca06cc2d868",
        "x-ms-return-client-request-id": "true"
      },
      "RequestBody": {
        "location": "eastus",
        "tags": {}
      },
      "StatusCode": 201,
      "ResponseHeaders": {
        "Cache-Control": "no-cache",
        "Content-Length": "225",
        "Content-Type": "application/json; charset=utf-8",
        "Date": "Mon, 23 Aug 2021 05:48:42 GMT",
        "Expires": "-1",
        "Pragma": "no-cache",
        "Strict-Transport-Security": "max-age=31536000; includeSubDomains",
        "X-Content-Type-Options": "nosniff",
        "x-ms-correlation-request-id": "f938a985-9cbd-4892-a225-00c0f6c877f6",
        "x-ms-ratelimit-remaining-subscription-writes": "1197",
        "x-ms-request-id": "f938a985-9cbd-4892-a225-00c0f6c877f6",
        "x-ms-routing-request-id": "SOUTHEASTASIA:20210823T054842Z:f938a985-9cbd-4892-a225-00c0f6c877f6"
      },
      "ResponseBody": {
        "id": "/subscriptions/db1ab6f0-4769-4b27-930e-01e2ef9c123c/resourceGroups/csmrg1848",
        "name": "csmrg1848",
        "type": "Microsoft.Resources/resourceGroups",
        "location": "eastus",
        "tags": {},
        "properties": {
          "provisioningState": "Succeeded"
        }
      }
    },
    {
      "RequestUri": "https://management.azure.com/subscriptions/db1ab6f0-4769-4b27-930e-01e2ef9c123c/resourceGroups/csmrg1848/providers/Microsoft.Network/virtualNetworks/azsmnet2408?api-version=2021-02-01",
      "RequestMethod": "PUT",
      "RequestHeaders": {
        "Accept": "application/json",
        "Authorization": "Sanitized",
        "Content-Length": "240",
        "Content-Type": "application/json",
        "User-Agent": "azsdk-net-ResourceManager/1.0.0-alpha.20210811.3 (.NET Framework 4.8.4341.0; Microsoft Windows 10.0.19043 )",
        "x-ms-client-request-id": "09c6c5d14221e512b30dd8c1a774bbef",
        "x-ms-return-client-request-id": "true"
      },
      "RequestBody": {
        "location": "eastus",
        "id": null,
        "properties": {
          "addressSpace": {
            "addressPrefixes": [
              "10.0.0.0/16"
            ]
          },
          "dhcpOptions": {
            "dnsServers": [
              "10.1.1.1",
              "10.1.2.4"
            ]
          },
          "subnets": [
            {
              "name": "azsmnet8879",
              "id": null,
              "properties": {
                "addressPrefix": "10.0.1.0/24"
              }
            }
          ]
        }
      },
      "StatusCode": 201,
      "ResponseHeaders": {
        "Azure-AsyncNotification": "Enabled",
        "Azure-AsyncOperation": "https://management.azure.com/subscriptions/db1ab6f0-4769-4b27-930e-01e2ef9c123c/providers/Microsoft.Network/locations/eastus/operations/94fd8b71-02fc-46bc-b726-8a9359a3f421?api-version=2021-02-01",
        "Cache-Control": "no-cache",
        "Content-Length": "1331",
        "Content-Type": "application/json; charset=utf-8",
        "Date": "Mon, 23 Aug 2021 05:48:46 GMT",
        "Expires": "-1",
        "Pragma": "no-cache",
        "Retry-After": "3",
        "Server": [
          "Microsoft-HTTPAPI/2.0",
          "Microsoft-HTTPAPI/2.0"
        ],
        "Strict-Transport-Security": "max-age=31536000; includeSubDomains",
        "X-Content-Type-Options": "nosniff",
        "x-ms-arm-service-request-id": "7268acb2-d146-4434-8484-885fb0df5bf5",
        "x-ms-client-request-id": "09c6c5d14221e512b30dd8c1a774bbef",
        "x-ms-correlation-request-id": "ee7dbe70-b41d-4dc7-8c0f-debba90eb03d",
        "x-ms-ratelimit-remaining-subscription-writes": "1196",
        "x-ms-request-id": "94fd8b71-02fc-46bc-b726-8a9359a3f421",
        "x-ms-routing-request-id": "SOUTHEASTASIA:20210823T054846Z:ee7dbe70-b41d-4dc7-8c0f-debba90eb03d"
      },
      "ResponseBody": [
        "{\r\n",
        "  \u0022name\u0022: \u0022azsmnet2408\u0022,\r\n",
        "  \u0022id\u0022: \u0022/subscriptions/db1ab6f0-4769-4b27-930e-01e2ef9c123c/resourceGroups/csmrg1848/providers/Microsoft.Network/virtualNetworks/azsmnet2408\u0022,\r\n",
        "  \u0022etag\u0022: \u0022W/\\\u00225e5ee1d8-0684-4d7d-b0cc-e8267d650896\\\u0022\u0022,\r\n",
        "  \u0022type\u0022: \u0022Microsoft.Network/virtualNetworks\u0022,\r\n",
        "  \u0022location\u0022: \u0022eastus\u0022,\r\n",
        "  \u0022properties\u0022: {\r\n",
        "    \u0022provisioningState\u0022: \u0022Updating\u0022,\r\n",
        "    \u0022resourceGuid\u0022: \u0022661796b4-ef88-4585-8469-97af1c58ff96\u0022,\r\n",
        "    \u0022addressSpace\u0022: {\r\n",
        "      \u0022addressPrefixes\u0022: [\r\n",
        "        \u002210.0.0.0/16\u0022\r\n",
        "      ]\r\n",
        "    },\r\n",
        "    \u0022dhcpOptions\u0022: {\r\n",
        "      \u0022dnsServers\u0022: [\r\n",
        "        \u002210.1.1.1\u0022,\r\n",
        "        \u002210.1.2.4\u0022\r\n",
        "      ]\r\n",
        "    },\r\n",
        "    \u0022subnets\u0022: [\r\n",
        "      {\r\n",
        "        \u0022name\u0022: \u0022azsmnet8879\u0022,\r\n",
        "        \u0022id\u0022: \u0022/subscriptions/db1ab6f0-4769-4b27-930e-01e2ef9c123c/resourceGroups/csmrg1848/providers/Microsoft.Network/virtualNetworks/azsmnet2408/subnets/azsmnet8879\u0022,\r\n",
        "        \u0022etag\u0022: \u0022W/\\\u00225e5ee1d8-0684-4d7d-b0cc-e8267d650896\\\u0022\u0022,\r\n",
        "        \u0022properties\u0022: {\r\n",
        "          \u0022provisioningState\u0022: \u0022Updating\u0022,\r\n",
        "          \u0022addressPrefix\u0022: \u002210.0.1.0/24\u0022,\r\n",
        "          \u0022delegations\u0022: [],\r\n",
        "          \u0022privateEndpointNetworkPolicies\u0022: \u0022Enabled\u0022,\r\n",
        "          \u0022privateLinkServiceNetworkPolicies\u0022: \u0022Enabled\u0022\r\n",
        "        },\r\n",
        "        \u0022type\u0022: \u0022Microsoft.Network/virtualNetworks/subnets\u0022\r\n",
        "      }\r\n",
        "    ],\r\n",
        "    \u0022virtualNetworkPeerings\u0022: [],\r\n",
        "    \u0022enableDdosProtection\u0022: false\r\n",
        "  }\r\n",
        "}"
      ]
    },
    {
      "RequestUri": "https://management.azure.com/subscriptions/db1ab6f0-4769-4b27-930e-01e2ef9c123c/providers/Microsoft.Network/locations/eastus/operations/94fd8b71-02fc-46bc-b726-8a9359a3f421?api-version=2021-02-01",
      "RequestMethod": "GET",
      "RequestHeaders": {
        "Authorization": "Sanitized",
        "User-Agent": "azsdk-net-ResourceManager/1.0.0-alpha.20210811.3 (.NET Framework 4.8.4341.0; Microsoft Windows 10.0.19043 )",
        "x-ms-client-request-id": "4bf92e918a8cd7fe72d06be79cb991c7",
        "x-ms-return-client-request-id": "true"
      },
      "RequestBody": null,
      "StatusCode": 200,
      "ResponseHeaders": {
        "Cache-Control": "no-cache",
        "Content-Length": "29",
        "Content-Type": "application/json; charset=utf-8",
        "Date": "Mon, 23 Aug 2021 05:48:46 GMT",
        "Expires": "-1",
        "Pragma": "no-cache",
        "Server": [
          "Microsoft-HTTPAPI/2.0",
          "Microsoft-HTTPAPI/2.0"
        ],
        "Strict-Transport-Security": "max-age=31536000; includeSubDomains",
        "X-Content-Type-Options": "nosniff",
        "x-ms-arm-service-request-id": "a50e0660-4dc2-4b75-baa2-4a92d127c925",
        "x-ms-client-request-id": "4bf92e918a8cd7fe72d06be79cb991c7",
        "x-ms-correlation-request-id": "e47880b1-1b32-4931-ad24-de4871079266",
        "x-ms-ratelimit-remaining-subscription-reads": "11987",
        "x-ms-request-id": "fb27483f-ce0e-4146-b8c7-7acbcc8aa33d",
        "x-ms-routing-request-id": "SOUTHEASTASIA:20210823T054846Z:e47880b1-1b32-4931-ad24-de4871079266"
      },
      "ResponseBody": [
        "{\r\n",
        "  \u0022status\u0022: \u0022Succeeded\u0022\r\n",
        "}"
      ]
    },
    {
      "RequestUri": "https://management.azure.com/subscriptions/db1ab6f0-4769-4b27-930e-01e2ef9c123c/resourceGroups/csmrg1848/providers/Microsoft.Network/virtualNetworks/azsmnet2408?api-version=2021-02-01",
      "RequestMethod": "GET",
      "RequestHeaders": {
        "Authorization": "Sanitized",
        "User-Agent": "azsdk-net-ResourceManager/1.0.0-alpha.20210811.3 (.NET Framework 4.8.4341.0; Microsoft Windows 10.0.19043 )",
        "x-ms-client-request-id": "40157de49ad35e74962a6ec8596b78b7",
        "x-ms-return-client-request-id": "true"
      },
      "RequestBody": null,
      "StatusCode": 200,
      "ResponseHeaders": {
        "Cache-Control": "no-cache",
        "Content-Length": "1333",
        "Content-Type": "application/json; charset=utf-8",
        "Date": "Mon, 23 Aug 2021 05:48:46 GMT",
        "ETag": "W/\u0022f1d6615c-632b-4af3-b9f3-4fc21ccac11d\u0022",
        "Expires": "-1",
        "Pragma": "no-cache",
        "Server": [
          "Microsoft-HTTPAPI/2.0",
          "Microsoft-HTTPAPI/2.0"
        ],
        "Strict-Transport-Security": "max-age=31536000; includeSubDomains",
        "X-Content-Type-Options": "nosniff",
        "x-ms-arm-service-request-id": "41e7fba4-fded-4f0b-936a-6182c0b215f0",
        "x-ms-client-request-id": "40157de49ad35e74962a6ec8596b78b7",
        "x-ms-correlation-request-id": "31231222-03b0-4489-860f-63d51e1b3ea2",
        "x-ms-ratelimit-remaining-subscription-reads": "11986",
        "x-ms-request-id": "93604ce3-e529-4c8c-a078-34f20644c8e1",
        "x-ms-routing-request-id": "SOUTHEASTASIA:20210823T054847Z:31231222-03b0-4489-860f-63d51e1b3ea2"
      },
      "ResponseBody": [
        "{\r\n",
        "  \u0022name\u0022: \u0022azsmnet2408\u0022,\r\n",
        "  \u0022id\u0022: \u0022/subscriptions/db1ab6f0-4769-4b27-930e-01e2ef9c123c/resourceGroups/csmrg1848/providers/Microsoft.Network/virtualNetworks/azsmnet2408\u0022,\r\n",
        "  \u0022etag\u0022: \u0022W/\\\u0022f1d6615c-632b-4af3-b9f3-4fc21ccac11d\\\u0022\u0022,\r\n",
        "  \u0022type\u0022: \u0022Microsoft.Network/virtualNetworks\u0022,\r\n",
        "  \u0022location\u0022: \u0022eastus\u0022,\r\n",
        "  \u0022properties\u0022: {\r\n",
        "    \u0022provisioningState\u0022: \u0022Succeeded\u0022,\r\n",
        "    \u0022resourceGuid\u0022: \u0022661796b4-ef88-4585-8469-97af1c58ff96\u0022,\r\n",
        "    \u0022addressSpace\u0022: {\r\n",
        "      \u0022addressPrefixes\u0022: [\r\n",
        "        \u002210.0.0.0/16\u0022\r\n",
        "      ]\r\n",
        "    },\r\n",
        "    \u0022dhcpOptions\u0022: {\r\n",
        "      \u0022dnsServers\u0022: [\r\n",
        "        \u002210.1.1.1\u0022,\r\n",
        "        \u002210.1.2.4\u0022\r\n",
        "      ]\r\n",
        "    },\r\n",
        "    \u0022subnets\u0022: [\r\n",
        "      {\r\n",
        "        \u0022name\u0022: \u0022azsmnet8879\u0022,\r\n",
        "        \u0022id\u0022: \u0022/subscriptions/db1ab6f0-4769-4b27-930e-01e2ef9c123c/resourceGroups/csmrg1848/providers/Microsoft.Network/virtualNetworks/azsmnet2408/subnets/azsmnet8879\u0022,\r\n",
        "        \u0022etag\u0022: \u0022W/\\\u0022f1d6615c-632b-4af3-b9f3-4fc21ccac11d\\\u0022\u0022,\r\n",
        "        \u0022properties\u0022: {\r\n",
        "          \u0022provisioningState\u0022: \u0022Succeeded\u0022,\r\n",
        "          \u0022addressPrefix\u0022: \u002210.0.1.0/24\u0022,\r\n",
        "          \u0022delegations\u0022: [],\r\n",
        "          \u0022privateEndpointNetworkPolicies\u0022: \u0022Enabled\u0022,\r\n",
        "          \u0022privateLinkServiceNetworkPolicies\u0022: \u0022Enabled\u0022\r\n",
        "        },\r\n",
        "        \u0022type\u0022: \u0022Microsoft.Network/virtualNetworks/subnets\u0022\r\n",
        "      }\r\n",
        "    ],\r\n",
        "    \u0022virtualNetworkPeerings\u0022: [],\r\n",
        "    \u0022enableDdosProtection\u0022: false\r\n",
        "  }\r\n",
        "}"
      ]
    },
    {
      "RequestUri": "https://management.azure.com/subscriptions/db1ab6f0-4769-4b27-930e-01e2ef9c123c/resourceGroups/csmrg1848/providers/Microsoft.Network/virtualNetworks/azsmnet2408/subnets/azsmnet8879?api-version=2021-02-01",
      "RequestMethod": "GET",
      "RequestHeaders": {
        "Accept": "application/json",
        "Authorization": "Sanitized",
        "User-Agent": "azsdk-net-ResourceManager/1.0.0-alpha.20210811.3 (.NET Framework 4.8.4341.0; Microsoft Windows 10.0.19043 )",
        "x-ms-client-request-id": "7830051f707b226299bce3d00747ffe1",
        "x-ms-return-client-request-id": "true"
      },
      "RequestBody": null,
      "StatusCode": 200,
      "ResponseHeaders": {
        "Cache-Control": "no-cache",
        "Content-Length": "534",
        "Content-Type": "application/json; charset=utf-8",
        "Date": "Mon, 23 Aug 2021 05:48:47 GMT",
        "ETag": "W/\u0022f1d6615c-632b-4af3-b9f3-4fc21ccac11d\u0022",
        "Expires": "-1",
        "Pragma": "no-cache",
        "Server": [
          "Microsoft-HTTPAPI/2.0",
          "Microsoft-HTTPAPI/2.0"
        ],
        "Strict-Transport-Security": "max-age=31536000; includeSubDomains",
        "X-Content-Type-Options": "nosniff",
        "x-ms-arm-service-request-id": "b2c86562-6fcb-4be0-8d21-0c4c88022a89",
        "x-ms-client-request-id": "7830051f707b226299bce3d00747ffe1",
        "x-ms-correlation-request-id": "cc536e13-d371-4fe4-8b9d-e6c974a0ff2e",
        "x-ms-ratelimit-remaining-subscription-reads": "11985",
        "x-ms-request-id": "4a171ddb-8c28-4d85-b2e1-b78753512b7a",
        "x-ms-routing-request-id": "SOUTHEASTASIA:20210823T054847Z:cc536e13-d371-4fe4-8b9d-e6c974a0ff2e"
      },
      "ResponseBody": [
        "{\r\n",
        "  \u0022name\u0022: \u0022azsmnet8879\u0022,\r\n",
        "  \u0022id\u0022: \u0022/subscriptions/db1ab6f0-4769-4b27-930e-01e2ef9c123c/resourceGroups/csmrg1848/providers/Microsoft.Network/virtualNetworks/azsmnet2408/subnets/azsmnet8879\u0022,\r\n",
        "  \u0022etag\u0022: \u0022W/\\\u0022f1d6615c-632b-4af3-b9f3-4fc21ccac11d\\\u0022\u0022,\r\n",
        "  \u0022properties\u0022: {\r\n",
        "    \u0022provisioningState\u0022: \u0022Succeeded\u0022,\r\n",
        "    \u0022addressPrefix\u0022: \u002210.0.1.0/24\u0022,\r\n",
        "    \u0022delegations\u0022: [],\r\n",
        "    \u0022privateEndpointNetworkPolicies\u0022: \u0022Enabled\u0022,\r\n",
        "    \u0022privateLinkServiceNetworkPolicies\u0022: \u0022Enabled\u0022\r\n",
        "  },\r\n",
        "  \u0022type\u0022: \u0022Microsoft.Network/virtualNetworks/subnets\u0022\r\n",
        "}"
      ]
    },
    {
      "RequestUri": "https://management.azure.com/subscriptions/db1ab6f0-4769-4b27-930e-01e2ef9c123c/resourceGroups/csmrg1848/providers/Microsoft.Network/networkInterfaces/azsmnet6458?api-version=2021-02-01",
      "RequestMethod": "PUT",
      "RequestHeaders": {
        "Accept": "application/json",
        "Authorization": "Sanitized",
        "Content-Length": "392",
        "Content-Type": "application/json",
        "User-Agent": "azsdk-net-ResourceManager/1.0.0-alpha.20210811.3 (.NET Framework 4.8.4341.0; Microsoft Windows 10.0.19043 )",
        "x-ms-client-request-id": "ade5efc2f6ff9abab5621c367e0757b3",
        "x-ms-return-client-request-id": "true"
      },
      "RequestBody": {
        "location": "eastus",
        "tags": {
          "key": "value"
        },
        "id": null,
        "properties": {
          "ipConfigurations": [
            {
              "name": "azsmnet2652",
              "id": null,
              "properties": {
                "privateIPAddress": "10.0.1.9",
                "privateIPAllocationMethod": "Static",
                "subnet": {
                  "id": "/subscriptions/db1ab6f0-4769-4b27-930e-01e2ef9c123c/resourceGroups/csmrg1848/providers/Microsoft.Network/virtualNetworks/azsmnet2408/subnets/azsmnet8879",
                  "properties": {}
                }
              }
            }
          ]
        }
      },
      "StatusCode": 201,
      "ResponseHeaders": {
        "Azure-AsyncNotification": "Enabled",
        "Azure-AsyncOperation": "https://management.azure.com/subscriptions/db1ab6f0-4769-4b27-930e-01e2ef9c123c/providers/Microsoft.Network/locations/eastus/operations/c886cb3c-f08b-49ed-92e5-cb754aa7a592?api-version=2021-02-01",
        "Cache-Control": "no-cache",
        "Content-Length": "1710",
        "Content-Type": "application/json; charset=utf-8",
        "Date": "Mon, 23 Aug 2021 05:48:51 GMT",
        "Expires": "-1",
        "Pragma": "no-cache",
        "Server": [
          "Microsoft-HTTPAPI/2.0",
          "Microsoft-HTTPAPI/2.0"
        ],
        "Strict-Transport-Security": "max-age=31536000; includeSubDomains",
        "X-Content-Type-Options": "nosniff",
        "x-ms-arm-service-request-id": "3906d9dc-a8a3-4d1c-a281-c50806c0d8cf",
        "x-ms-client-request-id": "ade5efc2f6ff9abab5621c367e0757b3",
        "x-ms-correlation-request-id": "82b1f055-a0cc-4477-a6c7-d076081d4486",
        "x-ms-ratelimit-remaining-subscription-writes": "1195",
        "x-ms-request-id": "c886cb3c-f08b-49ed-92e5-cb754aa7a592",
        "x-ms-routing-request-id": "SOUTHEASTASIA:20210823T054851Z:82b1f055-a0cc-4477-a6c7-d076081d4486"
      },
      "ResponseBody": [
        "{\r\n",
        "  \u0022name\u0022: \u0022azsmnet6458\u0022,\r\n",
        "  \u0022id\u0022: \u0022/subscriptions/db1ab6f0-4769-4b27-930e-01e2ef9c123c/resourceGroups/csmrg1848/providers/Microsoft.Network/networkInterfaces/azsmnet6458\u0022,\r\n",
        "  \u0022etag\u0022: \u0022W/\\\u00224bf95ec1-0489-4f52-8701-f1a689e44e80\\\u0022\u0022,\r\n",
        "  \u0022location\u0022: \u0022eastus\u0022,\r\n",
        "  \u0022tags\u0022: {\r\n",
        "    \u0022key\u0022: \u0022value\u0022\r\n",
        "  },\r\n",
        "  \u0022properties\u0022: {\r\n",
        "    \u0022provisioningState\u0022: \u0022Succeeded\u0022,\r\n",
        "    \u0022resourceGuid\u0022: \u002237705b1c-51d6-4d51-887b-fa8af9cee950\u0022,\r\n",
        "    \u0022ipConfigurations\u0022: [\r\n",
        "      {\r\n",
        "        \u0022name\u0022: \u0022azsmnet2652\u0022,\r\n",
        "        \u0022id\u0022: \u0022/subscriptions/db1ab6f0-4769-4b27-930e-01e2ef9c123c/resourceGroups/csmrg1848/providers/Microsoft.Network/networkInterfaces/azsmnet6458/ipConfigurations/azsmnet2652\u0022,\r\n",
        "        \u0022etag\u0022: \u0022W/\\\u00224bf95ec1-0489-4f52-8701-f1a689e44e80\\\u0022\u0022,\r\n",
        "        \u0022type\u0022: \u0022Microsoft.Network/networkInterfaces/ipConfigurations\u0022,\r\n",
        "        \u0022properties\u0022: {\r\n",
        "          \u0022provisioningState\u0022: \u0022Succeeded\u0022,\r\n",
        "          \u0022privateIPAddress\u0022: \u002210.0.1.9\u0022,\r\n",
        "          \u0022privateIPAllocationMethod\u0022: \u0022Static\u0022,\r\n",
        "          \u0022subnet\u0022: {\r\n",
        "            \u0022id\u0022: \u0022/subscriptions/db1ab6f0-4769-4b27-930e-01e2ef9c123c/resourceGroups/csmrg1848/providers/Microsoft.Network/virtualNetworks/azsmnet2408/subnets/azsmnet8879\u0022\r\n",
        "          },\r\n",
        "          \u0022primary\u0022: true,\r\n",
        "          \u0022privateIPAddressVersion\u0022: \u0022IPv4\u0022\r\n",
        "        }\r\n",
        "      }\r\n",
        "    ],\r\n",
        "    \u0022dnsSettings\u0022: {\r\n",
        "      \u0022dnsServers\u0022: [],\r\n",
        "      \u0022appliedDnsServers\u0022: [],\r\n",
        "      \u0022internalDomainNameSuffix\u0022: \u0022wslbozui34culbdjs4xrywh5sg.bx.internal.cloudapp.net\u0022\r\n",
        "    },\r\n",
        "    \u0022enableAcceleratedNetworking\u0022: false,\r\n",
        "    \u0022vnetEncryptionSupported\u0022: false,\r\n",
        "    \u0022enableIPForwarding\u0022: false,\r\n",
        "    \u0022hostedWorkloads\u0022: [],\r\n",
        "    \u0022tapConfigurations\u0022: [],\r\n",
        "    \u0022nicType\u0022: \u0022Standard\u0022\r\n",
        "  },\r\n",
        "  \u0022type\u0022: \u0022Microsoft.Network/networkInterfaces\u0022\r\n",
        "}"
      ]
    },
    {
      "RequestUri": "https://management.azure.com/subscriptions/db1ab6f0-4769-4b27-930e-01e2ef9c123c/providers/Microsoft.Network/locations/eastus/operations/c886cb3c-f08b-49ed-92e5-cb754aa7a592?api-version=2021-02-01",
      "RequestMethod": "GET",
      "RequestHeaders": {
        "Authorization": "Sanitized",
        "User-Agent": "azsdk-net-ResourceManager/1.0.0-alpha.20210811.3 (.NET Framework 4.8.4341.0; Microsoft Windows 10.0.19043 )",
        "x-ms-client-request-id": "89a8380072d23905bee1ba0006633edb",
        "x-ms-return-client-request-id": "true"
      },
      "RequestBody": null,
      "StatusCode": 200,
      "ResponseHeaders": {
        "Cache-Control": "no-cache",
        "Content-Length": "29",
        "Content-Type": "application/json; charset=utf-8",
        "Date": "Mon, 23 Aug 2021 05:48:51 GMT",
        "Expires": "-1",
        "Pragma": "no-cache",
        "Server": [
          "Microsoft-HTTPAPI/2.0",
          "Microsoft-HTTPAPI/2.0"
        ],
        "Strict-Transport-Security": "max-age=31536000; includeSubDomains",
        "X-Content-Type-Options": "nosniff",
        "x-ms-arm-service-request-id": "e5507c85-a7d8-4676-9200-9e122324c241",
        "x-ms-client-request-id": "89a8380072d23905bee1ba0006633edb",
        "x-ms-correlation-request-id": "a231f344-c3a3-4040-b0ca-005e2330e62c",
        "x-ms-ratelimit-remaining-subscription-reads": "11984",
        "x-ms-request-id": "33393d14-92e1-441c-9270-5a1e1ea47455",
        "x-ms-routing-request-id": "SOUTHEASTASIA:20210823T054851Z:a231f344-c3a3-4040-b0ca-005e2330e62c"
      },
      "ResponseBody": [
        "{\r\n",
        "  \u0022status\u0022: \u0022Succeeded\u0022\r\n",
        "}"
      ]
    },
    {
      "RequestUri": "https://management.azure.com/subscriptions/db1ab6f0-4769-4b27-930e-01e2ef9c123c/resourceGroups/csmrg1848/providers/Microsoft.Network/networkInterfaces/azsmnet6458?api-version=2021-02-01",
      "RequestMethod": "GET",
      "RequestHeaders": {
        "Authorization": "Sanitized",
        "User-Agent": "azsdk-net-ResourceManager/1.0.0-alpha.20210811.3 (.NET Framework 4.8.4341.0; Microsoft Windows 10.0.19043 )",
        "x-ms-client-request-id": "687e5378ae574ed4d4f305e93e164266",
        "x-ms-return-client-request-id": "true"
      },
      "RequestBody": null,
      "StatusCode": 200,
      "ResponseHeaders": {
        "Cache-Control": "no-cache",
        "Content-Length": "1710",
        "Content-Type": "application/json; charset=utf-8",
        "Date": "Mon, 23 Aug 2021 05:48:51 GMT",
        "ETag": "W/\u00224bf95ec1-0489-4f52-8701-f1a689e44e80\u0022",
        "Expires": "-1",
        "Pragma": "no-cache",
        "Server": [
          "Microsoft-HTTPAPI/2.0",
          "Microsoft-HTTPAPI/2.0"
        ],
        "Strict-Transport-Security": "max-age=31536000; includeSubDomains",
        "X-Content-Type-Options": "nosniff",
        "x-ms-arm-service-request-id": "f309fbf2-eb25-49c2-8bbe-4ad2324de1ac",
        "x-ms-client-request-id": "687e5378ae574ed4d4f305e93e164266",
        "x-ms-correlation-request-id": "4cc64957-6208-412f-bee5-a160e10dbe1a",
        "x-ms-ratelimit-remaining-subscription-reads": "11983",
        "x-ms-request-id": "fd6a9202-a843-4868-a76f-2857e362c563",
        "x-ms-routing-request-id": "SOUTHEASTASIA:20210823T054852Z:4cc64957-6208-412f-bee5-a160e10dbe1a"
      },
      "ResponseBody": [
        "{\r\n",
        "  \u0022name\u0022: \u0022azsmnet6458\u0022,\r\n",
        "  \u0022id\u0022: \u0022/subscriptions/db1ab6f0-4769-4b27-930e-01e2ef9c123c/resourceGroups/csmrg1848/providers/Microsoft.Network/networkInterfaces/azsmnet6458\u0022,\r\n",
        "  \u0022etag\u0022: \u0022W/\\\u00224bf95ec1-0489-4f52-8701-f1a689e44e80\\\u0022\u0022,\r\n",
        "  \u0022location\u0022: \u0022eastus\u0022,\r\n",
        "  \u0022tags\u0022: {\r\n",
        "    \u0022key\u0022: \u0022value\u0022\r\n",
        "  },\r\n",
        "  \u0022properties\u0022: {\r\n",
        "    \u0022provisioningState\u0022: \u0022Succeeded\u0022,\r\n",
        "    \u0022resourceGuid\u0022: \u002237705b1c-51d6-4d51-887b-fa8af9cee950\u0022,\r\n",
        "    \u0022ipConfigurations\u0022: [\r\n",
        "      {\r\n",
        "        \u0022name\u0022: \u0022azsmnet2652\u0022,\r\n",
        "        \u0022id\u0022: \u0022/subscriptions/db1ab6f0-4769-4b27-930e-01e2ef9c123c/resourceGroups/csmrg1848/providers/Microsoft.Network/networkInterfaces/azsmnet6458/ipConfigurations/azsmnet2652\u0022,\r\n",
        "        \u0022etag\u0022: \u0022W/\\\u00224bf95ec1-0489-4f52-8701-f1a689e44e80\\\u0022\u0022,\r\n",
        "        \u0022type\u0022: \u0022Microsoft.Network/networkInterfaces/ipConfigurations\u0022,\r\n",
        "        \u0022properties\u0022: {\r\n",
        "          \u0022provisioningState\u0022: \u0022Succeeded\u0022,\r\n",
        "          \u0022privateIPAddress\u0022: \u002210.0.1.9\u0022,\r\n",
        "          \u0022privateIPAllocationMethod\u0022: \u0022Static\u0022,\r\n",
        "          \u0022subnet\u0022: {\r\n",
        "            \u0022id\u0022: \u0022/subscriptions/db1ab6f0-4769-4b27-930e-01e2ef9c123c/resourceGroups/csmrg1848/providers/Microsoft.Network/virtualNetworks/azsmnet2408/subnets/azsmnet8879\u0022\r\n",
        "          },\r\n",
        "          \u0022primary\u0022: true,\r\n",
        "          \u0022privateIPAddressVersion\u0022: \u0022IPv4\u0022\r\n",
        "        }\r\n",
        "      }\r\n",
        "    ],\r\n",
        "    \u0022dnsSettings\u0022: {\r\n",
        "      \u0022dnsServers\u0022: [],\r\n",
        "      \u0022appliedDnsServers\u0022: [],\r\n",
        "      \u0022internalDomainNameSuffix\u0022: \u0022wslbozui34culbdjs4xrywh5sg.bx.internal.cloudapp.net\u0022\r\n",
        "    },\r\n",
        "    \u0022enableAcceleratedNetworking\u0022: false,\r\n",
        "    \u0022vnetEncryptionSupported\u0022: false,\r\n",
        "    \u0022enableIPForwarding\u0022: false,\r\n",
        "    \u0022hostedWorkloads\u0022: [],\r\n",
        "    \u0022tapConfigurations\u0022: [],\r\n",
        "    \u0022nicType\u0022: \u0022Standard\u0022\r\n",
        "  },\r\n",
        "  \u0022type\u0022: \u0022Microsoft.Network/networkInterfaces\u0022\r\n",
        "}"
      ]
    },
    {
      "RequestUri": "https://management.azure.com/subscriptions/db1ab6f0-4769-4b27-930e-01e2ef9c123c/resourceGroups/csmrg1848/providers/Microsoft.Network/virtualNetworks/azsmnet2408/CheckIPAddressAvailability?ipAddress=10.0.1.10\u0026api-version=2021-02-01",
      "RequestMethod": "GET",
      "RequestHeaders": {
        "Accept": "application/json",
        "Authorization": "Sanitized",
        "User-Agent": "azsdk-net-ResourceManager/1.0.0-alpha.20210811.3 (.NET Framework 4.8.4341.0; Microsoft Windows 10.0.19043 )",
        "x-ms-client-request-id": "45358e38ce5f56e1924f5a6bb91aec43",
        "x-ms-return-client-request-id": "true"
      },
      "RequestBody": null,
      "StatusCode": 200,
      "ResponseHeaders": {
        "Cache-Control": "no-cache",
        "Content-Length": "57",
        "Content-Type": "application/json; charset=utf-8",
        "Date": "Mon, 23 Aug 2021 05:48:52 GMT",
        "Expires": "-1",
        "Pragma": "no-cache",
        "Server": [
          "Microsoft-HTTPAPI/2.0",
          "Microsoft-HTTPAPI/2.0"
        ],
        "Strict-Transport-Security": "max-age=31536000; includeSubDomains",
        "X-Content-Type-Options": "nosniff",
        "x-ms-arm-service-request-id": "7f7127da-0364-4ba5-8e9e-cfbed853d3bb",
        "x-ms-client-request-id": "45358e38ce5f56e1924f5a6bb91aec43",
        "x-ms-correlation-request-id": "a473d4f0-8211-46de-9b67-283426329f8f",
        "x-ms-ratelimit-remaining-subscription-reads": "11982",
        "x-ms-request-id": "dcf158b7-c7e7-49f7-b105-5c28fb44995d",
        "x-ms-routing-request-id": "SOUTHEASTASIA:20210823T054852Z:a473d4f0-8211-46de-9b67-283426329f8f"
      },
      "ResponseBody": [
        "{\r\n",
        "  \u0022available\u0022: true,\r\n",
        "  \u0022isPlatformReserved\u0022: false\r\n",
        "}"
      ]
    },
    {
      "RequestUri": "https://management.azure.com/subscriptions/db1ab6f0-4769-4b27-930e-01e2ef9c123c/resourceGroups/csmrg1848/providers/Microsoft.Network/virtualNetworks/azsmnet2408/CheckIPAddressAvailability?ipAddress=10.0.1.9\u0026api-version=2021-02-01",
      "RequestMethod": "GET",
      "RequestHeaders": {
        "Accept": "application/json",
        "Authorization": "Sanitized",
        "User-Agent": "azsdk-net-ResourceManager/1.0.0-alpha.20210811.3 (.NET Framework 4.8.4341.0; Microsoft Windows 10.0.19043 )",
        "x-ms-client-request-id": "042bdbd8c1d051366359b4df6c1cfaa8",
        "x-ms-return-client-request-id": "true"
      },
      "RequestBody": null,
      "StatusCode": 200,
      "ResponseHeaders": {
        "Cache-Control": "no-cache",
        "Content-Length": "339",
        "Content-Type": "application/json; charset=utf-8",
        "Date": "Mon, 23 Aug 2021 05:48:52 GMT",
        "Expires": "-1",
        "Pragma": "no-cache",
        "Server": [
          "Microsoft-HTTPAPI/2.0",
          "Microsoft-HTTPAPI/2.0"
        ],
        "Strict-Transport-Security": "max-age=31536000; includeSubDomains",
        "X-Content-Type-Options": "nosniff",
        "x-ms-arm-service-request-id": "50fde44e-b571-4f87-9ffe-3c52c314c099",
        "x-ms-client-request-id": "042bdbd8c1d051366359b4df6c1cfaa8",
        "x-ms-correlation-request-id": "586f02b3-bbd2-4902-b6fb-d510efc29400",
        "x-ms-ratelimit-remaining-subscription-reads": "11981",
        "x-ms-request-id": "48aa9880-af93-4e6d-b7c9-9cc921d0fbcd",
        "x-ms-routing-request-id": "SOUTHEASTASIA:20210823T054852Z:586f02b3-bbd2-4902-b6fb-d510efc29400"
      },
      "ResponseBody": [
        "{\r\n",
        "  \u0022available\u0022: false,\r\n",
        "  \u0022availableIPAddresses\u0022: [\r\n",
        "    \u002210.0.1.4\u0022,\r\n",
        "    \u002210.0.1.5\u0022,\r\n",
        "    \u002210.0.1.6\u0022,\r\n",
        "    \u002210.0.1.7\u0022,\r\n",
        "    \u002210.0.1.8\u0022\r\n",
        "  ],\r\n",
        "  \u0022isPlatformReserved\u0022: false,\r\n",
        "  \u0022inUseWithResource\u0022: \u0022/subscriptions/db1ab6f0-4769-4b27-930e-01e2ef9c123c/resourceGroups/csmrg1848/providers/Microsoft.Network/networkInterfaces/azsmnet6458\u0022\r\n",
        "}"
      ]
    },
    {
      "RequestUri": "https://management.azure.com/subscriptions/db1ab6f0-4769-4b27-930e-01e2ef9c123c/resourceGroups/csmrg1848/providers/Microsoft.Network/networkInterfaces/azsmnet6458?api-version=2021-02-01",
      "RequestMethod": "DELETE",
      "RequestHeaders": {
        "Accept": "application/json",
        "Authorization": "Sanitized",
        "User-Agent": "azsdk-net-ResourceManager/1.0.0-alpha.20210811.3 (.NET Framework 4.8.4341.0; Microsoft Windows 10.0.19043 )",
        "x-ms-client-request-id": "77c8549ef82daa7c7127d507546995ba",
        "x-ms-return-client-request-id": "true"
      },
      "RequestBody": null,
      "StatusCode": 202,
      "ResponseHeaders": {
        "Azure-AsyncNotification": "Enabled",
        "Azure-AsyncOperation": "https://management.azure.com/subscriptions/db1ab6f0-4769-4b27-930e-01e2ef9c123c/providers/Microsoft.Network/locations/eastus/operations/0046da01-1780-42a6-9808-837d94a6050b?api-version=2021-02-01",
        "Cache-Control": "no-cache",
        "Content-Length": "0",
        "Date": "Mon, 23 Aug 2021 05:48:53 GMT",
        "Expires": "-1",
        "Location": "https://management.azure.com/subscriptions/db1ab6f0-4769-4b27-930e-01e2ef9c123c/providers/Microsoft.Network/locations/eastus/operationResults/0046da01-1780-42a6-9808-837d94a6050b?api-version=2021-02-01",
        "Pragma": "no-cache",
        "Retry-After": "10",
        "Server": [
          "Microsoft-HTTPAPI/2.0",
          "Microsoft-HTTPAPI/2.0"
        ],
        "Strict-Transport-Security": "max-age=31536000; includeSubDomains",
        "X-Content-Type-Options": "nosniff",
        "x-ms-arm-service-request-id": "e85b0a15-afbe-40e1-908d-24ea49cc0e48",
        "x-ms-client-request-id": "77c8549ef82daa7c7127d507546995ba",
        "x-ms-correlation-request-id": "de62a437-0e58-4d24-8794-36f02de62683",
        "x-ms-ratelimit-remaining-subscription-deletes": "14997",
        "x-ms-request-id": "0046da01-1780-42a6-9808-837d94a6050b",
        "x-ms-routing-request-id": "SOUTHEASTASIA:20210823T054853Z:de62a437-0e58-4d24-8794-36f02de62683"
      },
      "ResponseBody": []
    },
    {
      "RequestUri": "https://management.azure.com/subscriptions/db1ab6f0-4769-4b27-930e-01e2ef9c123c/providers/Microsoft.Network/locations/eastus/operations/0046da01-1780-42a6-9808-837d94a6050b?api-version=2021-02-01",
      "RequestMethod": "GET",
      "RequestHeaders": {
        "Authorization": "Sanitized",
        "User-Agent": "azsdk-net-ResourceManager/1.0.0-alpha.20210811.3 (.NET Framework 4.8.4341.0; Microsoft Windows 10.0.19043 )",
        "x-ms-client-request-id": "65cdb2547452df165e8092a8eb2efdfa",
        "x-ms-return-client-request-id": "true"
      },
      "RequestBody": null,
      "StatusCode": 200,
      "ResponseHeaders": {
        "Cache-Control": "no-cache",
        "Content-Length": "29",
        "Content-Type": "application/json; charset=utf-8",
        "Date": "Mon, 23 Aug 2021 05:48:53 GMT",
        "Expires": "-1",
        "Pragma": "no-cache",
        "Server": [
          "Microsoft-HTTPAPI/2.0",
          "Microsoft-HTTPAPI/2.0"
        ],
        "Strict-Transport-Security": "max-age=31536000; includeSubDomains",
        "X-Content-Type-Options": "nosniff",
        "x-ms-arm-service-request-id": "c33cb544-9f0e-4736-8dde-3b085ac062c0",
        "x-ms-client-request-id": "65cdb2547452df165e8092a8eb2efdfa",
        "x-ms-correlation-request-id": "78dc8a6e-cd21-4276-ade7-89873d968afe",
        "x-ms-ratelimit-remaining-subscription-reads": "11980",
        "x-ms-request-id": "6db74c23-d47c-49a9-b6f1-e0c7f604eba4",
        "x-ms-routing-request-id": "SOUTHEASTASIA:20210823T054854Z:78dc8a6e-cd21-4276-ade7-89873d968afe"
      },
      "ResponseBody": [
        "{\r\n",
        "  \u0022status\u0022: \u0022Succeeded\u0022\r\n",
        "}"
      ]
    },
    {
      "RequestUri": "https://management.azure.com/subscriptions/db1ab6f0-4769-4b27-930e-01e2ef9c123c/resourceGroups/csmrg1848/providers/Microsoft.Network/virtualNetworks/azsmnet2408?api-version=2021-02-01",
      "RequestMethod": "DELETE",
      "RequestHeaders": {
        "Accept": "application/json",
        "Authorization": "Sanitized",
        "User-Agent": "azsdk-net-ResourceManager/1.0.0-alpha.20210811.3 (.NET Framework 4.8.4341.0; Microsoft Windows 10.0.19043 )",
        "x-ms-client-request-id": "aad8f9c4970b5fbdbd511f491677906e",
        "x-ms-return-client-request-id": "true"
      },
      "RequestBody": null,
      "StatusCode": 202,
      "ResponseHeaders": {
        "Azure-AsyncNotification": "Enabled",
        "Azure-AsyncOperation": "https://management.azure.com/subscriptions/db1ab6f0-4769-4b27-930e-01e2ef9c123c/providers/Microsoft.Network/locations/eastus/operations/d3df800e-ad81-4f27-bce7-e0fdd2070a4f?api-version=2021-02-01",
        "Cache-Control": "no-cache",
        "Content-Length": "0",
        "Date": "Mon, 23 Aug 2021 05:48:54 GMT",
        "Expires": "-1",
        "Location": "https://management.azure.com/subscriptions/db1ab6f0-4769-4b27-930e-01e2ef9c123c/providers/Microsoft.Network/locations/eastus/operationResults/d3df800e-ad81-4f27-bce7-e0fdd2070a4f?api-version=2021-02-01",
        "Pragma": "no-cache",
        "Retry-After": "10",
        "Server": [
          "Microsoft-HTTPAPI/2.0",
          "Microsoft-HTTPAPI/2.0"
        ],
        "Strict-Transport-Security": "max-age=31536000; includeSubDomains",
        "X-Content-Type-Options": "nosniff",
        "x-ms-arm-service-request-id": "b7fce167-8fed-4749-aacb-d4cf981feb1d",
        "x-ms-client-request-id": "aad8f9c4970b5fbdbd511f491677906e",
        "x-ms-correlation-request-id": "585995d1-8fb4-4cb0-8e99-231582defaec",
        "x-ms-ratelimit-remaining-subscription-deletes": "14996",
        "x-ms-request-id": "d3df800e-ad81-4f27-bce7-e0fdd2070a4f",
        "x-ms-routing-request-id": "SOUTHEASTASIA:20210823T054854Z:585995d1-8fb4-4cb0-8e99-231582defaec"
      },
      "ResponseBody": []
    },
    {
      "RequestUri": "https://management.azure.com/subscriptions/db1ab6f0-4769-4b27-930e-01e2ef9c123c/providers/Microsoft.Network/locations/eastus/operations/d3df800e-ad81-4f27-bce7-e0fdd2070a4f?api-version=2021-02-01",
      "RequestMethod": "GET",
      "RequestHeaders": {
        "Authorization": "Sanitized",
        "User-Agent": "azsdk-net-ResourceManager/1.0.0-alpha.20210811.3 (.NET Framework 4.8.4341.0; Microsoft Windows 10.0.19043 )",
        "x-ms-client-request-id": "2040e8e6402abd6af46da70055ccc8e7",
        "x-ms-return-client-request-id": "true"
      },
      "RequestBody": null,
      "StatusCode": 200,
      "ResponseHeaders": {
        "Cache-Control": "no-cache",
        "Content-Length": "29",
        "Content-Type": "application/json; charset=utf-8",
        "Date": "Mon, 23 Aug 2021 05:48:54 GMT",
        "Expires": "-1",
        "Pragma": "no-cache",
        "Server": [
          "Microsoft-HTTPAPI/2.0",
          "Microsoft-HTTPAPI/2.0"
        ],
        "Strict-Transport-Security": "max-age=31536000; includeSubDomains",
        "X-Content-Type-Options": "nosniff",
        "x-ms-arm-service-request-id": "d8e00a83-64cf-487f-984f-9f7627114231",
        "x-ms-client-request-id": "2040e8e6402abd6af46da70055ccc8e7",
        "x-ms-correlation-request-id": "ea770e95-b64a-4470-bcd1-eb1d7444d48c",
        "x-ms-ratelimit-remaining-subscription-reads": "11979",
        "x-ms-request-id": "47855d03-b84c-4274-be26-c77d1ea94cb6",
        "x-ms-routing-request-id": "SOUTHEASTASIA:20210823T054855Z:ea770e95-b64a-4470-bcd1-eb1d7444d48c"
      },
      "ResponseBody": [
        "{\r\n",
        "  \u0022status\u0022: \u0022Succeeded\u0022\r\n",
        "}"
      ]
    }
  ],
  "Variables": {
    "LOCATION": "eastus",
    "RandomSeed": "1394574660",
    "RESOURCE_MANAGER_URL": null,
    "SUBSCRIPTION_ID": "db1ab6f0-4769-4b27-930e-01e2ef9c123c"
  }
}