{
  "Entries": [
    {
      "RequestUri": "https://management.azure.com/subscriptions/db1ab6f0-4769-4b27-930e-01e2ef9c123c?api-version=2019-11-01",
      "RequestMethod": "GET",
      "RequestHeaders": {
        "Accept": "application/json",
        "Authorization": "Sanitized",
        "User-Agent": "azsdk-net-ResourceManager/1.0.0-beta.1 (.NET Framework 4.8.4390.0; Microsoft Windows 10.0.19043 )",
        "x-ms-client-request-id": "f53439debfcea754fdf20706f35361b5",
        "x-ms-return-client-request-id": "true"
      },
      "RequestBody": null,
      "StatusCode": 200,
      "ResponseHeaders": {
        "Cache-Control": "no-cache",
        "Content-Length": "468",
        "Content-Type": "application/json; charset=utf-8",
        "Date": "Mon, 30 Aug 2021 06:14:26 GMT",
        "Expires": "-1",
        "Pragma": "no-cache",
        "Strict-Transport-Security": "max-age=31536000; includeSubDomains",
        "X-Content-Type-Options": "nosniff",
        "x-ms-correlation-request-id": "4f52ca2d-ef31-4c95-bc97-b2d5c83e307c",
        "x-ms-ratelimit-remaining-subscription-reads": "11998",
        "x-ms-request-id": "4f52ca2d-ef31-4c95-bc97-b2d5c83e307c",
        "x-ms-routing-request-id": "KOREACENTRAL:20210830T061426Z:4f52ca2d-ef31-4c95-bc97-b2d5c83e307c"
      },
      "ResponseBody": {
        "id": "/subscriptions/db1ab6f0-4769-4b27-930e-01e2ef9c123c",
        "authorizationSource": "RoleBased",
        "managedByTenants": [],
        "tags": {
          "tagKey1": "tagValue1",
          "tagKey2": "tagValue2"
        },
        "subscriptionId": "db1ab6f0-4769-4b27-930e-01e2ef9c123c",
        "tenantId": "72f988bf-86f1-41af-91ab-2d7cd011db47",
        "displayName": ".NET Mgmt SDK Test with TTL = 1 Day",
        "state": "Enabled",
        "subscriptionPolicies": {
          "locationPlacementId": "Internal_2014-09-01",
          "quotaId": "Internal_2014-09-01",
          "spendingLimit": "Off"
        }
      }
    },
    {
      "RequestUri": "https://management.azure.com/subscriptions/db1ab6f0-4769-4b27-930e-01e2ef9c123c/resourcegroups/testRG-4110?api-version=2019-10-01",
      "RequestMethod": "PUT",
      "RequestHeaders": {
        "Accept": "application/json",
        "Authorization": "Sanitized",
        "Content-Length": "44",
        "Content-Type": "application/json",
        "traceparent": "00-5b369427d504d04f830cfb8036c91748-578cfce5a6d5cb45-00",
        "User-Agent": "azsdk-net-ResourceManager/1.0.0-beta.1 (.NET Framework 4.8.4390.0; Microsoft Windows 10.0.19043 )",
        "x-ms-client-request-id": "d27e09ad84a13efe4771709591f0121b",
        "x-ms-return-client-request-id": "true"
      },
      "RequestBody": {
        "location": "westus2",
        "tags": {
          "test": "env"
        }
      },
      "StatusCode": 201,
      "ResponseHeaders": {
        "Cache-Control": "no-cache",
        "Content-Length": "242",
        "Content-Type": "application/json; charset=utf-8",
        "Date": "Mon, 30 Aug 2021 06:14:28 GMT",
        "Expires": "-1",
        "Pragma": "no-cache",
        "Strict-Transport-Security": "max-age=31536000; includeSubDomains",
        "X-Content-Type-Options": "nosniff",
        "x-ms-correlation-request-id": "f06ac6e0-64f6-4801-8c02-6f43ad2290cf",
        "x-ms-ratelimit-remaining-subscription-writes": "1199",
        "x-ms-request-id": "f06ac6e0-64f6-4801-8c02-6f43ad2290cf",
        "x-ms-routing-request-id": "KOREACENTRAL:20210830T061429Z:f06ac6e0-64f6-4801-8c02-6f43ad2290cf"
      },
      "ResponseBody": {
        "id": "/subscriptions/db1ab6f0-4769-4b27-930e-01e2ef9c123c/resourceGroups/testRG-4110",
        "name": "testRG-4110",
        "type": "Microsoft.Resources/resourceGroups",
        "location": "westus2",
        "tags": {
          "test": "env"
        },
        "properties": {
          "provisioningState": "Succeeded"
        }
      }
    },
    {
      "RequestUri": "https://management.azure.com/subscriptions/db1ab6f0-4769-4b27-930e-01e2ef9c123c/resourcegroups/testRG-6264?api-version=2019-10-01",
      "RequestMethod": "PUT",
      "RequestHeaders": {
        "Accept": "application/json",
        "Authorization": "Sanitized",
        "Content-Length": "44",
        "Content-Type": "application/json",
        "traceparent": "00-2f26d62b23daad479964b547d7f4d956-d7c9e3863063be4a-00",
        "User-Agent": "azsdk-net-ResourceManager/1.0.0-beta.1 (.NET Framework 4.8.4390.0; Microsoft Windows 10.0.19043 )",
        "x-ms-client-request-id": "911eab0a37c37189c9e39534e516db5d",
        "x-ms-return-client-request-id": "true"
      },
      "RequestBody": {
        "location": "westus2",
        "tags": {
          "test": "env"
        }
      },
      "StatusCode": 201,
      "ResponseHeaders": {
        "Cache-Control": "no-cache",
        "Content-Length": "242",
        "Content-Type": "application/json; charset=utf-8",
        "Date": "Mon, 30 Aug 2021 06:14:29 GMT",
        "Expires": "-1",
        "Pragma": "no-cache",
        "Strict-Transport-Security": "max-age=31536000; includeSubDomains",
        "X-Content-Type-Options": "nosniff",
        "x-ms-correlation-request-id": "9a685ee0-d2c3-4a15-b161-83ab8603bbd8",
        "x-ms-ratelimit-remaining-subscription-writes": "1198",
        "x-ms-request-id": "9a685ee0-d2c3-4a15-b161-83ab8603bbd8",
        "x-ms-routing-request-id": "KOREACENTRAL:20210830T061429Z:9a685ee0-d2c3-4a15-b161-83ab8603bbd8"
      },
      "ResponseBody": {
        "id": "/subscriptions/db1ab6f0-4769-4b27-930e-01e2ef9c123c/resourceGroups/testRG-6264",
        "name": "testRG-6264",
        "type": "Microsoft.Resources/resourceGroups",
        "location": "westus2",
        "tags": {
          "test": "env"
        },
        "properties": {
          "provisioningState": "Succeeded"
        }
      }
    },
    {
      "RequestUri": "https://management.azure.com/subscriptions/db1ab6f0-4769-4b27-930e-01e2ef9c123c/resourceGroups/testRG-6264/providers/Microsoft.Compute/disks/testDisk-3031?api-version=2020-12-01",
      "RequestMethod": "PUT",
      "RequestHeaders": {
        "Accept": "application/json",
        "Authorization": "Sanitized",
        "Content-Length": "132",
        "Content-Type": "application/json",
        "User-Agent": "azsdk-net-ResourceManager.Compute/1.0.0-alpha.20210830.1 (.NET Framework 4.8.4390.0; Microsoft Windows 10.0.19043 )",
        "x-ms-client-request-id": "3d1e0e3435b487b74de3126b02f5eafc",
        "x-ms-return-client-request-id": "true"
      },
      "RequestBody": {
        "sku": {
          "name": "Standard_LRS"
        },
        "tags": {},
        "location": "westus2",
        "properties": {
          "creationData": {
            "createOption": "Empty"
          },
          "diskSizeGB": 1
        }
      },
      "StatusCode": 202,
      "ResponseHeaders": {
        "Azure-AsyncOperation": "https://management.azure.com/subscriptions/db1ab6f0-4769-4b27-930e-01e2ef9c123c/providers/Microsoft.Compute/locations/westus2/DiskOperations/12f76905-048a-4a22-a37e-7273b0537716?api-version=2020-12-01",
        "Cache-Control": "no-cache",
        "Content-Length": "292",
        "Content-Type": "application/json; charset=utf-8",
        "Date": "Mon, 30 Aug 2021 06:14:33 GMT",
        "Expires": "-1",
        "Location": "https://management.azure.com/subscriptions/db1ab6f0-4769-4b27-930e-01e2ef9c123c/providers/Microsoft.Compute/locations/westus2/DiskOperations/12f76905-048a-4a22-a37e-7273b0537716?monitor=true\u0026api-version=2020-12-01",
        "Pragma": "no-cache",
        "Retry-After": "2",
        "Server": [
          "Microsoft-HTTPAPI/2.0",
          "Microsoft-HTTPAPI/2.0"
        ],
        "Strict-Transport-Security": "max-age=31536000; includeSubDomains",
        "X-Content-Type-Options": "nosniff",
        "x-ms-client-request-id": "3d1e0e3435b487b74de3126b02f5eafc",
        "x-ms-correlation-request-id": "b8f808da-e5e1-4ca8-833d-7cbe44a9a3c9",
        "x-ms-ratelimit-remaining-resource": "Microsoft.Compute/CreateUpdateDisks3Min;999,Microsoft.Compute/CreateUpdateDisks30Min;7999",
        "x-ms-ratelimit-remaining-subscription-writes": "1197",
        "x-ms-request-id": "12f76905-048a-4a22-a37e-7273b0537716",
        "x-ms-routing-request-id": "KOREACENTRAL:20210830T061433Z:b8f808da-e5e1-4ca8-833d-7cbe44a9a3c9",
        "x-ms-served-by": "4bf15084-9f45-4a17-82a6-013632a884fb_132661632045392573"
      },
      "ResponseBody": [
        "{\r\n",
        "  \u0022name\u0022: \u0022testDisk-3031\u0022,\r\n",
        "  \u0022location\u0022: \u0022westus2\u0022,\r\n",
        "  \u0022tags\u0022: {},\r\n",
        "  \u0022sku\u0022: {\r\n",
        "    \u0022name\u0022: \u0022Standard_LRS\u0022\r\n",
        "  },\r\n",
        "  \u0022properties\u0022: {\r\n",
        "    \u0022creationData\u0022: {\r\n",
        "      \u0022createOption\u0022: \u0022Empty\u0022\r\n",
        "    },\r\n",
        "    \u0022diskSizeGB\u0022: 1,\r\n",
        "    \u0022provisioningState\u0022: \u0022Updating\u0022,\r\n",
        "    \u0022isArmResource\u0022: true\r\n",
        "  }\r\n",
        "}"
      ]
    },
    {
      "RequestUri": "https://management.azure.com/subscriptions/db1ab6f0-4769-4b27-930e-01e2ef9c123c/providers/Microsoft.Compute/locations/westus2/DiskOperations/12f76905-048a-4a22-a37e-7273b0537716?api-version=2020-12-01",
      "RequestMethod": "GET",
      "RequestHeaders": {
        "Authorization": "Sanitized",
        "User-Agent": "azsdk-net-ResourceManager/1.0.0-beta.1 (.NET Framework 4.8.4390.0; Microsoft Windows 10.0.19043 )",
        "x-ms-client-request-id": "0cde9034f3d87555660a75537706c7ee",
        "x-ms-return-client-request-id": "true"
      },
      "RequestBody": null,
      "StatusCode": 200,
      "ResponseHeaders": {
        "Cache-Control": "no-cache",
        "Content-Length": "1051",
        "Content-Type": "application/json; charset=utf-8",
        "Date": "Mon, 30 Aug 2021 06:14:33 GMT",
        "Expires": "-1",
        "Pragma": "no-cache",
        "Server": [
          "Microsoft-HTTPAPI/2.0",
          "Microsoft-HTTPAPI/2.0"
        ],
        "Strict-Transport-Security": "max-age=31536000; includeSubDomains",
        "X-Content-Type-Options": "nosniff",
        "x-ms-client-request-id": "0cde9034f3d87555660a75537706c7ee",
        "x-ms-correlation-request-id": "cb6e0468-e0b3-47b8-b957-e1bea63b1cec",
        "x-ms-ratelimit-remaining-resource": "Microsoft.Compute/GetOperation3Min;49999,Microsoft.Compute/GetOperation30Min;399992",
        "x-ms-ratelimit-remaining-subscription-reads": "11997",
        "x-ms-request-id": "c65035de-5157-4d63-aacd-08647ab79705",
        "x-ms-routing-request-id": "KOREACENTRAL:20210830T061434Z:cb6e0468-e0b3-47b8-b957-e1bea63b1cec",
        "x-ms-served-by": "4bf15084-9f45-4a17-82a6-013632a884fb_132661632045392573"
      },
      "ResponseBody": [
        "{\r\n",
        "  \u0022startTime\u0022: \u00222021-08-30T06:14:33.6002621\u002B00:00\u0022,\r\n",
        "  \u0022endTime\u0022: \u00222021-08-30T06:14:33.6627715\u002B00:00\u0022,\r\n",
        "  \u0022status\u0022: \u0022Succeeded\u0022,\r\n",
        "  \u0022properties\u0022: {\r\n",
        "    \u0022output\u0022: {\r\n",
        "  \u0022name\u0022: \u0022testDisk-3031\u0022,\r\n",
        "  \u0022id\u0022: \u0022/subscriptions/db1ab6f0-4769-4b27-930e-01e2ef9c123c/resourceGroups/testRG-6264/providers/Microsoft.Compute/disks/testDisk-3031\u0022,\r\n",
        "  \u0022type\u0022: \u0022Microsoft.Compute/disks\u0022,\r\n",
        "  \u0022location\u0022: \u0022westus2\u0022,\r\n",
        "  \u0022tags\u0022: {},\r\n",
        "  \u0022sku\u0022: {\r\n",
        "    \u0022name\u0022: \u0022Standard_LRS\u0022,\r\n",
        "    \u0022tier\u0022: \u0022Standard\u0022\r\n",
        "  },\r\n",
        "  \u0022properties\u0022: {\r\n",
        "    \u0022creationData\u0022: {\r\n",
        "      \u0022createOption\u0022: \u0022Empty\u0022\r\n",
        "    },\r\n",
        "    \u0022diskSizeGB\u0022: 1,\r\n",
        "    \u0022diskIOPSReadWrite\u0022: 500,\r\n",
        "    \u0022diskMBpsReadWrite\u0022: 60,\r\n",
        "    \u0022encryption\u0022: {\r\n",
        "      \u0022type\u0022: \u0022EncryptionAtRestWithPlatformKey\u0022\r\n",
        "    },\r\n",
        "    \u0022timeCreated\u0022: \u00222021-08-30T06:14:33.6002621\u002B00:00\u0022,\r\n",
        "    \u0022provisioningState\u0022: \u0022Succeeded\u0022,\r\n",
        "    \u0022diskState\u0022: \u0022Unattached\u0022,\r\n",
        "    \u0022diskSizeBytes\u0022: 1073741824,\r\n",
        "    \u0022uniqueId\u0022: \u0022abb0f1b3-7291-45e8-8b2b-daf8fafe1eae\u0022,\r\n",
        "    \u0022networkAccessPolicy\u0022: \u0022AllowAll\u0022\r\n",
        "  }\r\n",
        "}\r\n",
        "  },\r\n",
        "  \u0022name\u0022: \u002212f76905-048a-4a22-a37e-7273b0537716\u0022\r\n",
        "}"
      ]
    },
    {
      "RequestUri": "https://management.azure.com/subscriptions/db1ab6f0-4769-4b27-930e-01e2ef9c123c/resourceGroups/testRG-6264/providers/Microsoft.Compute/disks/testDisk-3031?api-version=2020-12-01",
      "RequestMethod": "GET",
      "RequestHeaders": {
        "Authorization": "Sanitized",
        "User-Agent": "azsdk-net-ResourceManager/1.0.0-beta.1 (.NET Framework 4.8.4390.0; Microsoft Windows 10.0.19043 )",
        "x-ms-client-request-id": "bfc238aa15d2ee44c7d60cf91b0f73c1",
        "x-ms-return-client-request-id": "true"
      },
      "RequestBody": null,
      "StatusCode": 200,
      "ResponseHeaders": {
        "Cache-Control": "no-cache",
        "Content-Length": "826",
        "Content-Type": "application/json; charset=utf-8",
        "Date": "Mon, 30 Aug 2021 06:14:33 GMT",
        "Expires": "-1",
        "Pragma": "no-cache",
        "Server": [
          "Microsoft-HTTPAPI/2.0",
          "Microsoft-HTTPAPI/2.0"
        ],
        "Strict-Transport-Security": "max-age=31536000; includeSubDomains",
        "X-Content-Type-Options": "nosniff",
        "x-ms-client-request-id": "bfc238aa15d2ee44c7d60cf91b0f73c1",
        "x-ms-correlation-request-id": "3b6206de-0a84-47ae-a17b-391ae683bc4a",
        "x-ms-ratelimit-remaining-resource": "Microsoft.Compute/LowCostGet3Min;14998,Microsoft.Compute/LowCostGet30Min;119978",
        "x-ms-ratelimit-remaining-subscription-reads": "11996",
        "x-ms-request-id": "e106627f-02e5-4530-8c7e-caa13466a346",
        "x-ms-routing-request-id": "KOREACENTRAL:20210830T061434Z:3b6206de-0a84-47ae-a17b-391ae683bc4a",
        "x-ms-served-by": "4bf15084-9f45-4a17-82a6-013632a884fb_132661632045392573"
      },
      "ResponseBody": [
        "{\r\n",
        "  \u0022name\u0022: \u0022testDisk-3031\u0022,\r\n",
        "  \u0022id\u0022: \u0022/subscriptions/db1ab6f0-4769-4b27-930e-01e2ef9c123c/resourceGroups/testRG-6264/providers/Microsoft.Compute/disks/testDisk-3031\u0022,\r\n",
        "  \u0022type\u0022: \u0022Microsoft.Compute/disks\u0022,\r\n",
        "  \u0022location\u0022: \u0022westus2\u0022,\r\n",
        "  \u0022tags\u0022: {},\r\n",
        "  \u0022sku\u0022: {\r\n",
        "    \u0022name\u0022: \u0022Standard_LRS\u0022,\r\n",
        "    \u0022tier\u0022: \u0022Standard\u0022\r\n",
        "  },\r\n",
        "  \u0022properties\u0022: {\r\n",
        "    \u0022creationData\u0022: {\r\n",
        "      \u0022createOption\u0022: \u0022Empty\u0022\r\n",
        "    },\r\n",
        "    \u0022diskSizeGB\u0022: 1,\r\n",
        "    \u0022diskIOPSReadWrite\u0022: 500,\r\n",
        "    \u0022diskMBpsReadWrite\u0022: 60,\r\n",
        "    \u0022encryption\u0022: {\r\n",
        "      \u0022type\u0022: \u0022EncryptionAtRestWithPlatformKey\u0022\r\n",
        "    },\r\n",
        "    \u0022timeCreated\u0022: \u00222021-08-30T06:14:33.6002621\u002B00:00\u0022,\r\n",
        "    \u0022provisioningState\u0022: \u0022Succeeded\u0022,\r\n",
        "    \u0022diskState\u0022: \u0022Unattached\u0022,\r\n",
        "    \u0022diskSizeBytes\u0022: 1073741824,\r\n",
        "    \u0022uniqueId\u0022: \u0022abb0f1b3-7291-45e8-8b2b-daf8fafe1eae\u0022,\r\n",
        "    \u0022networkAccessPolicy\u0022: \u0022AllowAll\u0022\r\n",
        "  }\r\n",
        "}"
      ]
    },
    {
      "RequestUri": "https://management.azure.com/subscriptions/db1ab6f0-4769-4b27-930e-01e2ef9c123c/resourceGroups/testRG-4110/providers/Microsoft.Compute/snapshots/testSnapshot-8403?api-version=2020-12-01",
      "RequestMethod": "PUT",
      "RequestHeaders": {
        "Accept": "application/json",
        "Authorization": "Sanitized",
        "Content-Length": "227",
        "Content-Type": "application/json",
        "User-Agent": "azsdk-net-ResourceManager.Compute/1.0.0-alpha.20210830.1 (.NET Framework 4.8.4390.0; Microsoft Windows 10.0.19043 )",
        "x-ms-client-request-id": "71365889de162f240193e111d0f3d129",
        "x-ms-return-client-request-id": "true"
      },
      "RequestBody": {
        "tags": {},
        "location": "westus2",
        "properties": {
          "creationData": {
            "createOption": "copy",
            "sourceUri": "/subscriptions/db1ab6f0-4769-4b27-930e-01e2ef9c123c/resourceGroups/testRG-6264/providers/Microsoft.Compute/disks/testDisk-3031"
          }
        }
      },
      "StatusCode": 202,
      "ResponseHeaders": {
        "Azure-AsyncOperation": "https://management.azure.com/subscriptions/db1ab6f0-4769-4b27-930e-01e2ef9c123c/providers/Microsoft.Compute/locations/westus2/DiskOperations/0d73cb96-a958-462e-94de-bbca36091020?api-version=2020-12-01",
        "Cache-Control": "no-cache",
        "Content-Length": "410",
        "Content-Type": "application/json; charset=utf-8",
        "Date": "Mon, 30 Aug 2021 06:14:35 GMT",
        "Expires": "-1",
        "Location": "https://management.azure.com/subscriptions/db1ab6f0-4769-4b27-930e-01e2ef9c123c/providers/Microsoft.Compute/locations/westus2/DiskOperations/0d73cb96-a958-462e-94de-bbca36091020?monitor=true\u0026api-version=2020-12-01",
        "Pragma": "no-cache",
        "Retry-After": "2",
        "Server": [
          "Microsoft-HTTPAPI/2.0",
          "Microsoft-HTTPAPI/2.0"
        ],
        "Strict-Transport-Security": "max-age=31536000; includeSubDomains",
        "X-Content-Type-Options": "nosniff",
        "x-ms-client-request-id": "71365889de162f240193e111d0f3d129",
        "x-ms-correlation-request-id": "3c6d3f1e-00c2-4456-9ac8-40cc724e27bf",
        "x-ms-ratelimit-remaining-resource": "Microsoft.Compute/HighCostSnapshotCreateHydrate3Min;999,Microsoft.Compute/HighCostSnapshotCreateHydrate30Min;7999",
        "x-ms-ratelimit-remaining-subscription-writes": "1196",
        "x-ms-request-id": "0d73cb96-a958-462e-94de-bbca36091020",
        "x-ms-routing-request-id": "KOREACENTRAL:20210830T061435Z:3c6d3f1e-00c2-4456-9ac8-40cc724e27bf",
        "x-ms-served-by": "4bf15084-9f45-4a17-82a6-013632a884fb_132661632045392573"
      },
      "ResponseBody": [
        "{\r\n",
        "  \u0022location\u0022: \u0022westus2\u0022,\r\n",
        "  \u0022tags\u0022: {},\r\n",
        "  \u0022properties\u0022: {\r\n",
        "    \u0022creationData\u0022: {\r\n",
        "      \u0022createOption\u0022: \u0022Copy\u0022,\r\n",
        "      \u0022sourceUri\u0022: \u0022/subscriptions/db1ab6f0-4769-4b27-930e-01e2ef9c123c/resourceGroups/testRG-6264/providers/Microsoft.Compute/disks/testDisk-3031\u0022,\r\n",
        "      \u0022sourceUniqueId\u0022: \u0022abb0f1b3-7291-45e8-8b2b-daf8fafe1eae\u0022\r\n",
        "    },\r\n",
        "    \u0022provisioningState\u0022: \u0022Updating\u0022,\r\n",
        "    \u0022isArmResource\u0022: true\r\n",
        "  }\r\n",
        "}"
      ]
    },
    {
      "RequestUri": "https://management.azure.com/subscriptions/db1ab6f0-4769-4b27-930e-01e2ef9c123c/providers/Microsoft.Compute/locations/westus2/DiskOperations/0d73cb96-a958-462e-94de-bbca36091020?api-version=2020-12-01",
      "RequestMethod": "GET",
      "RequestHeaders": {
        "Authorization": "Sanitized",
        "User-Agent": "azsdk-net-ResourceManager/1.0.0-beta.1 (.NET Framework 4.8.4390.0; Microsoft Windows 10.0.19043 )",
        "x-ms-client-request-id": "1ecab49655cfccd71393bd3f33321ed4",
        "x-ms-return-client-request-id": "true"
      },
      "RequestBody": null,
      "StatusCode": 200,
      "ResponseHeaders": {
        "Cache-Control": "no-cache",
        "Content-Length": "133",
        "Content-Type": "application/json; charset=utf-8",
        "Date": "Mon, 30 Aug 2021 06:14:35 GMT",
        "Expires": "-1",
        "Pragma": "no-cache",
        "Retry-After": "10",
        "Server": [
          "Microsoft-HTTPAPI/2.0",
          "Microsoft-HTTPAPI/2.0"
        ],
        "Strict-Transport-Security": "max-age=31536000; includeSubDomains",
        "X-Content-Type-Options": "nosniff",
        "x-ms-client-request-id": "1ecab49655cfccd71393bd3f33321ed4",
        "x-ms-correlation-request-id": "2285bc00-013f-4847-b46b-cdb531be75c7",
        "x-ms-ratelimit-remaining-resource": "Microsoft.Compute/GetOperation3Min;49998,Microsoft.Compute/GetOperation30Min;399991",
        "x-ms-ratelimit-remaining-subscription-reads": "11995",
        "x-ms-request-id": "1042806b-64c5-400c-8bbc-415f08bb2547",
        "x-ms-routing-request-id": "KOREACENTRAL:20210830T061436Z:2285bc00-013f-4847-b46b-cdb531be75c7",
        "x-ms-served-by": "4bf15084-9f45-4a17-82a6-013632a884fb_132661632045392573"
      },
      "ResponseBody": [
        "{\r\n",
        "  \u0022startTime\u0022: \u00222021-08-30T06:14:35.850503\u002B00:00\u0022,\r\n",
        "  \u0022status\u0022: \u0022InProgress\u0022,\r\n",
        "  \u0022name\u0022: \u00220d73cb96-a958-462e-94de-bbca36091020\u0022\r\n",
        "}"
      ]
    },
    {
      "RequestUri": "https://management.azure.com/subscriptions/db1ab6f0-4769-4b27-930e-01e2ef9c123c/providers/Microsoft.Compute/locations/westus2/DiskOperations/0d73cb96-a958-462e-94de-bbca36091020?api-version=2020-12-01",
      "RequestMethod": "GET",
      "RequestHeaders": {
        "Authorization": "Sanitized",
        "User-Agent": "azsdk-net-ResourceManager/1.0.0-beta.1 (.NET Framework 4.8.4390.0; Microsoft Windows 10.0.19043 )",
        "x-ms-client-request-id": "f005e3059810eef771162627992248a4",
        "x-ms-return-client-request-id": "true"
      },
      "RequestBody": null,
      "StatusCode": 200,
      "ResponseHeaders": {
        "Cache-Control": "no-cache",
        "Content-Length": "1252",
        "Content-Type": "application/json; charset=utf-8",
        "Date": "Mon, 30 Aug 2021 06:14:36 GMT",
        "Expires": "-1",
        "Pragma": "no-cache",
        "Server": [
          "Microsoft-HTTPAPI/2.0",
          "Microsoft-HTTPAPI/2.0"
        ],
        "Strict-Transport-Security": "max-age=31536000; includeSubDomains",
        "X-Content-Type-Options": "nosniff",
        "x-ms-client-request-id": "f005e3059810eef771162627992248a4",
        "x-ms-correlation-request-id": "7b534df3-7b89-47fc-b249-f5ebe9feaf39",
        "x-ms-ratelimit-remaining-resource": "Microsoft.Compute/GetOperation3Min;49997,Microsoft.Compute/GetOperation30Min;399990",
        "x-ms-ratelimit-remaining-subscription-reads": "11994",
        "x-ms-request-id": "102f71d2-e369-47aa-8096-51dc3694206b",
        "x-ms-routing-request-id": "KOREACENTRAL:20210830T061437Z:7b534df3-7b89-47fc-b249-f5ebe9feaf39",
        "x-ms-served-by": "4bf15084-9f45-4a17-82a6-013632a884fb_132661632045392573"
      },
      "ResponseBody": [
        "{\r\n",
        "  \u0022startTime\u0022: \u00222021-08-30T06:14:35.850503\u002B00:00\u0022,\r\n",
        "  \u0022endTime\u0022: \u00222021-08-30T06:14:36.7098921\u002B00:00\u0022,\r\n",
        "  \u0022status\u0022: \u0022Succeeded\u0022,\r\n",
        "  \u0022properties\u0022: {\r\n",
        "    \u0022output\u0022: {\r\n",
        "  \u0022name\u0022: \u0022testSnapshot-8403\u0022,\r\n",
        "  \u0022id\u0022: \u0022/subscriptions/db1ab6f0-4769-4b27-930e-01e2ef9c123c/resourceGroups/testRG-4110/providers/Microsoft.Compute/snapshots/testSnapshot-8403\u0022,\r\n",
        "  \u0022type\u0022: \u0022Microsoft.Compute/snapshots\u0022,\r\n",
        "  \u0022location\u0022: \u0022westus2\u0022,\r\n",
        "  \u0022tags\u0022: {},\r\n",
        "  \u0022sku\u0022: {\r\n",
        "    \u0022name\u0022: \u0022Standard_LRS\u0022,\r\n",
        "    \u0022tier\u0022: \u0022Standard\u0022\r\n",
        "  },\r\n",
        "  \u0022properties\u0022: {\r\n",
        "    \u0022creationData\u0022: {\r\n",
        "      \u0022createOption\u0022: \u0022Copy\u0022,\r\n",
        "      \u0022sourceResourceId\u0022: \u0022/subscriptions/db1ab6f0-4769-4b27-930e-01e2ef9c123c/resourceGroups/testRG-6264/providers/Microsoft.Compute/disks/testDisk-3031\u0022,\r\n",
        "      \u0022sourceUniqueId\u0022: \u0022abb0f1b3-7291-45e8-8b2b-daf8fafe1eae\u0022\r\n",
        "    },\r\n",
        "    \u0022diskSizeGB\u0022: 1,\r\n",
        "    \u0022encryption\u0022: {\r\n",
        "      \u0022type\u0022: \u0022EncryptionAtRestWithPlatformKey\u0022\r\n",
        "    },\r\n",
        "    \u0022incremental\u0022: false,\r\n",
        "    \u0022timeCreated\u0022: \u00222021-08-30T06:14:35.850503\u002B00:00\u0022,\r\n",
        "    \u0022provisioningState\u0022: \u0022Succeeded\u0022,\r\n",
        "    \u0022diskState\u0022: \u0022Unattached\u0022,\r\n",
        "    \u0022diskSizeBytes\u0022: 1073741824,\r\n",
        "    \u0022uniqueId\u0022: \u0022aa1f43e3-89c8-4700-9ce2-86c85e67ad5f\u0022,\r\n",
        "    \u0022networkAccessPolicy\u0022: \u0022AllowAll\u0022\r\n",
        "  }\r\n",
        "}\r\n",
        "  },\r\n",
        "  \u0022name\u0022: \u00220d73cb96-a958-462e-94de-bbca36091020\u0022\r\n",
        "}"
      ]
    },
    {
      "RequestUri": "https://management.azure.com/subscriptions/db1ab6f0-4769-4b27-930e-01e2ef9c123c/resourceGroups/testRG-4110/providers/Microsoft.Compute/snapshots/testSnapshot-8403?api-version=2020-12-01",
      "RequestMethod": "GET",
      "RequestHeaders": {
        "Authorization": "Sanitized",
        "User-Agent": "azsdk-net-ResourceManager/1.0.0-beta.1 (.NET Framework 4.8.4390.0; Microsoft Windows 10.0.19043 )",
        "x-ms-client-request-id": "1b7b8a38b2289e5a5332c736dda7ec19",
        "x-ms-return-client-request-id": "true"
      },
      "RequestBody": null,
      "StatusCode": 200,
      "ResponseHeaders": {
        "Cache-Control": "no-cache",
        "Content-Length": "1028",
        "Content-Type": "application/json; charset=utf-8",
        "Date": "Mon, 30 Aug 2021 06:14:36 GMT",
        "Expires": "-1",
        "Pragma": "no-cache",
        "Server": [
          "Microsoft-HTTPAPI/2.0",
          "Microsoft-HTTPAPI/2.0"
        ],
        "Strict-Transport-Security": "max-age=31536000; includeSubDomains",
        "X-Content-Type-Options": "nosniff",
        "x-ms-client-request-id": "1b7b8a38b2289e5a5332c736dda7ec19",
        "x-ms-correlation-request-id": "6f0e55c3-0db3-4038-8d0f-012fa33ca913",
        "x-ms-ratelimit-remaining-resource": "Microsoft.Compute/LowCostGet3Min;14997,Microsoft.Compute/LowCostGet30Min;119977",
        "x-ms-ratelimit-remaining-subscription-reads": "11993",
        "x-ms-request-id": "cc0ebbde-7df4-45eb-86e7-f7f859a6e4a8",
        "x-ms-routing-request-id": "KOREACENTRAL:20210830T061437Z:6f0e55c3-0db3-4038-8d0f-012fa33ca913",
        "x-ms-served-by": "4bf15084-9f45-4a17-82a6-013632a884fb_132661632045392573"
      },
      "ResponseBody": [
        "{\r\n",
        "  \u0022name\u0022: \u0022testSnapshot-8403\u0022,\r\n",
        "  \u0022id\u0022: \u0022/subscriptions/db1ab6f0-4769-4b27-930e-01e2ef9c123c/resourceGroups/testRG-4110/providers/Microsoft.Compute/snapshots/testSnapshot-8403\u0022,\r\n",
        "  \u0022type\u0022: \u0022Microsoft.Compute/snapshots\u0022,\r\n",
        "  \u0022location\u0022: \u0022westus2\u0022,\r\n",
        "  \u0022tags\u0022: {},\r\n",
        "  \u0022sku\u0022: {\r\n",
        "    \u0022name\u0022: \u0022Standard_LRS\u0022,\r\n",
        "    \u0022tier\u0022: \u0022Standard\u0022\r\n",
        "  },\r\n",
        "  \u0022properties\u0022: {\r\n",
        "    \u0022creationData\u0022: {\r\n",
        "      \u0022createOption\u0022: \u0022Copy\u0022,\r\n",
        "      \u0022sourceResourceId\u0022: \u0022/subscriptions/db1ab6f0-4769-4b27-930e-01e2ef9c123c/resourceGroups/testRG-6264/providers/Microsoft.Compute/disks/testDisk-3031\u0022,\r\n",
        "      \u0022sourceUniqueId\u0022: \u0022abb0f1b3-7291-45e8-8b2b-daf8fafe1eae\u0022\r\n",
        "    },\r\n",
        "    \u0022diskSizeGB\u0022: 1,\r\n",
        "    \u0022encryption\u0022: {\r\n",
        "      \u0022type\u0022: \u0022EncryptionAtRestWithPlatformKey\u0022\r\n",
        "    },\r\n",
        "    \u0022incremental\u0022: false,\r\n",
        "    \u0022timeCreated\u0022: \u00222021-08-30T06:14:35.850503\u002B00:00\u0022,\r\n",
        "    \u0022provisioningState\u0022: \u0022Succeeded\u0022,\r\n",
        "    \u0022diskState\u0022: \u0022Unattached\u0022,\r\n",
        "    \u0022diskSizeBytes\u0022: 1073741824,\r\n",
        "    \u0022uniqueId\u0022: \u0022aa1f43e3-89c8-4700-9ce2-86c85e67ad5f\u0022,\r\n",
        "    \u0022networkAccessPolicy\u0022: \u0022AllowAll\u0022\r\n",
        "  }\r\n",
        "}"
      ]
    },
    {
      "RequestUri": "https://management.azure.com/subscriptions/db1ab6f0-4769-4b27-930e-01e2ef9c123c/resourceGroups/testRG-4110/providers/Microsoft.Compute/snapshots/testSnapshot-8403?api-version=2020-12-01",
      "RequestMethod": "GET",
      "RequestHeaders": {
        "Accept": "application/json",
        "Authorization": "Sanitized",
        "User-Agent": "azsdk-net-ResourceManager.Compute/1.0.0-alpha.20210830.1 (.NET Framework 4.8.4390.0; Microsoft Windows 10.0.19043 )",
        "x-ms-client-request-id": "03fc6fd16a57fe46bcdbacb82fb032f0",
        "x-ms-return-client-request-id": "true"
      },
      "RequestBody": null,
      "StatusCode": 200,
      "ResponseHeaders": {
        "Cache-Control": "no-cache",
        "Content-Length": "1028",
        "Content-Type": "application/json; charset=utf-8",
        "Date": "Mon, 30 Aug 2021 06:14:37 GMT",
        "Expires": "-1",
        "Pragma": "no-cache",
        "Server": [
          "Microsoft-HTTPAPI/2.0",
          "Microsoft-HTTPAPI/2.0"
        ],
        "Strict-Transport-Security": "max-age=31536000; includeSubDomains",
        "X-Content-Type-Options": "nosniff",
        "x-ms-client-request-id": "03fc6fd16a57fe46bcdbacb82fb032f0",
        "x-ms-correlation-request-id": "039a1d8e-1a39-4d2f-896e-c309fb2194cb",
        "x-ms-ratelimit-remaining-resource": "Microsoft.Compute/LowCostGet3Min;14996,Microsoft.Compute/LowCostGet30Min;119976",
        "x-ms-ratelimit-remaining-subscription-reads": "11992",
        "x-ms-request-id": "ae1beb41-beb6-4b2d-926e-fb77d4a45e70",
        "x-ms-routing-request-id": "KOREACENTRAL:20210830T061437Z:039a1d8e-1a39-4d2f-896e-c309fb2194cb",
        "x-ms-served-by": "4bf15084-9f45-4a17-82a6-013632a884fb_132661632045392573"
      },
      "ResponseBody": [
        "{\r\n",
        "  \u0022name\u0022: \u0022testSnapshot-8403\u0022,\r\n",
        "  \u0022id\u0022: \u0022/subscriptions/db1ab6f0-4769-4b27-930e-01e2ef9c123c/resourceGroups/testRG-4110/providers/Microsoft.Compute/snapshots/testSnapshot-8403\u0022,\r\n",
        "  \u0022type\u0022: \u0022Microsoft.Compute/snapshots\u0022,\r\n",
        "  \u0022location\u0022: \u0022westus2\u0022,\r\n",
        "  \u0022tags\u0022: {},\r\n",
        "  \u0022sku\u0022: {\r\n",
        "    \u0022name\u0022: \u0022Standard_LRS\u0022,\r\n",
        "    \u0022tier\u0022: \u0022Standard\u0022\r\n",
        "  },\r\n",
        "  \u0022properties\u0022: {\r\n",
        "    \u0022creationData\u0022: {\r\n",
        "      \u0022createOption\u0022: \u0022Copy\u0022,\r\n",
        "      \u0022sourceResourceId\u0022: \u0022/subscriptions/db1ab6f0-4769-4b27-930e-01e2ef9c123c/resourceGroups/testRG-6264/providers/Microsoft.Compute/disks/testDisk-3031\u0022,\r\n",
        "      \u0022sourceUniqueId\u0022: \u0022abb0f1b3-7291-45e8-8b2b-daf8fafe1eae\u0022\r\n",
        "    },\r\n",
        "    \u0022diskSizeGB\u0022: 1,\r\n",
        "    \u0022encryption\u0022: {\r\n",
        "      \u0022type\u0022: \u0022EncryptionAtRestWithPlatformKey\u0022\r\n",
        "    },\r\n",
        "    \u0022incremental\u0022: false,\r\n",
        "    \u0022timeCreated\u0022: \u00222021-08-30T06:14:35.850503\u002B00:00\u0022,\r\n",
        "    \u0022provisioningState\u0022: \u0022Succeeded\u0022,\r\n",
        "    \u0022diskState\u0022: \u0022Unattached\u0022,\r\n",
        "    \u0022diskSizeBytes\u0022: 1073741824,\r\n",
        "    \u0022uniqueId\u0022: \u0022aa1f43e3-89c8-4700-9ce2-86c85e67ad5f\u0022,\r\n",
        "    \u0022networkAccessPolicy\u0022: \u0022AllowAll\u0022\r\n",
        "  }\r\n",
        "}"
      ]
    },
    {
      "RequestUri": "https://management.azure.com/subscriptions/db1ab6f0-4769-4b27-930e-01e2ef9c123c/resourceGroups/testRG-4110/providers/Microsoft.Compute/snapshots/testSnapshot-84031?api-version=2020-12-01",
      "RequestMethod": "GET",
      "RequestHeaders": {
        "Accept": "application/json",
        "Authorization": "Sanitized",
        "User-Agent": "azsdk-net-ResourceManager.Compute/1.0.0-alpha.20210830.1 (.NET Framework 4.8.4390.0; Microsoft Windows 10.0.19043 )",
        "x-ms-client-request-id": "a906184a02b752ab88669cded0c111ca",
        "x-ms-return-client-request-id": "true"
      },
      "RequestBody": null,
      "StatusCode": 404,
      "ResponseHeaders": {
        "Cache-Control": "no-cache",
        "Content-Length": "229",
        "Content-Type": "application/json; charset=utf-8",
        "Date": "Mon, 30 Aug 2021 06:14:37 GMT",
        "Expires": "-1",
        "Pragma": "no-cache",
        "Strict-Transport-Security": "max-age=31536000; includeSubDomains",
        "X-Content-Type-Options": "nosniff",
        "x-ms-correlation-request-id": "0d51811e-3494-4f3f-b98b-42540eb1384d",
        "x-ms-failure-cause": "gateway",
        "x-ms-request-id": "0d51811e-3494-4f3f-b98b-42540eb1384d",
        "x-ms-routing-request-id": "KOREACENTRAL:20210830T061438Z:0d51811e-3494-4f3f-b98b-42540eb1384d"
      },
      "ResponseBody": {
        "error": {
          "code": "ResourceNotFound",
          "message": "The Resource \u0027Microsoft.Compute/snapshots/testSnapshot-84031\u0027 under resource group \u0027testRG-4110\u0027 was not found. For more details please go to https://aka.ms/ARMResourceNotFoundFix"
        }
      }
    }
  ],
  "Variables": {
    "RandomSeed": "1729233413",
    "RESOURCE_MANAGER_URL": null,
    "SUBSCRIPTION_ID": "db1ab6f0-4769-4b27-930e-01e2ef9c123c"
  }
}