{
  "Entries": [
    {
      "RequestUri": "https://management.azure.com/subscriptions/db1ab6f0-4769-4b27-930e-01e2ef9c123c/resourcegroups/MediaServiceRG6372?api-version=2021-04-01",
      "RequestMethod": "GET",
      "RequestHeaders": {
        "Accept": "application/json",
        "Authorization": "Sanitized",
        "traceparent": "00-bbc468f81f6aac96a4219a2d9afeda51-8584f596256c8f31-00",
        "User-Agent": "azsdk-net-ResourceManager/1.3.0 (.NET 6.0.8; Microsoft Windows 10.0.19044)",
        "x-ms-client-request-id": "9bcce4136d08f230179104cd6b239f35",
        "x-ms-return-client-request-id": "true"
      },
      "RequestBody": null,
      "StatusCode": 200,
      "ResponseHeaders": {
        "Cache-Control": "no-cache",
        "Content-Length": "234",
        "Content-Type": "application/json; charset=utf-8",
        "Date": "Fri, 02 Sep 2022 06:58:38 GMT",
        "Expires": "-1",
        "Pragma": "no-cache",
        "Strict-Transport-Security": "max-age=31536000; includeSubDomains",
        "X-Content-Type-Options": "nosniff",
        "x-ms-correlation-request-id": "14f6c1aa-cdd1-4d5d-ab22-738dcfd441c4",
        "x-ms-ratelimit-remaining-subscription-reads": "11996",
        "x-ms-request-id": "14f6c1aa-cdd1-4d5d-ab22-738dcfd441c4",
        "x-ms-routing-request-id": "SOUTHEASTASIA:20220902T065838Z:14f6c1aa-cdd1-4d5d-ab22-738dcfd441c4"
      },
      "ResponseBody": {
        "id": "/subscriptions/db1ab6f0-4769-4b27-930e-01e2ef9c123c/resourceGroups/MediaServiceRG6372",
        "name": "MediaServiceRG6372",
        "type": "Microsoft.Resources/resourceGroups",
        "location": "westus2",
        "properties": {
          "provisioningState": "Succeeded"
        }
      }
    },
    {
      "RequestUri": "https://management.azure.com/subscriptions/db1ab6f0-4769-4b27-930e-01e2ef9c123c/resourceGroups/MediaServiceRG6372/providers/Microsoft.Media/mediaservices/mediaservice9369?api-version=2021-11-01",
      "RequestMethod": "PUT",
      "RequestHeaders": {
        "Accept": "application/json",
        "Authorization": "Sanitized",
        "Content-Length": "244",
        "Content-Type": "application/json",
        "traceparent": "00-2c3b56498fa07df12fadacaa80d4f7f6-c41258e519ebd2b0-00",
        "User-Agent": "azsdk-net-ResourceManager.Media/1.0.0-alpha.20220902.1 (.NET 6.0.8; Microsoft Windows 10.0.19044)",
        "x-ms-client-request-id": "0fc3975bf8480b90d46166ba915f6f43",
        "x-ms-return-client-request-id": "true"
      },
      "RequestBody": {
        "tags": {},
        "location": "westus2",
        "properties": {
          "storageAccounts": [
            {
              "id": "/subscriptions/db1ab6f0-4769-4b27-930e-01e2ef9c123c/resourceGroups/MediaServiceRG6372/providers/Microsoft.Storage/storageAccounts/azstorageformedia840",
              "type": "Primary"
            }
          ]
        }
      },
      "StatusCode": 201,
      "ResponseHeaders": {
        "Azure-AsyncOperation": "https://management.azure.com/subscriptions/db1ab6f0-4769-4b27-930e-01e2ef9c123c/providers/Microsoft.Media/locations/westus2/mediaServicesOperationStatuses/26dd88a1-180e-4093-85c1-4df20233e4e4?api-version=2021-11-01",
        "Cache-Control": "no-cache",
        "Content-Length": "848",
        "Content-Type": "application/json; odata.metadata=minimal",
        "Date": "Fri, 02 Sep 2022 06:58:41 GMT",
        "Expires": "-1",
        "Location": "https://management.azure.com/subscriptions/db1ab6f0-4769-4b27-930e-01e2ef9c123c/providers/Microsoft.Media/locations/westus2/mediaServicesOperationResults/26dd88a1-180e-4093-85c1-4df20233e4e4?api-version=2021-11-01",
        "OData-Version": "4.0",
        "Pragma": "no-cache",
        "Retry-After": "30",
        "Server": "Microsoft-HTTPAPI/2.0",
        "Strict-Transport-Security": "max-age=31536000; includeSubDomains",
        "X-Content-Type-Options": "nosniff",
        "x-ms-client-request-id": "0fc3975bf8480b90d46166ba915f6f43",
        "x-ms-correlation-request-id": "e7208ac9-b495-4050-8b7b-69713eef5311",
        "x-ms-ratelimit-remaining-subscription-writes": "1197",
        "x-ms-request-id": "03048e9f-c10e-4b01-bfba-c233cc79cb52",
        "x-ms-routing-request-id": "SOUTHEASTASIA:20220902T065842Z:e7208ac9-b495-4050-8b7b-69713eef5311"
      },
      "ResponseBody": {
        "name": "mediaservice9369",
        "id": "/subscriptions/db1ab6f0-4769-4b27-930e-01e2ef9c123c/resourceGroups/MediaServiceRG6372/providers/Microsoft.Media/mediaservices/mediaservice9369",
        "type": "Microsoft.Media/mediaservices",
        "location": "West US 2",
        "tags": {},
        "properties": {
          "mediaServiceId": "2aa1a157-6111-451c-bd3d-d79fb34620b8",
          "storageAccounts": [
            {
              "id": "/subscriptions/db1ab6f0-4769-4b27-930e-01e2ef9c123c/resourceGroups/MediaServiceRG6372/providers/Microsoft.Storage/storageAccounts/azstorageformedia840",
              "type": "Primary"
            }
          ],
          "storageAuthentication": "System",
          "keyDelivery": {
            "accessControl": {
              "defaultAction": "Allow",
              "ipAllowList": []
            }
          },
          "publicNetworkAccess": "Enabled",
          "provisioningState": "InProgress",
          "privateEndpointConnections": []
        }
      }
    },
    {
      "RequestUri": "https://management.azure.com/subscriptions/db1ab6f0-4769-4b27-930e-01e2ef9c123c/providers/Microsoft.Media/locations/westus2/mediaServicesOperationStatuses/26dd88a1-180e-4093-85c1-4df20233e4e4?api-version=2021-11-01",
      "RequestMethod": "GET",
      "RequestHeaders": {
        "Authorization": "Sanitized",
        "traceparent": "00-2c3b56498fa07df12fadacaa80d4f7f6-668559477411f49a-00",
        "User-Agent": "azsdk-net-ResourceManager/1.3.0 (.NET 6.0.8; Microsoft Windows 10.0.19044)",
        "x-ms-client-request-id": "b3851bf022e61ac953c0c7a6077560b7",
        "x-ms-return-client-request-id": "true"
      },
      "RequestBody": null,
      "StatusCode": 200,
      "ResponseHeaders": {
        "Cache-Control": "no-cache",
        "Content-Length": "329",
        "Content-Type": "application/json; odata.metadata=minimal; odata.streaming=true",
        "Date": "Fri, 02 Sep 2022 06:58:42 GMT",
        "Expires": "-1",
        "OData-Version": "4.0",
        "Pragma": "no-cache",
        "Server": "Microsoft-HTTPAPI/2.0",
        "Strict-Transport-Security": "max-age=31536000; includeSubDomains",
        "X-Content-Type-Options": "nosniff",
        "x-ms-client-request-id": "b3851bf022e61ac953c0c7a6077560b7",
        "x-ms-correlation-request-id": "461f83b2-8b70-4a83-8dad-1b45f1a28f5b",
        "x-ms-ratelimit-remaining-subscription-reads": "11995",
        "x-ms-request-id": "74dd0798-2c9e-423a-ac4f-a0bd926c9842",
        "x-ms-routing-request-id": "SOUTHEASTASIA:20220902T065842Z:461f83b2-8b70-4a83-8dad-1b45f1a28f5b"
      },
      "ResponseBody": {
        "name": "26dd88a1-180e-4093-85c1-4df20233e4e4",
        "id": "/subscriptions/db1ab6f0-4769-4b27-930e-01e2ef9c123c/providers/Microsoft.Media/locations/westus2/mediaServicesOperationStatuses/26dd88a1-180e-4093-85c1-4df20233e4e4",
        "startTime": "2022-09-02T06:58:41.1632391Z",
        "endTime": "2022-09-02T06:58:41.7413778Z",
        "status": "Succeeded"
      }
    },
    {
      "RequestUri": "https://management.azure.com/subscriptions/db1ab6f0-4769-4b27-930e-01e2ef9c123c/resourceGroups/MediaServiceRG6372/providers/Microsoft.Media/mediaservices/mediaservice9369?api-version=2021-11-01",
      "RequestMethod": "GET",
      "RequestHeaders": {
        "Authorization": "Sanitized",
        "traceparent": "00-2c3b56498fa07df12fadacaa80d4f7f6-09b8ae030c240a2f-00",
        "User-Agent": "azsdk-net-ResourceManager/1.3.0 (.NET 6.0.8; Microsoft Windows 10.0.19044)",
        "x-ms-client-request-id": "8070c122d1aa5cda50373a3f5623313c",
        "x-ms-return-client-request-id": "true"
      },
      "RequestBody": null,
      "StatusCode": 200,
      "ResponseHeaders": {
        "Cache-Control": "no-cache",
        "Content-Length": "875",
        "Content-Type": "application/json; odata.metadata=minimal; odata.streaming=true",
        "Date": "Fri, 02 Sep 2022 06:58:42 GMT",
        "Expires": "-1",
        "OData-Version": "4.0",
        "Pragma": "no-cache",
        "Server": "Microsoft-HTTPAPI/2.0",
        "Strict-Transport-Security": "max-age=31536000; includeSubDomains",
        "X-Content-Type-Options": "nosniff",
        "x-ms-client-request-id": "8070c122d1aa5cda50373a3f5623313c",
        "x-ms-correlation-request-id": "c71bcef5-310d-468d-9264-b86cb958ce1a",
        "x-ms-ratelimit-remaining-subscription-reads": "11994",
        "x-ms-request-id": "1326fd5f-9796-4523-ba6c-07bbae66ef2d",
        "x-ms-routing-request-id": "SOUTHEASTASIA:20220902T065842Z:c71bcef5-310d-468d-9264-b86cb958ce1a"
      },
      "ResponseBody": {
        "name": "mediaservice9369",
        "id": "/subscriptions/db1ab6f0-4769-4b27-930e-01e2ef9c123c/resourceGroups/MediaServiceRG6372/providers/Microsoft.Media/mediaservices/mediaservice9369",
        "type": "Microsoft.Media/mediaservices",
        "location": "West US 2",
        "properties": {
          "mediaServiceId": "2aa1a157-6111-451c-bd3d-d79fb34620b8",
          "storageAccounts": [
            {
              "id": "/subscriptions/db1ab6f0-4769-4b27-930e-01e2ef9c123c/resourceGroups/MediaServiceRG6372/providers/Microsoft.Storage/storageAccounts/azstorageformedia840",
              "type": "Primary"
            }
          ],
          "storageAuthentication": "System",
          "encryption": {
            "type": "SystemKey"
          },
          "keyDelivery": {
            "accessControl": {
              "defaultAction": "Allow",
              "ipAllowList": []
            }
          },
          "publicNetworkAccess": "Enabled",
          "provisioningState": "Succeeded",
          "privateEndpointConnections": []
        }
      }
    },
    {
      "RequestUri": "https://management.azure.com/subscriptions/db1ab6f0-4769-4b27-930e-01e2ef9c123c/resourceGroups/MediaServiceRG6372/providers/Microsoft.Media/mediaservices?api-version=2021-11-01",
      "RequestMethod": "GET",
      "RequestHeaders": {
        "Accept": "application/json",
        "Authorization": "Sanitized",
        "traceparent": "00-cc7f7aea219a8c00c877a7d2e0bfd535-6c62451c10d65977-00",
        "User-Agent": "azsdk-net-ResourceManager.Media/1.0.0-alpha.20220902.1 (.NET 6.0.8; Microsoft Windows 10.0.19044)",
        "x-ms-client-request-id": "76cad2e0bcda3a5c215d7a9a379f855e",
        "x-ms-return-client-request-id": "true"
      },
      "RequestBody": null,
      "StatusCode": 200,
      "ResponseHeaders": {
        "Cache-Control": "no-cache",
        "Content-Length": "975",
        "Content-Type": "application/json; odata.metadata=minimal",
        "Date": "Fri, 02 Sep 2022 06:58:43 GMT",
        "Expires": "-1",
        "OData-Version": "4.0",
        "Pragma": "no-cache",
        "Server": "Microsoft-HTTPAPI/2.0",
        "Strict-Transport-Security": "max-age=31536000; includeSubDomains",
        "X-Content-Type-Options": "nosniff",
        "x-ms-client-request-id": "76cad2e0bcda3a5c215d7a9a379f855e",
        "x-ms-correlation-request-id": "6dbcec98-6170-424c-a3eb-3a0fbbf910a1",
        "x-ms-ratelimit-remaining-subscription-reads": "11993",
        "x-ms-request-id": "86d6f76f-d2b8-44e9-9538-35fa12ff6d37",
        "x-ms-routing-request-id": "SOUTHEASTASIA:20220902T065843Z:6dbcec98-6170-424c-a3eb-3a0fbbf910a1"
      },
      "ResponseBody": {
        "value": [
          {
            "name": "mediaservice9369",
            "id": "/subscriptions/db1ab6f0-4769-4b27-930e-01e2ef9c123c/resourceGroups/MediaServiceRG6372/providers/Microsoft.Media/mediaservices/mediaservice9369",
            "type": "Microsoft.Media/mediaservices",
            "location": "West US 2",
            "properties": {
              "mediaServiceId": "2aa1a157-6111-451c-bd3d-d79fb34620b8",
              "storageAccounts": [
                {
                  "id": "/subscriptions/db1ab6f0-4769-4b27-930e-01e2ef9c123c/resourceGroups/MediaServiceRG6372/providers/Microsoft.Storage/storageAccounts/azstorageformedia840",
                  "type": "Primary"
                }
              ],
              "storageAuthentication": "System",
              "encryption": {
                "type": "SystemKey"
              },
              "keyDelivery": {
                "accessControl": {
                  "defaultAction": "Allow",
                  "ipAllowList": []
                }
              },
              "publicNetworkAccess": "Enabled",
              "provisioningState": "Succeeded",
              "privateEndpointConnections": []
            }
          }
        ]
      }
    }
  ],
  "Variables": {
    "AZURE_AUTHORITY_HOST": "https://login.microsoftonline.com",
    "RandomSeed": "1319739823",
    "RESOURCE_MANAGER_URL": null,
    "SUBSCRIPTION_ID": "db1ab6f0-4769-4b27-930e-01e2ef9c123c"
  }
}
