{
  "Entries": [
    {
      "RequestUri": "https://clubuildppe.ppe.cognitiveservices.azure.com/language/analyze-conversations/jobs?api-version=2022-05-15-preview",
      "RequestMethod": "POST",
      "RequestHeaders": {
        "Accept": "application/json",
        "Connection": "keep-alive",
        "Content-Length": "530",
        "Content-Type": "application/json",
        "Ocp-Apim-Subscription-Key": "Sanitized",
        "traceparent": "00-b46cfb1c578f814bb9a300adc722d475-1c5846493376ef4b-00",
        "User-Agent": "azsdk-net-AI.Language.Conversations/1.0.0-alpha.20220518.1 (.NET Framework 4.8.4510.0; Microsoft Windows 10.0.19044 )",
        "x-ms-client-request-id": "b73ef9f5db2af09b611b0b67c6902f98",
        "x-ms-return-client-request-id": "true"
      },
      "RequestBody": {
        "analysisInput": {
          "conversations": [
            {
              "conversationItems": [
                {
                  "text": "Hello, how can I help you?",
                  "id": "1",
                  "participantId": "Agent"
                },
                {
                  "text": "How to upgrade Office? I am getting error messages the whole day.",
                  "id": "2",
                  "participantId": "Customer"
                },
                {
                  "text": "Press the upgrade button please. Then sign in and follow the instructions.",
                  "id": "3",
                  "participantId": "Agent"
                }
              ],
              "id": "1",
              "language": "en",
              "modality": "text"
            }
          ]
        },
        "tasks": [
          {
            "parameters": {
              "summaryAspects": [
                "issue",
                "resolution"
              ]
            },
            "kind": "ConversationalSummarizationTask",
            "taskName": "1"
          }
        ]
      },
      "StatusCode": 202,
      "ResponseHeaders": {
        "apim-request-id": "c12cad3a-560b-4f70-97fd-def30e7f7246",
        "Content-Length": "0",
        "Date": "Wed, 18 May 2022 14:21:40 GMT",
        "operation-location": "https://clubuildppe.ppe.cognitiveservices.azure.com/language/analyze-conversations/jobs/65202648-4239-4ee7-8783-bc7ab36c8044?api-version=2022-05-15-preview",
        "Server": "istio-envoy",
        "Strict-Transport-Security": "max-age=31536000; includeSubDomains; preload",
        "X-Content-Type-Options": "nosniff",
        "x-envoy-upstream-service-time": "222",
        "x-http2-stream-id": "3"
      },
      "ResponseBody": null
    },
    {
      "RequestUri": "https://clubuildppe.ppe.cognitiveservices.azure.com/language/analyze-conversations/jobs/65202648-4239-4ee7-8783-bc7ab36c8044?api-version=2022-05-15-preview",
      "RequestMethod": "GET",
      "RequestHeaders": {
        "Accept": "application/json",
        "Ocp-Apim-Subscription-Key": "Sanitized",
        "User-Agent": "azsdk-net-AI.Language.Conversations/1.0.0-alpha.20220518.1 (.NET Framework 4.8.4510.0; Microsoft Windows 10.0.19044 )",
        "x-ms-client-request-id": "d0c4ed6bf597a2af6f8f4890b1a7c7eb",
        "x-ms-return-client-request-id": "true"
      },
      "RequestBody": null,
      "StatusCode": 200,
      "ResponseHeaders": {
        "apim-request-id": "b99f0f45-f13e-4d2d-975c-303781ff3a92",
        "Content-Length": "283",
        "Content-Type": "application/json; charset=utf-8",
        "Date": "Wed, 18 May 2022 14:21:40 GMT",
        "Server": "istio-envoy",
        "Strict-Transport-Security": "max-age=31536000; includeSubDomains; preload",
        "X-Content-Type-Options": "nosniff",
        "x-envoy-upstream-service-time": "8",
        "x-http2-stream-id": "3"
      },
      "ResponseBody": {
        "jobId": "65202648-4239-4ee7-8783-bc7ab36c8044",
        "lastUpdatedDateTime": "2022-05-18T14:21:40Z",
        "createdDateTime": "2022-05-18T14:21:40Z",
        "expirationDateTime": "2022-05-19T14:21:40Z",
        "status": "notStarted",
        "errors": [],
        "tasks": {
          "completed": 0,
          "failed": 0,
          "inProgress": 1,
          "total": 1,
          "items": []
        }
      }
    },
    {
      "RequestUri": "https://clubuildppe.ppe.cognitiveservices.azure.com/language/analyze-conversations/jobs/65202648-4239-4ee7-8783-bc7ab36c8044?api-version=2022-05-15-preview",
      "RequestMethod": "GET",
      "RequestHeaders": {
        "Accept": "application/json",
        "Ocp-Apim-Subscription-Key": "Sanitized",
        "User-Agent": "azsdk-net-AI.Language.Conversations/1.0.0-alpha.20220518.1 (.NET Framework 4.8.4510.0; Microsoft Windows 10.0.19044 )",
        "x-ms-client-request-id": "6b78e245aa0d6a5179ca8c050ba87088",
        "x-ms-return-client-request-id": "true"
      },
      "RequestBody": null,
      "StatusCode": 200,
      "ResponseHeaders": {
        "apim-request-id": "2d885c92-2e6c-4d53-8656-a3d773db0e87",
        "Content-Length": "689",
        "Content-Type": "application/json; charset=utf-8",
        "Date": "Wed, 18 May 2022 14:21:42 GMT",
        "Server": "istio-envoy",
        "Strict-Transport-Security": "max-age=31536000; includeSubDomains; preload",
        "X-Content-Type-Options": "nosniff",
        "x-envoy-upstream-service-time": "52",
        "x-http2-stream-id": "3"
      },
      "ResponseBody": {
        "jobId": "65202648-4239-4ee7-8783-bc7ab36c8044",
        "lastUpdatedDateTime": "2022-05-18T14:21:42Z",
        "createdDateTime": "2022-05-18T14:21:40Z",
        "expirationDateTime": "2022-05-19T14:21:40Z",
        "status": "succeeded",
        "errors": [],
        "tasks": {
          "completed": 1,
          "failed": 0,
          "inProgress": 0,
          "total": 1,
          "items": [
            {
              "kind": "conversationalSummarizationResults",
              "taskName": "1",
              "lastUpdateDateTime": "2022-05-18T14:21:42.1144516Z",
              "status": "succeeded",
              "results": {
                "conversations": [
                  {
                    "id": "1",
                    "summaries": [
                      {
                        "aspect": "issue",
                        "text": "Customer wants to upgrade Office"
                      },
                      {
                        "aspect": "resolution",
                        "text": "Asked for the error message | Asked for help to upgrade Office"
                      }
                    ],
                    "warnings": []
                  }
                ],
                "errors": [],
                "modelVersion": "2022-05-15-preview"
              }
            }
          ]
        }
      }
    }
  ],
  "Variables": {
    "AZURE_CONVERSATIONS_ENDPOINT": "https://clubuildppe.ppe.cognitiveservices.azure.com/",
    "AZURE_CONVERSATIONS_KEY": "Sanitized",
    "RandomSeed": "1085125850"
  }
}
