{
  "Entries": [
    {
      "RequestUri": "https://management.azure.com/subscriptions/db1ab6f0-4769-4b27-930e-01e2ef9c123c?api-version=2021-01-01",
      "RequestMethod": "GET",
      "RequestHeaders": {
        "Accept": "application/json",
        "Authorization": "Sanitized",
        "traceparent": "00-b63786f56340692e7512a375de29da34-a335c86ba7be0183-00",
        "User-Agent": "azsdk-net-ResourceManager/1.2.0-alpha.20220622.1 (.NET 6.0.6; Microsoft Windows 10.0.22000)",
        "x-ms-client-request-id": "8438b8b8b8d3fa5c0d66e9e096cbce94",
        "x-ms-return-client-request-id": "true"
      },
      "RequestBody": null,
      "StatusCode": 200,
      "ResponseHeaders": {
        "Cache-Control": "no-cache",
        "Content-Length": "747",
        "Content-Type": "application/json; charset=utf-8",
        "Date": "Wed, 22 Jun 2022 17:03:30 GMT",
        "Expires": "-1",
        "Pragma": "no-cache",
        "Strict-Transport-Security": "max-age=31536000; includeSubDomains",
        "X-Content-Type-Options": "nosniff",
        "x-ms-correlation-request-id": "6ed49536-fc76-4e9b-979c-90023c94530c",
        "x-ms-ratelimit-remaining-subscription-reads": "11957",
        "x-ms-request-id": "6ed49536-fc76-4e9b-979c-90023c94530c",
        "x-ms-routing-request-id": "WESTUS2:20220622T170330Z:6ed49536-fc76-4e9b-979c-90023c94530c"
      },
      "ResponseBody": {
        "id": "/subscriptions/db1ab6f0-4769-4b27-930e-01e2ef9c123c",
        "authorizationSource": "RoleBased",
        "managedByTenants": [],
        "tags": {
          "TagKey-9823": "TagValue-566",
          "TagKey-3481": "TagValue-320",
          "TagKey-4926": "TagValue-1187",
          "TagKey-751": "TagValue-3921",
          "TagKey-1866": "TagValue-8559",
          "TagKey-3094": "TagValue-9190",
          "TagKey-2449": "TagValue-9",
          "TagKey-8379": "TagValue-164",
          "TagKey-7470": "TagValue-2205",
          "TagKey-4236": "TagValue-3698",
          "TagKey-5316": "TagValue-2725"
        },
        "subscriptionId": "db1ab6f0-4769-4b27-930e-01e2ef9c123c",
        "tenantId": "72f988bf-86f1-41af-91ab-2d7cd011db47",
        "displayName": ".NET Mgmt SDK Test with TTL = 1 Day",
        "state": "Enabled",
        "subscriptionPolicies": {
          "locationPlacementId": "Internal_2014-09-01",
          "quotaId": "Internal_2014-09-01",
          "spendingLimit": "Off"
        }
      }
    },
    {
      "RequestUri": "https://management.azure.com/subscriptions/db1ab6f0-4769-4b27-930e-01e2ef9c123c/resourcegroups/testrg4264?api-version=2021-04-01",
      "RequestMethod": "PUT",
      "RequestHeaders": {
        "Accept": "application/json",
        "Authorization": "Sanitized",
        "Content-Length": "32",
        "Content-Type": "application/json",
        "traceparent": "00-664fc8c4fb99a20bd3babbfb0b1885f8-338568cb1c5a7ea1-00",
        "User-Agent": "azsdk-net-ResourceManager/1.2.0-alpha.20220622.1 (.NET 6.0.6; Microsoft Windows 10.0.22000)",
        "x-ms-client-request-id": "8d9e1b675f1908496545f6cc810427ad",
        "x-ms-return-client-request-id": "true"
      },
      "RequestBody": {
        "tags": {},
        "location": "westus2"
      },
      "StatusCode": 201,
      "ResponseHeaders": {
        "Cache-Control": "no-cache",
        "Content-Length": "228",
        "Content-Type": "application/json; charset=utf-8",
        "Date": "Wed, 22 Jun 2022 17:03:31 GMT",
        "Expires": "-1",
        "Pragma": "no-cache",
        "Strict-Transport-Security": "max-age=31536000; includeSubDomains",
        "X-Content-Type-Options": "nosniff",
        "x-ms-correlation-request-id": "b4914bf6-3445-4146-893f-71002520788a",
        "x-ms-ratelimit-remaining-subscription-writes": "1163",
        "x-ms-request-id": "b4914bf6-3445-4146-893f-71002520788a",
        "x-ms-routing-request-id": "WESTUS2:20220622T170331Z:b4914bf6-3445-4146-893f-71002520788a"
      },
      "ResponseBody": {
        "id": "/subscriptions/db1ab6f0-4769-4b27-930e-01e2ef9c123c/resourceGroups/testrg4264",
        "name": "testrg4264",
        "type": "Microsoft.Resources/resourceGroups",
        "location": "westus2",
        "tags": {},
        "properties": {
          "provisioningState": "Succeeded"
        }
      }
    },
    {
      "RequestUri": "https://management.azure.com/subscriptions/db1ab6f0-4769-4b27-930e-01e2ef9c123c/resourcegroups/testrg4264?api-version=2021-04-01",
      "RequestMethod": "GET",
      "RequestHeaders": {
        "Accept": "application/json",
        "Authorization": "Sanitized",
        "traceparent": "00-a34deef077a9aeb7d5e95d64861e1fe7-5f99a0b606a3f57b-00",
        "User-Agent": "azsdk-net-ResourceManager/1.2.0-alpha.20220622.1 (.NET 6.0.6; Microsoft Windows 10.0.22000)",
        "x-ms-client-request-id": "dab5beaabdc2ea4fd994a2fa2969c938",
        "x-ms-return-client-request-id": "true"
      },
      "RequestBody": null,
      "StatusCode": 200,
      "ResponseHeaders": {
        "Cache-Control": "no-cache",
        "Content-Length": "228",
        "Content-Type": "application/json; charset=utf-8",
        "Date": "Wed, 22 Jun 2022 17:03:31 GMT",
        "Expires": "-1",
        "Pragma": "no-cache",
        "Strict-Transport-Security": "max-age=31536000; includeSubDomains",
        "X-Content-Type-Options": "nosniff",
        "x-ms-correlation-request-id": "0696dae7-ac72-493e-b887-d1828e4497c8",
        "x-ms-ratelimit-remaining-subscription-reads": "11956",
        "x-ms-request-id": "0696dae7-ac72-493e-b887-d1828e4497c8",
        "x-ms-routing-request-id": "WESTUS2:20220622T170331Z:0696dae7-ac72-493e-b887-d1828e4497c8"
      },
      "ResponseBody": {
        "id": "/subscriptions/db1ab6f0-4769-4b27-930e-01e2ef9c123c/resourceGroups/testrg4264",
        "name": "testrg4264",
        "type": "Microsoft.Resources/resourceGroups",
        "location": "westus2",
        "tags": {},
        "properties": {
          "provisioningState": "Succeeded"
        }
      }
    },
    {
      "RequestUri": "https://management.azure.com/subscriptions/db1ab6f0-4769-4b27-930e-01e2ef9c123c/resourcegroups/testrg4264?api-version=2021-04-01",
      "RequestMethod": "PATCH",
      "RequestHeaders": {
        "Accept": "application/json",
        "Authorization": "Sanitized",
        "Content-Length": "24",
        "Content-Type": "application/json",
        "traceparent": "00-a34deef077a9aeb7d5e95d64861e1fe7-911729dfd1bf5abe-00",
        "User-Agent": "azsdk-net-ResourceManager/1.2.0-alpha.20220622.1 (.NET 6.0.6; Microsoft Windows 10.0.22000)",
        "x-ms-client-request-id": "6eda059e1abb599fee7b6d73652d8b61",
        "x-ms-return-client-request-id": "true"
      },
      "RequestBody": {
        "tags": {
          "key": "value"
        }
      },
      "StatusCode": 200,
      "ResponseHeaders": {
        "Cache-Control": "no-cache",
        "Content-Length": "241",
        "Content-Type": "application/json; charset=utf-8",
        "Date": "Wed, 22 Jun 2022 17:03:31 GMT",
        "Expires": "-1",
        "Pragma": "no-cache",
        "Strict-Transport-Security": "max-age=31536000; includeSubDomains",
        "X-Content-Type-Options": "nosniff",
        "x-ms-correlation-request-id": "6d80bcf2-4b68-45b1-b507-88055ca2d3f7",
        "x-ms-ratelimit-remaining-subscription-writes": "1162",
        "x-ms-request-id": "6d80bcf2-4b68-45b1-b507-88055ca2d3f7",
        "x-ms-routing-request-id": "WESTUS2:20220622T170332Z:6d80bcf2-4b68-45b1-b507-88055ca2d3f7"
      },
      "ResponseBody": {
        "id": "/subscriptions/db1ab6f0-4769-4b27-930e-01e2ef9c123c/resourceGroups/testrg4264",
        "name": "testrg4264",
        "type": "Microsoft.Resources/resourceGroups",
        "location": "westus2",
        "tags": {
          "key": "value"
        },
        "properties": {
          "provisioningState": "Succeeded"
        }
      }
    },
    {
      "RequestUri": "https://management.azure.com/subscriptions/db1ab6f0-4769-4b27-930e-01e2ef9c123c/resourcegroups/testrg4264?api-version=2021-04-01",
      "RequestMethod": "GET",
      "RequestHeaders": {
        "Accept": "application/json",
        "Authorization": "Sanitized",
        "traceparent": "00-16d0ecc1aaa74f1857432e741a9643f1-df3c0178d8bd9a1c-00",
        "User-Agent": "azsdk-net-ResourceManager/1.2.0-alpha.20220622.1 (.NET 6.0.6; Microsoft Windows 10.0.22000)",
        "x-ms-client-request-id": "0cec33c1b919a940ccb3b485bd4edefb",
        "x-ms-return-client-request-id": "true"
      },
      "RequestBody": null,
      "StatusCode": 200,
      "ResponseHeaders": {
        "Cache-Control": "no-cache",
        "Content-Length": "241",
        "Content-Type": "application/json; charset=utf-8",
        "Date": "Wed, 22 Jun 2022 17:03:31 GMT",
        "Expires": "-1",
        "Pragma": "no-cache",
        "Strict-Transport-Security": "max-age=31536000; includeSubDomains",
        "X-Content-Type-Options": "nosniff",
        "x-ms-correlation-request-id": "8aeb23ac-f290-4065-8699-f12c4adb9893",
        "x-ms-ratelimit-remaining-subscription-reads": "11955",
        "x-ms-request-id": "8aeb23ac-f290-4065-8699-f12c4adb9893",
        "x-ms-routing-request-id": "WESTUS2:20220622T170332Z:8aeb23ac-f290-4065-8699-f12c4adb9893"
      },
      "ResponseBody": {
        "id": "/subscriptions/db1ab6f0-4769-4b27-930e-01e2ef9c123c/resourceGroups/testrg4264",
        "name": "testrg4264",
        "type": "Microsoft.Resources/resourceGroups",
        "location": "westus2",
        "tags": {
          "key": "value"
        },
        "properties": {
          "provisioningState": "Succeeded"
        }
      }
    },
    {
      "RequestUri": "https://management.azure.com/subscriptions/db1ab6f0-4769-4b27-930e-01e2ef9c123c/resourcegroups/testrg4264?api-version=2021-04-01",
      "RequestMethod": "PATCH",
      "RequestHeaders": {
        "Accept": "application/json",
        "Authorization": "Sanitized",
        "Content-Length": "36",
        "Content-Type": "application/json",
        "traceparent": "00-16d0ecc1aaa74f1857432e741a9643f1-4834bbef2f68d789-00",
        "User-Agent": "azsdk-net-ResourceManager/1.2.0-alpha.20220622.1 (.NET 6.0.6; Microsoft Windows 10.0.22000)",
        "x-ms-client-request-id": "7c2dbe7bb92a8ff11f5cec464fdb85ab",
        "x-ms-return-client-request-id": "true"
      },
      "RequestBody": {
        "tags": {
          "key": "value",
          " ": "value"
        }
      },
      "StatusCode": 400,
      "ResponseHeaders": {
        "Cache-Control": "no-cache",
        "Content-Length": "145",
        "Content-Type": "application/json; charset=utf-8",
        "Date": "Wed, 22 Jun 2022 17:03:31 GMT",
        "Expires": "-1",
        "Pragma": "no-cache",
        "Strict-Transport-Security": "max-age=31536000; includeSubDomains",
        "X-Content-Type-Options": "nosniff",
        "x-ms-correlation-request-id": "9cc98cab-a92b-4958-a908-b3c51dd185f9",
        "x-ms-failure-cause": "gateway",
        "x-ms-ratelimit-remaining-subscription-writes": "1161",
        "x-ms-request-id": "9cc98cab-a92b-4958-a908-b3c51dd185f9",
        "x-ms-routing-request-id": "WESTUS2:20220622T170332Z:9cc98cab-a92b-4958-a908-b3c51dd185f9"
      },
      "ResponseBody": {
        "error": {
          "code": "InvalidTagName",
          "message": "The tag name must be non-null, non-empty and non-whitespace only. Please provide an actual value."
        }
      }
    }
  ],
  "Variables": {
    "RandomSeed": "134896886",
    "RESOURCE_MANAGER_URL": null,
    "SUBSCRIPTION_ID": "db1ab6f0-4769-4b27-930e-01e2ef9c123c"
  }
}
