{
  "Entries": [
    {
      "RequestUri": "https://management.azure.com/subscriptions/9e223dbe-3399-4e19-88eb-0975f02ac87f/providers/Microsoft.ContainerInstance?api-version=2019-10-01",
      "RequestMethod": "GET",
      "RequestHeaders": {
        "Accept": "application/json",
        "Authorization": "Sanitized",
        "traceparent": "00-dc661367ac64494d9811af73876147a0-9b6723d207374d4b-00",
        "User-Agent": [
          "azsdk-net-ResourceManager.Resources/1.0.0-preview.2",
          "(.NET Core 4.6.29518.01; Microsoft Windows 10.0.19042 )"
        ],
        "x-ms-client-request-id": "53f539f7a3f8cf7a9531dbbfc1f6d2a7",
        "x-ms-return-client-request-id": "true"
      },
      "RequestBody": null,
      "StatusCode": 200,
      "ResponseHeaders": {
        "Cache-Control": "no-cache",
        "Content-Length": "5887",
        "Content-Type": "application/json; charset=utf-8",
        "Date": "Mon, 22 Feb 2021 07:27:05 GMT",
        "Expires": "-1",
        "Pragma": "no-cache",
        "Strict-Transport-Security": "max-age=31536000; includeSubDomains",
        "X-Content-Type-Options": "nosniff",
        "x-ms-correlation-request-id": "7e514878-efdc-446e-ba45-834d50bc1a94",
        "x-ms-ratelimit-remaining-subscription-reads": "11927",
        "x-ms-request-id": "7e514878-efdc-446e-ba45-834d50bc1a94",
        "x-ms-routing-request-id": "SOUTHEASTASIA:20210222T072705Z:7e514878-efdc-446e-ba45-834d50bc1a94"
      },
      "ResponseBody": {
        "id": "/subscriptions/9e223dbe-3399-4e19-88eb-0975f02ac87f/providers/Microsoft.ContainerInstance",
        "namespace": "Microsoft.ContainerInstance",
        "authorizations": [
          {
            "applicationId": "6bb8e274-af5d-4df2-98a3-4fd78b4cafd9",
            "roleDefinitionId": "3c60422b-a83a-428d-9830-22609c77aa6c"
          }
        ],
        "resourceTypes": [
          {
            "resourceType": "containerGroups",
            "locations": [
              "West Central US",
              "West US",
              "East US",
              "West Europe",
              "West US 2",
              "North Europe",
              "Southeast Asia",
              "East US 2",
              "Central US",
              "Australia East",
              "UK South",
              "South Central US",
              "Central India",
              "Brazil South",
              "South India",
              "North Central US",
              "East Asia",
              "Canada Central",
              "Japan East",
              "Korea Central",
              "France Central",
              "Switzerland North",
              "Germany West Central",
              "UAE North"
            ],
            "apiVersions": [
              "2020-11-01",
              "2019-12-01",
              "2018-10-01",
              "2018-09-01",
              "2018-07-01",
              "2018-06-01",
              "2018-04-01",
              "2018-02-01-preview",
              "2017-12-01-preview",
              "2017-10-01-preview",
              "2017-08-01-preview"
            ],
            "capabilities": "SystemAssignedResourceIdentity, SupportsTags, SupportsLocation"
          },
          {
            "resourceType": "serviceAssociationLinks",
            "locations": [
              "West Central US",
              "West US",
              "East US",
              "West Europe",
              "West US 2",
              "North Europe",
              "Southeast Asia",
              "East US 2",
              "Central US",
              "Australia East",
              "UK South",
              "South Central US",
              "Central India",
              "Brazil South",
              "South India",
              "North Central US",
              "East Asia",
              "Canada Central",
              "Japan East",
              "Korea Central",
              "France Central",
              "Switzerland North",
              "Germany West Central",
              "UAE North"
            ],
            "apiVersions": [
              "2020-11-01",
              "2019-12-01",
              "2018-10-01",
              "2018-09-01",
              "2018-07-01",
              "2018-06-01",
              "2018-04-01",
              "2018-02-01-preview",
              "2017-12-01-preview",
              "2017-10-01-preview",
              "2017-08-01-preview"
            ],
            "capabilities": "SupportsExtension"
          },
          {
            "resourceType": "locations",
            "locations": [],
            "apiVersions": [
              "2020-11-01",
              "2019-12-01",
              "2018-10-01",
              "2018-09-01",
              "2018-07-01",
              "2018-06-01",
              "2018-04-01",
              "2018-02-01-preview",
              "2017-12-01-preview",
              "2017-10-01-preview",
              "2017-08-01-preview"
            ],
            "capabilities": "None"
          },
          {
            "resourceType": "locations/capabilities",
            "locations": [
              "West Central US",
              "West US",
              "East US",
              "West Europe",
              "West US 2",
              "North Europe",
              "Southeast Asia",
              "East US 2",
              "Central US",
              "Australia East",
              "UK South",
              "South Central US",
              "Central India",
              "Brazil South",
              "South India",
              "North Central US",
              "East Asia",
              "Canada Central",
              "Japan East",
              "Korea Central",
              "France Central",
              "Switzerland North",
              "Germany West Central",
              "UAE North"
            ],
            "apiVersions": [
              "2020-11-01",
              "2019-12-01",
              "2018-10-01",
              "2018-09-01",
              "2018-07-01",
              "2018-06-01",
              "2018-04-01",
              "2018-02-01-preview",
              "2017-12-01-preview",
              "2017-10-01-preview",
              "2017-08-01-preview"
            ],
            "capabilities": "None"
          },
          {
            "resourceType": "locations/usages",
            "locations": [
              "West Central US",
              "West US",
              "East US",
              "West Europe",
              "West US 2",
              "North Europe",
              "Southeast Asia",
              "East US 2",
              "Central US",
              "Australia East",
              "UK South",
              "South Central US",
              "Central India",
              "Brazil South",
              "South India",
              "North Central US",
              "East Asia",
              "Canada Central",
              "Japan East",
              "Korea Central",
              "France Central",
              "Switzerland North",
              "Germany West Central",
              "UAE North"
            ],
            "apiVersions": [
              "2020-11-01",
              "2019-12-01",
              "2018-10-01",
              "2018-09-01",
              "2018-07-01",
              "2018-06-01",
              "2018-04-01",
              "2018-02-01-preview",
              "2017-12-01-preview",
              "2017-10-01-preview",
              "2017-08-01-preview"
            ],
            "capabilities": "None"
          },
          {
            "resourceType": "locations/operations",
            "locations": [
              "West US",
              "East US",
              "West Europe",
              "West US 2",
              "North Europe",
              "Southeast Asia",
              "East US 2",
              "Central US",
              "Australia East",
              "UK South",
              "South Central US",
              "Central India",
              "West Central US",
              "Brazil South",
              "South India",
              "North Central US",
              "East Asia",
              "Canada Central",
              "Japan East",
              "Korea Central",
              "France Central",
              "Switzerland North",
              "Germany West Central",
              "UAE North"
            ],
            "apiVersions": [
              "2020-11-01",
              "2019-12-01",
              "2018-10-01",
              "2018-09-01",
              "2018-07-01",
              "2018-06-01",
              "2018-04-01",
              "2018-02-01-preview",
              "2017-12-01-preview",
              "2017-10-01-preview",
              "2017-08-01-preview"
            ],
            "capabilities": "None"
          },
          {
            "resourceType": "locations/operationresults",
            "locations": [
              "West US",
              "East US",
              "West Europe",
              "West US 2",
              "North Europe",
              "Southeast Asia",
              "East US 2",
              "Central US",
              "Australia East",
              "UK South",
              "South Central US",
              "Central India",
              "West Central US",
              "Brazil South",
              "South India",
              "North Central US",
              "East Asia",
              "Canada Central",
              "Japan East",
              "Korea Central",
              "France Central",
              "Switzerland North",
              "Germany West Central",
              "UAE North"
            ],
            "apiVersions": [
              "2020-11-01",
              "2019-12-01",
              "2018-10-01",
              "2018-09-01",
              "2018-07-01",
              "2018-06-01",
              "2018-04-01",
              "2018-02-01-preview",
              "2017-12-01-preview",
              "2017-10-01-preview",
              "2017-08-01-preview"
            ],
            "capabilities": "None"
          },
          {
            "resourceType": "operations",
            "locations": [],
            "apiVersions": [
              "2020-11-01",
              "2019-12-01",
              "2018-10-01",
              "2018-09-01",
              "2018-07-01",
              "2018-06-01",
              "2018-04-01",
              "2018-02-01-preview",
              "2017-12-01-preview",
              "2017-10-01-preview",
              "2017-08-01-preview"
            ],
            "capabilities": "None"
          },
          {
            "resourceType": "locations/cachedImages",
            "locations": [
              "West Central US",
              "West US",
              "East US",
              "West Europe",
              "West US 2",
              "North Europe",
              "Southeast Asia",
              "East US 2",
              "Central US",
              "Australia East",
              "UK South",
              "South Central US",
              "Central India",
              "Brazil South",
              "South India",
              "North Central US",
              "East Asia",
              "Canada Central",
              "Japan East",
              "Korea Central",
              "France Central",
              "Switzerland North",
              "Germany West Central",
              "UAE North"
            ],
            "apiVersions": [
              "2020-11-01",
              "2019-12-01",
              "2018-10-01"
            ],
            "capabilities": "None"
          },
          {
            "resourceType": "locations/deleteVirtualNetworkOrSubnets",
            "locations": [
              "West Central US",
              "West US",
              "East US",
              "West Europe",
              "West US 2",
              "North Europe",
              "Southeast Asia",
              "East US 2",
              "Central US",
              "Australia East",
              "UK South",
              "South Central US",
              "Central India",
              "Brazil South",
              "South India",
              "North Central US",
              "East Asia",
              "Canada Central",
              "Japan East",
              "Korea Central",
              "France Central",
              "Switzerland North",
              "Germany West Central",
              "UAE North"
            ],
            "apiVersions": [
              "2020-11-01",
              "2019-12-01",
              "2018-12-01",
              "2018-10-01",
              "2018-09-01",
              "2018-07-01",
              "2018-06-01",
              "2018-04-01",
              "2018-02-01-preview",
              "2017-12-01-preview",
              "2017-10-01-preview",
              "2017-08-01-preview"
            ],
            "capabilities": "None"
          }
        ],
        "registrationState": "Registered",
        "registrationPolicy": "RegistrationRequired"
      }
    },
    {
      "RequestUri": "https://management.azure.com/subscriptions/9e223dbe-3399-4e19-88eb-0975f02ac87f/resourcegroups/containerInstance-rg-test9276?api-version=2019-10-01",
      "RequestMethod": "PUT",
      "RequestHeaders": {
        "Accept": "application/json",
        "Authorization": "Sanitized",
        "Content-Length": "30",
        "Content-Type": "application/json",
        "traceparent": "00-7c0e1b1d753b534faf19d25cd4d41c29-b0b4afc4b0eeb744-00",
        "User-Agent": [
          "azsdk-net-ResourceManager.Resources/1.0.0-preview.2",
          "(.NET Core 4.6.29518.01; Microsoft Windows 10.0.19042 )"
        ],
        "x-ms-client-request-id": "f01a776cb734e2839487a39999203dec",
        "x-ms-return-client-request-id": "true"
      },
      "RequestBody": {
        "location": "West Central US"
      },
      "StatusCode": 201,
      "ResponseHeaders": {
        "Cache-Control": "no-cache",
        "Content-Length": "262",
        "Content-Type": "application/json; charset=utf-8",
        "Date": "Mon, 22 Feb 2021 07:27:06 GMT",
        "Expires": "-1",
        "Pragma": "no-cache",
        "Strict-Transport-Security": "max-age=31536000; includeSubDomains",
        "X-Content-Type-Options": "nosniff",
        "x-ms-correlation-request-id": "4741db13-29b3-4862-b307-cfe1ee8ce02f",
        "x-ms-ratelimit-remaining-subscription-writes": "1192",
        "x-ms-request-id": "4741db13-29b3-4862-b307-cfe1ee8ce02f",
        "x-ms-routing-request-id": "SOUTHEASTASIA:20210222T072707Z:4741db13-29b3-4862-b307-cfe1ee8ce02f"
      },
      "ResponseBody": {
        "id": "/subscriptions/9e223dbe-3399-4e19-88eb-0975f02ac87f/resourceGroups/containerInstance-rg-test9276",
        "name": "containerInstance-rg-test9276",
        "type": "Microsoft.Resources/resourceGroups",
        "location": "westcentralus",
        "properties": {
          "provisioningState": "Succeeded"
        }
      }
    },
    {
      "RequestUri": "https://management.azure.com/subscriptions/9e223dbe-3399-4e19-88eb-0975f02ac87f/resourceGroups/containerInstance-rg-test9276/providers/Microsoft.ContainerInstance/containerGroups/sdk-containergroup-1485?api-version=2020-11-01",
      "RequestMethod": "PUT",
      "RequestHeaders": {
        "Accept": "application/json",
        "Authorization": "Sanitized",
        "Content-Length": "952",
        "Content-Type": "application/json",
        "traceparent": "00-479c0f81322bab4fb2afa67ead0c636b-b9b4024158bfc445-00",
        "User-Agent": [
          "azsdk-net-ResourceManager.ContainerInstance/1.0.0-alpha.20210222.1",
          "(.NET Core 4.6.29518.01; Microsoft Windows 10.0.19042 )"
        ],
        "x-ms-client-request-id": "a23c30486820c9e29ff5249e4708d210",
        "x-ms-return-client-request-id": "true"
      },
      "RequestBody": {
        "identity": {
          "type": "SystemAssigned"
        },
        "location": "West Central US",
        "properties": {
          "containers": [
            {
              "name": "sdk-containergroup-1485",
              "properties": {
                "image": "alpine",
                "command": [
                  "/bin/sh",
                  "-c",
                  "while true; do sleep 10; done"
                ],
                "ports": [
                  {
                    "port": 8000
                  }
                ],
                "environmentVariables": [
                  {
                    "name": "secretEnv",
                    "secureValue": "secretValue1"
                  }
                ],
                "resources": {
                  "requests": {
                    "memoryInGB": 1.5,
                    "cpu": 1
                  }
                },
                "livenessProbe": {
                  "exec": {
                    "command": [
                      "ls"
                    ]
                  },
                  "periodSeconds": 20
                }
              }
            }
          ],
          "restartPolicy": "Never",
          "ipAddress": {
            "ports": [
              {
                "protocol": "TCP",
                "port": 8000
              }
            ],
            "type": "Public",
            "dnsNameLabel": "sdk-containergroup-1485"
          },
          "osType": "Linux",
          "diagnostics": {
            "logAnalytics": {
              "workspaceId": "workspaceid",
              "workspaceKey": "workspacekey"
            }
          },
          "sku": "Standard",
          "encryptionProperties": {
            "vaultBaseUrl": "https://cloudaci-cloudtest.vault.azure.net/",
            "keyName": "testencryptionkey",
            "keyVersion": "804d3f1d5ce2456b9bc3dc9e35aaa67e"
          },
          "initContainers": [
            {
              "name": "sdk-containergroup-1485init",
              "properties": {
                "image": "alpine"
              }
            }
          ]
        }
      },
      "StatusCode": 201,
      "ResponseHeaders": {
        "Azure-AsyncOperation": "https://management.azure.com/subscriptions/9e223dbe-3399-4e19-88eb-0975f02ac87f/providers/Microsoft.ContainerInstance/locations/westcentralus/operations/8047021a-ac6c-49ce-bc93-eb01b734e6de?api-version=2018-06-01",
        "Cache-Control": "no-cache",
        "Content-Length": "1454",
        "Content-Type": "application/json; charset=utf-8",
        "Date": "Mon, 22 Feb 2021 07:27:17 GMT",
        "Expires": "-1",
        "Pragma": "no-cache",
        "Strict-Transport-Security": "max-age=31536000; includeSubDomains",
        "X-Content-Type-Options": "nosniff",
        "x-ms-correlation-request-id": "3c2024d5-b125-45fe-a1bb-f0a447ddb72f",
        "x-ms-ratelimit-remaining-subscription-resource-requests-pt1h": "295",
        "x-ms-ratelimit-remaining-subscription-resource-requests-pt5m": "95",
        "x-ms-ratelimit-remaining-subscription-writes": "1191",
        "x-ms-request-id": "westcentralus:8047021a-ac6c-49ce-bc93-eb01b734e6de",
        "x-ms-routing-request-id": "SOUTHEASTASIA:20210222T072718Z:3c2024d5-b125-45fe-a1bb-f0a447ddb72f"
      },
      "ResponseBody": {
        "properties": {
          "sku": "Standard",
          "encryptionProperties": {
            "vaultBaseUrl": "https://cloudaci-cloudtest.vault.azure.net/",
            "keyName": "testencryptionkey",
            "keyVersion": "804d3f1d5ce2456b9bc3dc9e35aaa67e"
          },
          "provisioningState": "Pending",
          "containers": [
            {
              "name": "sdk-containergroup-1485",
              "properties": {
                "image": "alpine",
                "command": [
                  "/bin/sh",
                  "-c",
                  "while true; do sleep 10; done"
                ],
                "ports": [
                  {
                    "port": 8000
                  }
                ],
                "environmentVariables": [
                  {
                    "name": "secretEnv"
                  }
                ],
                "resources": {
                  "requests": {
                    "memoryInGB": 1.5,
                    "cpu": 1.0
                  }
                },
                "livenessProbe": {
                  "exec": {
                    "command": [
                      "ls"
                    ]
                  },
                  "periodSeconds": 20
                }
              }
            }
          ],
          "initContainers": [
            {
              "name": "sdk-containergroup-1485init",
              "properties": {
                "image": "alpine",
                "environmentVariables": []
              }
            }
          ],
          "restartPolicy": "Never",
          "ipAddress": {
            "ports": [
              {
                "protocol": "TCP",
                "port": 8000
              }
            ],
            "ip": "13.77.211.66",
            "type": "Public",
            "dnsNameLabel": "sdk-containergroup-1485",
            "fqdn": "sdk-containergroup-1485.westcentralus.azurecontainer.io"
          },
          "osType": "Linux",
          "instanceView": {
            "events": [],
            "state": "Pending"
          },
          "diagnostics": {
            "logAnalytics": {
              "workspaceId": "workspaceid"
            }
          }
        },
        "identity": {
          "principalId": "5ca72f65-1867-45c6-91fd-9324ade5dd69",
          "tenantId": "72f988bf-86f1-41af-91ab-2d7cd011db47",
          "type": "SystemAssigned"
        },
        "id": "/subscriptions/9e223dbe-3399-4e19-88eb-0975f02ac87f/resourceGroups/containerInstance-rg-test9276/providers/Microsoft.ContainerInstance/containerGroups/sdk-containergroup-1485",
        "name": "sdk-containergroup-1485",
        "type": "Microsoft.ContainerInstance/containerGroups",
        "location": "West Central US"
      }
    },
    {
      "RequestUri": "https://management.azure.com/subscriptions/9e223dbe-3399-4e19-88eb-0975f02ac87f/providers/Microsoft.ContainerInstance/locations/westcentralus/operations/8047021a-ac6c-49ce-bc93-eb01b734e6de?api-version=2018-06-01",
      "RequestMethod": "GET",
      "RequestHeaders": {
        "Authorization": "Sanitized",
        "User-Agent": [
          "azsdk-net-ResourceManager.ContainerInstance/1.0.0-alpha.20210222.1",
          "(.NET Core 4.6.29518.01; Microsoft Windows 10.0.19042 )"
        ],
        "x-ms-client-request-id": "a1aecdd30b6b0e4c382695c25f434c7e",
        "x-ms-return-client-request-id": "true"
      },
      "RequestBody": null,
      "StatusCode": 200,
      "ResponseHeaders": {
        "Cache-Control": "no-cache",
        "Content-Length": "272",
        "Content-Type": "application/json; charset=utf-8",
        "Date": "Mon, 22 Feb 2021 07:27:18 GMT",
        "Expires": "-1",
        "Pragma": "no-cache",
        "Strict-Transport-Security": "max-age=31536000; includeSubDomains",
        "Vary": "Accept-Encoding",
        "X-Content-Type-Options": "nosniff",
        "x-ms-correlation-request-id": "8481fd86-4913-4a07-8518-12bb43c7d5df",
        "x-ms-ratelimit-remaining-subscription-reads": "11926",
        "x-ms-request-id": "westcentralus:2d402af9-9781-4416-872d-abfbff3633b6",
        "x-ms-routing-request-id": "SOUTHEASTASIA:20210222T072718Z:8481fd86-4913-4a07-8518-12bb43c7d5df"
      },
      "ResponseBody": {
        "id": "/subscriptions/9e223dbe-3399-4e19-88eb-0975f02ac87f/resourceGroups/containerInstance-rg-test9276/providers/Microsoft.ContainerInstance/containerGroups/sdk-containergroup-1485",
        "status": "Pending",
        "startTime": "2021-02-22T07:27:17.1936705Z",
        "properties": {
          "events": []
        }
      }
    },
    {
      "RequestUri": "https://management.azure.com/subscriptions/9e223dbe-3399-4e19-88eb-0975f02ac87f/providers/Microsoft.ContainerInstance/locations/westcentralus/operations/8047021a-ac6c-49ce-bc93-eb01b734e6de?api-version=2018-06-01",
      "RequestMethod": "GET",
      "RequestHeaders": {
        "Authorization": "Sanitized",
        "User-Agent": [
          "azsdk-net-ResourceManager.ContainerInstance/1.0.0-alpha.20210222.1",
          "(.NET Core 4.6.29518.01; Microsoft Windows 10.0.19042 )"
        ],
        "x-ms-client-request-id": "16e589d116b186e6aeca32bb4d0b93a3",
        "x-ms-return-client-request-id": "true"
      },
      "RequestBody": null,
      "StatusCode": 200,
      "ResponseHeaders": {
        "Cache-Control": "no-cache",
        "Content-Length": "272",
        "Content-Type": "application/json; charset=utf-8",
        "Date": "Mon, 22 Feb 2021 07:27:19 GMT",
        "Expires": "-1",
        "Pragma": "no-cache",
        "Strict-Transport-Security": "max-age=31536000; includeSubDomains",
        "Vary": "Accept-Encoding",
        "X-Content-Type-Options": "nosniff",
        "x-ms-correlation-request-id": "fc5afc97-5a3d-4d11-a4fa-cca4ccd8276f",
        "x-ms-ratelimit-remaining-subscription-reads": "11925",
        "x-ms-request-id": "westcentralus:4c77d588-0c24-472a-b2df-32d68e41a3fc",
        "x-ms-routing-request-id": "SOUTHEASTASIA:20210222T072720Z:fc5afc97-5a3d-4d11-a4fa-cca4ccd8276f"
      },
      "ResponseBody": {
        "id": "/subscriptions/9e223dbe-3399-4e19-88eb-0975f02ac87f/resourceGroups/containerInstance-rg-test9276/providers/Microsoft.ContainerInstance/containerGroups/sdk-containergroup-1485",
        "status": "Pending",
        "startTime": "2021-02-22T07:27:17.1936705Z",
        "properties": {
          "events": []
        }
      }
    },
    {
      "RequestUri": "https://management.azure.com/subscriptions/9e223dbe-3399-4e19-88eb-0975f02ac87f/providers/Microsoft.ContainerInstance/locations/westcentralus/operations/8047021a-ac6c-49ce-bc93-eb01b734e6de?api-version=2018-06-01",
      "RequestMethod": "GET",
      "RequestHeaders": {
        "Authorization": "Sanitized",
        "User-Agent": [
          "azsdk-net-ResourceManager.ContainerInstance/1.0.0-alpha.20210222.1",
          "(.NET Core 4.6.29518.01; Microsoft Windows 10.0.19042 )"
        ],
        "x-ms-client-request-id": "7aca86e4305aa8a4bd7c9de72dbf122d",
        "x-ms-return-client-request-id": "true"
      },
      "RequestBody": null,
      "StatusCode": 200,
      "ResponseHeaders": {
        "Cache-Control": "no-cache",
        "Content-Length": "272",
        "Content-Type": "application/json; charset=utf-8",
        "Date": "Mon, 22 Feb 2021 07:27:20 GMT",
        "Expires": "-1",
        "Pragma": "no-cache",
        "Strict-Transport-Security": "max-age=31536000; includeSubDomains",
        "Vary": "Accept-Encoding",
        "X-Content-Type-Options": "nosniff",
        "x-ms-correlation-request-id": "4b75cc1b-2c49-4be1-8aa1-113de108a866",
        "x-ms-ratelimit-remaining-subscription-reads": "11924",
        "x-ms-request-id": "westcentralus:bc665a04-2cef-4165-9085-20fd8e1ee442",
        "x-ms-routing-request-id": "SOUTHEASTASIA:20210222T072721Z:4b75cc1b-2c49-4be1-8aa1-113de108a866"
      },
      "ResponseBody": {
        "id": "/subscriptions/9e223dbe-3399-4e19-88eb-0975f02ac87f/resourceGroups/containerInstance-rg-test9276/providers/Microsoft.ContainerInstance/containerGroups/sdk-containergroup-1485",
        "status": "Pending",
        "startTime": "2021-02-22T07:27:17.1936705Z",
        "properties": {
          "events": []
        }
      }
    },
    {
      "RequestUri": "https://management.azure.com/subscriptions/9e223dbe-3399-4e19-88eb-0975f02ac87f/providers/Microsoft.ContainerInstance/locations/westcentralus/operations/8047021a-ac6c-49ce-bc93-eb01b734e6de?api-version=2018-06-01",
      "RequestMethod": "GET",
      "RequestHeaders": {
        "Authorization": "Sanitized",
        "User-Agent": [
          "azsdk-net-ResourceManager.ContainerInstance/1.0.0-alpha.20210222.1",
          "(.NET Core 4.6.29518.01; Microsoft Windows 10.0.19042 )"
        ],
        "x-ms-client-request-id": "ac069c17fa16bcece628f3a1d990c12c",
        "x-ms-return-client-request-id": "true"
      },
      "RequestBody": null,
      "StatusCode": 200,
      "ResponseHeaders": {
        "Cache-Control": "no-cache",
        "Content-Length": "272",
        "Content-Type": "application/json; charset=utf-8",
        "Date": "Mon, 22 Feb 2021 07:27:22 GMT",
        "Expires": "-1",
        "Pragma": "no-cache",
        "Strict-Transport-Security": "max-age=31536000; includeSubDomains",
        "Vary": "Accept-Encoding",
        "X-Content-Type-Options": "nosniff",
        "x-ms-correlation-request-id": "ce44df8e-a655-4c70-843c-db9dd2cdbf53",
        "x-ms-ratelimit-remaining-subscription-reads": "11923",
        "x-ms-request-id": "westcentralus:c7d5dc3d-b0cd-486b-a8dc-f855e55f8869",
        "x-ms-routing-request-id": "SOUTHEASTASIA:20210222T072722Z:ce44df8e-a655-4c70-843c-db9dd2cdbf53"
      },
      "ResponseBody": {
        "id": "/subscriptions/9e223dbe-3399-4e19-88eb-0975f02ac87f/resourceGroups/containerInstance-rg-test9276/providers/Microsoft.ContainerInstance/containerGroups/sdk-containergroup-1485",
        "status": "Pending",
        "startTime": "2021-02-22T07:27:17.1936705Z",
        "properties": {
          "events": []
        }
      }
    },
    {
      "RequestUri": "https://management.azure.com/subscriptions/9e223dbe-3399-4e19-88eb-0975f02ac87f/providers/Microsoft.ContainerInstance/locations/westcentralus/operations/8047021a-ac6c-49ce-bc93-eb01b734e6de?api-version=2018-06-01",
      "RequestMethod": "GET",
      "RequestHeaders": {
        "Authorization": "Sanitized",
        "User-Agent": [
          "azsdk-net-ResourceManager.ContainerInstance/1.0.0-alpha.20210222.1",
          "(.NET Core 4.6.29518.01; Microsoft Windows 10.0.19042 )"
        ],
        "x-ms-client-request-id": "d8def192d278a124e53c583579ff58ee",
        "x-ms-return-client-request-id": "true"
      },
      "RequestBody": null,
      "StatusCode": 200,
      "ResponseHeaders": {
        "Cache-Control": "no-cache",
        "Content-Length": "272",
        "Content-Type": "application/json; charset=utf-8",
        "Date": "Mon, 22 Feb 2021 07:27:23 GMT",
        "Expires": "-1",
        "Pragma": "no-cache",
        "Strict-Transport-Security": "max-age=31536000; includeSubDomains",
        "Vary": "Accept-Encoding",
        "X-Content-Type-Options": "nosniff",
        "x-ms-correlation-request-id": "3311a144-bae7-4abe-8a1e-35f2e08b4c7f",
        "x-ms-ratelimit-remaining-subscription-reads": "11922",
        "x-ms-request-id": "westcentralus:e027622c-ba9c-429c-8672-1ae3cf1a504c",
        "x-ms-routing-request-id": "SOUTHEASTASIA:20210222T072723Z:3311a144-bae7-4abe-8a1e-35f2e08b4c7f"
      },
      "ResponseBody": {
        "id": "/subscriptions/9e223dbe-3399-4e19-88eb-0975f02ac87f/resourceGroups/containerInstance-rg-test9276/providers/Microsoft.ContainerInstance/containerGroups/sdk-containergroup-1485",
        "status": "Pending",
        "startTime": "2021-02-22T07:27:17.1936705Z",
        "properties": {
          "events": []
        }
      }
    },
    {
      "RequestUri": "https://management.azure.com/subscriptions/9e223dbe-3399-4e19-88eb-0975f02ac87f/providers/Microsoft.ContainerInstance/locations/westcentralus/operations/8047021a-ac6c-49ce-bc93-eb01b734e6de?api-version=2018-06-01",
      "RequestMethod": "GET",
      "RequestHeaders": {
        "Authorization": "Sanitized",
        "User-Agent": [
          "azsdk-net-ResourceManager.ContainerInstance/1.0.0-alpha.20210222.1",
          "(.NET Core 4.6.29518.01; Microsoft Windows 10.0.19042 )"
        ],
        "x-ms-client-request-id": "b0a404b7e705e98d990e93323c03ce2c",
        "x-ms-return-client-request-id": "true"
      },
      "RequestBody": null,
      "StatusCode": 200,
      "ResponseHeaders": {
        "Cache-Control": "no-cache",
        "Content-Length": "272",
        "Content-Type": "application/json; charset=utf-8",
        "Date": "Mon, 22 Feb 2021 07:27:24 GMT",
        "Expires": "-1",
        "Pragma": "no-cache",
        "Strict-Transport-Security": "max-age=31536000; includeSubDomains",
        "Vary": "Accept-Encoding",
        "X-Content-Type-Options": "nosniff",
        "x-ms-correlation-request-id": "cbc5d614-8a35-4df9-bb41-ce38172c835e",
        "x-ms-ratelimit-remaining-subscription-reads": "11921",
        "x-ms-request-id": "westcentralus:00dbcc03-a36f-470f-ae28-4520f6b6c781",
        "x-ms-routing-request-id": "SOUTHEASTASIA:20210222T072725Z:cbc5d614-8a35-4df9-bb41-ce38172c835e"
      },
      "ResponseBody": {
        "id": "/subscriptions/9e223dbe-3399-4e19-88eb-0975f02ac87f/resourceGroups/containerInstance-rg-test9276/providers/Microsoft.ContainerInstance/containerGroups/sdk-containergroup-1485",
        "status": "Pending",
        "startTime": "2021-02-22T07:27:17.1936705Z",
        "properties": {
          "events": []
        }
      }
    },
    {
      "RequestUri": "https://management.azure.com/subscriptions/9e223dbe-3399-4e19-88eb-0975f02ac87f/providers/Microsoft.ContainerInstance/locations/westcentralus/operations/8047021a-ac6c-49ce-bc93-eb01b734e6de?api-version=2018-06-01",
      "RequestMethod": "GET",
      "RequestHeaders": {
        "Authorization": "Sanitized",
        "User-Agent": [
          "azsdk-net-ResourceManager.ContainerInstance/1.0.0-alpha.20210222.1",
          "(.NET Core 4.6.29518.01; Microsoft Windows 10.0.19042 )"
        ],
        "x-ms-client-request-id": "3b5470bb39e144b47865c7d9a1b742e7",
        "x-ms-return-client-request-id": "true"
      },
      "RequestBody": null,
      "StatusCode": 200,
      "ResponseHeaders": {
        "Cache-Control": "no-cache",
        "Content-Length": "272",
        "Content-Type": "application/json; charset=utf-8",
        "Date": "Mon, 22 Feb 2021 07:27:26 GMT",
        "Expires": "-1",
        "Pragma": "no-cache",
        "Strict-Transport-Security": "max-age=31536000; includeSubDomains",
        "Vary": "Accept-Encoding",
        "X-Content-Type-Options": "nosniff",
        "x-ms-correlation-request-id": "345fa4b1-2cda-45b3-95e7-d699c4f740d7",
        "x-ms-ratelimit-remaining-subscription-reads": "11920",
        "x-ms-request-id": "westcentralus:54f31380-075f-4131-83a5-ba2c3e454894",
        "x-ms-routing-request-id": "SOUTHEASTASIA:20210222T072726Z:345fa4b1-2cda-45b3-95e7-d699c4f740d7"
      },
      "ResponseBody": {
        "id": "/subscriptions/9e223dbe-3399-4e19-88eb-0975f02ac87f/resourceGroups/containerInstance-rg-test9276/providers/Microsoft.ContainerInstance/containerGroups/sdk-containergroup-1485",
        "status": "Pending",
        "startTime": "2021-02-22T07:27:17.1936705Z",
        "properties": {
          "events": []
        }
      }
    },
    {
      "RequestUri": "https://management.azure.com/subscriptions/9e223dbe-3399-4e19-88eb-0975f02ac87f/providers/Microsoft.ContainerInstance/locations/westcentralus/operations/8047021a-ac6c-49ce-bc93-eb01b734e6de?api-version=2018-06-01",
      "RequestMethod": "GET",
      "RequestHeaders": {
        "Authorization": "Sanitized",
        "User-Agent": [
          "azsdk-net-ResourceManager.ContainerInstance/1.0.0-alpha.20210222.1",
          "(.NET Core 4.6.29518.01; Microsoft Windows 10.0.19042 )"
        ],
        "x-ms-client-request-id": "d5e905cf11ecab2664f43f6a3ff164e1",
        "x-ms-return-client-request-id": "true"
      },
      "RequestBody": null,
      "StatusCode": 200,
      "ResponseHeaders": {
        "Cache-Control": "no-cache",
        "Content-Length": "272",
        "Content-Type": "application/json; charset=utf-8",
        "Date": "Mon, 22 Feb 2021 07:27:27 GMT",
        "Expires": "-1",
        "Pragma": "no-cache",
        "Strict-Transport-Security": "max-age=31536000; includeSubDomains",
        "Vary": "Accept-Encoding",
        "X-Content-Type-Options": "nosniff",
        "x-ms-correlation-request-id": "e2f7476e-0da7-42a7-8bc4-8220b7d4feb3",
        "x-ms-ratelimit-remaining-subscription-reads": "11919",
        "x-ms-request-id": "westcentralus:b45c9e97-f033-4742-a157-df76b6accb31",
        "x-ms-routing-request-id": "SOUTHEASTASIA:20210222T072727Z:e2f7476e-0da7-42a7-8bc4-8220b7d4feb3"
      },
      "ResponseBody": {
        "id": "/subscriptions/9e223dbe-3399-4e19-88eb-0975f02ac87f/resourceGroups/containerInstance-rg-test9276/providers/Microsoft.ContainerInstance/containerGroups/sdk-containergroup-1485",
        "status": "Pending",
        "startTime": "2021-02-22T07:27:17.1936705Z",
        "properties": {
          "events": []
        }
      }
    },
    {
      "RequestUri": "https://management.azure.com/subscriptions/9e223dbe-3399-4e19-88eb-0975f02ac87f/providers/Microsoft.ContainerInstance/locations/westcentralus/operations/8047021a-ac6c-49ce-bc93-eb01b734e6de?api-version=2018-06-01",
      "RequestMethod": "GET",
      "RequestHeaders": {
        "Authorization": "Sanitized",
        "User-Agent": [
          "azsdk-net-ResourceManager.ContainerInstance/1.0.0-alpha.20210222.1",
          "(.NET Core 4.6.29518.01; Microsoft Windows 10.0.19042 )"
        ],
        "x-ms-client-request-id": "097a2b6e1cab7e0c4f5f37a01fb447e2",
        "x-ms-return-client-request-id": "true"
      },
      "RequestBody": null,
      "StatusCode": 200,
      "ResponseHeaders": {
        "Cache-Control": "no-cache",
        "Content-Length": "272",
        "Content-Type": "application/json; charset=utf-8",
        "Date": "Mon, 22 Feb 2021 07:27:28 GMT",
        "Expires": "-1",
        "Pragma": "no-cache",
        "Strict-Transport-Security": "max-age=31536000; includeSubDomains",
        "Vary": "Accept-Encoding",
        "X-Content-Type-Options": "nosniff",
        "x-ms-correlation-request-id": "e808c2eb-4223-48d9-804d-260b719f48e3",
        "x-ms-ratelimit-remaining-subscription-reads": "11918",
        "x-ms-request-id": "westcentralus:53f9e961-47dc-4a9d-b245-fd0924af84e2",
        "x-ms-routing-request-id": "SOUTHEASTASIA:20210222T072729Z:e808c2eb-4223-48d9-804d-260b719f48e3"
      },
      "ResponseBody": {
        "id": "/subscriptions/9e223dbe-3399-4e19-88eb-0975f02ac87f/resourceGroups/containerInstance-rg-test9276/providers/Microsoft.ContainerInstance/containerGroups/sdk-containergroup-1485",
        "status": "Pending",
        "startTime": "2021-02-22T07:27:17.1936705Z",
        "properties": {
          "events": []
        }
      }
    },
    {
      "RequestUri": "https://management.azure.com/subscriptions/9e223dbe-3399-4e19-88eb-0975f02ac87f/providers/Microsoft.ContainerInstance/locations/westcentralus/operations/8047021a-ac6c-49ce-bc93-eb01b734e6de?api-version=2018-06-01",
      "RequestMethod": "GET",
      "RequestHeaders": {
        "Authorization": "Sanitized",
        "User-Agent": [
          "azsdk-net-ResourceManager.ContainerInstance/1.0.0-alpha.20210222.1",
          "(.NET Core 4.6.29518.01; Microsoft Windows 10.0.19042 )"
        ],
        "x-ms-client-request-id": "3663accbf91aaa4049a8d7ecfa4a0586",
        "x-ms-return-client-request-id": "true"
      },
      "RequestBody": null,
      "StatusCode": 200,
      "ResponseHeaders": {
        "Cache-Control": "no-cache",
        "Content-Length": "272",
        "Content-Type": "application/json; charset=utf-8",
        "Date": "Mon, 22 Feb 2021 07:27:29 GMT",
        "Expires": "-1",
        "Pragma": "no-cache",
        "Strict-Transport-Security": "max-age=31536000; includeSubDomains",
        "Vary": "Accept-Encoding",
        "X-Content-Type-Options": "nosniff",
        "x-ms-correlation-request-id": "e9c2b7e2-719f-4b40-9d18-dc334f802111",
        "x-ms-ratelimit-remaining-subscription-reads": "11917",
        "x-ms-request-id": "westcentralus:535aa12c-9005-452f-84ed-23464069db8e",
        "x-ms-routing-request-id": "SOUTHEASTASIA:20210222T072730Z:e9c2b7e2-719f-4b40-9d18-dc334f802111"
      },
      "ResponseBody": {
        "id": "/subscriptions/9e223dbe-3399-4e19-88eb-0975f02ac87f/resourceGroups/containerInstance-rg-test9276/providers/Microsoft.ContainerInstance/containerGroups/sdk-containergroup-1485",
        "status": "Pending",
        "startTime": "2021-02-22T07:27:17.1936705Z",
        "properties": {
          "events": []
        }
      }
    },
    {
      "RequestUri": "https://management.azure.com/subscriptions/9e223dbe-3399-4e19-88eb-0975f02ac87f/providers/Microsoft.ContainerInstance/locations/westcentralus/operations/8047021a-ac6c-49ce-bc93-eb01b734e6de?api-version=2018-06-01",
      "RequestMethod": "GET",
      "RequestHeaders": {
        "Authorization": "Sanitized",
        "User-Agent": [
          "azsdk-net-ResourceManager.ContainerInstance/1.0.0-alpha.20210222.1",
          "(.NET Core 4.6.29518.01; Microsoft Windows 10.0.19042 )"
        ],
        "x-ms-client-request-id": "766ae500393cb23bf86a858cd9868bb0",
        "x-ms-return-client-request-id": "true"
      },
      "RequestBody": null,
      "StatusCode": 200,
      "ResponseHeaders": {
        "Cache-Control": "no-cache",
        "Content-Length": "272",
        "Content-Type": "application/json; charset=utf-8",
        "Date": "Mon, 22 Feb 2021 07:27:31 GMT",
        "Expires": "-1",
        "Pragma": "no-cache",
        "Strict-Transport-Security": "max-age=31536000; includeSubDomains",
        "Vary": "Accept-Encoding",
        "X-Content-Type-Options": "nosniff",
        "x-ms-correlation-request-id": "c7ad1e5a-f8f9-47b4-918f-12a40ab1049b",
        "x-ms-ratelimit-remaining-subscription-reads": "11916",
        "x-ms-request-id": "westcentralus:8cddda2a-8d4b-484d-84ea-0ce6196238a9",
        "x-ms-routing-request-id": "SOUTHEASTASIA:20210222T072731Z:c7ad1e5a-f8f9-47b4-918f-12a40ab1049b"
      },
      "ResponseBody": {
        "id": "/subscriptions/9e223dbe-3399-4e19-88eb-0975f02ac87f/resourceGroups/containerInstance-rg-test9276/providers/Microsoft.ContainerInstance/containerGroups/sdk-containergroup-1485",
        "status": "Pending",
        "startTime": "2021-02-22T07:27:17.1936705Z",
        "properties": {
          "events": []
        }
      }
    },
    {
      "RequestUri": "https://management.azure.com/subscriptions/9e223dbe-3399-4e19-88eb-0975f02ac87f/providers/Microsoft.ContainerInstance/locations/westcentralus/operations/8047021a-ac6c-49ce-bc93-eb01b734e6de?api-version=2018-06-01",
      "RequestMethod": "GET",
      "RequestHeaders": {
        "Authorization": "Sanitized",
        "User-Agent": [
          "azsdk-net-ResourceManager.ContainerInstance/1.0.0-alpha.20210222.1",
          "(.NET Core 4.6.29518.01; Microsoft Windows 10.0.19042 )"
        ],
        "x-ms-client-request-id": "939f5cad2d8e74c7ebd0bf02441f8405",
        "x-ms-return-client-request-id": "true"
      },
      "RequestBody": null,
      "StatusCode": 200,
      "ResponseHeaders": {
        "Cache-Control": "no-cache",
        "Content-Length": "272",
        "Content-Type": "application/json; charset=utf-8",
        "Date": "Mon, 22 Feb 2021 07:27:32 GMT",
        "Expires": "-1",
        "Pragma": "no-cache",
        "Strict-Transport-Security": "max-age=31536000; includeSubDomains",
        "Vary": "Accept-Encoding",
        "X-Content-Type-Options": "nosniff",
        "x-ms-correlation-request-id": "5908049a-6150-4503-89fd-5a65d5cf2d76",
        "x-ms-ratelimit-remaining-subscription-reads": "11915",
        "x-ms-request-id": "westcentralus:3b26e8c8-c02e-46ae-bb40-9140c5d5abbe",
        "x-ms-routing-request-id": "SOUTHEASTASIA:20210222T072733Z:5908049a-6150-4503-89fd-5a65d5cf2d76"
      },
      "ResponseBody": {
        "id": "/subscriptions/9e223dbe-3399-4e19-88eb-0975f02ac87f/resourceGroups/containerInstance-rg-test9276/providers/Microsoft.ContainerInstance/containerGroups/sdk-containergroup-1485",
        "status": "Pending",
        "startTime": "2021-02-22T07:27:17.1936705Z",
        "properties": {
          "events": []
        }
      }
    },
    {
      "RequestUri": "https://management.azure.com/subscriptions/9e223dbe-3399-4e19-88eb-0975f02ac87f/providers/Microsoft.ContainerInstance/locations/westcentralus/operations/8047021a-ac6c-49ce-bc93-eb01b734e6de?api-version=2018-06-01",
      "RequestMethod": "GET",
      "RequestHeaders": {
        "Authorization": "Sanitized",
        "User-Agent": [
          "azsdk-net-ResourceManager.ContainerInstance/1.0.0-alpha.20210222.1",
          "(.NET Core 4.6.29518.01; Microsoft Windows 10.0.19042 )"
        ],
        "x-ms-client-request-id": "3aa0b159d14991a570b03eaf74b4d0c3",
        "x-ms-return-client-request-id": "true"
      },
      "RequestBody": null,
      "StatusCode": 200,
      "ResponseHeaders": {
        "Cache-Control": "no-cache",
        "Content-Length": "272",
        "Content-Type": "application/json; charset=utf-8",
        "Date": "Mon, 22 Feb 2021 07:27:33 GMT",
        "Expires": "-1",
        "Pragma": "no-cache",
        "Strict-Transport-Security": "max-age=31536000; includeSubDomains",
        "Vary": "Accept-Encoding",
        "X-Content-Type-Options": "nosniff",
        "x-ms-correlation-request-id": "cb006afa-bff4-4784-9a06-a1aeb62f020d",
        "x-ms-ratelimit-remaining-subscription-reads": "11914",
        "x-ms-request-id": "westcentralus:e4632301-766f-4dbd-b46e-068b3c470d3e",
        "x-ms-routing-request-id": "SOUTHEASTASIA:20210222T072734Z:cb006afa-bff4-4784-9a06-a1aeb62f020d"
      },
      "ResponseBody": {
        "id": "/subscriptions/9e223dbe-3399-4e19-88eb-0975f02ac87f/resourceGroups/containerInstance-rg-test9276/providers/Microsoft.ContainerInstance/containerGroups/sdk-containergroup-1485",
        "status": "Pending",
        "startTime": "2021-02-22T07:27:17.1936705Z",
        "properties": {
          "events": []
        }
      }
    },
    {
      "RequestUri": "https://management.azure.com/subscriptions/9e223dbe-3399-4e19-88eb-0975f02ac87f/providers/Microsoft.ContainerInstance/locations/westcentralus/operations/8047021a-ac6c-49ce-bc93-eb01b734e6de?api-version=2018-06-01",
      "RequestMethod": "GET",
      "RequestHeaders": {
        "Authorization": "Sanitized",
        "User-Agent": [
          "azsdk-net-ResourceManager.ContainerInstance/1.0.0-alpha.20210222.1",
          "(.NET Core 4.6.29518.01; Microsoft Windows 10.0.19042 )"
        ],
        "x-ms-client-request-id": "9d3f271c72aad2f81df58a6c79386dd8",
        "x-ms-return-client-request-id": "true"
      },
      "RequestBody": null,
      "StatusCode": 200,
      "ResponseHeaders": {
        "Cache-Control": "no-cache",
        "Content-Length": "272",
        "Content-Type": "application/json; charset=utf-8",
        "Date": "Mon, 22 Feb 2021 07:27:35 GMT",
        "Expires": "-1",
        "Pragma": "no-cache",
        "Strict-Transport-Security": "max-age=31536000; includeSubDomains",
        "Vary": "Accept-Encoding",
        "X-Content-Type-Options": "nosniff",
        "x-ms-correlation-request-id": "e2f96dff-cc78-49b5-99b9-464bfdb1b0f1",
        "x-ms-ratelimit-remaining-subscription-reads": "11913",
        "x-ms-request-id": "westcentralus:a4f409e0-bd71-4572-a8b7-e11fb0aa6d42",
        "x-ms-routing-request-id": "SOUTHEASTASIA:20210222T072735Z:e2f96dff-cc78-49b5-99b9-464bfdb1b0f1"
      },
      "ResponseBody": {
        "id": "/subscriptions/9e223dbe-3399-4e19-88eb-0975f02ac87f/resourceGroups/containerInstance-rg-test9276/providers/Microsoft.ContainerInstance/containerGroups/sdk-containergroup-1485",
        "status": "Pending",
        "startTime": "2021-02-22T07:27:17.1936705Z",
        "properties": {
          "events": []
        }
      }
    },
    {
      "RequestUri": "https://management.azure.com/subscriptions/9e223dbe-3399-4e19-88eb-0975f02ac87f/providers/Microsoft.ContainerInstance/locations/westcentralus/operations/8047021a-ac6c-49ce-bc93-eb01b734e6de?api-version=2018-06-01",
      "RequestMethod": "GET",
      "RequestHeaders": {
        "Authorization": "Sanitized",
        "User-Agent": [
          "azsdk-net-ResourceManager.ContainerInstance/1.0.0-alpha.20210222.1",
          "(.NET Core 4.6.29518.01; Microsoft Windows 10.0.19042 )"
        ],
        "x-ms-client-request-id": "27327fe651e6db66b60e22ddef180036",
        "x-ms-return-client-request-id": "true"
      },
      "RequestBody": null,
      "StatusCode": 200,
      "ResponseHeaders": {
        "Cache-Control": "no-cache",
        "Content-Length": "272",
        "Content-Type": "application/json; charset=utf-8",
        "Date": "Mon, 22 Feb 2021 07:27:36 GMT",
        "Expires": "-1",
        "Pragma": "no-cache",
        "Strict-Transport-Security": "max-age=31536000; includeSubDomains",
        "Vary": "Accept-Encoding",
        "X-Content-Type-Options": "nosniff",
        "x-ms-correlation-request-id": "2a9da8e6-4339-4029-bffd-9ff9b7ed0dbc",
        "x-ms-ratelimit-remaining-subscription-reads": "11912",
        "x-ms-request-id": "westcentralus:f5e37f45-ff36-4773-b9ed-d946f326d255",
        "x-ms-routing-request-id": "SOUTHEASTASIA:20210222T072736Z:2a9da8e6-4339-4029-bffd-9ff9b7ed0dbc"
      },
      "ResponseBody": {
        "id": "/subscriptions/9e223dbe-3399-4e19-88eb-0975f02ac87f/resourceGroups/containerInstance-rg-test9276/providers/Microsoft.ContainerInstance/containerGroups/sdk-containergroup-1485",
        "status": "Pending",
        "startTime": "2021-02-22T07:27:17.1936705Z",
        "properties": {
          "events": []
        }
      }
    },
    {
      "RequestUri": "https://management.azure.com/subscriptions/9e223dbe-3399-4e19-88eb-0975f02ac87f/providers/Microsoft.ContainerInstance/locations/westcentralus/operations/8047021a-ac6c-49ce-bc93-eb01b734e6de?api-version=2018-06-01",
      "RequestMethod": "GET",
      "RequestHeaders": {
        "Authorization": "Sanitized",
        "User-Agent": [
          "azsdk-net-ResourceManager.ContainerInstance/1.0.0-alpha.20210222.1",
          "(.NET Core 4.6.29518.01; Microsoft Windows 10.0.19042 )"
        ],
        "x-ms-client-request-id": "1de6fcffe6dfe75bb8cd1c5346391737",
        "x-ms-return-client-request-id": "true"
      },
      "RequestBody": null,
      "StatusCode": 200,
      "ResponseHeaders": {
        "Cache-Control": "no-cache",
        "Content-Length": "272",
        "Content-Type": "application/json; charset=utf-8",
        "Date": "Mon, 22 Feb 2021 07:27:37 GMT",
        "Expires": "-1",
        "Pragma": "no-cache",
        "Strict-Transport-Security": "max-age=31536000; includeSubDomains",
        "Vary": "Accept-Encoding",
        "X-Content-Type-Options": "nosniff",
        "x-ms-correlation-request-id": "57630d99-02df-45df-a134-6e2da6076081",
        "x-ms-ratelimit-remaining-subscription-reads": "11911",
        "x-ms-request-id": "westcentralus:cd910e42-221e-4ea3-93e3-2ba04acdf521",
        "x-ms-routing-request-id": "SOUTHEASTASIA:20210222T072738Z:57630d99-02df-45df-a134-6e2da6076081"
      },
      "ResponseBody": {
        "id": "/subscriptions/9e223dbe-3399-4e19-88eb-0975f02ac87f/resourceGroups/containerInstance-rg-test9276/providers/Microsoft.ContainerInstance/containerGroups/sdk-containergroup-1485",
        "status": "Pending",
        "startTime": "2021-02-22T07:27:17.1936705Z",
        "properties": {
          "events": []
        }
      }
    },
    {
      "RequestUri": "https://management.azure.com/subscriptions/9e223dbe-3399-4e19-88eb-0975f02ac87f/providers/Microsoft.ContainerInstance/locations/westcentralus/operations/8047021a-ac6c-49ce-bc93-eb01b734e6de?api-version=2018-06-01",
      "RequestMethod": "GET",
      "RequestHeaders": {
        "Authorization": "Sanitized",
        "User-Agent": [
          "azsdk-net-ResourceManager.ContainerInstance/1.0.0-alpha.20210222.1",
          "(.NET Core 4.6.29518.01; Microsoft Windows 10.0.19042 )"
        ],
        "x-ms-client-request-id": "f4c86542a881cbdcc064e79c4f1ae205",
        "x-ms-return-client-request-id": "true"
      },
      "RequestBody": null,
      "StatusCode": 200,
      "ResponseHeaders": {
        "Cache-Control": "no-cache",
        "Content-Length": "272",
        "Content-Type": "application/json; charset=utf-8",
        "Date": "Mon, 22 Feb 2021 07:27:38 GMT",
        "Expires": "-1",
        "Pragma": "no-cache",
        "Strict-Transport-Security": "max-age=31536000; includeSubDomains",
        "Vary": "Accept-Encoding",
        "X-Content-Type-Options": "nosniff",
        "x-ms-correlation-request-id": "9532ab81-ef2a-44a0-ae65-4987e1674227",
        "x-ms-ratelimit-remaining-subscription-reads": "11910",
        "x-ms-request-id": "westcentralus:bfd4d07b-b3e4-42ff-b486-1e29d9077c22",
        "x-ms-routing-request-id": "SOUTHEASTASIA:20210222T072739Z:9532ab81-ef2a-44a0-ae65-4987e1674227"
      },
      "ResponseBody": {
        "id": "/subscriptions/9e223dbe-3399-4e19-88eb-0975f02ac87f/resourceGroups/containerInstance-rg-test9276/providers/Microsoft.ContainerInstance/containerGroups/sdk-containergroup-1485",
        "status": "Pending",
        "startTime": "2021-02-22T07:27:17.1936705Z",
        "properties": {
          "events": []
        }
      }
    },
    {
      "RequestUri": "https://management.azure.com/subscriptions/9e223dbe-3399-4e19-88eb-0975f02ac87f/providers/Microsoft.ContainerInstance/locations/westcentralus/operations/8047021a-ac6c-49ce-bc93-eb01b734e6de?api-version=2018-06-01",
      "RequestMethod": "GET",
      "RequestHeaders": {
        "Authorization": "Sanitized",
        "User-Agent": [
          "azsdk-net-ResourceManager.ContainerInstance/1.0.0-alpha.20210222.1",
          "(.NET Core 4.6.29518.01; Microsoft Windows 10.0.19042 )"
        ],
        "x-ms-client-request-id": "7d6d54f5505200f9244b6f183413947d",
        "x-ms-return-client-request-id": "true"
      },
      "RequestBody": null,
      "StatusCode": 200,
      "ResponseHeaders": {
        "Cache-Control": "no-cache",
        "Content-Length": "272",
        "Content-Type": "application/json; charset=utf-8",
        "Date": "Mon, 22 Feb 2021 07:27:40 GMT",
        "Expires": "-1",
        "Pragma": "no-cache",
        "Strict-Transport-Security": "max-age=31536000; includeSubDomains",
        "Vary": "Accept-Encoding",
        "X-Content-Type-Options": "nosniff",
        "x-ms-correlation-request-id": "0c33abb3-d9d3-49fc-8281-46105832b0aa",
        "x-ms-ratelimit-remaining-subscription-reads": "11909",
        "x-ms-request-id": "westcentralus:f4672fb6-e2fa-4fdd-939d-c27391efe5a6",
        "x-ms-routing-request-id": "SOUTHEASTASIA:20210222T072740Z:0c33abb3-d9d3-49fc-8281-46105832b0aa"
      },
      "ResponseBody": {
        "id": "/subscriptions/9e223dbe-3399-4e19-88eb-0975f02ac87f/resourceGroups/containerInstance-rg-test9276/providers/Microsoft.ContainerInstance/containerGroups/sdk-containergroup-1485",
        "status": "Pending",
        "startTime": "2021-02-22T07:27:17.1936705Z",
        "properties": {
          "events": []
        }
      }
    },
    {
      "RequestUri": "https://management.azure.com/subscriptions/9e223dbe-3399-4e19-88eb-0975f02ac87f/providers/Microsoft.ContainerInstance/locations/westcentralus/operations/8047021a-ac6c-49ce-bc93-eb01b734e6de?api-version=2018-06-01",
      "RequestMethod": "GET",
      "RequestHeaders": {
        "Authorization": "Sanitized",
        "User-Agent": [
          "azsdk-net-ResourceManager.ContainerInstance/1.0.0-alpha.20210222.1",
          "(.NET Core 4.6.29518.01; Microsoft Windows 10.0.19042 )"
        ],
        "x-ms-client-request-id": "8a9aebf60b4f56b4201b5c7bffbe979e",
        "x-ms-return-client-request-id": "true"
      },
      "RequestBody": null,
      "StatusCode": 200,
      "ResponseHeaders": {
        "Cache-Control": "no-cache",
        "Content-Length": "914",
        "Content-Type": "application/json; charset=utf-8",
        "Date": "Mon, 22 Feb 2021 07:27:41 GMT",
        "Expires": "-1",
        "Pragma": "no-cache",
        "Strict-Transport-Security": "max-age=31536000; includeSubDomains",
        "Vary": "Accept-Encoding",
        "X-Content-Type-Options": "nosniff",
        "x-ms-correlation-request-id": "43226395-34da-49b4-9155-25937d103806",
        "x-ms-ratelimit-remaining-subscription-reads": "11908",
        "x-ms-request-id": "westcentralus:596a665b-d0c2-4646-a605-ec1e2fbe65cb",
        "x-ms-routing-request-id": "SOUTHEASTASIA:20210222T072742Z:43226395-34da-49b4-9155-25937d103806"
      },
      "ResponseBody": {
        "id": "/subscriptions/9e223dbe-3399-4e19-88eb-0975f02ac87f/resourceGroups/containerInstance-rg-test9276/providers/Microsoft.ContainerInstance/containerGroups/sdk-containergroup-1485",
        "status": "Succeeded",
        "startTime": "2021-02-22T07:27:17.1936705Z",
        "properties": {
          "events": [
            {
              "count": 1,
              "firstTimestamp": "2021-02-22T07:27:38Z",
              "lastTimestamp": "2021-02-22T07:27:38Z",
              "name": "Pulling",
              "message": "pulling image \u0022alpine\u0022",
              "type": "Normal"
            },
            {
              "count": 1,
              "firstTimestamp": "2021-02-22T07:27:39Z",
              "lastTimestamp": "2021-02-22T07:27:39Z",
              "name": "Pulled",
              "message": "Successfully pulled image \u0022alpine\u0022",
              "type": "Normal"
            },
            {
              "count": 1,
              "firstTimestamp": "2021-02-22T07:27:39Z",
              "lastTimestamp": "2021-02-22T07:27:39Z",
              "name": "Created",
              "message": "Created container",
              "type": "Normal"
            },
            {
              "count": 1,
              "firstTimestamp": "2021-02-22T07:27:39Z",
              "lastTimestamp": "2021-02-22T07:27:39Z",
              "name": "Started",
              "message": "Started container",
              "type": "Normal"
            }
          ]
        }
      }
    },
    {
      "RequestUri": "https://management.azure.com/subscriptions/9e223dbe-3399-4e19-88eb-0975f02ac87f/resourceGroups/containerInstance-rg-test9276/providers/Microsoft.ContainerInstance/containerGroups/sdk-containergroup-1485?api-version=2020-11-01",
      "RequestMethod": "GET",
      "RequestHeaders": {
        "Authorization": "Sanitized",
        "User-Agent": [
          "azsdk-net-ResourceManager.ContainerInstance/1.0.0-alpha.20210222.1",
          "(.NET Core 4.6.29518.01; Microsoft Windows 10.0.19042 )"
        ],
        "x-ms-client-request-id": "f25e17eb9acbf2e46cc7d03639c496ad",
        "x-ms-return-client-request-id": "true"
      },
      "RequestBody": null,
      "StatusCode": 200,
      "ResponseHeaders": {
        "Cache-Control": "no-cache",
        "Content-Length": "3065",
        "Content-Type": "application/json; charset=utf-8",
        "Date": "Mon, 22 Feb 2021 07:27:41 GMT",
        "Expires": "-1",
        "Pragma": "no-cache",
        "Strict-Transport-Security": "max-age=31536000; includeSubDomains",
        "Vary": "Accept-Encoding",
        "X-Content-Type-Options": "nosniff",
        "x-ms-correlation-request-id": "62404f05-97ed-4ae7-a0b1-c3f757185905",
        "x-ms-ratelimit-remaining-subscription-reads": "11907",
        "x-ms-request-id": "westcentralus:6c408c67-4dbe-4801-b200-dee923cf36a3",
        "x-ms-routing-request-id": "SOUTHEASTASIA:20210222T072742Z:62404f05-97ed-4ae7-a0b1-c3f757185905"
      },
      "ResponseBody": {
        "properties": {
          "sku": "Standard",
          "encryptionProperties": {
            "vaultBaseUrl": "https://cloudaci-cloudtest.vault.azure.net/",
            "keyName": "testencryptionkey",
            "keyVersion": "804d3f1d5ce2456b9bc3dc9e35aaa67e"
          },
          "provisioningState": "Succeeded",
          "containers": [
            {
              "name": "sdk-containergroup-1485",
              "properties": {
                "image": "alpine",
                "command": [
                  "/bin/sh",
                  "-c",
                  "while true; do sleep 10; done"
                ],
                "ports": [
                  {
                    "port": 8000
                  }
                ],
                "environmentVariables": [
                  {
                    "name": "secretEnv"
                  }
                ],
                "instanceView": {
                  "restartCount": 0,
                  "currentState": {
                    "state": "Running",
                    "startTime": "2021-02-22T07:27:39Z",
                    "detailStatus": ""
                  },
                  "events": [
                    {
                      "count": 1,
                      "firstTimestamp": "2021-02-22T07:27:38Z",
                      "lastTimestamp": "2021-02-22T07:27:38Z",
                      "name": "Pulling",
                      "message": "pulling image \u0022alpine\u0022",
                      "type": "Normal"
                    },
                    {
                      "count": 1,
                      "firstTimestamp": "2021-02-22T07:27:39Z",
                      "lastTimestamp": "2021-02-22T07:27:39Z",
                      "name": "Pulled",
                      "message": "Successfully pulled image \u0022alpine\u0022",
                      "type": "Normal"
                    },
                    {
                      "count": 1,
                      "firstTimestamp": "2021-02-22T07:27:39Z",
                      "lastTimestamp": "2021-02-22T07:27:39Z",
                      "name": "Created",
                      "message": "Created container",
                      "type": "Normal"
                    },
                    {
                      "count": 1,
                      "firstTimestamp": "2021-02-22T07:27:39Z",
                      "lastTimestamp": "2021-02-22T07:27:39Z",
                      "name": "Started",
                      "message": "Started container",
                      "type": "Normal"
                    }
                  ]
                },
                "resources": {
                  "requests": {
                    "memoryInGB": 1.5,
                    "cpu": 1.0
                  }
                },
                "livenessProbe": {
                  "exec": {
                    "command": [
                      "ls"
                    ]
                  },
                  "periodSeconds": 20
                }
              }
            }
          ],
          "initContainers": [
            {
              "name": "sdk-containergroup-1485init",
              "properties": {
                "image": "alpine",
                "environmentVariables": [],
                "instanceView": {
                  "restartCount": 0,
                  "currentState": {
                    "state": "Terminated",
                    "startTime": "2021-02-22T07:27:37Z",
                    "exitCode": 0,
                    "finishTime": "2021-02-22T07:27:37Z",
                    "detailStatus": "Completed"
                  },
                  "events": [
                    {
                      "count": 1,
                      "firstTimestamp": "2021-02-22T07:27:32Z",
                      "lastTimestamp": "2021-02-22T07:27:32Z",
                      "name": "Pulling",
                      "message": "pulling image \u0022alpine\u0022",
                      "type": "Normal"
                    },
                    {
                      "count": 1,
                      "firstTimestamp": "2021-02-22T07:27:36Z",
                      "lastTimestamp": "2021-02-22T07:27:36Z",
                      "name": "Pulled",
                      "message": "Successfully pulled image \u0022alpine\u0022",
                      "type": "Normal"
                    },
                    {
                      "count": 1,
                      "firstTimestamp": "2021-02-22T07:27:36Z",
                      "lastTimestamp": "2021-02-22T07:27:36Z",
                      "name": "Created",
                      "message": "Created container",
                      "type": "Normal"
                    },
                    {
                      "count": 1,
                      "firstTimestamp": "2021-02-22T07:27:37Z",
                      "lastTimestamp": "2021-02-22T07:27:37Z",
                      "name": "Started",
                      "message": "Started container",
                      "type": "Normal"
                    }
                  ]
                }
              }
            }
          ],
          "restartPolicy": "Never",
          "ipAddress": {
            "ports": [
              {
                "protocol": "TCP",
                "port": 8000
              }
            ],
            "ip": "13.77.211.66",
            "type": "Public",
            "dnsNameLabel": "sdk-containergroup-1485",
            "fqdn": "sdk-containergroup-1485.westcentralus.azurecontainer.io"
          },
          "osType": "Linux",
          "instanceView": {
            "events": [],
            "state": "Running"
          },
          "diagnostics": {
            "logAnalytics": {
              "workspaceId": "workspaceid"
            }
          }
        },
        "identity": {
          "principalId": "5ca72f65-1867-45c6-91fd-9324ade5dd69",
          "tenantId": "72f988bf-86f1-41af-91ab-2d7cd011db47",
          "type": "SystemAssigned"
        },
        "id": "/subscriptions/9e223dbe-3399-4e19-88eb-0975f02ac87f/resourceGroups/containerInstance-rg-test9276/providers/Microsoft.ContainerInstance/containerGroups/sdk-containergroup-1485",
        "name": "sdk-containergroup-1485",
        "type": "Microsoft.ContainerInstance/containerGroups",
        "location": "West Central US"
      }
    },
    {
      "RequestUri": "https://management.azure.com/subscriptions/9e223dbe-3399-4e19-88eb-0975f02ac87f/resourceGroups/containerInstance-rg-test9276/providers/Microsoft.ContainerInstance/containerGroups/sdk-containergroup-1485/stop?api-version=2020-11-01",
      "RequestMethod": "POST",
      "RequestHeaders": {
        "Accept": "application/json",
        "Authorization": "Sanitized",
        "traceparent": "00-9681c62e396d6041a5d1b51240fb6355-58e34fe551583948-00",
        "User-Agent": [
          "azsdk-net-ResourceManager.ContainerInstance/1.0.0-alpha.20210222.1",
          "(.NET Core 4.6.29518.01; Microsoft Windows 10.0.19042 )"
        ],
        "x-ms-client-request-id": "64a669cf577fe9b59f175d37f47d0165",
        "x-ms-return-client-request-id": "true"
      },
      "RequestBody": null,
      "StatusCode": 204,
      "ResponseHeaders": {
        "Cache-Control": "no-cache",
        "Date": "Mon, 22 Feb 2021 07:27:42 GMT",
        "Expires": "-1",
        "Pragma": "no-cache",
        "Strict-Transport-Security": "max-age=31536000; includeSubDomains",
        "X-Content-Type-Options": "nosniff",
        "x-ms-correlation-request-id": "a0c892e6-1236-4421-9c7d-db4e33aa12f5",
        "x-ms-ratelimit-remaining-subscription-writes": "1199",
        "x-ms-request-id": "westcentralus:e1022ddb-2a2d-49e6-b406-942fd236bf38",
        "x-ms-routing-request-id": "SOUTHEASTASIA:20210222T072742Z:a0c892e6-1236-4421-9c7d-db4e33aa12f5"
      },
      "ResponseBody": []
    },
    {
      "RequestUri": "https://management.azure.com/subscriptions/9e223dbe-3399-4e19-88eb-0975f02ac87f/resourceGroups/containerInstance-rg-test9276/providers/Microsoft.ContainerInstance/containerGroups/sdk-containergroup-1485?api-version=2020-11-01",
      "RequestMethod": "GET",
      "RequestHeaders": {
        "Accept": "application/json",
        "Authorization": "Sanitized",
        "traceparent": "00-2387147b7cb720409c5c4dab3bf49f25-428e72fc5c555042-00",
        "User-Agent": [
          "azsdk-net-ResourceManager.ContainerInstance/1.0.0-alpha.20210222.1",
          "(.NET Core 4.6.29518.01; Microsoft Windows 10.0.19042 )"
        ],
        "x-ms-client-request-id": "1d2dd0b3a2b55bb206a81e873b7e1c5b",
        "x-ms-return-client-request-id": "true"
      },
      "RequestBody": null,
      "StatusCode": 200,
      "ResponseHeaders": {
        "Cache-Control": "no-cache",
        "Content-Length": "1456",
        "Content-Type": "application/json; charset=utf-8",
        "Date": "Mon, 22 Feb 2021 07:27:42 GMT",
        "Expires": "-1",
        "Pragma": "no-cache",
        "Strict-Transport-Security": "max-age=31536000; includeSubDomains",
        "Vary": "Accept-Encoding",
        "X-Content-Type-Options": "nosniff",
        "x-ms-correlation-request-id": "2a23dc88-94a0-48c6-8f4b-bbef7d37b1ca",
        "x-ms-ratelimit-remaining-subscription-reads": "11906",
        "x-ms-request-id": "westcentralus:09f6b7fd-1be7-476c-ad50-0db0e16c66e8",
        "x-ms-routing-request-id": "SOUTHEASTASIA:20210222T072743Z:2a23dc88-94a0-48c6-8f4b-bbef7d37b1ca"
      },
      "ResponseBody": {
        "properties": {
          "sku": "Standard",
          "encryptionProperties": {
            "vaultBaseUrl": "https://cloudaci-cloudtest.vault.azure.net/",
            "keyName": "testencryptionkey",
            "keyVersion": "804d3f1d5ce2456b9bc3dc9e35aaa67e"
          },
          "provisioningState": "Succeeded",
          "containers": [
            {
              "name": "sdk-containergroup-1485",
              "properties": {
                "image": "alpine",
                "command": [
                  "/bin/sh",
                  "-c",
                  "while true; do sleep 10; done"
                ],
                "ports": [
                  {
                    "port": 8000
                  }
                ],
                "environmentVariables": [
                  {
                    "name": "secretEnv"
                  }
                ],
                "resources": {
                  "requests": {
                    "memoryInGB": 1.5,
                    "cpu": 1.0
                  }
                },
                "livenessProbe": {
                  "exec": {
                    "command": [
                      "ls"
                    ]
                  },
                  "periodSeconds": 20
                }
              }
            }
          ],
          "initContainers": [
            {
              "name": "sdk-containergroup-1485init",
              "properties": {
                "image": "alpine",
                "environmentVariables": []
              }
            }
          ],
          "restartPolicy": "Never",
          "ipAddress": {
            "ports": [
              {
                "protocol": "TCP",
                "port": 8000
              }
            ],
            "ip": "13.77.211.66",
            "type": "Public",
            "dnsNameLabel": "sdk-containergroup-1485",
            "fqdn": "sdk-containergroup-1485.westcentralus.azurecontainer.io"
          },
          "osType": "Linux",
          "instanceView": {
            "events": [],
            "state": "Stopped"
          },
          "diagnostics": {
            "logAnalytics": {
              "workspaceId": "workspaceid"
            }
          }
        },
        "identity": {
          "principalId": "5ca72f65-1867-45c6-91fd-9324ade5dd69",
          "tenantId": "72f988bf-86f1-41af-91ab-2d7cd011db47",
          "type": "SystemAssigned"
        },
        "id": "/subscriptions/9e223dbe-3399-4e19-88eb-0975f02ac87f/resourceGroups/containerInstance-rg-test9276/providers/Microsoft.ContainerInstance/containerGroups/sdk-containergroup-1485",
        "name": "sdk-containergroup-1485",
        "type": "Microsoft.ContainerInstance/containerGroups",
        "location": "West Central US"
      }
    },
    {
      "RequestUri": "https://management.azure.com/subscriptions/9e223dbe-3399-4e19-88eb-0975f02ac87f/resourceGroups/containerInstance-rg-test9276/providers/Microsoft.ContainerInstance/containerGroups/sdk-containergroup-1485/start?api-version=2020-11-01",
      "RequestMethod": "POST",
      "RequestHeaders": {
        "Accept": "application/json",
        "Authorization": "Sanitized",
        "traceparent": "00-092c5ad6f6d1bb4a8dea21be960021e1-ba33109ea74e214b-00",
        "User-Agent": [
          "azsdk-net-ResourceManager.ContainerInstance/1.0.0-alpha.20210222.1",
          "(.NET Core 4.6.29518.01; Microsoft Windows 10.0.19042 )"
        ],
        "x-ms-client-request-id": "95abaf843318931e617453b43dadfeee",
        "x-ms-return-client-request-id": "true"
      },
      "RequestBody": null,
      "StatusCode": 204,
      "ResponseHeaders": {
        "Azure-AsyncOperation": "https://management.azure.com/subscriptions/9e223dbe-3399-4e19-88eb-0975f02ac87f/providers/Microsoft.ContainerInstance/locations/westcentralus/operations/0fd3f30c-7b16-4ed0-848b-c64006e45fb9?api-version=2018-06-01",
        "Cache-Control": "no-cache",
        "Date": "Mon, 22 Feb 2021 07:27:47 GMT",
        "Expires": "-1",
        "Pragma": "no-cache",
        "Strict-Transport-Security": "max-age=31536000; includeSubDomains",
        "X-Content-Type-Options": "nosniff",
        "x-ms-correlation-request-id": "9518f4de-0c21-483a-8da9-c023edae264a",
        "x-ms-ratelimit-remaining-subscription-writes": "1198",
        "x-ms-request-id": "westcentralus:0fd3f30c-7b16-4ed0-848b-c64006e45fb9",
        "x-ms-routing-request-id": "SOUTHEASTASIA:20210222T072747Z:9518f4de-0c21-483a-8da9-c023edae264a"
      },
      "ResponseBody": []
    },
    {
      "RequestUri": "https://management.azure.com/subscriptions/9e223dbe-3399-4e19-88eb-0975f02ac87f/providers/Microsoft.ContainerInstance/locations/westcentralus/operations/0fd3f30c-7b16-4ed0-848b-c64006e45fb9?api-version=2018-06-01",
      "RequestMethod": "GET",
      "RequestHeaders": {
        "Authorization": "Sanitized",
        "User-Agent": [
          "azsdk-net-ResourceManager.ContainerInstance/1.0.0-alpha.20210222.1",
          "(.NET Core 4.6.29518.01; Microsoft Windows 10.0.19042 )"
        ],
        "x-ms-client-request-id": "45b201fa6bd27f4cb199bc404ffe1e59",
        "x-ms-return-client-request-id": "true"
      },
      "RequestBody": null,
      "StatusCode": 200,
      "ResponseHeaders": {
        "Cache-Control": "no-cache",
        "Content-Length": "272",
        "Content-Type": "application/json; charset=utf-8",
        "Date": "Mon, 22 Feb 2021 07:27:47 GMT",
        "Expires": "-1",
        "Pragma": "no-cache",
        "Strict-Transport-Security": "max-age=31536000; includeSubDomains",
        "Vary": "Accept-Encoding",
        "X-Content-Type-Options": "nosniff",
        "x-ms-correlation-request-id": "390420f5-12b0-4da7-9317-3e538f816d67",
        "x-ms-ratelimit-remaining-subscription-reads": "11905",
        "x-ms-request-id": "westcentralus:3494c5fb-e60d-4e1b-a1e3-d07af9fae198",
        "x-ms-routing-request-id": "SOUTHEASTASIA:20210222T072747Z:390420f5-12b0-4da7-9317-3e538f816d67"
      },
      "ResponseBody": {
        "id": "/subscriptions/9e223dbe-3399-4e19-88eb-0975f02ac87f/resourceGroups/containerInstance-rg-test9276/providers/Microsoft.ContainerInstance/containerGroups/sdk-containergroup-1485",
        "status": "Pending",
        "startTime": "2021-02-22T07:27:47.4982012Z",
        "properties": {
          "events": []
        }
      }
    },
    {
      "RequestUri": "https://management.azure.com/subscriptions/9e223dbe-3399-4e19-88eb-0975f02ac87f/providers/Microsoft.ContainerInstance/locations/westcentralus/operations/0fd3f30c-7b16-4ed0-848b-c64006e45fb9?api-version=2018-06-01",
      "RequestMethod": "GET",
      "RequestHeaders": {
        "Authorization": "Sanitized",
        "User-Agent": [
          "azsdk-net-ResourceManager.ContainerInstance/1.0.0-alpha.20210222.1",
          "(.NET Core 4.6.29518.01; Microsoft Windows 10.0.19042 )"
        ],
        "x-ms-client-request-id": "cfc130aab3fa0cc4b77edeced6485a33",
        "x-ms-return-client-request-id": "true"
      },
      "RequestBody": null,
      "StatusCode": 200,
      "ResponseHeaders": {
        "Cache-Control": "no-cache",
        "Content-Length": "272",
        "Content-Type": "application/json; charset=utf-8",
        "Date": "Mon, 22 Feb 2021 07:27:48 GMT",
        "Expires": "-1",
        "Pragma": "no-cache",
        "Strict-Transport-Security": "max-age=31536000; includeSubDomains",
        "Vary": "Accept-Encoding",
        "X-Content-Type-Options": "nosniff",
        "x-ms-correlation-request-id": "38294076-481f-4bb6-9aad-7005a38843bd",
        "x-ms-ratelimit-remaining-subscription-reads": "11904",
        "x-ms-request-id": "westcentralus:684bdafc-430a-4745-ba8b-1e5a82fcc5f6",
        "x-ms-routing-request-id": "SOUTHEASTASIA:20210222T072749Z:38294076-481f-4bb6-9aad-7005a38843bd"
      },
      "ResponseBody": {
        "id": "/subscriptions/9e223dbe-3399-4e19-88eb-0975f02ac87f/resourceGroups/containerInstance-rg-test9276/providers/Microsoft.ContainerInstance/containerGroups/sdk-containergroup-1485",
        "status": "Pending",
        "startTime": "2021-02-22T07:27:47.4982012Z",
        "properties": {
          "events": []
        }
      }
    },
    {
      "RequestUri": "https://management.azure.com/subscriptions/9e223dbe-3399-4e19-88eb-0975f02ac87f/providers/Microsoft.ContainerInstance/locations/westcentralus/operations/0fd3f30c-7b16-4ed0-848b-c64006e45fb9?api-version=2018-06-01",
      "RequestMethod": "GET",
      "RequestHeaders": {
        "Authorization": "Sanitized",
        "User-Agent": [
          "azsdk-net-ResourceManager.ContainerInstance/1.0.0-alpha.20210222.1",
          "(.NET Core 4.6.29518.01; Microsoft Windows 10.0.19042 )"
        ],
        "x-ms-client-request-id": "3cb931c6b8fa5a1b1e03b7fdbcb6deb9",
        "x-ms-return-client-request-id": "true"
      },
      "RequestBody": null,
      "StatusCode": 200,
      "ResponseHeaders": {
        "Cache-Control": "no-cache",
        "Content-Length": "272",
        "Content-Type": "application/json; charset=utf-8",
        "Date": "Mon, 22 Feb 2021 07:27:50 GMT",
        "Expires": "-1",
        "Pragma": "no-cache",
        "Strict-Transport-Security": "max-age=31536000; includeSubDomains",
        "Vary": "Accept-Encoding",
        "X-Content-Type-Options": "nosniff",
        "x-ms-correlation-request-id": "00923b79-b5c3-4043-a3d9-aebef3cdf738",
        "x-ms-ratelimit-remaining-subscription-reads": "11903",
        "x-ms-request-id": "westcentralus:cd6d7dde-9078-4ec3-899f-65278415c8de",
        "x-ms-routing-request-id": "SOUTHEASTASIA:20210222T072750Z:00923b79-b5c3-4043-a3d9-aebef3cdf738"
      },
      "ResponseBody": {
        "id": "/subscriptions/9e223dbe-3399-4e19-88eb-0975f02ac87f/resourceGroups/containerInstance-rg-test9276/providers/Microsoft.ContainerInstance/containerGroups/sdk-containergroup-1485",
        "status": "Pending",
        "startTime": "2021-02-22T07:27:47.4982012Z",
        "properties": {
          "events": []
        }
      }
    },
    {
      "RequestUri": "https://management.azure.com/subscriptions/9e223dbe-3399-4e19-88eb-0975f02ac87f/providers/Microsoft.ContainerInstance/locations/westcentralus/operations/0fd3f30c-7b16-4ed0-848b-c64006e45fb9?api-version=2018-06-01",
      "RequestMethod": "GET",
      "RequestHeaders": {
        "Authorization": "Sanitized",
        "User-Agent": [
          "azsdk-net-ResourceManager.ContainerInstance/1.0.0-alpha.20210222.1",
          "(.NET Core 4.6.29518.01; Microsoft Windows 10.0.19042 )"
        ],
        "x-ms-client-request-id": "092c032bde6c47263ca68d548d7ea969",
        "x-ms-return-client-request-id": "true"
      },
      "RequestBody": null,
      "StatusCode": 200,
      "ResponseHeaders": {
        "Cache-Control": "no-cache",
        "Content-Length": "272",
        "Content-Type": "application/json; charset=utf-8",
        "Date": "Mon, 22 Feb 2021 07:27:51 GMT",
        "Expires": "-1",
        "Pragma": "no-cache",
        "Strict-Transport-Security": "max-age=31536000; includeSubDomains",
        "Vary": "Accept-Encoding",
        "X-Content-Type-Options": "nosniff",
        "x-ms-correlation-request-id": "e8cd5ab5-92e4-46fd-82f4-07ce9cc19170",
        "x-ms-ratelimit-remaining-subscription-reads": "11902",
        "x-ms-request-id": "westcentralus:43cc0d04-1bdf-4d2a-9a0a-97338ac6d37b",
        "x-ms-routing-request-id": "SOUTHEASTASIA:20210222T072751Z:e8cd5ab5-92e4-46fd-82f4-07ce9cc19170"
      },
      "ResponseBody": {
        "id": "/subscriptions/9e223dbe-3399-4e19-88eb-0975f02ac87f/resourceGroups/containerInstance-rg-test9276/providers/Microsoft.ContainerInstance/containerGroups/sdk-containergroup-1485",
        "status": "Pending",
        "startTime": "2021-02-22T07:27:47.4982012Z",
        "properties": {
          "events": []
        }
      }
    },
    {
      "RequestUri": "https://management.azure.com/subscriptions/9e223dbe-3399-4e19-88eb-0975f02ac87f/providers/Microsoft.ContainerInstance/locations/westcentralus/operations/0fd3f30c-7b16-4ed0-848b-c64006e45fb9?api-version=2018-06-01",
      "RequestMethod": "GET",
      "RequestHeaders": {
        "Authorization": "Sanitized",
        "User-Agent": [
          "azsdk-net-ResourceManager.ContainerInstance/1.0.0-alpha.20210222.1",
          "(.NET Core 4.6.29518.01; Microsoft Windows 10.0.19042 )"
        ],
        "x-ms-client-request-id": "1d7a883fe244f15e1466b1f6fbc64f01",
        "x-ms-return-client-request-id": "true"
      },
      "RequestBody": null,
      "StatusCode": 200,
      "ResponseHeaders": {
        "Cache-Control": "no-cache",
        "Content-Length": "272",
        "Content-Type": "application/json; charset=utf-8",
        "Date": "Mon, 22 Feb 2021 07:27:52 GMT",
        "Expires": "-1",
        "Pragma": "no-cache",
        "Strict-Transport-Security": "max-age=31536000; includeSubDomains",
        "Vary": "Accept-Encoding",
        "X-Content-Type-Options": "nosniff",
        "x-ms-correlation-request-id": "f8412a7f-53da-4d8c-8b1c-b4fb6d5d0566",
        "x-ms-ratelimit-remaining-subscription-reads": "11901",
        "x-ms-request-id": "westcentralus:f57730eb-e968-4fce-b772-2b135d1957e9",
        "x-ms-routing-request-id": "SOUTHEASTASIA:20210222T072753Z:f8412a7f-53da-4d8c-8b1c-b4fb6d5d0566"
      },
      "ResponseBody": {
        "id": "/subscriptions/9e223dbe-3399-4e19-88eb-0975f02ac87f/resourceGroups/containerInstance-rg-test9276/providers/Microsoft.ContainerInstance/containerGroups/sdk-containergroup-1485",
        "status": "Pending",
        "startTime": "2021-02-22T07:27:47.4982012Z",
        "properties": {
          "events": []
        }
      }
    },
    {
      "RequestUri": "https://management.azure.com/subscriptions/9e223dbe-3399-4e19-88eb-0975f02ac87f/providers/Microsoft.ContainerInstance/locations/westcentralus/operations/0fd3f30c-7b16-4ed0-848b-c64006e45fb9?api-version=2018-06-01",
      "RequestMethod": "GET",
      "RequestHeaders": {
        "Authorization": "Sanitized",
        "User-Agent": [
          "azsdk-net-ResourceManager.ContainerInstance/1.0.0-alpha.20210222.1",
          "(.NET Core 4.6.29518.01; Microsoft Windows 10.0.19042 )"
        ],
        "x-ms-client-request-id": "d2a2259f501ce7c60a71ff542bc7cd9f",
        "x-ms-return-client-request-id": "true"
      },
      "RequestBody": null,
      "StatusCode": 200,
      "ResponseHeaders": {
        "Cache-Control": "no-cache",
        "Content-Length": "912",
        "Content-Type": "application/json; charset=utf-8",
        "Date": "Mon, 22 Feb 2021 07:27:53 GMT",
        "Expires": "-1",
        "Pragma": "no-cache",
        "Strict-Transport-Security": "max-age=31536000; includeSubDomains",
        "Vary": "Accept-Encoding",
        "X-Content-Type-Options": "nosniff",
        "x-ms-correlation-request-id": "183baba4-6012-453c-b354-7501b50ca3f7",
        "x-ms-ratelimit-remaining-subscription-reads": "11900",
        "x-ms-request-id": "westcentralus:ac54b5be-97e4-45df-bbb1-9ef1a069cd57",
        "x-ms-routing-request-id": "SOUTHEASTASIA:20210222T072754Z:183baba4-6012-453c-b354-7501b50ca3f7"
      },
      "ResponseBody": {
        "id": "/subscriptions/9e223dbe-3399-4e19-88eb-0975f02ac87f/resourceGroups/containerInstance-rg-test9276/providers/Microsoft.ContainerInstance/containerGroups/sdk-containergroup-1485",
        "status": "Pending",
        "startTime": "2021-02-22T07:27:47.4982012Z",
        "properties": {
          "events": [
            {
              "count": 1,
              "firstTimestamp": "2021-02-22T07:27:38Z",
              "lastTimestamp": "2021-02-22T07:27:38Z",
              "name": "Pulling",
              "message": "pulling image \u0022alpine\u0022",
              "type": "Normal"
            },
            {
              "count": 1,
              "firstTimestamp": "2021-02-22T07:27:39Z",
              "lastTimestamp": "2021-02-22T07:27:39Z",
              "name": "Pulled",
              "message": "Successfully pulled image \u0022alpine\u0022",
              "type": "Normal"
            },
            {
              "count": 1,
              "firstTimestamp": "2021-02-22T07:27:39Z",
              "lastTimestamp": "2021-02-22T07:27:39Z",
              "name": "Created",
              "message": "Created container",
              "type": "Normal"
            },
            {
              "count": 1,
              "firstTimestamp": "2021-02-22T07:27:39Z",
              "lastTimestamp": "2021-02-22T07:27:39Z",
              "name": "Started",
              "message": "Started container",
              "type": "Normal"
            }
          ]
        }
      }
    },
    {
      "RequestUri": "https://management.azure.com/subscriptions/9e223dbe-3399-4e19-88eb-0975f02ac87f/providers/Microsoft.ContainerInstance/locations/westcentralus/operations/0fd3f30c-7b16-4ed0-848b-c64006e45fb9?api-version=2018-06-01",
      "RequestMethod": "GET",
      "RequestHeaders": {
        "Authorization": "Sanitized",
        "User-Agent": [
          "azsdk-net-ResourceManager.ContainerInstance/1.0.0-alpha.20210222.1",
          "(.NET Core 4.6.29518.01; Microsoft Windows 10.0.19042 )"
        ],
        "x-ms-client-request-id": "33be4d5ac03c4974a53af4052d304b75",
        "x-ms-return-client-request-id": "true"
      },
      "RequestBody": null,
      "StatusCode": 200,
      "ResponseHeaders": {
        "Cache-Control": "no-cache",
        "Content-Length": "912",
        "Content-Type": "application/json; charset=utf-8",
        "Date": "Mon, 22 Feb 2021 07:27:55 GMT",
        "Expires": "-1",
        "Pragma": "no-cache",
        "Strict-Transport-Security": "max-age=31536000; includeSubDomains",
        "Vary": "Accept-Encoding",
        "X-Content-Type-Options": "nosniff",
        "x-ms-correlation-request-id": "4ff64b84-5cb8-4757-9718-4c57e920ad17",
        "x-ms-ratelimit-remaining-subscription-reads": "11899",
        "x-ms-request-id": "westcentralus:1d4c0b1a-86f1-4e90-b077-1af4f3109164",
        "x-ms-routing-request-id": "SOUTHEASTASIA:20210222T072755Z:4ff64b84-5cb8-4757-9718-4c57e920ad17"
      },
      "ResponseBody": {
        "id": "/subscriptions/9e223dbe-3399-4e19-88eb-0975f02ac87f/resourceGroups/containerInstance-rg-test9276/providers/Microsoft.ContainerInstance/containerGroups/sdk-containergroup-1485",
        "status": "Pending",
        "startTime": "2021-02-22T07:27:47.4982012Z",
        "properties": {
          "events": [
            {
              "count": 1,
              "firstTimestamp": "2021-02-22T07:27:38Z",
              "lastTimestamp": "2021-02-22T07:27:38Z",
              "name": "Pulling",
              "message": "pulling image \u0022alpine\u0022",
              "type": "Normal"
            },
            {
              "count": 1,
              "firstTimestamp": "2021-02-22T07:27:39Z",
              "lastTimestamp": "2021-02-22T07:27:39Z",
              "name": "Pulled",
              "message": "Successfully pulled image \u0022alpine\u0022",
              "type": "Normal"
            },
            {
              "count": 1,
              "firstTimestamp": "2021-02-22T07:27:39Z",
              "lastTimestamp": "2021-02-22T07:27:39Z",
              "name": "Created",
              "message": "Created container",
              "type": "Normal"
            },
            {
              "count": 1,
              "firstTimestamp": "2021-02-22T07:27:39Z",
              "lastTimestamp": "2021-02-22T07:27:39Z",
              "name": "Started",
              "message": "Started container",
              "type": "Normal"
            }
          ]
        }
      }
    },
    {
      "RequestUri": "https://management.azure.com/subscriptions/9e223dbe-3399-4e19-88eb-0975f02ac87f/providers/Microsoft.ContainerInstance/locations/westcentralus/operations/0fd3f30c-7b16-4ed0-848b-c64006e45fb9?api-version=2018-06-01",
      "RequestMethod": "GET",
      "RequestHeaders": {
        "Authorization": "Sanitized",
        "User-Agent": [
          "azsdk-net-ResourceManager.ContainerInstance/1.0.0-alpha.20210222.1",
          "(.NET Core 4.6.29518.01; Microsoft Windows 10.0.19042 )"
        ],
        "x-ms-client-request-id": "68b48c56d7dcee4dc29212d2e20ac64d",
        "x-ms-return-client-request-id": "true"
      },
      "RequestBody": null,
      "StatusCode": 200,
      "ResponseHeaders": {
        "Cache-Control": "no-cache",
        "Content-Length": "912",
        "Content-Type": "application/json; charset=utf-8",
        "Date": "Mon, 22 Feb 2021 07:27:56 GMT",
        "Expires": "-1",
        "Pragma": "no-cache",
        "Strict-Transport-Security": "max-age=31536000; includeSubDomains",
        "Vary": "Accept-Encoding",
        "X-Content-Type-Options": "nosniff",
        "x-ms-correlation-request-id": "9c8baea5-a955-49e8-bd87-67c2782df32a",
        "x-ms-ratelimit-remaining-subscription-reads": "11898",
        "x-ms-request-id": "westcentralus:edf97ecc-39f4-48ac-b633-4d37e4e6ebc2",
        "x-ms-routing-request-id": "SOUTHEASTASIA:20210222T072757Z:9c8baea5-a955-49e8-bd87-67c2782df32a"
      },
      "ResponseBody": {
        "id": "/subscriptions/9e223dbe-3399-4e19-88eb-0975f02ac87f/resourceGroups/containerInstance-rg-test9276/providers/Microsoft.ContainerInstance/containerGroups/sdk-containergroup-1485",
        "status": "Pending",
        "startTime": "2021-02-22T07:27:47.4982012Z",
        "properties": {
          "events": [
            {
              "count": 1,
              "firstTimestamp": "2021-02-22T07:27:38Z",
              "lastTimestamp": "2021-02-22T07:27:38Z",
              "name": "Pulling",
              "message": "pulling image \u0022alpine\u0022",
              "type": "Normal"
            },
            {
              "count": 1,
              "firstTimestamp": "2021-02-22T07:27:39Z",
              "lastTimestamp": "2021-02-22T07:27:39Z",
              "name": "Pulled",
              "message": "Successfully pulled image \u0022alpine\u0022",
              "type": "Normal"
            },
            {
              "count": 1,
              "firstTimestamp": "2021-02-22T07:27:39Z",
              "lastTimestamp": "2021-02-22T07:27:39Z",
              "name": "Created",
              "message": "Created container",
              "type": "Normal"
            },
            {
              "count": 1,
              "firstTimestamp": "2021-02-22T07:27:39Z",
              "lastTimestamp": "2021-02-22T07:27:39Z",
              "name": "Started",
              "message": "Started container",
              "type": "Normal"
            }
          ]
        }
      }
    },
    {
      "RequestUri": "https://management.azure.com/subscriptions/9e223dbe-3399-4e19-88eb-0975f02ac87f/providers/Microsoft.ContainerInstance/locations/westcentralus/operations/0fd3f30c-7b16-4ed0-848b-c64006e45fb9?api-version=2018-06-01",
      "RequestMethod": "GET",
      "RequestHeaders": {
        "Authorization": "Sanitized",
        "User-Agent": [
          "azsdk-net-ResourceManager.ContainerInstance/1.0.0-alpha.20210222.1",
          "(.NET Core 4.6.29518.01; Microsoft Windows 10.0.19042 )"
        ],
        "x-ms-client-request-id": "ae9c11991c08dfc5b0582ce15cc0bada",
        "x-ms-return-client-request-id": "true"
      },
      "RequestBody": null,
      "StatusCode": 200,
      "ResponseHeaders": {
        "Cache-Control": "no-cache",
        "Content-Length": "1555",
        "Content-Type": "application/json; charset=utf-8",
        "Date": "Mon, 22 Feb 2021 07:27:57 GMT",
        "Expires": "-1",
        "Pragma": "no-cache",
        "Strict-Transport-Security": "max-age=31536000; includeSubDomains",
        "Vary": "Accept-Encoding",
        "X-Content-Type-Options": "nosniff",
        "x-ms-correlation-request-id": "c3234e9c-65f8-4086-9c82-479139b176d6",
        "x-ms-ratelimit-remaining-subscription-reads": "11897",
        "x-ms-request-id": "westcentralus:509e1747-fc89-45ea-8e2e-074edf38310a",
        "x-ms-routing-request-id": "SOUTHEASTASIA:20210222T072758Z:c3234e9c-65f8-4086-9c82-479139b176d6"
      },
      "ResponseBody": {
        "id": "/subscriptions/9e223dbe-3399-4e19-88eb-0975f02ac87f/resourceGroups/containerInstance-rg-test9276/providers/Microsoft.ContainerInstance/containerGroups/sdk-containergroup-1485",
        "status": "Succeeded",
        "startTime": "2021-02-22T07:27:47.4982012Z",
        "properties": {
          "events": [
            {
              "count": 1,
              "firstTimestamp": "2021-02-22T07:27:38Z",
              "lastTimestamp": "2021-02-22T07:27:38Z",
              "name": "Pulling",
              "message": "pulling image \u0022alpine\u0022",
              "type": "Normal"
            },
            {
              "count": 1,
              "firstTimestamp": "2021-02-22T07:27:39Z",
              "lastTimestamp": "2021-02-22T07:27:39Z",
              "name": "Pulled",
              "message": "Successfully pulled image \u0022alpine\u0022",
              "type": "Normal"
            },
            {
              "count": 1,
              "firstTimestamp": "2021-02-22T07:27:39Z",
              "lastTimestamp": "2021-02-22T07:27:39Z",
              "name": "Created",
              "message": "Created container",
              "type": "Normal"
            },
            {
              "count": 1,
              "firstTimestamp": "2021-02-22T07:27:39Z",
              "lastTimestamp": "2021-02-22T07:27:39Z",
              "name": "Started",
              "message": "Started container",
              "type": "Normal"
            },
            {
              "count": 1,
              "firstTimestamp": "2021-02-22T07:27:55Z",
              "lastTimestamp": "2021-02-22T07:27:55Z",
              "name": "Pulling",
              "message": "pulling image \u0022alpine\u0022",
              "type": "Normal"
            },
            {
              "count": 1,
              "firstTimestamp": "2021-02-22T07:27:56Z",
              "lastTimestamp": "2021-02-22T07:27:56Z",
              "name": "Pulled",
              "message": "Successfully pulled image \u0022alpine\u0022",
              "type": "Normal"
            },
            {
              "count": 1,
              "firstTimestamp": "2021-02-22T07:27:56Z",
              "lastTimestamp": "2021-02-22T07:27:56Z",
              "name": "Created",
              "message": "Created container",
              "type": "Normal"
            },
            {
              "count": 1,
              "firstTimestamp": "2021-02-22T07:27:56Z",
              "lastTimestamp": "2021-02-22T07:27:56Z",
              "name": "Started",
              "message": "Started container",
              "type": "Normal"
            }
          ]
        }
      }
    },
    {
      "RequestUri": "https://management.azure.com/subscriptions/9e223dbe-3399-4e19-88eb-0975f02ac87f/resourceGroups/containerInstance-rg-test9276/providers/Microsoft.ContainerInstance/containerGroups/sdk-containergroup-1485?api-version=2020-11-01",
      "RequestMethod": "GET",
      "RequestHeaders": {
        "Accept": "application/json",
        "Authorization": "Sanitized",
        "traceparent": "00-0b4001d62988a74a93bd0fe4ed32e08a-83d138f202ccae42-00",
        "User-Agent": [
          "azsdk-net-ResourceManager.ContainerInstance/1.0.0-alpha.20210222.1",
          "(.NET Core 4.6.29518.01; Microsoft Windows 10.0.19042 )"
        ],
        "x-ms-client-request-id": "9ffe8a26641282c300cf70a9aea1679a",
        "x-ms-return-client-request-id": "true"
      },
      "RequestBody": null,
      "StatusCode": 200,
      "ResponseHeaders": {
        "Cache-Control": "no-cache",
        "Content-Length": "4347",
        "Content-Type": "application/json; charset=utf-8",
        "Date": "Mon, 22 Feb 2021 07:27:58 GMT",
        "Expires": "-1",
        "Pragma": "no-cache",
        "Strict-Transport-Security": "max-age=31536000; includeSubDomains",
        "Vary": "Accept-Encoding",
        "X-Content-Type-Options": "nosniff",
        "x-ms-correlation-request-id": "37b53bbf-a0e8-4c41-892c-282a25dd1d24",
        "x-ms-ratelimit-remaining-subscription-reads": "11896",
        "x-ms-request-id": "westcentralus:5ab7d8a4-0677-4f9f-9e84-b4a475d4330e",
        "x-ms-routing-request-id": "SOUTHEASTASIA:20210222T072758Z:37b53bbf-a0e8-4c41-892c-282a25dd1d24"
      },
      "ResponseBody": {
        "properties": {
          "sku": "Standard",
          "encryptionProperties": {
            "vaultBaseUrl": "https://cloudaci-cloudtest.vault.azure.net/",
            "keyName": "testencryptionkey",
            "keyVersion": "804d3f1d5ce2456b9bc3dc9e35aaa67e"
          },
          "provisioningState": "Succeeded",
          "containers": [
            {
              "name": "sdk-containergroup-1485",
              "properties": {
                "image": "alpine",
                "command": [
                  "/bin/sh",
                  "-c",
                  "while true; do sleep 10; done"
                ],
                "ports": [
                  {
                    "port": 8000
                  }
                ],
                "environmentVariables": [
                  {
                    "name": "secretEnv"
                  }
                ],
                "instanceView": {
                  "restartCount": 0,
                  "currentState": {
                    "state": "Running",
                    "startTime": "2021-02-22T07:27:56Z",
                    "detailStatus": ""
                  },
                  "events": [
                    {
                      "count": 1,
                      "firstTimestamp": "2021-02-22T07:27:38Z",
                      "lastTimestamp": "2021-02-22T07:27:38Z",
                      "name": "Pulling",
                      "message": "pulling image \u0022alpine\u0022",
                      "type": "Normal"
                    },
                    {
                      "count": 1,
                      "firstTimestamp": "2021-02-22T07:27:39Z",
                      "lastTimestamp": "2021-02-22T07:27:39Z",
                      "name": "Pulled",
                      "message": "Successfully pulled image \u0022alpine\u0022",
                      "type": "Normal"
                    },
                    {
                      "count": 1,
                      "firstTimestamp": "2021-02-22T07:27:39Z",
                      "lastTimestamp": "2021-02-22T07:27:39Z",
                      "name": "Created",
                      "message": "Created container",
                      "type": "Normal"
                    },
                    {
                      "count": 1,
                      "firstTimestamp": "2021-02-22T07:27:39Z",
                      "lastTimestamp": "2021-02-22T07:27:39Z",
                      "name": "Started",
                      "message": "Started container",
                      "type": "Normal"
                    },
                    {
                      "count": 1,
                      "firstTimestamp": "2021-02-22T07:27:55Z",
                      "lastTimestamp": "2021-02-22T07:27:55Z",
                      "name": "Pulling",
                      "message": "pulling image \u0022alpine\u0022",
                      "type": "Normal"
                    },
                    {
                      "count": 1,
                      "firstTimestamp": "2021-02-22T07:27:56Z",
                      "lastTimestamp": "2021-02-22T07:27:56Z",
                      "name": "Pulled",
                      "message": "Successfully pulled image \u0022alpine\u0022",
                      "type": "Normal"
                    },
                    {
                      "count": 1,
                      "firstTimestamp": "2021-02-22T07:27:56Z",
                      "lastTimestamp": "2021-02-22T07:27:56Z",
                      "name": "Created",
                      "message": "Created container",
                      "type": "Normal"
                    },
                    {
                      "count": 1,
                      "firstTimestamp": "2021-02-22T07:27:56Z",
                      "lastTimestamp": "2021-02-22T07:27:56Z",
                      "name": "Started",
                      "message": "Started container",
                      "type": "Normal"
                    }
                  ]
                },
                "resources": {
                  "requests": {
                    "memoryInGB": 1.5,
                    "cpu": 1.0
                  }
                },
                "livenessProbe": {
                  "exec": {
                    "command": [
                      "ls"
                    ]
                  },
                  "periodSeconds": 20
                }
              }
            }
          ],
          "initContainers": [
            {
              "name": "sdk-containergroup-1485init",
              "properties": {
                "image": "alpine",
                "environmentVariables": [],
                "instanceView": {
                  "restartCount": 0,
                  "currentState": {
                    "state": "Terminated",
                    "startTime": "2021-02-22T07:27:54Z",
                    "exitCode": 0,
                    "finishTime": "2021-02-22T07:27:54Z",
                    "detailStatus": "Completed"
                  },
                  "events": [
                    {
                      "count": 1,
                      "firstTimestamp": "2021-02-22T07:27:32Z",
                      "lastTimestamp": "2021-02-22T07:27:32Z",
                      "name": "Pulling",
                      "message": "pulling image \u0022alpine\u0022",
                      "type": "Normal"
                    },
                    {
                      "count": 1,
                      "firstTimestamp": "2021-02-22T07:27:36Z",
                      "lastTimestamp": "2021-02-22T07:27:36Z",
                      "name": "Pulled",
                      "message": "Successfully pulled image \u0022alpine\u0022",
                      "type": "Normal"
                    },
                    {
                      "count": 1,
                      "firstTimestamp": "2021-02-22T07:27:36Z",
                      "lastTimestamp": "2021-02-22T07:27:36Z",
                      "name": "Created",
                      "message": "Created container",
                      "type": "Normal"
                    },
                    {
                      "count": 1,
                      "firstTimestamp": "2021-02-22T07:27:37Z",
                      "lastTimestamp": "2021-02-22T07:27:37Z",
                      "name": "Started",
                      "message": "Started container",
                      "type": "Normal"
                    },
                    {
                      "count": 1,
                      "firstTimestamp": "2021-02-22T07:27:51Z",
                      "lastTimestamp": "2021-02-22T07:27:51Z",
                      "name": "Pulling",
                      "message": "pulling image \u0022alpine\u0022",
                      "type": "Normal"
                    },
                    {
                      "count": 1,
                      "firstTimestamp": "2021-02-22T07:27:53Z",
                      "lastTimestamp": "2021-02-22T07:27:53Z",
                      "name": "Pulled",
                      "message": "Successfully pulled image \u0022alpine\u0022",
                      "type": "Normal"
                    },
                    {
                      "count": 1,
                      "firstTimestamp": "2021-02-22T07:27:54Z",
                      "lastTimestamp": "2021-02-22T07:27:54Z",
                      "name": "Created",
                      "message": "Created container",
                      "type": "Normal"
                    },
                    {
                      "count": 1,
                      "firstTimestamp": "2021-02-22T07:27:54Z",
                      "lastTimestamp": "2021-02-22T07:27:54Z",
                      "name": "Started",
                      "message": "Started container",
                      "type": "Normal"
                    }
                  ]
                }
              }
            }
          ],
          "restartPolicy": "Never",
          "ipAddress": {
            "ports": [
              {
                "protocol": "TCP",
                "port": 8000
              }
            ],
            "ip": "52.161.22.36",
            "type": "Public",
            "dnsNameLabel": "sdk-containergroup-1485",
            "fqdn": "sdk-containergroup-1485.westcentralus.azurecontainer.io"
          },
          "osType": "Linux",
          "instanceView": {
            "events": [],
            "state": "Running"
          },
          "diagnostics": {
            "logAnalytics": {
              "workspaceId": "workspaceid"
            }
          }
        },
        "identity": {
          "principalId": "5ca72f65-1867-45c6-91fd-9324ade5dd69",
          "tenantId": "72f988bf-86f1-41af-91ab-2d7cd011db47",
          "type": "SystemAssigned"
        },
        "id": "/subscriptions/9e223dbe-3399-4e19-88eb-0975f02ac87f/resourceGroups/containerInstance-rg-test9276/providers/Microsoft.ContainerInstance/containerGroups/sdk-containergroup-1485",
        "name": "sdk-containergroup-1485",
        "type": "Microsoft.ContainerInstance/containerGroups",
        "location": "West Central US"
      }
    },
    {
      "RequestUri": "https://management.azure.com/subscriptions/9e223dbe-3399-4e19-88eb-0975f02ac87f/resourceGroups/containerInstance-rg-test9276/providers/Microsoft.ContainerInstance/containerGroups/sdk-containergroup-1485/restart?api-version=2020-11-01",
      "RequestMethod": "POST",
      "RequestHeaders": {
        "Accept": "application/json",
        "Authorization": "Sanitized",
        "traceparent": "00-54a887e92cb72548ae8409322b1373ae-677abbe6f5b94d4f-00",
        "User-Agent": [
          "azsdk-net-ResourceManager.ContainerInstance/1.0.0-alpha.20210222.1",
          "(.NET Core 4.6.29518.01; Microsoft Windows 10.0.19042 )"
        ],
        "x-ms-client-request-id": "1b6ca7749d93396cc7d5b783aa6b9201",
        "x-ms-return-client-request-id": "true"
      },
      "RequestBody": null,
      "StatusCode": 204,
      "ResponseHeaders": {
        "Azure-AsyncOperation": "https://management.azure.com/subscriptions/9e223dbe-3399-4e19-88eb-0975f02ac87f/providers/Microsoft.ContainerInstance/locations/westcentralus/operations/7dee4264-9f5b-4f77-bc64-515009a2f690?api-version=2018-06-01",
        "Cache-Control": "no-cache",
        "Date": "Mon, 22 Feb 2021 07:27:58 GMT",
        "Expires": "-1",
        "Pragma": "no-cache",
        "Strict-Transport-Security": "max-age=31536000; includeSubDomains",
        "X-Content-Type-Options": "nosniff",
        "x-ms-correlation-request-id": "18897aff-149a-4546-80fb-e3cf0da96914",
        "x-ms-ratelimit-remaining-subscription-writes": "1197",
        "x-ms-request-id": "westcentralus:7dee4264-9f5b-4f77-bc64-515009a2f690",
        "x-ms-routing-request-id": "SOUTHEASTASIA:20210222T072759Z:18897aff-149a-4546-80fb-e3cf0da96914"
      },
      "ResponseBody": []
    },
    {
      "RequestUri": "https://management.azure.com/subscriptions/9e223dbe-3399-4e19-88eb-0975f02ac87f/providers/Microsoft.ContainerInstance/locations/westcentralus/operations/7dee4264-9f5b-4f77-bc64-515009a2f690?api-version=2018-06-01",
      "RequestMethod": "GET",
      "RequestHeaders": {
        "Authorization": "Sanitized",
        "User-Agent": [
          "azsdk-net-ResourceManager.ContainerInstance/1.0.0-alpha.20210222.1",
          "(.NET Core 4.6.29518.01; Microsoft Windows 10.0.19042 )"
        ],
        "x-ms-client-request-id": "b46d92f19f5488471dc4d73dad40d894",
        "x-ms-return-client-request-id": "true"
      },
      "RequestBody": null,
      "StatusCode": 200,
      "ResponseHeaders": {
        "Cache-Control": "no-cache",
        "Content-Length": "1554",
        "Content-Type": "application/json; charset=utf-8",
        "Date": "Mon, 22 Feb 2021 07:27:58 GMT",
        "Expires": "-1",
        "Pragma": "no-cache",
        "Strict-Transport-Security": "max-age=31536000; includeSubDomains",
        "Vary": "Accept-Encoding",
        "X-Content-Type-Options": "nosniff",
        "x-ms-correlation-request-id": "0278dfa5-c4f1-4483-8e18-22c331167196",
        "x-ms-ratelimit-remaining-subscription-reads": "11895",
        "x-ms-request-id": "westcentralus:ea09ef26-3c85-4cdc-b89a-bb2577ed141d",
        "x-ms-routing-request-id": "SOUTHEASTASIA:20210222T072759Z:0278dfa5-c4f1-4483-8e18-22c331167196"
      },
      "ResponseBody": {
        "id": "/subscriptions/9e223dbe-3399-4e19-88eb-0975f02ac87f/resourceGroups/containerInstance-rg-test9276/providers/Microsoft.ContainerInstance/containerGroups/sdk-containergroup-1485",
        "status": "Updating",
        "startTime": "2021-02-22T07:27:59.2608757Z",
        "properties": {
          "events": [
            {
              "count": 1,
              "firstTimestamp": "2021-02-22T07:27:38Z",
              "lastTimestamp": "2021-02-22T07:27:38Z",
              "name": "Pulling",
              "message": "pulling image \u0022alpine\u0022",
              "type": "Normal"
            },
            {
              "count": 1,
              "firstTimestamp": "2021-02-22T07:27:39Z",
              "lastTimestamp": "2021-02-22T07:27:39Z",
              "name": "Pulled",
              "message": "Successfully pulled image \u0022alpine\u0022",
              "type": "Normal"
            },
            {
              "count": 1,
              "firstTimestamp": "2021-02-22T07:27:39Z",
              "lastTimestamp": "2021-02-22T07:27:39Z",
              "name": "Created",
              "message": "Created container",
              "type": "Normal"
            },
            {
              "count": 1,
              "firstTimestamp": "2021-02-22T07:27:39Z",
              "lastTimestamp": "2021-02-22T07:27:39Z",
              "name": "Started",
              "message": "Started container",
              "type": "Normal"
            },
            {
              "count": 1,
              "firstTimestamp": "2021-02-22T07:27:55Z",
              "lastTimestamp": "2021-02-22T07:27:55Z",
              "name": "Pulling",
              "message": "pulling image \u0022alpine\u0022",
              "type": "Normal"
            },
            {
              "count": 1,
              "firstTimestamp": "2021-02-22T07:27:56Z",
              "lastTimestamp": "2021-02-22T07:27:56Z",
              "name": "Pulled",
              "message": "Successfully pulled image \u0022alpine\u0022",
              "type": "Normal"
            },
            {
              "count": 1,
              "firstTimestamp": "2021-02-22T07:27:56Z",
              "lastTimestamp": "2021-02-22T07:27:56Z",
              "name": "Created",
              "message": "Created container",
              "type": "Normal"
            },
            {
              "count": 1,
              "firstTimestamp": "2021-02-22T07:27:56Z",
              "lastTimestamp": "2021-02-22T07:27:56Z",
              "name": "Started",
              "message": "Started container",
              "type": "Normal"
            }
          ]
        }
      }
    },
    {
      "RequestUri": "https://management.azure.com/subscriptions/9e223dbe-3399-4e19-88eb-0975f02ac87f/providers/Microsoft.ContainerInstance/locations/westcentralus/operations/7dee4264-9f5b-4f77-bc64-515009a2f690?api-version=2018-06-01",
      "RequestMethod": "GET",
      "RequestHeaders": {
        "Authorization": "Sanitized",
        "User-Agent": [
          "azsdk-net-ResourceManager.ContainerInstance/1.0.0-alpha.20210222.1",
          "(.NET Core 4.6.29518.01; Microsoft Windows 10.0.19042 )"
        ],
        "x-ms-client-request-id": "76d16f3d0ff44d8e6c37cd79ef338dab",
        "x-ms-return-client-request-id": "true"
      },
      "RequestBody": null,
      "StatusCode": 200,
      "ResponseHeaders": {
        "Cache-Control": "no-cache",
        "Content-Length": "1554",
        "Content-Type": "application/json; charset=utf-8",
        "Date": "Mon, 22 Feb 2021 07:28:00 GMT",
        "Expires": "-1",
        "Pragma": "no-cache",
        "Strict-Transport-Security": "max-age=31536000; includeSubDomains",
        "Vary": "Accept-Encoding",
        "X-Content-Type-Options": "nosniff",
        "x-ms-correlation-request-id": "67eca111-d128-472e-b88c-ed352774d193",
        "x-ms-ratelimit-remaining-subscription-reads": "11894",
        "x-ms-request-id": "westcentralus:002ba746-8988-4c58-8281-e895dc8b8595",
        "x-ms-routing-request-id": "SOUTHEASTASIA:20210222T072800Z:67eca111-d128-472e-b88c-ed352774d193"
      },
      "ResponseBody": {
        "id": "/subscriptions/9e223dbe-3399-4e19-88eb-0975f02ac87f/resourceGroups/containerInstance-rg-test9276/providers/Microsoft.ContainerInstance/containerGroups/sdk-containergroup-1485",
        "status": "Updating",
        "startTime": "2021-02-22T07:27:59.2608757Z",
        "properties": {
          "events": [
            {
              "count": 1,
              "firstTimestamp": "2021-02-22T07:27:38Z",
              "lastTimestamp": "2021-02-22T07:27:38Z",
              "name": "Pulling",
              "message": "pulling image \u0022alpine\u0022",
              "type": "Normal"
            },
            {
              "count": 1,
              "firstTimestamp": "2021-02-22T07:27:39Z",
              "lastTimestamp": "2021-02-22T07:27:39Z",
              "name": "Pulled",
              "message": "Successfully pulled image \u0022alpine\u0022",
              "type": "Normal"
            },
            {
              "count": 1,
              "firstTimestamp": "2021-02-22T07:27:39Z",
              "lastTimestamp": "2021-02-22T07:27:39Z",
              "name": "Created",
              "message": "Created container",
              "type": "Normal"
            },
            {
              "count": 1,
              "firstTimestamp": "2021-02-22T07:27:39Z",
              "lastTimestamp": "2021-02-22T07:27:39Z",
              "name": "Started",
              "message": "Started container",
              "type": "Normal"
            },
            {
              "count": 1,
              "firstTimestamp": "2021-02-22T07:27:55Z",
              "lastTimestamp": "2021-02-22T07:27:55Z",
              "name": "Pulling",
              "message": "pulling image \u0022alpine\u0022",
              "type": "Normal"
            },
            {
              "count": 1,
              "firstTimestamp": "2021-02-22T07:27:56Z",
              "lastTimestamp": "2021-02-22T07:27:56Z",
              "name": "Pulled",
              "message": "Successfully pulled image \u0022alpine\u0022",
              "type": "Normal"
            },
            {
              "count": 1,
              "firstTimestamp": "2021-02-22T07:27:56Z",
              "lastTimestamp": "2021-02-22T07:27:56Z",
              "name": "Created",
              "message": "Created container",
              "type": "Normal"
            },
            {
              "count": 1,
              "firstTimestamp": "2021-02-22T07:27:56Z",
              "lastTimestamp": "2021-02-22T07:27:56Z",
              "name": "Started",
              "message": "Started container",
              "type": "Normal"
            }
          ]
        }
      }
    },
    {
      "RequestUri": "https://management.azure.com/subscriptions/9e223dbe-3399-4e19-88eb-0975f02ac87f/providers/Microsoft.ContainerInstance/locations/westcentralus/operations/7dee4264-9f5b-4f77-bc64-515009a2f690?api-version=2018-06-01",
      "RequestMethod": "GET",
      "RequestHeaders": {
        "Authorization": "Sanitized",
        "User-Agent": [
          "azsdk-net-ResourceManager.ContainerInstance/1.0.0-alpha.20210222.1",
          "(.NET Core 4.6.29518.01; Microsoft Windows 10.0.19042 )"
        ],
        "x-ms-client-request-id": "1892a7a4ddfe38acf0243b474efd870d",
        "x-ms-return-client-request-id": "true"
      },
      "RequestBody": null,
      "StatusCode": 200,
      "ResponseHeaders": {
        "Cache-Control": "no-cache",
        "Content-Length": "1554",
        "Content-Type": "application/json; charset=utf-8",
        "Date": "Mon, 22 Feb 2021 07:28:01 GMT",
        "Expires": "-1",
        "Pragma": "no-cache",
        "Strict-Transport-Security": "max-age=31536000; includeSubDomains",
        "Vary": "Accept-Encoding",
        "X-Content-Type-Options": "nosniff",
        "x-ms-correlation-request-id": "89d4e544-57af-4863-b2fc-53686edf5ea3",
        "x-ms-ratelimit-remaining-subscription-reads": "11893",
        "x-ms-request-id": "westcentralus:80564078-1398-4df1-93dc-5b8cdf8aa271",
        "x-ms-routing-request-id": "SOUTHEASTASIA:20210222T072802Z:89d4e544-57af-4863-b2fc-53686edf5ea3"
      },
      "ResponseBody": {
        "id": "/subscriptions/9e223dbe-3399-4e19-88eb-0975f02ac87f/resourceGroups/containerInstance-rg-test9276/providers/Microsoft.ContainerInstance/containerGroups/sdk-containergroup-1485",
        "status": "Updating",
        "startTime": "2021-02-22T07:27:59.2608757Z",
        "properties": {
          "events": [
            {
              "count": 1,
              "firstTimestamp": "2021-02-22T07:27:38Z",
              "lastTimestamp": "2021-02-22T07:27:38Z",
              "name": "Pulling",
              "message": "pulling image \u0022alpine\u0022",
              "type": "Normal"
            },
            {
              "count": 1,
              "firstTimestamp": "2021-02-22T07:27:39Z",
              "lastTimestamp": "2021-02-22T07:27:39Z",
              "name": "Pulled",
              "message": "Successfully pulled image \u0022alpine\u0022",
              "type": "Normal"
            },
            {
              "count": 1,
              "firstTimestamp": "2021-02-22T07:27:39Z",
              "lastTimestamp": "2021-02-22T07:27:39Z",
              "name": "Created",
              "message": "Created container",
              "type": "Normal"
            },
            {
              "count": 1,
              "firstTimestamp": "2021-02-22T07:27:39Z",
              "lastTimestamp": "2021-02-22T07:27:39Z",
              "name": "Started",
              "message": "Started container",
              "type": "Normal"
            },
            {
              "count": 1,
              "firstTimestamp": "2021-02-22T07:27:55Z",
              "lastTimestamp": "2021-02-22T07:27:55Z",
              "name": "Pulling",
              "message": "pulling image \u0022alpine\u0022",
              "type": "Normal"
            },
            {
              "count": 1,
              "firstTimestamp": "2021-02-22T07:27:56Z",
              "lastTimestamp": "2021-02-22T07:27:56Z",
              "name": "Pulled",
              "message": "Successfully pulled image \u0022alpine\u0022",
              "type": "Normal"
            },
            {
              "count": 1,
              "firstTimestamp": "2021-02-22T07:27:56Z",
              "lastTimestamp": "2021-02-22T07:27:56Z",
              "name": "Created",
              "message": "Created container",
              "type": "Normal"
            },
            {
              "count": 1,
              "firstTimestamp": "2021-02-22T07:27:56Z",
              "lastTimestamp": "2021-02-22T07:27:56Z",
              "name": "Started",
              "message": "Started container",
              "type": "Normal"
            }
          ]
        }
      }
    },
    {
      "RequestUri": "https://management.azure.com/subscriptions/9e223dbe-3399-4e19-88eb-0975f02ac87f/providers/Microsoft.ContainerInstance/locations/westcentralus/operations/7dee4264-9f5b-4f77-bc64-515009a2f690?api-version=2018-06-01",
      "RequestMethod": "GET",
      "RequestHeaders": {
        "Authorization": "Sanitized",
        "User-Agent": [
          "azsdk-net-ResourceManager.ContainerInstance/1.0.0-alpha.20210222.1",
          "(.NET Core 4.6.29518.01; Microsoft Windows 10.0.19042 )"
        ],
        "x-ms-client-request-id": "3cfc1941ba49e11a031f471dd1cd98e9",
        "x-ms-return-client-request-id": "true"
      },
      "RequestBody": null,
      "StatusCode": 200,
      "ResponseHeaders": {
        "Cache-Control": "no-cache",
        "Content-Length": "1554",
        "Content-Type": "application/json; charset=utf-8",
        "Date": "Mon, 22 Feb 2021 07:28:02 GMT",
        "Expires": "-1",
        "Pragma": "no-cache",
        "Strict-Transport-Security": "max-age=31536000; includeSubDomains",
        "Vary": "Accept-Encoding",
        "X-Content-Type-Options": "nosniff",
        "x-ms-correlation-request-id": "1a2515a8-cc0c-4b93-8f25-e7dd6d0bc2c7",
        "x-ms-ratelimit-remaining-subscription-reads": "11892",
        "x-ms-request-id": "westcentralus:42959183-230d-4ced-9bde-6b7ecbd2fcb5",
        "x-ms-routing-request-id": "SOUTHEASTASIA:20210222T072803Z:1a2515a8-cc0c-4b93-8f25-e7dd6d0bc2c7"
      },
      "ResponseBody": {
        "id": "/subscriptions/9e223dbe-3399-4e19-88eb-0975f02ac87f/resourceGroups/containerInstance-rg-test9276/providers/Microsoft.ContainerInstance/containerGroups/sdk-containergroup-1485",
        "status": "Updating",
        "startTime": "2021-02-22T07:27:59.2608757Z",
        "properties": {
          "events": [
            {
              "count": 1,
              "firstTimestamp": "2021-02-22T07:27:38Z",
              "lastTimestamp": "2021-02-22T07:27:38Z",
              "name": "Pulling",
              "message": "pulling image \u0022alpine\u0022",
              "type": "Normal"
            },
            {
              "count": 1,
              "firstTimestamp": "2021-02-22T07:27:39Z",
              "lastTimestamp": "2021-02-22T07:27:39Z",
              "name": "Pulled",
              "message": "Successfully pulled image \u0022alpine\u0022",
              "type": "Normal"
            },
            {
              "count": 1,
              "firstTimestamp": "2021-02-22T07:27:39Z",
              "lastTimestamp": "2021-02-22T07:27:39Z",
              "name": "Created",
              "message": "Created container",
              "type": "Normal"
            },
            {
              "count": 1,
              "firstTimestamp": "2021-02-22T07:27:39Z",
              "lastTimestamp": "2021-02-22T07:27:39Z",
              "name": "Started",
              "message": "Started container",
              "type": "Normal"
            },
            {
              "count": 1,
              "firstTimestamp": "2021-02-22T07:27:55Z",
              "lastTimestamp": "2021-02-22T07:27:55Z",
              "name": "Pulling",
              "message": "pulling image \u0022alpine\u0022",
              "type": "Normal"
            },
            {
              "count": 1,
              "firstTimestamp": "2021-02-22T07:27:56Z",
              "lastTimestamp": "2021-02-22T07:27:56Z",
              "name": "Pulled",
              "message": "Successfully pulled image \u0022alpine\u0022",
              "type": "Normal"
            },
            {
              "count": 1,
              "firstTimestamp": "2021-02-22T07:27:56Z",
              "lastTimestamp": "2021-02-22T07:27:56Z",
              "name": "Created",
              "message": "Created container",
              "type": "Normal"
            },
            {
              "count": 1,
              "firstTimestamp": "2021-02-22T07:27:56Z",
              "lastTimestamp": "2021-02-22T07:27:56Z",
              "name": "Started",
              "message": "Started container",
              "type": "Normal"
            }
          ]
        }
      }
    },
    {
      "RequestUri": "https://management.azure.com/subscriptions/9e223dbe-3399-4e19-88eb-0975f02ac87f/providers/Microsoft.ContainerInstance/locations/westcentralus/operations/7dee4264-9f5b-4f77-bc64-515009a2f690?api-version=2018-06-01",
      "RequestMethod": "GET",
      "RequestHeaders": {
        "Authorization": "Sanitized",
        "User-Agent": [
          "azsdk-net-ResourceManager.ContainerInstance/1.0.0-alpha.20210222.1",
          "(.NET Core 4.6.29518.01; Microsoft Windows 10.0.19042 )"
        ],
        "x-ms-client-request-id": "05982c36c0ad5f95c29986d0d446fe6f",
        "x-ms-return-client-request-id": "true"
      },
      "RequestBody": null,
      "StatusCode": 200,
      "ResponseHeaders": {
        "Cache-Control": "no-cache",
        "Content-Length": "1554",
        "Content-Type": "application/json; charset=utf-8",
        "Date": "Mon, 22 Feb 2021 07:28:04 GMT",
        "Expires": "-1",
        "Pragma": "no-cache",
        "Strict-Transport-Security": "max-age=31536000; includeSubDomains",
        "Vary": "Accept-Encoding",
        "X-Content-Type-Options": "nosniff",
        "x-ms-correlation-request-id": "e8a1363b-6ca5-4fdc-a800-b41453ebcf52",
        "x-ms-ratelimit-remaining-subscription-reads": "11891",
        "x-ms-request-id": "westcentralus:b690749f-a001-4b2e-a671-bbcb64a20c98",
        "x-ms-routing-request-id": "SOUTHEASTASIA:20210222T072804Z:e8a1363b-6ca5-4fdc-a800-b41453ebcf52"
      },
      "ResponseBody": {
        "id": "/subscriptions/9e223dbe-3399-4e19-88eb-0975f02ac87f/resourceGroups/containerInstance-rg-test9276/providers/Microsoft.ContainerInstance/containerGroups/sdk-containergroup-1485",
        "status": "Updating",
        "startTime": "2021-02-22T07:27:59.2608757Z",
        "properties": {
          "events": [
            {
              "count": 1,
              "firstTimestamp": "2021-02-22T07:27:38Z",
              "lastTimestamp": "2021-02-22T07:27:38Z",
              "name": "Pulling",
              "message": "pulling image \u0022alpine\u0022",
              "type": "Normal"
            },
            {
              "count": 1,
              "firstTimestamp": "2021-02-22T07:27:39Z",
              "lastTimestamp": "2021-02-22T07:27:39Z",
              "name": "Pulled",
              "message": "Successfully pulled image \u0022alpine\u0022",
              "type": "Normal"
            },
            {
              "count": 1,
              "firstTimestamp": "2021-02-22T07:27:39Z",
              "lastTimestamp": "2021-02-22T07:27:39Z",
              "name": "Created",
              "message": "Created container",
              "type": "Normal"
            },
            {
              "count": 1,
              "firstTimestamp": "2021-02-22T07:27:39Z",
              "lastTimestamp": "2021-02-22T07:27:39Z",
              "name": "Started",
              "message": "Started container",
              "type": "Normal"
            },
            {
              "count": 1,
              "firstTimestamp": "2021-02-22T07:27:55Z",
              "lastTimestamp": "2021-02-22T07:27:55Z",
              "name": "Pulling",
              "message": "pulling image \u0022alpine\u0022",
              "type": "Normal"
            },
            {
              "count": 1,
              "firstTimestamp": "2021-02-22T07:27:56Z",
              "lastTimestamp": "2021-02-22T07:27:56Z",
              "name": "Pulled",
              "message": "Successfully pulled image \u0022alpine\u0022",
              "type": "Normal"
            },
            {
              "count": 1,
              "firstTimestamp": "2021-02-22T07:27:56Z",
              "lastTimestamp": "2021-02-22T07:27:56Z",
              "name": "Created",
              "message": "Created container",
              "type": "Normal"
            },
            {
              "count": 1,
              "firstTimestamp": "2021-02-22T07:27:56Z",
              "lastTimestamp": "2021-02-22T07:27:56Z",
              "name": "Started",
              "message": "Started container",
              "type": "Normal"
            }
          ]
        }
      }
    },
    {
      "RequestUri": "https://management.azure.com/subscriptions/9e223dbe-3399-4e19-88eb-0975f02ac87f/providers/Microsoft.ContainerInstance/locations/westcentralus/operations/7dee4264-9f5b-4f77-bc64-515009a2f690?api-version=2018-06-01",
      "RequestMethod": "GET",
      "RequestHeaders": {
        "Authorization": "Sanitized",
        "User-Agent": [
          "azsdk-net-ResourceManager.ContainerInstance/1.0.0-alpha.20210222.1",
          "(.NET Core 4.6.29518.01; Microsoft Windows 10.0.19042 )"
        ],
        "x-ms-client-request-id": "d638c0af5137ea628db015de968f6622",
        "x-ms-return-client-request-id": "true"
      },
      "RequestBody": null,
      "StatusCode": 200,
      "ResponseHeaders": {
        "Cache-Control": "no-cache",
        "Content-Length": "1554",
        "Content-Type": "application/json; charset=utf-8",
        "Date": "Mon, 22 Feb 2021 07:28:05 GMT",
        "Expires": "-1",
        "Pragma": "no-cache",
        "Strict-Transport-Security": "max-age=31536000; includeSubDomains",
        "Vary": "Accept-Encoding",
        "X-Content-Type-Options": "nosniff",
        "x-ms-correlation-request-id": "600e7cd8-71c0-49f3-8312-a0a931707c92",
        "x-ms-ratelimit-remaining-subscription-reads": "11890",
        "x-ms-request-id": "westcentralus:239479c0-3012-442f-88e1-a91477b26870",
        "x-ms-routing-request-id": "SOUTHEASTASIA:20210222T072806Z:600e7cd8-71c0-49f3-8312-a0a931707c92"
      },
      "ResponseBody": {
        "id": "/subscriptions/9e223dbe-3399-4e19-88eb-0975f02ac87f/resourceGroups/containerInstance-rg-test9276/providers/Microsoft.ContainerInstance/containerGroups/sdk-containergroup-1485",
        "status": "Updating",
        "startTime": "2021-02-22T07:27:59.2608757Z",
        "properties": {
          "events": [
            {
              "count": 1,
              "firstTimestamp": "2021-02-22T07:27:38Z",
              "lastTimestamp": "2021-02-22T07:27:38Z",
              "name": "Pulling",
              "message": "pulling image \u0022alpine\u0022",
              "type": "Normal"
            },
            {
              "count": 1,
              "firstTimestamp": "2021-02-22T07:27:39Z",
              "lastTimestamp": "2021-02-22T07:27:39Z",
              "name": "Pulled",
              "message": "Successfully pulled image \u0022alpine\u0022",
              "type": "Normal"
            },
            {
              "count": 1,
              "firstTimestamp": "2021-02-22T07:27:39Z",
              "lastTimestamp": "2021-02-22T07:27:39Z",
              "name": "Created",
              "message": "Created container",
              "type": "Normal"
            },
            {
              "count": 1,
              "firstTimestamp": "2021-02-22T07:27:39Z",
              "lastTimestamp": "2021-02-22T07:27:39Z",
              "name": "Started",
              "message": "Started container",
              "type": "Normal"
            },
            {
              "count": 1,
              "firstTimestamp": "2021-02-22T07:27:55Z",
              "lastTimestamp": "2021-02-22T07:27:55Z",
              "name": "Pulling",
              "message": "pulling image \u0022alpine\u0022",
              "type": "Normal"
            },
            {
              "count": 1,
              "firstTimestamp": "2021-02-22T07:27:56Z",
              "lastTimestamp": "2021-02-22T07:27:56Z",
              "name": "Pulled",
              "message": "Successfully pulled image \u0022alpine\u0022",
              "type": "Normal"
            },
            {
              "count": 1,
              "firstTimestamp": "2021-02-22T07:27:56Z",
              "lastTimestamp": "2021-02-22T07:27:56Z",
              "name": "Created",
              "message": "Created container",
              "type": "Normal"
            },
            {
              "count": 1,
              "firstTimestamp": "2021-02-22T07:27:56Z",
              "lastTimestamp": "2021-02-22T07:27:56Z",
              "name": "Started",
              "message": "Started container",
              "type": "Normal"
            }
          ]
        }
      }
    },
    {
      "RequestUri": "https://management.azure.com/subscriptions/9e223dbe-3399-4e19-88eb-0975f02ac87f/providers/Microsoft.ContainerInstance/locations/westcentralus/operations/7dee4264-9f5b-4f77-bc64-515009a2f690?api-version=2018-06-01",
      "RequestMethod": "GET",
      "RequestHeaders": {
        "Authorization": "Sanitized",
        "User-Agent": [
          "azsdk-net-ResourceManager.ContainerInstance/1.0.0-alpha.20210222.1",
          "(.NET Core 4.6.29518.01; Microsoft Windows 10.0.19042 )"
        ],
        "x-ms-client-request-id": "2211518b8164815f849c7ab0334a0dbc",
        "x-ms-return-client-request-id": "true"
      },
      "RequestBody": null,
      "StatusCode": 200,
      "ResponseHeaders": {
        "Cache-Control": "no-cache",
        "Content-Length": "2196",
        "Content-Type": "application/json; charset=utf-8",
        "Date": "Mon, 22 Feb 2021 07:28:06 GMT",
        "Expires": "-1",
        "Pragma": "no-cache",
        "Strict-Transport-Security": "max-age=31536000; includeSubDomains",
        "Vary": "Accept-Encoding",
        "X-Content-Type-Options": "nosniff",
        "x-ms-correlation-request-id": "27af9c8f-09ed-46f4-ba90-f231512020ff",
        "x-ms-ratelimit-remaining-subscription-reads": "11889",
        "x-ms-request-id": "westcentralus:169232dc-798f-494e-a54d-2ba5c62aa545",
        "x-ms-routing-request-id": "SOUTHEASTASIA:20210222T072807Z:27af9c8f-09ed-46f4-ba90-f231512020ff"
      },
      "ResponseBody": {
        "id": "/subscriptions/9e223dbe-3399-4e19-88eb-0975f02ac87f/resourceGroups/containerInstance-rg-test9276/providers/Microsoft.ContainerInstance/containerGroups/sdk-containergroup-1485",
        "status": "Succeeded",
        "startTime": "2021-02-22T07:27:59.2608757Z",
        "properties": {
          "events": [
            {
              "count": 1,
              "firstTimestamp": "2021-02-22T07:27:38Z",
              "lastTimestamp": "2021-02-22T07:27:38Z",
              "name": "Pulling",
              "message": "pulling image \u0022alpine\u0022",
              "type": "Normal"
            },
            {
              "count": 1,
              "firstTimestamp": "2021-02-22T07:27:39Z",
              "lastTimestamp": "2021-02-22T07:27:39Z",
              "name": "Pulled",
              "message": "Successfully pulled image \u0022alpine\u0022",
              "type": "Normal"
            },
            {
              "count": 1,
              "firstTimestamp": "2021-02-22T07:27:39Z",
              "lastTimestamp": "2021-02-22T07:27:39Z",
              "name": "Created",
              "message": "Created container",
              "type": "Normal"
            },
            {
              "count": 1,
              "firstTimestamp": "2021-02-22T07:27:39Z",
              "lastTimestamp": "2021-02-22T07:27:39Z",
              "name": "Started",
              "message": "Started container",
              "type": "Normal"
            },
            {
              "count": 1,
              "firstTimestamp": "2021-02-22T07:27:55Z",
              "lastTimestamp": "2021-02-22T07:27:55Z",
              "name": "Pulling",
              "message": "pulling image \u0022alpine\u0022",
              "type": "Normal"
            },
            {
              "count": 1,
              "firstTimestamp": "2021-02-22T07:27:56Z",
              "lastTimestamp": "2021-02-22T07:27:56Z",
              "name": "Pulled",
              "message": "Successfully pulled image \u0022alpine\u0022",
              "type": "Normal"
            },
            {
              "count": 1,
              "firstTimestamp": "2021-02-22T07:27:56Z",
              "lastTimestamp": "2021-02-22T07:27:56Z",
              "name": "Created",
              "message": "Created container",
              "type": "Normal"
            },
            {
              "count": 1,
              "firstTimestamp": "2021-02-22T07:27:56Z",
              "lastTimestamp": "2021-02-22T07:27:56Z",
              "name": "Started",
              "message": "Started container",
              "type": "Normal"
            },
            {
              "count": 1,
              "firstTimestamp": "2021-02-22T07:28:02Z",
              "lastTimestamp": "2021-02-22T07:28:02Z",
              "name": "Pulling",
              "message": "pulling image \u0022alpine\u0022",
              "type": "Normal"
            },
            {
              "count": 1,
              "firstTimestamp": "2021-02-22T07:28:03Z",
              "lastTimestamp": "2021-02-22T07:28:03Z",
              "name": "Pulled",
              "message": "Successfully pulled image \u0022alpine\u0022",
              "type": "Normal"
            },
            {
              "count": 1,
              "firstTimestamp": "2021-02-22T07:28:03Z",
              "lastTimestamp": "2021-02-22T07:28:03Z",
              "name": "Created",
              "message": "Created container",
              "type": "Normal"
            },
            {
              "count": 1,
              "firstTimestamp": "2021-02-22T07:28:04Z",
              "lastTimestamp": "2021-02-22T07:28:04Z",
              "name": "Started",
              "message": "Started container",
              "type": "Normal"
            }
          ]
        }
      }
    },
    {
      "RequestUri": "https://management.azure.com/subscriptions/9e223dbe-3399-4e19-88eb-0975f02ac87f/resourceGroups/containerInstance-rg-test9276/providers/Microsoft.ContainerInstance/containerGroups/sdk-containergroup-1485?api-version=2020-11-01",
      "RequestMethod": "GET",
      "RequestHeaders": {
        "Accept": "application/json",
        "Authorization": "Sanitized",
        "traceparent": "00-fe1b2ffddb69ae449fe09d7168bd79cb-5aadec9772681b44-00",
        "User-Agent": [
          "azsdk-net-ResourceManager.ContainerInstance/1.0.0-alpha.20210222.1",
          "(.NET Core 4.6.29518.01; Microsoft Windows 10.0.19042 )"
        ],
        "x-ms-client-request-id": "116dd821c295e5b2caae78fdaab6c933",
        "x-ms-return-client-request-id": "true"
      },
      "RequestBody": null,
      "StatusCode": 200,
      "ResponseHeaders": {
        "Cache-Control": "no-cache",
        "Content-Length": "5629",
        "Content-Type": "application/json; charset=utf-8",
        "Date": "Mon, 22 Feb 2021 07:28:07 GMT",
        "Expires": "-1",
        "Pragma": "no-cache",
        "Strict-Transport-Security": "max-age=31536000; includeSubDomains",
        "Vary": "Accept-Encoding",
        "X-Content-Type-Options": "nosniff",
        "x-ms-correlation-request-id": "fdccd3d2-24a7-4afe-a835-2a605902f50d",
        "x-ms-ratelimit-remaining-subscription-reads": "11888",
        "x-ms-request-id": "westcentralus:adb3e0e1-13b8-4a98-b9ba-7b26c3608948",
        "x-ms-routing-request-id": "SOUTHEASTASIA:20210222T072807Z:fdccd3d2-24a7-4afe-a835-2a605902f50d"
      },
      "ResponseBody": {
        "properties": {
          "sku": "Standard",
          "encryptionProperties": {
            "vaultBaseUrl": "https://cloudaci-cloudtest.vault.azure.net/",
            "keyName": "testencryptionkey",
            "keyVersion": "804d3f1d5ce2456b9bc3dc9e35aaa67e"
          },
          "provisioningState": "Succeeded",
          "containers": [
            {
              "name": "sdk-containergroup-1485",
              "properties": {
                "image": "alpine",
                "command": [
                  "/bin/sh",
                  "-c",
                  "while true; do sleep 10; done"
                ],
                "ports": [
                  {
                    "port": 8000
                  }
                ],
                "environmentVariables": [
                  {
                    "name": "secretEnv"
                  }
                ],
                "instanceView": {
                  "restartCount": 0,
                  "currentState": {
                    "state": "Running",
                    "startTime": "2021-02-22T07:28:04Z",
                    "detailStatus": ""
                  },
                  "events": [
                    {
                      "count": 1,
                      "firstTimestamp": "2021-02-22T07:27:38Z",
                      "lastTimestamp": "2021-02-22T07:27:38Z",
                      "name": "Pulling",
                      "message": "pulling image \u0022alpine\u0022",
                      "type": "Normal"
                    },
                    {
                      "count": 1,
                      "firstTimestamp": "2021-02-22T07:27:39Z",
                      "lastTimestamp": "2021-02-22T07:27:39Z",
                      "name": "Pulled",
                      "message": "Successfully pulled image \u0022alpine\u0022",
                      "type": "Normal"
                    },
                    {
                      "count": 1,
                      "firstTimestamp": "2021-02-22T07:27:39Z",
                      "lastTimestamp": "2021-02-22T07:27:39Z",
                      "name": "Created",
                      "message": "Created container",
                      "type": "Normal"
                    },
                    {
                      "count": 1,
                      "firstTimestamp": "2021-02-22T07:27:39Z",
                      "lastTimestamp": "2021-02-22T07:27:39Z",
                      "name": "Started",
                      "message": "Started container",
                      "type": "Normal"
                    },
                    {
                      "count": 1,
                      "firstTimestamp": "2021-02-22T07:27:55Z",
                      "lastTimestamp": "2021-02-22T07:27:55Z",
                      "name": "Pulling",
                      "message": "pulling image \u0022alpine\u0022",
                      "type": "Normal"
                    },
                    {
                      "count": 1,
                      "firstTimestamp": "2021-02-22T07:27:56Z",
                      "lastTimestamp": "2021-02-22T07:27:56Z",
                      "name": "Pulled",
                      "message": "Successfully pulled image \u0022alpine\u0022",
                      "type": "Normal"
                    },
                    {
                      "count": 1,
                      "firstTimestamp": "2021-02-22T07:27:56Z",
                      "lastTimestamp": "2021-02-22T07:27:56Z",
                      "name": "Created",
                      "message": "Created container",
                      "type": "Normal"
                    },
                    {
                      "count": 1,
                      "firstTimestamp": "2021-02-22T07:27:56Z",
                      "lastTimestamp": "2021-02-22T07:27:56Z",
                      "name": "Started",
                      "message": "Started container",
                      "type": "Normal"
                    },
                    {
                      "count": 1,
                      "firstTimestamp": "2021-02-22T07:28:02Z",
                      "lastTimestamp": "2021-02-22T07:28:02Z",
                      "name": "Pulling",
                      "message": "pulling image \u0022alpine\u0022",
                      "type": "Normal"
                    },
                    {
                      "count": 1,
                      "firstTimestamp": "2021-02-22T07:28:03Z",
                      "lastTimestamp": "2021-02-22T07:28:03Z",
                      "name": "Pulled",
                      "message": "Successfully pulled image \u0022alpine\u0022",
                      "type": "Normal"
                    },
                    {
                      "count": 1,
                      "firstTimestamp": "2021-02-22T07:28:03Z",
                      "lastTimestamp": "2021-02-22T07:28:03Z",
                      "name": "Created",
                      "message": "Created container",
                      "type": "Normal"
                    },
                    {
                      "count": 1,
                      "firstTimestamp": "2021-02-22T07:28:04Z",
                      "lastTimestamp": "2021-02-22T07:28:04Z",
                      "name": "Started",
                      "message": "Started container",
                      "type": "Normal"
                    }
                  ]
                },
                "resources": {
                  "requests": {
                    "memoryInGB": 1.5,
                    "cpu": 1.0
                  }
                },
                "livenessProbe": {
                  "exec": {
                    "command": [
                      "ls"
                    ]
                  },
                  "periodSeconds": 20
                }
              }
            }
          ],
          "initContainers": [
            {
              "name": "sdk-containergroup-1485init",
              "properties": {
                "image": "alpine",
                "environmentVariables": [],
                "instanceView": {
                  "restartCount": 0,
                  "currentState": {
                    "state": "Terminated",
                    "startTime": "2021-02-22T07:28:01Z",
                    "exitCode": 0,
                    "finishTime": "2021-02-22T07:28:01Z",
                    "detailStatus": "Completed"
                  },
                  "events": [
                    {
                      "count": 1,
                      "firstTimestamp": "2021-02-22T07:27:32Z",
                      "lastTimestamp": "2021-02-22T07:27:32Z",
                      "name": "Pulling",
                      "message": "pulling image \u0022alpine\u0022",
                      "type": "Normal"
                    },
                    {
                      "count": 1,
                      "firstTimestamp": "2021-02-22T07:27:36Z",
                      "lastTimestamp": "2021-02-22T07:27:36Z",
                      "name": "Pulled",
                      "message": "Successfully pulled image \u0022alpine\u0022",
                      "type": "Normal"
                    },
                    {
                      "count": 1,
                      "firstTimestamp": "2021-02-22T07:27:36Z",
                      "lastTimestamp": "2021-02-22T07:27:36Z",
                      "name": "Created",
                      "message": "Created container",
                      "type": "Normal"
                    },
                    {
                      "count": 1,
                      "firstTimestamp": "2021-02-22T07:27:37Z",
                      "lastTimestamp": "2021-02-22T07:27:37Z",
                      "name": "Started",
                      "message": "Started container",
                      "type": "Normal"
                    },
                    {
                      "count": 1,
                      "firstTimestamp": "2021-02-22T07:27:51Z",
                      "lastTimestamp": "2021-02-22T07:27:51Z",
                      "name": "Pulling",
                      "message": "pulling image \u0022alpine\u0022",
                      "type": "Normal"
                    },
                    {
                      "count": 1,
                      "firstTimestamp": "2021-02-22T07:27:53Z",
                      "lastTimestamp": "2021-02-22T07:27:53Z",
                      "name": "Pulled",
                      "message": "Successfully pulled image \u0022alpine\u0022",
                      "type": "Normal"
                    },
                    {
                      "count": 1,
                      "firstTimestamp": "2021-02-22T07:27:54Z",
                      "lastTimestamp": "2021-02-22T07:27:54Z",
                      "name": "Created",
                      "message": "Created container",
                      "type": "Normal"
                    },
                    {
                      "count": 1,
                      "firstTimestamp": "2021-02-22T07:27:54Z",
                      "lastTimestamp": "2021-02-22T07:27:54Z",
                      "name": "Started",
                      "message": "Started container",
                      "type": "Normal"
                    },
                    {
                      "count": 1,
                      "firstTimestamp": "2021-02-22T07:28:00Z",
                      "lastTimestamp": "2021-02-22T07:28:00Z",
                      "name": "Pulling",
                      "message": "pulling image \u0022alpine\u0022",
                      "type": "Normal"
                    },
                    {
                      "count": 1,
                      "firstTimestamp": "2021-02-22T07:28:01Z",
                      "lastTimestamp": "2021-02-22T07:28:01Z",
                      "name": "Pulled",
                      "message": "Successfully pulled image \u0022alpine\u0022",
                      "type": "Normal"
                    },
                    {
                      "count": 1,
                      "firstTimestamp": "2021-02-22T07:28:01Z",
                      "lastTimestamp": "2021-02-22T07:28:01Z",
                      "name": "Created",
                      "message": "Created container",
                      "type": "Normal"
                    },
                    {
                      "count": 1,
                      "firstTimestamp": "2021-02-22T07:28:01Z",
                      "lastTimestamp": "2021-02-22T07:28:01Z",
                      "name": "Started",
                      "message": "Started container",
                      "type": "Normal"
                    }
                  ]
                }
              }
            }
          ],
          "restartPolicy": "Never",
          "ipAddress": {
            "ports": [
              {
                "protocol": "TCP",
                "port": 8000
              }
            ],
            "ip": "52.161.22.36",
            "type": "Public",
            "dnsNameLabel": "sdk-containergroup-1485",
            "fqdn": "sdk-containergroup-1485.westcentralus.azurecontainer.io"
          },
          "osType": "Linux",
          "instanceView": {
            "events": [],
            "state": "Running"
          },
          "diagnostics": {
            "logAnalytics": {
              "workspaceId": "workspaceid"
            }
          }
        },
        "identity": {
          "principalId": "5ca72f65-1867-45c6-91fd-9324ade5dd69",
          "tenantId": "72f988bf-86f1-41af-91ab-2d7cd011db47",
          "type": "SystemAssigned"
        },
        "id": "/subscriptions/9e223dbe-3399-4e19-88eb-0975f02ac87f/resourceGroups/containerInstance-rg-test9276/providers/Microsoft.ContainerInstance/containerGroups/sdk-containergroup-1485",
        "name": "sdk-containergroup-1485",
        "type": "Microsoft.ContainerInstance/containerGroups",
        "location": "West Central US"
      }
    }
  ],
  "Variables": {
    "RandomSeed": "490688042",
    "SUBSCRIPTION_ID": "9e223dbe-3399-4e19-88eb-0975f02ac87f"
  }
}