{
  "Entries": [
    {
      "RequestUri": "https://management.azure.com/subscriptions/db1ab6f0-4769-4b27-930e-01e2ef9c123c?api-version=2019-11-01",
      "RequestMethod": "GET",
      "RequestHeaders": {
        "Accept": "application/json",
        "Authorization": "Sanitized",
        "User-Agent": [
          "azsdk-net-ResourceManager/1.0.0-alpha.20210804.1",
          "(.NET Core 3.1.17; Microsoft Windows 10.0.19043)"
        ],
        "x-ms-client-request-id": "bf920e7a28a052dfc13d9723ae182795",
        "x-ms-return-client-request-id": "true"
      },
      "RequestBody": null,
      "StatusCode": 200,
      "ResponseHeaders": {
        "Cache-Control": "no-cache",
        "Content-Length": "468",
        "Content-Type": "application/json; charset=utf-8",
        "Date": "Wed, 04 Aug 2021 02:11:03 GMT",
        "Expires": "-1",
        "Pragma": "no-cache",
        "Strict-Transport-Security": "max-age=31536000; includeSubDomains",
        "X-Content-Type-Options": "nosniff",
        "x-ms-correlation-request-id": "b6f78874-fa0b-4edf-8f98-3b47eb921462",
        "x-ms-ratelimit-remaining-subscription-reads": "11997",
        "x-ms-request-id": "b6f78874-fa0b-4edf-8f98-3b47eb921462",
        "x-ms-routing-request-id": "SOUTHEASTASIA:20210804T021104Z:b6f78874-fa0b-4edf-8f98-3b47eb921462"
      },
      "ResponseBody": {
        "id": "/subscriptions/db1ab6f0-4769-4b27-930e-01e2ef9c123c",
        "authorizationSource": "RoleBased",
        "managedByTenants": [],
        "tags": {
          "tagKey1": "tagValue1",
          "tagKey2": "tagValue2"
        },
        "subscriptionId": "db1ab6f0-4769-4b27-930e-01e2ef9c123c",
        "tenantId": "72f988bf-86f1-41af-91ab-2d7cd011db47",
        "displayName": ".NET Mgmt SDK Test with TTL = 1 Day",
        "state": "Enabled",
        "subscriptionPolicies": {
          "locationPlacementId": "Internal_2014-09-01",
          "quotaId": "Internal_2014-09-01",
          "spendingLimit": "Off"
        }
      }
    },
    {
      "RequestUri": "https://management.azure.com/subscriptions/db1ab6f0-4769-4b27-930e-01e2ef9c123c/resourcegroups/testmlrg4211?api-version=2019-10-01",
      "RequestMethod": "PUT",
      "RequestHeaders": {
        "Accept": "application/json",
        "Authorization": "Sanitized",
        "Content-Length": "32",
        "Content-Type": "application/json",
        "traceparent": "00-733e25d1433815489811a9170e002608-d7bdd6f006451844-00",
        "User-Agent": [
          "azsdk-net-ResourceManager/1.0.0-alpha.20210804.1",
          "(.NET Core 3.1.17; Microsoft Windows 10.0.19043)"
        ],
        "x-ms-client-request-id": "30ea37f0a8e43cde66b643676609f526",
        "x-ms-return-client-request-id": "true"
      },
      "RequestBody": {
        "location": "westus2",
        "tags": {}
      },
      "StatusCode": 201,
      "ResponseHeaders": {
        "Cache-Control": "no-cache",
        "Content-Length": "232",
        "Content-Type": "application/json; charset=utf-8",
        "Date": "Wed, 04 Aug 2021 02:11:06 GMT",
        "Expires": "-1",
        "Pragma": "no-cache",
        "Strict-Transport-Security": "max-age=31536000; includeSubDomains",
        "X-Content-Type-Options": "nosniff",
        "x-ms-correlation-request-id": "bcd513f2-869b-44b0-83cb-ba77f7f711cf",
        "x-ms-ratelimit-remaining-subscription-writes": "1199",
        "x-ms-request-id": "bcd513f2-869b-44b0-83cb-ba77f7f711cf",
        "x-ms-routing-request-id": "SOUTHEASTASIA:20210804T021106Z:bcd513f2-869b-44b0-83cb-ba77f7f711cf"
      },
      "ResponseBody": {
        "id": "/subscriptions/db1ab6f0-4769-4b27-930e-01e2ef9c123c/resourceGroups/testmlrg4211",
        "name": "testmlrg4211",
        "type": "Microsoft.Resources/resourceGroups",
        "location": "westus2",
        "tags": {},
        "properties": {
          "provisioningState": "Succeeded"
        }
      }
    },
    {
      "RequestUri": "https://management.azure.com/subscriptions/db1ab6f0-4769-4b27-930e-01e2ef9c123c/resourceGroups/testmlrg4211/providers/Microsoft.MachineLearningServices/workspaces/testmlCreate2238?api-version=2021-03-01-preview",
      "RequestMethod": "PUT",
      "RequestHeaders": {
        "Accept": "application/json",
        "Authorization": "Sanitized",
        "Content-Length": "717",
        "Content-Type": "application/json",
        "User-Agent": [
          "azsdk-net-ResourceManager/1.0.0-alpha.20210804.1",
          "(.NET Core 3.1.17; Microsoft Windows 10.0.19043)"
        ],
        "x-ms-client-request-id": "30fceaa7bec3ae81ff0dedea7c603fab",
        "x-ms-return-client-request-id": "true"
      },
      "RequestBody": {
        "identity": {
          "type": "SystemAssigned"
        },
        "location": "westus2",
        "properties": {
          "keyVault": "/subscriptions/db1ab6f0-4769-4b27-930e-01e2ef9c123c/resourceGroups/test-ml-common/providers/Microsoft.KeyVault/vaults/track2mltestkeyvault",
          "applicationInsights": "/subscriptions/db1ab6f0-4769-4b27-930e-01e2ef9c123c/resourceGroups/test-ml-common/providers/microsoft.insights/components/track2mlappinsight",
          "containerRegistry": "/subscriptions/db1ab6f0-4769-4b27-930e-01e2ef9c123c/resourceGroups/test-ml-common/providers/Microsoft.ContainerRegistry/registries/track2mlacr",
          "storageAccount": "/subscriptions/db1ab6f0-4769-4b27-930e-01e2ef9c123c/resourceGroups/test-ml-common/providers/Microsoft.Storage/storageAccounts/track2mlstorage"
        }
      },
      "StatusCode": 202,
      "ResponseHeaders": {
        "Azure-AsyncOperation": "https://management.azure.com/subscriptions/db1ab6f0-4769-4b27-930e-01e2ef9c123c/providers/Microsoft.MachineLearningServices/locations/westus2/workspaceOperationsStatus/_weOjkQfdd_d5lnGWnNpsDavhJKEzLkCCjPbwGF-N3w?api-version=2021-03-01-preview\u0026type=async",
        "Cache-Control": "no-cache",
        "Content-Length": "0",
        "Date": "Wed, 04 Aug 2021 02:11:16 GMT",
        "Expires": "-1",
        "Location": "https://management.azure.com/subscriptions/db1ab6f0-4769-4b27-930e-01e2ef9c123c/providers/Microsoft.MachineLearningServices/locations/westus2/workspaceOperationsStatus/_weOjkQfdd_d5lnGWnNpsDavhJKEzLkCCjPbwGF-N3w?api-version=2021-03-01-preview\u0026type=location",
        "Pragma": "no-cache",
        "Request-Context": "appId=cid-v1:2d2e8e63-272e-4b3c-8598-4ee570a0e70d",
        "Strict-Transport-Security": "max-age=31536000; includeSubDomains",
        "X-Content-Type-Options": "nosniff",
        "x-ms-client-request-id": "30fceaa7bec3ae81ff0dedea7c603fab",
        "x-ms-client-session-id": "",
        "x-ms-correlation-request-id": "d4ce60c3-ee32-4dc1-a608-c8e62fd08360",
        "x-ms-ratelimit-remaining-subscription-writes": "1198",
        "x-ms-request-id": "d4ce60c3-ee32-4dc1-a608-c8e62fd08360",
        "x-ms-response-type": "standard",
        "x-ms-routing-request-id": "SOUTHEASTASIA:20210804T021116Z:d4ce60c3-ee32-4dc1-a608-c8e62fd08360",
        "x-request-time": "0.121"
      },
      "ResponseBody": []
    },
    {
      "RequestUri": "https://management.azure.com/subscriptions/db1ab6f0-4769-4b27-930e-01e2ef9c123c/providers/Microsoft.MachineLearningServices/locations/westus2/workspaceOperationsStatus/_weOjkQfdd_d5lnGWnNpsDavhJKEzLkCCjPbwGF-N3w?api-version=2021-03-01-preview\u0026type=async",
      "RequestMethod": "GET",
      "RequestHeaders": {
        "Authorization": "Sanitized",
        "User-Agent": [
          "azsdk-net-ResourceManager/1.0.0-alpha.20210804.1",
          "(.NET Core 3.1.17; Microsoft Windows 10.0.19043)"
        ],
        "x-ms-client-request-id": "3d7093fc1998782d6982e59af151e956",
        "x-ms-return-client-request-id": "true"
      },
      "RequestBody": null,
      "StatusCode": 200,
      "ResponseHeaders": {
        "Cache-Control": "no-cache",
        "Content-Length": "28",
        "Content-Type": "application/json; charset=utf-8",
        "Date": "Wed, 04 Aug 2021 02:11:16 GMT",
        "Expires": "-1",
        "Pragma": "no-cache",
        "Request-Context": "appId=cid-v1:2d2e8e63-272e-4b3c-8598-4ee570a0e70d",
        "Strict-Transport-Security": "max-age=31536000; includeSubDomains",
        "X-Content-Type-Options": "nosniff",
        "x-ms-client-request-id": "3d7093fc1998782d6982e59af151e956",
        "x-ms-client-session-id": "",
        "x-ms-correlation-request-id": "1b14e72e-a638-4914-980a-e304fe7d607e",
        "x-ms-ratelimit-remaining-subscription-reads": "11996",
        "x-ms-request-id": "1b14e72e-a638-4914-980a-e304fe7d607e",
        "x-ms-response-type": "standard",
        "x-ms-routing-request-id": "SOUTHEASTASIA:20210804T021117Z:1b14e72e-a638-4914-980a-e304fe7d607e",
        "x-request-time": "0.016"
      },
      "ResponseBody": [
        "{\n",
        "  \u0022status\u0022: \u0022InProgress\u0022\n",
        "}"
      ]
    },
    {
      "RequestUri": "https://management.azure.com/subscriptions/db1ab6f0-4769-4b27-930e-01e2ef9c123c/providers/Microsoft.MachineLearningServices/locations/westus2/workspaceOperationsStatus/_weOjkQfdd_d5lnGWnNpsDavhJKEzLkCCjPbwGF-N3w?api-version=2021-03-01-preview\u0026type=async",
      "RequestMethod": "GET",
      "RequestHeaders": {
        "Authorization": "Sanitized",
        "User-Agent": [
          "azsdk-net-ResourceManager/1.0.0-alpha.20210804.1",
          "(.NET Core 3.1.17; Microsoft Windows 10.0.19043)"
        ],
        "x-ms-client-request-id": "278cbc044b5311808449ad894de5c3a4",
        "x-ms-return-client-request-id": "true"
      },
      "RequestBody": null,
      "StatusCode": 200,
      "ResponseHeaders": {
        "Cache-Control": "no-cache",
        "Content-Length": "28",
        "Content-Type": "application/json; charset=utf-8",
        "Date": "Wed, 04 Aug 2021 02:11:18 GMT",
        "Expires": "-1",
        "Pragma": "no-cache",
        "Request-Context": "appId=cid-v1:2d2e8e63-272e-4b3c-8598-4ee570a0e70d",
        "Strict-Transport-Security": "max-age=31536000; includeSubDomains",
        "X-Content-Type-Options": "nosniff",
        "x-ms-client-request-id": "278cbc044b5311808449ad894de5c3a4",
        "x-ms-client-session-id": "",
        "x-ms-correlation-request-id": "20f96f5c-9d32-436c-b2a3-b78e7df155a2",
        "x-ms-ratelimit-remaining-subscription-reads": "11995",
        "x-ms-request-id": "20f96f5c-9d32-436c-b2a3-b78e7df155a2",
        "x-ms-response-type": "standard",
        "x-ms-routing-request-id": "SOUTHEASTASIA:20210804T021118Z:20f96f5c-9d32-436c-b2a3-b78e7df155a2",
        "x-request-time": "0.017"
      },
      "ResponseBody": [
        "{\n",
        "  \u0022status\u0022: \u0022InProgress\u0022\n",
        "}"
      ]
    },
    {
      "RequestUri": "https://management.azure.com/subscriptions/db1ab6f0-4769-4b27-930e-01e2ef9c123c/providers/Microsoft.MachineLearningServices/locations/westus2/workspaceOperationsStatus/_weOjkQfdd_d5lnGWnNpsDavhJKEzLkCCjPbwGF-N3w?api-version=2021-03-01-preview\u0026type=async",
      "RequestMethod": "GET",
      "RequestHeaders": {
        "Authorization": "Sanitized",
        "User-Agent": [
          "azsdk-net-ResourceManager/1.0.0-alpha.20210804.1",
          "(.NET Core 3.1.17; Microsoft Windows 10.0.19043)"
        ],
        "x-ms-client-request-id": "e9ee4bd902efc112b5297118b0cbc131",
        "x-ms-return-client-request-id": "true"
      },
      "RequestBody": null,
      "StatusCode": 200,
      "ResponseHeaders": {
        "Cache-Control": "no-cache",
        "Content-Length": "28",
        "Content-Type": "application/json; charset=utf-8",
        "Date": "Wed, 04 Aug 2021 02:11:19 GMT",
        "Expires": "-1",
        "Pragma": "no-cache",
        "Request-Context": "appId=cid-v1:2d2e8e63-272e-4b3c-8598-4ee570a0e70d",
        "Strict-Transport-Security": "max-age=31536000; includeSubDomains",
        "X-Content-Type-Options": "nosniff",
        "x-ms-client-request-id": "e9ee4bd902efc112b5297118b0cbc131",
        "x-ms-client-session-id": "",
        "x-ms-correlation-request-id": "71fe45a0-e4c0-4d64-b9fb-9c9319758c2c",
        "x-ms-ratelimit-remaining-subscription-reads": "11994",
        "x-ms-request-id": "71fe45a0-e4c0-4d64-b9fb-9c9319758c2c",
        "x-ms-response-type": "standard",
        "x-ms-routing-request-id": "SOUTHEASTASIA:20210804T021119Z:71fe45a0-e4c0-4d64-b9fb-9c9319758c2c",
        "x-request-time": "0.015"
      },
      "ResponseBody": [
        "{\n",
        "  \u0022status\u0022: \u0022InProgress\u0022\n",
        "}"
      ]
    },
    {
      "RequestUri": "https://management.azure.com/subscriptions/db1ab6f0-4769-4b27-930e-01e2ef9c123c/providers/Microsoft.MachineLearningServices/locations/westus2/workspaceOperationsStatus/_weOjkQfdd_d5lnGWnNpsDavhJKEzLkCCjPbwGF-N3w?api-version=2021-03-01-preview\u0026type=async",
      "RequestMethod": "GET",
      "RequestHeaders": {
        "Authorization": "Sanitized",
        "User-Agent": [
          "azsdk-net-ResourceManager/1.0.0-alpha.20210804.1",
          "(.NET Core 3.1.17; Microsoft Windows 10.0.19043)"
        ],
        "x-ms-client-request-id": "2f971b510cceb14e125eb94f6ba32b84",
        "x-ms-return-client-request-id": "true"
      },
      "RequestBody": null,
      "StatusCode": 200,
      "ResponseHeaders": {
        "Cache-Control": "no-cache",
        "Content-Length": "28",
        "Content-Type": "application/json; charset=utf-8",
        "Date": "Wed, 04 Aug 2021 02:11:20 GMT",
        "Expires": "-1",
        "Pragma": "no-cache",
        "Request-Context": "appId=cid-v1:2d2e8e63-272e-4b3c-8598-4ee570a0e70d",
        "Strict-Transport-Security": "max-age=31536000; includeSubDomains",
        "X-Content-Type-Options": "nosniff",
        "x-ms-client-request-id": "2f971b510cceb14e125eb94f6ba32b84",
        "x-ms-client-session-id": "",
        "x-ms-correlation-request-id": "951b45ed-72a6-4259-a80a-9a07104fb427",
        "x-ms-ratelimit-remaining-subscription-reads": "11993",
        "x-ms-request-id": "951b45ed-72a6-4259-a80a-9a07104fb427",
        "x-ms-response-type": "standard",
        "x-ms-routing-request-id": "SOUTHEASTASIA:20210804T021120Z:951b45ed-72a6-4259-a80a-9a07104fb427",
        "x-request-time": "0.017"
      },
      "ResponseBody": [
        "{\n",
        "  \u0022status\u0022: \u0022InProgress\u0022\n",
        "}"
      ]
    },
    {
      "RequestUri": "https://management.azure.com/subscriptions/db1ab6f0-4769-4b27-930e-01e2ef9c123c/providers/Microsoft.MachineLearningServices/locations/westus2/workspaceOperationsStatus/_weOjkQfdd_d5lnGWnNpsDavhJKEzLkCCjPbwGF-N3w?api-version=2021-03-01-preview\u0026type=async",
      "RequestMethod": "GET",
      "RequestHeaders": {
        "Authorization": "Sanitized",
        "User-Agent": [
          "azsdk-net-ResourceManager/1.0.0-alpha.20210804.1",
          "(.NET Core 3.1.17; Microsoft Windows 10.0.19043)"
        ],
        "x-ms-client-request-id": "a6c140bfff630166a9cb7129da6861b8",
        "x-ms-return-client-request-id": "true"
      },
      "RequestBody": null,
      "StatusCode": 200,
      "ResponseHeaders": {
        "Cache-Control": "no-cache",
        "Content-Length": "28",
        "Content-Type": "application/json; charset=utf-8",
        "Date": "Wed, 04 Aug 2021 02:11:21 GMT",
        "Expires": "-1",
        "Pragma": "no-cache",
        "Request-Context": "appId=cid-v1:2d2e8e63-272e-4b3c-8598-4ee570a0e70d",
        "Strict-Transport-Security": "max-age=31536000; includeSubDomains",
        "X-Content-Type-Options": "nosniff",
        "x-ms-client-request-id": "a6c140bfff630166a9cb7129da6861b8",
        "x-ms-client-session-id": "",
        "x-ms-correlation-request-id": "961441ea-4983-4458-af3c-a8a0ccbf2de1",
        "x-ms-ratelimit-remaining-subscription-reads": "11992",
        "x-ms-request-id": "961441ea-4983-4458-af3c-a8a0ccbf2de1",
        "x-ms-response-type": "standard",
        "x-ms-routing-request-id": "SOUTHEASTASIA:20210804T021122Z:961441ea-4983-4458-af3c-a8a0ccbf2de1",
        "x-request-time": "0.013"
      },
      "ResponseBody": [
        "{\n",
        "  \u0022status\u0022: \u0022InProgress\u0022\n",
        "}"
      ]
    },
    {
      "RequestUri": "https://management.azure.com/subscriptions/db1ab6f0-4769-4b27-930e-01e2ef9c123c/providers/Microsoft.MachineLearningServices/locations/westus2/workspaceOperationsStatus/_weOjkQfdd_d5lnGWnNpsDavhJKEzLkCCjPbwGF-N3w?api-version=2021-03-01-preview\u0026type=async",
      "RequestMethod": "GET",
      "RequestHeaders": {
        "Authorization": "Sanitized",
        "User-Agent": [
          "azsdk-net-ResourceManager/1.0.0-alpha.20210804.1",
          "(.NET Core 3.1.17; Microsoft Windows 10.0.19043)"
        ],
        "x-ms-client-request-id": "31387c87934eccd6fc3cd79149c35511",
        "x-ms-return-client-request-id": "true"
      },
      "RequestBody": null,
      "StatusCode": 200,
      "ResponseHeaders": {
        "Cache-Control": "no-cache",
        "Content-Length": "28",
        "Content-Type": "application/json; charset=utf-8",
        "Date": "Wed, 04 Aug 2021 02:11:23 GMT",
        "Expires": "-1",
        "Pragma": "no-cache",
        "Request-Context": "appId=cid-v1:2d2e8e63-272e-4b3c-8598-4ee570a0e70d",
        "Strict-Transport-Security": "max-age=31536000; includeSubDomains",
        "X-Content-Type-Options": "nosniff",
        "x-ms-client-request-id": "31387c87934eccd6fc3cd79149c35511",
        "x-ms-client-session-id": "",
        "x-ms-correlation-request-id": "4530320e-3fe8-4efe-b6c7-34b2e6baba8b",
        "x-ms-ratelimit-remaining-subscription-reads": "11991",
        "x-ms-request-id": "4530320e-3fe8-4efe-b6c7-34b2e6baba8b",
        "x-ms-response-type": "standard",
        "x-ms-routing-request-id": "SOUTHEASTASIA:20210804T021123Z:4530320e-3fe8-4efe-b6c7-34b2e6baba8b",
        "x-request-time": "0.013"
      },
      "ResponseBody": [
        "{\n",
        "  \u0022status\u0022: \u0022InProgress\u0022\n",
        "}"
      ]
    },
    {
      "RequestUri": "https://management.azure.com/subscriptions/db1ab6f0-4769-4b27-930e-01e2ef9c123c/providers/Microsoft.MachineLearningServices/locations/westus2/workspaceOperationsStatus/_weOjkQfdd_d5lnGWnNpsDavhJKEzLkCCjPbwGF-N3w?api-version=2021-03-01-preview\u0026type=async",
      "RequestMethod": "GET",
      "RequestHeaders": {
        "Authorization": "Sanitized",
        "User-Agent": [
          "azsdk-net-ResourceManager/1.0.0-alpha.20210804.1",
          "(.NET Core 3.1.17; Microsoft Windows 10.0.19043)"
        ],
        "x-ms-client-request-id": "7058edfd1b0951cdb59585029a25d6aa",
        "x-ms-return-client-request-id": "true"
      },
      "RequestBody": null,
      "StatusCode": 200,
      "ResponseHeaders": {
        "Cache-Control": "no-cache",
        "Content-Length": "28",
        "Content-Type": "application/json; charset=utf-8",
        "Date": "Wed, 04 Aug 2021 02:11:24 GMT",
        "Expires": "-1",
        "Pragma": "no-cache",
        "Request-Context": "appId=cid-v1:2d2e8e63-272e-4b3c-8598-4ee570a0e70d",
        "Strict-Transport-Security": "max-age=31536000; includeSubDomains",
        "X-Content-Type-Options": "nosniff",
        "x-ms-client-request-id": "7058edfd1b0951cdb59585029a25d6aa",
        "x-ms-client-session-id": "",
        "x-ms-correlation-request-id": "153682b1-8e01-4353-9ecf-b4d53bbe2189",
        "x-ms-ratelimit-remaining-subscription-reads": "11990",
        "x-ms-request-id": "153682b1-8e01-4353-9ecf-b4d53bbe2189",
        "x-ms-response-type": "standard",
        "x-ms-routing-request-id": "SOUTHEASTASIA:20210804T021124Z:153682b1-8e01-4353-9ecf-b4d53bbe2189",
        "x-request-time": "0.015"
      },
      "ResponseBody": [
        "{\n",
        "  \u0022status\u0022: \u0022InProgress\u0022\n",
        "}"
      ]
    },
    {
      "RequestUri": "https://management.azure.com/subscriptions/db1ab6f0-4769-4b27-930e-01e2ef9c123c/providers/Microsoft.MachineLearningServices/locations/westus2/workspaceOperationsStatus/_weOjkQfdd_d5lnGWnNpsDavhJKEzLkCCjPbwGF-N3w?api-version=2021-03-01-preview\u0026type=async",
      "RequestMethod": "GET",
      "RequestHeaders": {
        "Authorization": "Sanitized",
        "User-Agent": [
          "azsdk-net-ResourceManager/1.0.0-alpha.20210804.1",
          "(.NET Core 3.1.17; Microsoft Windows 10.0.19043)"
        ],
        "x-ms-client-request-id": "eec700fdf96b2b3569f4a92628d4b8e6",
        "x-ms-return-client-request-id": "true"
      },
      "RequestBody": null,
      "StatusCode": 200,
      "ResponseHeaders": {
        "Cache-Control": "no-cache",
        "Content-Length": "28",
        "Content-Type": "application/json; charset=utf-8",
        "Date": "Wed, 04 Aug 2021 02:11:25 GMT",
        "Expires": "-1",
        "Pragma": "no-cache",
        "Request-Context": "appId=cid-v1:2d2e8e63-272e-4b3c-8598-4ee570a0e70d",
        "Strict-Transport-Security": "max-age=31536000; includeSubDomains",
        "X-Content-Type-Options": "nosniff",
        "x-ms-client-request-id": "eec700fdf96b2b3569f4a92628d4b8e6",
        "x-ms-client-session-id": "",
        "x-ms-correlation-request-id": "1a500755-232a-497a-915f-c15afe271305",
        "x-ms-ratelimit-remaining-subscription-reads": "11989",
        "x-ms-request-id": "1a500755-232a-497a-915f-c15afe271305",
        "x-ms-response-type": "standard",
        "x-ms-routing-request-id": "SOUTHEASTASIA:20210804T021125Z:1a500755-232a-497a-915f-c15afe271305",
        "x-request-time": "0.015"
      },
      "ResponseBody": [
        "{\n",
        "  \u0022status\u0022: \u0022InProgress\u0022\n",
        "}"
      ]
    },
    {
      "RequestUri": "https://management.azure.com/subscriptions/db1ab6f0-4769-4b27-930e-01e2ef9c123c/providers/Microsoft.MachineLearningServices/locations/westus2/workspaceOperationsStatus/_weOjkQfdd_d5lnGWnNpsDavhJKEzLkCCjPbwGF-N3w?api-version=2021-03-01-preview\u0026type=async",
      "RequestMethod": "GET",
      "RequestHeaders": {
        "Authorization": "Sanitized",
        "User-Agent": [
          "azsdk-net-ResourceManager/1.0.0-alpha.20210804.1",
          "(.NET Core 3.1.17; Microsoft Windows 10.0.19043)"
        ],
        "x-ms-client-request-id": "ed2b6075f10f6caeafe67cb80ed431d7",
        "x-ms-return-client-request-id": "true"
      },
      "RequestBody": null,
      "StatusCode": 200,
      "ResponseHeaders": {
        "Cache-Control": "no-cache",
        "Content-Length": "28",
        "Content-Type": "application/json; charset=utf-8",
        "Date": "Wed, 04 Aug 2021 02:11:26 GMT",
        "Expires": "-1",
        "Pragma": "no-cache",
        "Request-Context": "appId=cid-v1:2d2e8e63-272e-4b3c-8598-4ee570a0e70d",
        "Strict-Transport-Security": "max-age=31536000; includeSubDomains",
        "X-Content-Type-Options": "nosniff",
        "x-ms-client-request-id": "ed2b6075f10f6caeafe67cb80ed431d7",
        "x-ms-client-session-id": "",
        "x-ms-correlation-request-id": "f2de3e85-2e22-48d5-87de-3482b618f945",
        "x-ms-ratelimit-remaining-subscription-reads": "11988",
        "x-ms-request-id": "f2de3e85-2e22-48d5-87de-3482b618f945",
        "x-ms-response-type": "standard",
        "x-ms-routing-request-id": "SOUTHEASTASIA:20210804T021127Z:f2de3e85-2e22-48d5-87de-3482b618f945",
        "x-request-time": "0.016"
      },
      "ResponseBody": [
        "{\n",
        "  \u0022status\u0022: \u0022InProgress\u0022\n",
        "}"
      ]
    },
    {
      "RequestUri": "https://management.azure.com/subscriptions/db1ab6f0-4769-4b27-930e-01e2ef9c123c/providers/Microsoft.MachineLearningServices/locations/westus2/workspaceOperationsStatus/_weOjkQfdd_d5lnGWnNpsDavhJKEzLkCCjPbwGF-N3w?api-version=2021-03-01-preview\u0026type=async",
      "RequestMethod": "GET",
      "RequestHeaders": {
        "Authorization": "Sanitized",
        "User-Agent": [
          "azsdk-net-ResourceManager/1.0.0-alpha.20210804.1",
          "(.NET Core 3.1.17; Microsoft Windows 10.0.19043)"
        ],
        "x-ms-client-request-id": "49932c6666fb03a5b72c061571a629e0",
        "x-ms-return-client-request-id": "true"
      },
      "RequestBody": null,
      "StatusCode": 200,
      "ResponseHeaders": {
        "Cache-Control": "no-cache",
        "Content-Length": "28",
        "Content-Type": "application/json; charset=utf-8",
        "Date": "Wed, 04 Aug 2021 02:11:28 GMT",
        "Expires": "-1",
        "Pragma": "no-cache",
        "Request-Context": "appId=cid-v1:2d2e8e63-272e-4b3c-8598-4ee570a0e70d",
        "Strict-Transport-Security": "max-age=31536000; includeSubDomains",
        "X-Content-Type-Options": "nosniff",
        "x-ms-client-request-id": "49932c6666fb03a5b72c061571a629e0",
        "x-ms-client-session-id": "",
        "x-ms-correlation-request-id": "5bcea55e-54e8-4af1-90f1-86a898b23412",
        "x-ms-ratelimit-remaining-subscription-reads": "11987",
        "x-ms-request-id": "5bcea55e-54e8-4af1-90f1-86a898b23412",
        "x-ms-response-type": "standard",
        "x-ms-routing-request-id": "SOUTHEASTASIA:20210804T021129Z:5bcea55e-54e8-4af1-90f1-86a898b23412",
        "x-request-time": "0.014"
      },
      "ResponseBody": [
        "{\n",
        "  \u0022status\u0022: \u0022InProgress\u0022\n",
        "}"
      ]
    },
    {
      "RequestUri": "https://management.azure.com/subscriptions/db1ab6f0-4769-4b27-930e-01e2ef9c123c/providers/Microsoft.MachineLearningServices/locations/westus2/workspaceOperationsStatus/_weOjkQfdd_d5lnGWnNpsDavhJKEzLkCCjPbwGF-N3w?api-version=2021-03-01-preview\u0026type=async",
      "RequestMethod": "GET",
      "RequestHeaders": {
        "Authorization": "Sanitized",
        "User-Agent": [
          "azsdk-net-ResourceManager/1.0.0-alpha.20210804.1",
          "(.NET Core 3.1.17; Microsoft Windows 10.0.19043)"
        ],
        "x-ms-client-request-id": "398d9fdde8f90c9a515b3f857c7c1d95",
        "x-ms-return-client-request-id": "true"
      },
      "RequestBody": null,
      "StatusCode": 200,
      "ResponseHeaders": {
        "Cache-Control": "no-cache",
        "Content-Length": "28",
        "Content-Type": "application/json; charset=utf-8",
        "Date": "Wed, 04 Aug 2021 02:11:29 GMT",
        "Expires": "-1",
        "Pragma": "no-cache",
        "Request-Context": "appId=cid-v1:2d2e8e63-272e-4b3c-8598-4ee570a0e70d",
        "Strict-Transport-Security": "max-age=31536000; includeSubDomains",
        "X-Content-Type-Options": "nosniff",
        "x-ms-client-request-id": "398d9fdde8f90c9a515b3f857c7c1d95",
        "x-ms-client-session-id": "",
        "x-ms-correlation-request-id": "000d928d-9e9d-4432-a872-d9d4d64f5251",
        "x-ms-ratelimit-remaining-subscription-reads": "11986",
        "x-ms-request-id": "000d928d-9e9d-4432-a872-d9d4d64f5251",
        "x-ms-response-type": "standard",
        "x-ms-routing-request-id": "SOUTHEASTASIA:20210804T021130Z:000d928d-9e9d-4432-a872-d9d4d64f5251",
        "x-request-time": "0.013"
      },
      "ResponseBody": [
        "{\n",
        "  \u0022status\u0022: \u0022InProgress\u0022\n",
        "}"
      ]
    },
    {
      "RequestUri": "https://management.azure.com/subscriptions/db1ab6f0-4769-4b27-930e-01e2ef9c123c/providers/Microsoft.MachineLearningServices/locations/westus2/workspaceOperationsStatus/_weOjkQfdd_d5lnGWnNpsDavhJKEzLkCCjPbwGF-N3w?api-version=2021-03-01-preview\u0026type=async",
      "RequestMethod": "GET",
      "RequestHeaders": {
        "Authorization": "Sanitized",
        "User-Agent": [
          "azsdk-net-ResourceManager/1.0.0-alpha.20210804.1",
          "(.NET Core 3.1.17; Microsoft Windows 10.0.19043)"
        ],
        "x-ms-client-request-id": "fbc0d1c26f400febbb2736e2ea99fa08",
        "x-ms-return-client-request-id": "true"
      },
      "RequestBody": null,
      "StatusCode": 200,
      "ResponseHeaders": {
        "Cache-Control": "no-cache",
        "Content-Length": "55",
        "Content-Type": "application/json; charset=utf-8",
        "Date": "Wed, 04 Aug 2021 02:11:31 GMT",
        "Expires": "-1",
        "Pragma": "no-cache",
        "Request-Context": "appId=cid-v1:2d2e8e63-272e-4b3c-8598-4ee570a0e70d",
        "Strict-Transport-Security": "max-age=31536000; includeSubDomains",
        "X-Content-Type-Options": "nosniff",
        "x-ms-client-request-id": "fbc0d1c26f400febbb2736e2ea99fa08",
        "x-ms-client-session-id": "",
        "x-ms-correlation-request-id": "e0c91827-c338-4296-86c2-224c67a63948",
        "x-ms-ratelimit-remaining-subscription-reads": "11985",
        "x-ms-request-id": "e0c91827-c338-4296-86c2-224c67a63948",
        "x-ms-response-type": "standard",
        "x-ms-routing-request-id": "SOUTHEASTASIA:20210804T021131Z:e0c91827-c338-4296-86c2-224c67a63948",
        "x-request-time": "0.020"
      },
      "ResponseBody": [
        "{\n",
        "  \u0022status\u0022: \u0022Succeeded\u0022,\n",
        "  \u0022percentComplete\u0022: 100.0\n",
        "}"
      ]
    },
    {
      "RequestUri": "https://management.azure.com/subscriptions/db1ab6f0-4769-4b27-930e-01e2ef9c123c/resourceGroups/testmlrg4211/providers/Microsoft.MachineLearningServices/workspaces/testmlCreate2238?api-version=2021-03-01-preview",
      "RequestMethod": "GET",
      "RequestHeaders": {
        "Authorization": "Sanitized",
        "User-Agent": [
          "azsdk-net-ResourceManager/1.0.0-alpha.20210804.1",
          "(.NET Core 3.1.17; Microsoft Windows 10.0.19043)"
        ],
        "x-ms-client-request-id": "6fdb9cbdf7467dde9187f79f2620873a",
        "x-ms-return-client-request-id": "true"
      },
      "RequestBody": null,
      "StatusCode": 200,
      "ResponseHeaders": {
        "Cache-Control": "no-cache",
        "Content-Length": "2604",
        "Content-Type": "application/json; charset=utf-8",
        "Date": "Wed, 04 Aug 2021 02:11:31 GMT",
        "Expires": "-1",
        "Pragma": "no-cache",
        "Request-Context": "appId=cid-v1:2d2e8e63-272e-4b3c-8598-4ee570a0e70d",
        "Strict-Transport-Security": "max-age=31536000; includeSubDomains",
        "Vary": "Accept-Encoding",
        "X-Content-Type-Options": "nosniff",
        "x-ms-client-request-id": "6fdb9cbdf7467dde9187f79f2620873a",
        "x-ms-client-session-id": "",
        "x-ms-correlation-request-id": "e075591c-8cba-455f-8333-4ec31b9d1de5",
        "x-ms-ratelimit-remaining-subscription-reads": "11984",
        "x-ms-request-id": "e075591c-8cba-455f-8333-4ec31b9d1de5",
        "x-ms-response-type": "standard",
        "x-ms-routing-request-id": "SOUTHEASTASIA:20210804T021131Z:e075591c-8cba-455f-8333-4ec31b9d1de5",
        "x-request-time": "0.014"
      },
      "ResponseBody": [
        "{\n",
        "  \u0022id\u0022: \u0022/subscriptions/db1ab6f0-4769-4b27-930e-01e2ef9c123c/resourceGroups/testmlrg4211/providers/Microsoft.MachineLearningServices/workspaces/testmlCreate2238\u0022,\n",
        "  \u0022name\u0022: \u0022testmlCreate2238\u0022,\n",
        "  \u0022type\u0022: \u0022Microsoft.MachineLearningServices/workspaces\u0022,\n",
        "  \u0022location\u0022: \u0022westus2\u0022,\n",
        "  \u0022tags\u0022: {},\n",
        "  \u0022etag\u0022: null,\n",
        "  \u0022properties\u0022: {\n",
        "    \u0022friendlyName\u0022: \u0022\u0022,\n",
        "    \u0022description\u0022: \u0022\u0022,\n",
        "    \u0022storageAccount\u0022: \u0022/subscriptions/db1ab6f0-4769-4b27-930e-01e2ef9c123c/resourcegroups/test-ml-common/providers/microsoft.storage/storageaccounts/track2mlstorage\u0022,\n",
        "    \u0022keyVault\u0022: \u0022/subscriptions/db1ab6f0-4769-4b27-930e-01e2ef9c123c/resourcegroups/test-ml-common/providers/microsoft.keyvault/vaults/track2mltestkeyvault\u0022,\n",
        "    \u0022applicationInsights\u0022: \u0022/subscriptions/db1ab6f0-4769-4b27-930e-01e2ef9c123c/resourcegroups/test-ml-common/providers/microsoft.insights/components/track2mlappinsight\u0022,\n",
        "    \u0022hbiWorkspace\u0022: false,\n",
        "    \u0022tenantId\u0022: \u002272f988bf-86f1-41af-91ab-2d7cd011db47\u0022,\n",
        "    \u0022imageBuildCompute\u0022: \u0022\u0022,\n",
        "    \u0022provisioningState\u0022: \u0022Succeeded\u0022,\n",
        "    \u0022containerRegistry\u0022: \u0022/subscriptions/db1ab6f0-4769-4b27-930e-01e2ef9c123c/resourcegroups/test-ml-common/providers/microsoft.containerregistry/registries/track2mlacr\u0022,\n",
        "    \u0022notebookInfo\u0022: {\n",
        "      \u0022resourceId\u0022: \u0022ee72f0a8337e4511a29db87886edea73\u0022,\n",
        "      \u0022fqdn\u0022: \u0022ml-testmlcreate223-westus2-c63da3e0-e7b9-4f59-9645-3988dcde1935.notebooks.azure.net\u0022,\n",
        "      \u0022isPrivateLinkEnabled\u0022: false,\n",
        "      \u0022notebookPreparationError\u0022: null\n",
        "    },\n",
        "    \u0022storageHnsEnabled\u0022: false,\n",
        "    \u0022workspaceId\u0022: \u0022c63da3e0-e7b9-4f59-9645-3988dcde1935\u0022,\n",
        "    \u0022linkedModelInventoryArmId\u0022: null,\n",
        "    \u0022privateLinkCount\u0022: 0,\n",
        "    \u0022allowPublicAccessWhenBehindVnet\u0022: false,\n",
        "    \u0022publicNetworkAccess\u0022: \u0022Disabled\u0022,\n",
        "    \u0022discoveryUrl\u0022: \u0022https://westus2.api.azureml.ms/discovery\u0022,\n",
        "    \u0022mlFlowTrackingUri\u0022: \u0022azureml://westus2.api.azureml.ms/mlflow/v1.0//subscriptions/db1ab6f0-4769-4b27-930e-01e2ef9c123c/resourceGroups/testmlrg4211/providers/Microsoft.MachineLearningServices/workspaces/testmlCreate2238\u0022,\n",
        "    \u0022sdkTelemetryAppInsightsKey\u0022: \u002219f24253-9564-406c-9a1e-a48a21b145aa\u0022\n",
        "  },\n",
        "  \u0022identity\u0022: {\n",
        "    \u0022type\u0022: \u0022SystemAssigned\u0022,\n",
        "    \u0022principalId\u0022: \u0022b8dfea89-45c1-457c-9312-1808154d9fae\u0022,\n",
        "    \u0022tenantId\u0022: \u002272f988bf-86f1-41af-91ab-2d7cd011db47\u0022\n",
        "  },\n",
        "  \u0022sku\u0022: {\n",
        "    \u0022name\u0022: \u0022Basic\u0022,\n",
        "    \u0022tier\u0022: \u0022Basic\u0022\n",
        "  },\n",
        "  \u0022systemData\u0022: {\n",
        "    \u0022createdAt\u0022: \u00222021-08-04T02:11:10.9364516Z\u0022,\n",
        "    \u0022createdBy\u0022: \u00228e6d47e0-7969-4fde-a62c-4fea4f165e98\u0022,\n",
        "    \u0022createdByType\u0022: \u0022Application\u0022,\n",
        "    \u0022lastModifiedAt\u0022: \u00222021-08-04T02:11:10.9364516Z\u0022,\n",
        "    \u0022lastModifiedBy\u0022: \u00228e6d47e0-7969-4fde-a62c-4fea4f165e98\u0022,\n",
        "    \u0022lastModifiedByType\u0022: \u0022Application\u0022\n",
        "  }\n",
        "}"
      ]
    },
    {
      "RequestUri": "https://management.azure.com/subscriptions/db1ab6f0-4769-4b27-930e-01e2ef9c123c/resourceGroups/testmlrg4211/providers/Microsoft.MachineLearningServices/workspaces/testmlCreate2238/privateEndpointConnections?api-version=2021-03-01-preview",
      "RequestMethod": "GET",
      "RequestHeaders": {
        "Accept": "application/json",
        "Authorization": "Sanitized",
        "User-Agent": [
          "azsdk-net-ResourceManager/1.0.0-alpha.20210804.1",
          "(.NET Core 3.1.17; Microsoft Windows 10.0.19043)"
        ],
        "x-ms-client-request-id": "9f2de69fb46d7e7ed1b2b722b76137c8",
        "x-ms-return-client-request-id": "true"
      },
      "RequestBody": null,
      "StatusCode": 200,
      "ResponseHeaders": {
        "Cache-Control": "no-cache",
        "Content-Length": "2122",
        "Content-Type": "application/json; charset=utf-8",
        "Date": "Wed, 04 Aug 2021 02:12:10 GMT",
        "Expires": "-1",
        "Pragma": "no-cache",
        "Request-Context": "appId=cid-v1:2d2e8e63-272e-4b3c-8598-4ee570a0e70d",
        "Strict-Transport-Security": "max-age=31536000; includeSubDomains",
        "Vary": "Accept-Encoding",
        "X-Content-Type-Options": "nosniff",
        "x-ms-client-request-id": "9f2de69fb46d7e7ed1b2b722b76137c8",
        "x-ms-client-session-id": "",
        "x-ms-correlation-request-id": "f9ef80a8-5f79-4abf-864c-e4d659376f9c",
        "x-ms-ratelimit-remaining-subscription-reads": "11959",
        "x-ms-request-id": "f9ef80a8-5f79-4abf-864c-e4d659376f9c",
        "x-ms-response-type": "standard",
        "x-ms-routing-request-id": "SOUTHEASTASIA:20210804T021210Z:f9ef80a8-5f79-4abf-864c-e4d659376f9c",
        "x-request-time": "0.024"
      },
      "ResponseBody": [
        "{\n",
        "  \u0022value\u0022: [\n",
        "    {\n",
        "      \u0022id\u0022: \u0022/subscriptions/db1ab6f0-4769-4b27-930e-01e2ef9c123c/resourceGroups/testmlrg4211/providers/Microsoft.MachineLearningServices/workspaces/testmlCreate2238/privateEndpointConnections/testmlCreate2238.545f073a-6902-4519-a996-e86078cf28d7\u0022,\n",
        "      \u0022name\u0022: \u0022testmlCreate2238.545f073a-6902-4519-a996-e86078cf28d7\u0022,\n",
        "      \u0022type\u0022: \u0022Microsoft.MachineLearningServices/workspaces/privateEndpointConnections\u0022,\n",
        "      \u0022location\u0022: null,\n",
        "      \u0022etag\u0022: null,\n",
        "      \u0022peConnectionProxyName\u0022: \u0022testmlep3477.01784ba5-7832-4c8a-91cb-279df9a7e443\u0022,\n",
        "      \u0022peName\u0022: \u0022testmlep3477\u0022,\n",
        "      \u0022plsConnectionName\u0022: \u0022testmlCon7214\u0022,\n",
        "      \u0022plsProxyName\u0022: \u0022testmlep3477.proxy.84548263-4492-4904-9a70-9a2d07141f64\u0022,\n",
        "      \u0022connectionDetails\u0022: [\n",
        "        {\n",
        "          \u0022id\u0022: \u0022c46847ae-e90b-4a1b-bdaf-9a53ed7d2612\u0022,\n",
        "          \u0022privateIpAddress\u0022: \u002210.0.1.4\u0022,\n",
        "          \u0022linkIdentifier\u0022: \u0022536969923\u0022,\n",
        "          \u0022groupId\u0022: \u0022amlworkspace\u0022,\n",
        "          \u0022memberName\u0022: \u0022default\u0022\n",
        "        },\n",
        "        {\n",
        "          \u0022id\u0022: \u0022e55fbffb-42a7-4dd0-96b7-dde99a46e47e\u0022,\n",
        "          \u0022privateIpAddress\u0022: \u002210.0.1.5\u0022,\n",
        "          \u0022linkIdentifier\u0022: \u0022536934924\u0022,\n",
        "          \u0022groupId\u0022: \u0022amlworkspace\u0022,\n",
        "          \u0022memberName\u0022: \u0022notebook\u0022\n",
        "        }\n",
        "      ],\n",
        "      \u0022requestDescription\u0022: \u0022Please approve my connection.\u0022,\n",
        "      \u0022properties\u0022: {\n",
        "        \u0022provisioningState\u0022: \u0022Succeeded\u0022,\n",
        "        \u0022privateEndpoint\u0022: {\n",
        "          \u0022id\u0022: \u0022/subscriptions/db1ab6f0-4769-4b27-930e-01e2ef9c123c/resourceGroups/testmlrg4211/providers/Microsoft.Network/privateEndpoints/testmlep3477\u0022,\n",
        "          \u0022subnetArmId\u0022: \u0022/subscriptions/db1ab6f0-4769-4b27-930e-01e2ef9c123c/resourceGroups/testmlrg4211/providers/Microsoft.Network/virtualNetworks/testmlvnet5900/subnets/frontendSubnet\u0022\n",
        "        },\n",
        "        \u0022privateLinkServiceConnectionState\u0022: {\n",
        "          \u0022status\u0022: \u0022Approved\u0022,\n",
        "          \u0022description\u0022: \u0022Auto-Approved\u0022,\n",
        "          \u0022actionsRequired\u0022: \u0022None\u0022\n",
        "        }\n",
        "      },\n",
        "      \u0022notebookInternalFqdn\u0022: \u0022privatelink.notebookapis.azure.com\u0022,\n",
        "      \u0022notebookCustomerVisibleFqdns\u0022: [\n",
        "        \u0022ml-testmlcreate223-westus2-c63da3e0-e7b9-4f59-9645-3988dcde1935.notebooks.azure.net\u0022\n",
        "      ]\n",
        "    }\n",
        "  ]\n",
        "}"
      ]
    },
    {
      "RequestUri": "https://management.azure.com/subscriptions/db1ab6f0-4769-4b27-930e-01e2ef9c123c/resourceGroups/testmlrg4211/providers/Microsoft.MachineLearningServices/workspaces/testmlCreate2238/privateEndpointConnections/testmlCreate2238.545f073a-6902-4519-a996-e86078cf28d7?api-version=2021-03-01-preview",
      "RequestMethod": "GET",
      "RequestHeaders": {
        "Accept": "application/json",
        "Authorization": "Sanitized",
        "User-Agent": [
          "azsdk-net-ResourceManager/1.0.0-alpha.20210804.1",
          "(.NET Core 3.1.17; Microsoft Windows 10.0.19043)"
        ],
        "x-ms-client-request-id": "4eada1e0f3ca6943b9774be89ba0fbd3",
        "x-ms-return-client-request-id": "true"
      },
      "RequestBody": null,
      "StatusCode": 200,
      "ResponseHeaders": {
        "Cache-Control": "no-cache",
        "Content-Length": "1925",
        "Content-Type": "application/json; charset=utf-8",
        "Date": "Wed, 04 Aug 2021 02:12:10 GMT",
        "Expires": "-1",
        "Pragma": "no-cache",
        "Request-Context": "appId=cid-v1:2d2e8e63-272e-4b3c-8598-4ee570a0e70d",
        "Strict-Transport-Security": "max-age=31536000; includeSubDomains",
        "Vary": "Accept-Encoding",
        "X-Content-Type-Options": "nosniff",
        "x-ms-client-request-id": "4eada1e0f3ca6943b9774be89ba0fbd3",
        "x-ms-client-session-id": "",
        "x-ms-correlation-request-id": "530e17af-fb07-4cd2-8cd4-abf8e5bdef4a",
        "x-ms-ratelimit-remaining-subscription-reads": "11958",
        "x-ms-request-id": "530e17af-fb07-4cd2-8cd4-abf8e5bdef4a",
        "x-ms-response-type": "standard",
        "x-ms-routing-request-id": "SOUTHEASTASIA:20210804T021211Z:530e17af-fb07-4cd2-8cd4-abf8e5bdef4a",
        "x-request-time": "0.026"
      },
      "ResponseBody": [
        "{\n",
        "  \u0022id\u0022: \u0022/subscriptions/db1ab6f0-4769-4b27-930e-01e2ef9c123c/resourceGroups/testmlrg4211/providers/Microsoft.MachineLearningServices/workspaces/testmlCreate2238/privateEndpointConnections/testmlCreate2238.545f073a-6902-4519-a996-e86078cf28d7\u0022,\n",
        "  \u0022name\u0022: \u0022testmlCreate2238.545f073a-6902-4519-a996-e86078cf28d7\u0022,\n",
        "  \u0022type\u0022: \u0022Microsoft.MachineLearningServices/workspaces/privateEndpointConnections\u0022,\n",
        "  \u0022location\u0022: null,\n",
        "  \u0022etag\u0022: null,\n",
        "  \u0022peConnectionProxyName\u0022: \u0022testmlep3477.01784ba5-7832-4c8a-91cb-279df9a7e443\u0022,\n",
        "  \u0022peName\u0022: \u0022testmlep3477\u0022,\n",
        "  \u0022plsConnectionName\u0022: \u0022testmlCon7214\u0022,\n",
        "  \u0022plsProxyName\u0022: \u0022testmlep3477.proxy.84548263-4492-4904-9a70-9a2d07141f64\u0022,\n",
        "  \u0022connectionDetails\u0022: [\n",
        "    {\n",
        "      \u0022id\u0022: \u0022c46847ae-e90b-4a1b-bdaf-9a53ed7d2612\u0022,\n",
        "      \u0022privateIpAddress\u0022: \u002210.0.1.4\u0022,\n",
        "      \u0022linkIdentifier\u0022: \u0022536969923\u0022,\n",
        "      \u0022groupId\u0022: \u0022amlworkspace\u0022,\n",
        "      \u0022memberName\u0022: \u0022default\u0022\n",
        "    },\n",
        "    {\n",
        "      \u0022id\u0022: \u0022e55fbffb-42a7-4dd0-96b7-dde99a46e47e\u0022,\n",
        "      \u0022privateIpAddress\u0022: \u002210.0.1.5\u0022,\n",
        "      \u0022linkIdentifier\u0022: \u0022536934924\u0022,\n",
        "      \u0022groupId\u0022: \u0022amlworkspace\u0022,\n",
        "      \u0022memberName\u0022: \u0022notebook\u0022\n",
        "    }\n",
        "  ],\n",
        "  \u0022requestDescription\u0022: \u0022Please approve my connection.\u0022,\n",
        "  \u0022properties\u0022: {\n",
        "    \u0022provisioningState\u0022: \u0022Succeeded\u0022,\n",
        "    \u0022privateEndpoint\u0022: {\n",
        "      \u0022id\u0022: \u0022/subscriptions/db1ab6f0-4769-4b27-930e-01e2ef9c123c/resourceGroups/testmlrg4211/providers/Microsoft.Network/privateEndpoints/testmlep3477\u0022,\n",
        "      \u0022subnetArmId\u0022: \u0022/subscriptions/db1ab6f0-4769-4b27-930e-01e2ef9c123c/resourceGroups/testmlrg4211/providers/Microsoft.Network/virtualNetworks/testmlvnet5900/subnets/frontendSubnet\u0022\n",
        "    },\n",
        "    \u0022privateLinkServiceConnectionState\u0022: {\n",
        "      \u0022status\u0022: \u0022Approved\u0022,\n",
        "      \u0022description\u0022: \u0022Auto-Approved\u0022,\n",
        "      \u0022actionsRequired\u0022: \u0022None\u0022\n",
        "    }\n",
        "  },\n",
        "  \u0022notebookInternalFqdn\u0022: \u0022privatelink.notebookapis.azure.com\u0022,\n",
        "  \u0022notebookCustomerVisibleFqdns\u0022: [\n",
        "    \u0022ml-testmlcreate223-westus2-c63da3e0-e7b9-4f59-9645-3988dcde1935.notebooks.azure.net\u0022\n",
        "  ]\n",
        "}"
      ]
    },
    {
      "RequestUri": "https://management.azure.com/subscriptions/db1ab6f0-4769-4b27-930e-01e2ef9c123c/resourceGroups/testmlrg4211/providers/Microsoft.MachineLearningServices/workspaces/testmlCreate2238/privateEndpointConnections/foo?api-version=2021-03-01-preview",
      "RequestMethod": "GET",
      "RequestHeaders": {
        "Accept": "application/json",
        "Authorization": "Sanitized",
        "User-Agent": [
          "azsdk-net-ResourceManager/1.0.0-alpha.20210804.1",
          "(.NET Core 3.1.17; Microsoft Windows 10.0.19043)"
        ],
        "x-ms-client-request-id": "225a4778fd8fbb6dc8790ccad965403e",
        "x-ms-return-client-request-id": "true"
      },
      "RequestBody": null,
      "StatusCode": 404,
      "ResponseHeaders": {
        "Cache-Control": "no-cache",
        "Content-Length": "593",
        "Content-Type": "application/json; charset=utf-8",
        "Date": "Wed, 04 Aug 2021 02:12:10 GMT",
        "Expires": "-1",
        "Pragma": "no-cache",
        "Request-Context": "appId=cid-v1:2d2e8e63-272e-4b3c-8598-4ee570a0e70d",
        "Strict-Transport-Security": "max-age=31536000; includeSubDomains",
        "Vary": "Accept-Encoding",
        "X-Content-Type-Options": "nosniff",
        "x-ms-client-request-id": "225a4778fd8fbb6dc8790ccad965403e",
        "x-ms-client-session-id": "",
        "x-ms-correlation-request-id": "6d627275-daa4-47fe-ae51-83b9718a1fe4",
        "x-ms-ratelimit-remaining-subscription-reads": "11957",
        "x-ms-request-id": "6d627275-daa4-47fe-ae51-83b9718a1fe4",
        "x-ms-response-type": "error",
        "x-ms-routing-request-id": "SOUTHEASTASIA:20210804T021211Z:6d627275-daa4-47fe-ae51-83b9718a1fe4",
        "x-request-time": "0.020"
      },
      "ResponseBody": [
        "{\n",
        "  \u0022error\u0022: {\n",
        "    \u0022code\u0022: \u0022UserError\u0022,\n",
        "    \u0022severity\u0022: null,\n",
        "    \u0022message\u0022: \u0022Can\u0027t find PrivateEndpointConnection: foo\u0022,\n",
        "    \u0022messageFormat\u0022: null,\n",
        "    \u0022messageParameters\u0022: null,\n",
        "    \u0022referenceCode\u0022: null,\n",
        "    \u0022detailsUri\u0022: null,\n",
        "    \u0022target\u0022: null,\n",
        "    \u0022details\u0022: [],\n",
        "    \u0022innerError\u0022: null,\n",
        "    \u0022debugInfo\u0022: null,\n",
        "    \u0022additionalInfo\u0022: null\n",
        "  },\n",
        "  \u0022correlation\u0022: {\n",
        "    \u0022operation\u0022: \u00225512c0e312cac1478901617fa274c579\u0022,\n",
        "    \u0022request\u0022: \u0022710020db077a4a44\u0022\n",
        "  },\n",
        "  \u0022environment\u0022: \u0022westus2\u0022,\n",
        "  \u0022location\u0022: \u0022westus2\u0022,\n",
        "  \u0022time\u0022: \u00222021-08-04T02:12:11.2023065\u002B00:00\u0022,\n",
        "  \u0022componentName\u0022: \u0022account-rp\u0022\n",
        "}"
      ]
    }
  ],
  "Variables": {
    "LOCATION": "eastus",
    "RandomSeed": "805955952",
    "RESOURCE_MANAGER_URL": null,
    "SUBSCRIPTION_ID": "db1ab6f0-4769-4b27-930e-01e2ef9c123c"
  }
}