{
  "Entries": [
    {
      "RequestUri": "https://management.azure.com/subscriptions/db1ab6f0-4769-4b27-930e-01e2ef9c123c?api-version=2019-11-01",
      "RequestMethod": "GET",
      "RequestHeaders": {
        "Accept": "application/json",
        "Authorization": "Sanitized",
        "User-Agent": "azsdk-net-ResourceManager/1.0.0-alpha.20210823.1 (.NET Framework 4.8.4390.0; Microsoft Windows 10.0.19043 )",
        "x-ms-client-request-id": "bc9321547badac66a5d81e9d15b67e0a",
        "x-ms-return-client-request-id": "true"
      },
      "RequestBody": null,
      "StatusCode": 200,
      "ResponseHeaders": {
        "Cache-Control": "no-cache",
        "Content-Length": "468",
        "Content-Type": "application/json; charset=utf-8",
        "Date": "Fri, 27 Aug 2021 06:08:36 GMT",
        "Expires": "-1",
        "Pragma": "no-cache",
        "Strict-Transport-Security": "max-age=31536000; includeSubDomains",
        "X-Content-Type-Options": "nosniff",
        "x-ms-correlation-request-id": "2776a49e-4681-4240-ba79-337b0dbbf9be",
        "x-ms-ratelimit-remaining-subscription-reads": "11998",
        "x-ms-request-id": "2776a49e-4681-4240-ba79-337b0dbbf9be",
        "x-ms-routing-request-id": "JAPANEAST:20210827T060836Z:2776a49e-4681-4240-ba79-337b0dbbf9be"
      },
      "ResponseBody": {
        "id": "/subscriptions/db1ab6f0-4769-4b27-930e-01e2ef9c123c",
        "authorizationSource": "RoleBased",
        "managedByTenants": [],
        "tags": {
          "tagKey1": "tagValue1",
          "tagKey2": "tagValue2"
        },
        "subscriptionId": "db1ab6f0-4769-4b27-930e-01e2ef9c123c",
        "tenantId": "72f988bf-86f1-41af-91ab-2d7cd011db47",
        "displayName": ".NET Mgmt SDK Test with TTL = 1 Day",
        "state": "Enabled",
        "subscriptionPolicies": {
          "locationPlacementId": "Internal_2014-09-01",
          "quotaId": "Internal_2014-09-01",
          "spendingLimit": "Off"
        }
      }
    },
    {
      "RequestUri": "https://management.azure.com/subscriptions/db1ab6f0-4769-4b27-930e-01e2ef9c123c/resourcegroups/testRG-7382?api-version=2019-10-01",
      "RequestMethod": "PUT",
      "RequestHeaders": {
        "Accept": "application/json",
        "Authorization": "Sanitized",
        "Content-Length": "44",
        "Content-Type": "application/json",
        "traceparent": "00-c73df45cb0e5bd4d803efc9cc7b727bc-0797262d4fb5944b-00",
        "User-Agent": "azsdk-net-ResourceManager/1.0.0-alpha.20210823.1 (.NET Framework 4.8.4390.0; Microsoft Windows 10.0.19043 )",
        "x-ms-client-request-id": "224a0dca3f7ad5d57744c19d42209a5b",
        "x-ms-return-client-request-id": "true"
      },
      "RequestBody": {
        "location": "westus2",
        "tags": {
          "test": "env"
        }
      },
      "StatusCode": 201,
      "ResponseHeaders": {
        "Cache-Control": "no-cache",
        "Content-Length": "242",
        "Content-Type": "application/json; charset=utf-8",
        "Date": "Fri, 27 Aug 2021 06:08:38 GMT",
        "Expires": "-1",
        "Pragma": "no-cache",
        "Strict-Transport-Security": "max-age=31536000; includeSubDomains",
        "X-Content-Type-Options": "nosniff",
        "x-ms-correlation-request-id": "4484854f-da34-4390-8a29-b3dc258e1d82",
        "x-ms-ratelimit-remaining-subscription-writes": "1199",
        "x-ms-request-id": "4484854f-da34-4390-8a29-b3dc258e1d82",
        "x-ms-routing-request-id": "JAPANEAST:20210827T060839Z:4484854f-da34-4390-8a29-b3dc258e1d82"
      },
      "ResponseBody": {
        "id": "/subscriptions/db1ab6f0-4769-4b27-930e-01e2ef9c123c/resourceGroups/testRG-7382",
        "name": "testRG-7382",
        "type": "Microsoft.Resources/resourceGroups",
        "location": "westus2",
        "tags": {
          "test": "env"
        },
        "properties": {
          "provisioningState": "Succeeded"
        }
      }
    },
    {
      "RequestUri": "https://management.azure.com/subscriptions/db1ab6f0-4769-4b27-930e-01e2ef9c123c/resourceGroups/testRG-7382/providers/Microsoft.Compute/disks/testDisk-4573?api-version=2020-12-01",
      "RequestMethod": "PUT",
      "RequestHeaders": {
        "Accept": "application/json",
        "Authorization": "Sanitized",
        "Content-Length": "132",
        "Content-Type": "application/json",
        "User-Agent": "azsdk-net-ResourceManager/1.0.0-alpha.20210823.1 (.NET Framework 4.8.4390.0; Microsoft Windows 10.0.19043 )",
        "x-ms-client-request-id": "152709a9104b05e43b96bc9c73d9c3c4",
        "x-ms-return-client-request-id": "true"
      },
      "RequestBody": {
        "sku": {
          "name": "Standard_LRS"
        },
        "tags": {},
        "location": "westus2",
        "properties": {
          "creationData": {
            "createOption": "Empty"
          },
          "diskSizeGB": 1
        }
      },
      "StatusCode": 202,
      "ResponseHeaders": {
        "Azure-AsyncOperation": "https://management.azure.com/subscriptions/db1ab6f0-4769-4b27-930e-01e2ef9c123c/providers/Microsoft.Compute/locations/westus2/DiskOperations/276bc2ef-112e-402e-8972-f7971692f234?api-version=2020-12-01",
        "Cache-Control": "no-cache",
        "Content-Length": "292",
        "Content-Type": "application/json; charset=utf-8",
        "Date": "Fri, 27 Aug 2021 06:08:41 GMT",
        "Expires": "-1",
        "Location": "https://management.azure.com/subscriptions/db1ab6f0-4769-4b27-930e-01e2ef9c123c/providers/Microsoft.Compute/locations/westus2/DiskOperations/276bc2ef-112e-402e-8972-f7971692f234?monitor=true\u0026api-version=2020-12-01",
        "Pragma": "no-cache",
        "Retry-After": "2",
        "Server": [
          "Microsoft-HTTPAPI/2.0",
          "Microsoft-HTTPAPI/2.0"
        ],
        "Strict-Transport-Security": "max-age=31536000; includeSubDomains",
        "X-Content-Type-Options": "nosniff",
        "x-ms-client-request-id": "152709a9104b05e43b96bc9c73d9c3c4",
        "x-ms-correlation-request-id": "f06975c9-23a0-4fda-83a1-1168d6202035",
        "x-ms-ratelimit-remaining-resource": "Microsoft.Compute/CreateUpdateDisks3Min;999,Microsoft.Compute/CreateUpdateDisks30Min;7999",
        "x-ms-ratelimit-remaining-subscription-writes": "1198",
        "x-ms-request-id": "276bc2ef-112e-402e-8972-f7971692f234",
        "x-ms-routing-request-id": "JAPANEAST:20210827T060842Z:f06975c9-23a0-4fda-83a1-1168d6202035",
        "x-ms-served-by": "4bf15084-9f45-4a17-82a6-013632a884fb_132661632045392573"
      },
      "ResponseBody": [
        "{\r\n",
        "  \u0022name\u0022: \u0022testDisk-4573\u0022,\r\n",
        "  \u0022location\u0022: \u0022westus2\u0022,\r\n",
        "  \u0022tags\u0022: {},\r\n",
        "  \u0022sku\u0022: {\r\n",
        "    \u0022name\u0022: \u0022Standard_LRS\u0022\r\n",
        "  },\r\n",
        "  \u0022properties\u0022: {\r\n",
        "    \u0022creationData\u0022: {\r\n",
        "      \u0022createOption\u0022: \u0022Empty\u0022\r\n",
        "    },\r\n",
        "    \u0022diskSizeGB\u0022: 1,\r\n",
        "    \u0022provisioningState\u0022: \u0022Updating\u0022,\r\n",
        "    \u0022isArmResource\u0022: true\r\n",
        "  }\r\n",
        "}"
      ]
    },
    {
      "RequestUri": "https://management.azure.com/subscriptions/db1ab6f0-4769-4b27-930e-01e2ef9c123c/providers/Microsoft.Compute/locations/westus2/DiskOperations/276bc2ef-112e-402e-8972-f7971692f234?api-version=2020-12-01",
      "RequestMethod": "GET",
      "RequestHeaders": {
        "Authorization": "Sanitized",
        "User-Agent": "azsdk-net-ResourceManager/1.0.0-alpha.20210823.1 (.NET Framework 4.8.4390.0; Microsoft Windows 10.0.19043 )",
        "x-ms-client-request-id": "01d4b6b1b50c3ac13e74043f18dad0e8",
        "x-ms-return-client-request-id": "true"
      },
      "RequestBody": null,
      "StatusCode": 200,
      "ResponseHeaders": {
        "Cache-Control": "no-cache",
        "Content-Length": "1051",
        "Content-Type": "application/json; charset=utf-8",
        "Date": "Fri, 27 Aug 2021 06:08:42 GMT",
        "Expires": "-1",
        "Pragma": "no-cache",
        "Server": [
          "Microsoft-HTTPAPI/2.0",
          "Microsoft-HTTPAPI/2.0"
        ],
        "Strict-Transport-Security": "max-age=31536000; includeSubDomains",
        "X-Content-Type-Options": "nosniff",
        "x-ms-client-request-id": "01d4b6b1b50c3ac13e74043f18dad0e8",
        "x-ms-correlation-request-id": "70873c9d-d2ca-4e25-9e76-ad8d874466f8",
        "x-ms-ratelimit-remaining-resource": "Microsoft.Compute/GetOperation3Min;49999,Microsoft.Compute/GetOperation30Min;399998",
        "x-ms-ratelimit-remaining-subscription-reads": "11997",
        "x-ms-request-id": "7ae90344-cdac-4ad9-80eb-a589a6fb62f4",
        "x-ms-routing-request-id": "JAPANEAST:20210827T060842Z:70873c9d-d2ca-4e25-9e76-ad8d874466f8",
        "x-ms-served-by": "4bf15084-9f45-4a17-82a6-013632a884fb_132661632045392573"
      },
      "ResponseBody": [
        "{\r\n",
        "  \u0022startTime\u0022: \u00222021-08-27T06:08:42.2548103\u002B00:00\u0022,\r\n",
        "  \u0022endTime\u0022: \u00222021-08-27T06:08:42.3329243\u002B00:00\u0022,\r\n",
        "  \u0022status\u0022: \u0022Succeeded\u0022,\r\n",
        "  \u0022properties\u0022: {\r\n",
        "    \u0022output\u0022: {\r\n",
        "  \u0022name\u0022: \u0022testDisk-4573\u0022,\r\n",
        "  \u0022id\u0022: \u0022/subscriptions/db1ab6f0-4769-4b27-930e-01e2ef9c123c/resourceGroups/testRG-7382/providers/Microsoft.Compute/disks/testDisk-4573\u0022,\r\n",
        "  \u0022type\u0022: \u0022Microsoft.Compute/disks\u0022,\r\n",
        "  \u0022location\u0022: \u0022westus2\u0022,\r\n",
        "  \u0022tags\u0022: {},\r\n",
        "  \u0022sku\u0022: {\r\n",
        "    \u0022name\u0022: \u0022Standard_LRS\u0022,\r\n",
        "    \u0022tier\u0022: \u0022Standard\u0022\r\n",
        "  },\r\n",
        "  \u0022properties\u0022: {\r\n",
        "    \u0022creationData\u0022: {\r\n",
        "      \u0022createOption\u0022: \u0022Empty\u0022\r\n",
        "    },\r\n",
        "    \u0022diskSizeGB\u0022: 1,\r\n",
        "    \u0022diskIOPSReadWrite\u0022: 500,\r\n",
        "    \u0022diskMBpsReadWrite\u0022: 60,\r\n",
        "    \u0022encryption\u0022: {\r\n",
        "      \u0022type\u0022: \u0022EncryptionAtRestWithPlatformKey\u0022\r\n",
        "    },\r\n",
        "    \u0022timeCreated\u0022: \u00222021-08-27T06:08:42.2704883\u002B00:00\u0022,\r\n",
        "    \u0022provisioningState\u0022: \u0022Succeeded\u0022,\r\n",
        "    \u0022diskState\u0022: \u0022Unattached\u0022,\r\n",
        "    \u0022diskSizeBytes\u0022: 1073741824,\r\n",
        "    \u0022uniqueId\u0022: \u002299b57959-6e3f-461f-a061-0695da8160f2\u0022,\r\n",
        "    \u0022networkAccessPolicy\u0022: \u0022AllowAll\u0022\r\n",
        "  }\r\n",
        "}\r\n",
        "  },\r\n",
        "  \u0022name\u0022: \u0022276bc2ef-112e-402e-8972-f7971692f234\u0022\r\n",
        "}"
      ]
    },
    {
      "RequestUri": "https://management.azure.com/subscriptions/db1ab6f0-4769-4b27-930e-01e2ef9c123c/resourceGroups/testRG-7382/providers/Microsoft.Compute/disks/testDisk-4573?api-version=2020-12-01",
      "RequestMethod": "GET",
      "RequestHeaders": {
        "Authorization": "Sanitized",
        "User-Agent": "azsdk-net-ResourceManager/1.0.0-alpha.20210823.1 (.NET Framework 4.8.4390.0; Microsoft Windows 10.0.19043 )",
        "x-ms-client-request-id": "21387edaae3dc8264b3fde136bd5a383",
        "x-ms-return-client-request-id": "true"
      },
      "RequestBody": null,
      "StatusCode": 200,
      "ResponseHeaders": {
        "Cache-Control": "no-cache",
        "Content-Length": "826",
        "Content-Type": "application/json; charset=utf-8",
        "Date": "Fri, 27 Aug 2021 06:08:42 GMT",
        "Expires": "-1",
        "Pragma": "no-cache",
        "Server": [
          "Microsoft-HTTPAPI/2.0",
          "Microsoft-HTTPAPI/2.0"
        ],
        "Strict-Transport-Security": "max-age=31536000; includeSubDomains",
        "X-Content-Type-Options": "nosniff",
        "x-ms-client-request-id": "21387edaae3dc8264b3fde136bd5a383",
        "x-ms-correlation-request-id": "10475a01-0564-4ed9-a938-04a5c2d69d9a",
        "x-ms-ratelimit-remaining-resource": "Microsoft.Compute/LowCostGet3Min;14999,Microsoft.Compute/LowCostGet30Min;119991",
        "x-ms-ratelimit-remaining-subscription-reads": "11996",
        "x-ms-request-id": "3baf4b0e-00ce-4bf0-9353-f6d674f8d7c1",
        "x-ms-routing-request-id": "JAPANEAST:20210827T060842Z:10475a01-0564-4ed9-a938-04a5c2d69d9a",
        "x-ms-served-by": "4bf15084-9f45-4a17-82a6-013632a884fb_132661632045392573"
      },
      "ResponseBody": [
        "{\r\n",
        "  \u0022name\u0022: \u0022testDisk-4573\u0022,\r\n",
        "  \u0022id\u0022: \u0022/subscriptions/db1ab6f0-4769-4b27-930e-01e2ef9c123c/resourceGroups/testRG-7382/providers/Microsoft.Compute/disks/testDisk-4573\u0022,\r\n",
        "  \u0022type\u0022: \u0022Microsoft.Compute/disks\u0022,\r\n",
        "  \u0022location\u0022: \u0022westus2\u0022,\r\n",
        "  \u0022tags\u0022: {},\r\n",
        "  \u0022sku\u0022: {\r\n",
        "    \u0022name\u0022: \u0022Standard_LRS\u0022,\r\n",
        "    \u0022tier\u0022: \u0022Standard\u0022\r\n",
        "  },\r\n",
        "  \u0022properties\u0022: {\r\n",
        "    \u0022creationData\u0022: {\r\n",
        "      \u0022createOption\u0022: \u0022Empty\u0022\r\n",
        "    },\r\n",
        "    \u0022diskSizeGB\u0022: 1,\r\n",
        "    \u0022diskIOPSReadWrite\u0022: 500,\r\n",
        "    \u0022diskMBpsReadWrite\u0022: 60,\r\n",
        "    \u0022encryption\u0022: {\r\n",
        "      \u0022type\u0022: \u0022EncryptionAtRestWithPlatformKey\u0022\r\n",
        "    },\r\n",
        "    \u0022timeCreated\u0022: \u00222021-08-27T06:08:42.2704883\u002B00:00\u0022,\r\n",
        "    \u0022provisioningState\u0022: \u0022Succeeded\u0022,\r\n",
        "    \u0022diskState\u0022: \u0022Unattached\u0022,\r\n",
        "    \u0022diskSizeBytes\u0022: 1073741824,\r\n",
        "    \u0022uniqueId\u0022: \u002299b57959-6e3f-461f-a061-0695da8160f2\u0022,\r\n",
        "    \u0022networkAccessPolicy\u0022: \u0022AllowAll\u0022\r\n",
        "  }\r\n",
        "}"
      ]
    },
    {
      "RequestUri": "https://management.azure.com/subscriptions/db1ab6f0-4769-4b27-930e-01e2ef9c123c/resourceGroups/testRG-7382/providers/Microsoft.Compute/snapshots/testSnapshot-2723?api-version=2020-12-01",
      "RequestMethod": "PUT",
      "RequestHeaders": {
        "Accept": "application/json",
        "Authorization": "Sanitized",
        "Content-Length": "227",
        "Content-Type": "application/json",
        "User-Agent": "azsdk-net-ResourceManager/1.0.0-alpha.20210823.1 (.NET Framework 4.8.4390.0; Microsoft Windows 10.0.19043 )",
        "x-ms-client-request-id": "bdea7a12c20432b7b6e37765dd7ece5b",
        "x-ms-return-client-request-id": "true"
      },
      "RequestBody": {
        "tags": {},
        "location": "westus2",
        "properties": {
          "creationData": {
            "createOption": "copy",
            "sourceUri": "/subscriptions/db1ab6f0-4769-4b27-930e-01e2ef9c123c/resourceGroups/testRG-7382/providers/Microsoft.Compute/disks/testDisk-4573"
          }
        }
      },
      "StatusCode": 202,
      "ResponseHeaders": {
        "Azure-AsyncOperation": "https://management.azure.com/subscriptions/db1ab6f0-4769-4b27-930e-01e2ef9c123c/providers/Microsoft.Compute/locations/westus2/DiskOperations/ede26842-cc6a-46a7-a73a-0ffc2e1842d2?api-version=2020-12-01",
        "Cache-Control": "no-cache",
        "Content-Length": "410",
        "Content-Type": "application/json; charset=utf-8",
        "Date": "Fri, 27 Aug 2021 06:08:44 GMT",
        "Expires": "-1",
        "Location": "https://management.azure.com/subscriptions/db1ab6f0-4769-4b27-930e-01e2ef9c123c/providers/Microsoft.Compute/locations/westus2/DiskOperations/ede26842-cc6a-46a7-a73a-0ffc2e1842d2?monitor=true\u0026api-version=2020-12-01",
        "Pragma": "no-cache",
        "Retry-After": "2",
        "Server": [
          "Microsoft-HTTPAPI/2.0",
          "Microsoft-HTTPAPI/2.0"
        ],
        "Strict-Transport-Security": "max-age=31536000; includeSubDomains",
        "X-Content-Type-Options": "nosniff",
        "x-ms-client-request-id": "bdea7a12c20432b7b6e37765dd7ece5b",
        "x-ms-correlation-request-id": "817b641b-dcfa-4a2e-b826-24d35cdf418a",
        "x-ms-ratelimit-remaining-resource": "Microsoft.Compute/HighCostSnapshotCreateHydrate3Min;999,Microsoft.Compute/HighCostSnapshotCreateHydrate30Min;7999",
        "x-ms-ratelimit-remaining-subscription-writes": "1197",
        "x-ms-request-id": "ede26842-cc6a-46a7-a73a-0ffc2e1842d2",
        "x-ms-routing-request-id": "JAPANEAST:20210827T060844Z:817b641b-dcfa-4a2e-b826-24d35cdf418a",
        "x-ms-served-by": "4bf15084-9f45-4a17-82a6-013632a884fb_132661632045392573"
      },
      "ResponseBody": [
        "{\r\n",
        "  \u0022location\u0022: \u0022westus2\u0022,\r\n",
        "  \u0022tags\u0022: {},\r\n",
        "  \u0022properties\u0022: {\r\n",
        "    \u0022creationData\u0022: {\r\n",
        "      \u0022createOption\u0022: \u0022Copy\u0022,\r\n",
        "      \u0022sourceUri\u0022: \u0022/subscriptions/db1ab6f0-4769-4b27-930e-01e2ef9c123c/resourceGroups/testRG-7382/providers/Microsoft.Compute/disks/testDisk-4573\u0022,\r\n",
        "      \u0022sourceUniqueId\u0022: \u002299b57959-6e3f-461f-a061-0695da8160f2\u0022\r\n",
        "    },\r\n",
        "    \u0022provisioningState\u0022: \u0022Updating\u0022,\r\n",
        "    \u0022isArmResource\u0022: true\r\n",
        "  }\r\n",
        "}"
      ]
    },
    {
      "RequestUri": "https://management.azure.com/subscriptions/db1ab6f0-4769-4b27-930e-01e2ef9c123c/providers/Microsoft.Compute/locations/westus2/DiskOperations/ede26842-cc6a-46a7-a73a-0ffc2e1842d2?api-version=2020-12-01",
      "RequestMethod": "GET",
      "RequestHeaders": {
        "Authorization": "Sanitized",
        "User-Agent": "azsdk-net-ResourceManager/1.0.0-alpha.20210823.1 (.NET Framework 4.8.4390.0; Microsoft Windows 10.0.19043 )",
        "x-ms-client-request-id": "9d2c81d113ef18e4c6066a5a36c1eacd",
        "x-ms-return-client-request-id": "true"
      },
      "RequestBody": null,
      "StatusCode": 200,
      "ResponseHeaders": {
        "Cache-Control": "no-cache",
        "Content-Length": "134",
        "Content-Type": "application/json; charset=utf-8",
        "Date": "Fri, 27 Aug 2021 06:08:44 GMT",
        "Expires": "-1",
        "Pragma": "no-cache",
        "Retry-After": "10",
        "Server": [
          "Microsoft-HTTPAPI/2.0",
          "Microsoft-HTTPAPI/2.0"
        ],
        "Strict-Transport-Security": "max-age=31536000; includeSubDomains",
        "X-Content-Type-Options": "nosniff",
        "x-ms-client-request-id": "9d2c81d113ef18e4c6066a5a36c1eacd",
        "x-ms-correlation-request-id": "e3394766-cf5e-4fd3-8991-a621e3e75e4b",
        "x-ms-ratelimit-remaining-resource": "Microsoft.Compute/GetOperation3Min;49998,Microsoft.Compute/GetOperation30Min;399997",
        "x-ms-ratelimit-remaining-subscription-reads": "11995",
        "x-ms-request-id": "5b30c447-9523-42ce-a578-20ce8fb8bcc2",
        "x-ms-routing-request-id": "JAPANEAST:20210827T060845Z:e3394766-cf5e-4fd3-8991-a621e3e75e4b",
        "x-ms-served-by": "4bf15084-9f45-4a17-82a6-013632a884fb_132661632045392573"
      },
      "ResponseBody": [
        "{\r\n",
        "  \u0022startTime\u0022: \u00222021-08-27T06:08:44.8329488\u002B00:00\u0022,\r\n",
        "  \u0022status\u0022: \u0022InProgress\u0022,\r\n",
        "  \u0022name\u0022: \u0022ede26842-cc6a-46a7-a73a-0ffc2e1842d2\u0022\r\n",
        "}"
      ]
    },
    {
      "RequestUri": "https://management.azure.com/subscriptions/db1ab6f0-4769-4b27-930e-01e2ef9c123c/providers/Microsoft.Compute/locations/westus2/DiskOperations/ede26842-cc6a-46a7-a73a-0ffc2e1842d2?api-version=2020-12-01",
      "RequestMethod": "GET",
      "RequestHeaders": {
        "Authorization": "Sanitized",
        "User-Agent": "azsdk-net-ResourceManager/1.0.0-alpha.20210823.1 (.NET Framework 4.8.4390.0; Microsoft Windows 10.0.19043 )",
        "x-ms-client-request-id": "afad8370bea1af0376e72df70cea5b08",
        "x-ms-return-client-request-id": "true"
      },
      "RequestBody": null,
      "StatusCode": 200,
      "ResponseHeaders": {
        "Cache-Control": "no-cache",
        "Content-Length": "1254",
        "Content-Type": "application/json; charset=utf-8",
        "Date": "Fri, 27 Aug 2021 06:08:45 GMT",
        "Expires": "-1",
        "Pragma": "no-cache",
        "Server": [
          "Microsoft-HTTPAPI/2.0",
          "Microsoft-HTTPAPI/2.0"
        ],
        "Strict-Transport-Security": "max-age=31536000; includeSubDomains",
        "X-Content-Type-Options": "nosniff",
        "x-ms-client-request-id": "afad8370bea1af0376e72df70cea5b08",
        "x-ms-correlation-request-id": "b8bb33d7-bbae-4c38-8cb8-3684fc96faf5",
        "x-ms-ratelimit-remaining-resource": "Microsoft.Compute/GetOperation3Min;49997,Microsoft.Compute/GetOperation30Min;399996",
        "x-ms-ratelimit-remaining-subscription-reads": "11994",
        "x-ms-request-id": "757cdbd1-39b9-42cc-99ff-6b6ffea2785e",
        "x-ms-routing-request-id": "JAPANEAST:20210827T060846Z:b8bb33d7-bbae-4c38-8cb8-3684fc96faf5",
        "x-ms-served-by": "4bf15084-9f45-4a17-82a6-013632a884fb_132661632045392573"
      },
      "ResponseBody": [
        "{\r\n",
        "  \u0022startTime\u0022: \u00222021-08-27T06:08:44.8329488\u002B00:00\u0022,\r\n",
        "  \u0022endTime\u0022: \u00222021-08-27T06:08:45.9110512\u002B00:00\u0022,\r\n",
        "  \u0022status\u0022: \u0022Succeeded\u0022,\r\n",
        "  \u0022properties\u0022: {\r\n",
        "    \u0022output\u0022: {\r\n",
        "  \u0022name\u0022: \u0022testSnapshot-2723\u0022,\r\n",
        "  \u0022id\u0022: \u0022/subscriptions/db1ab6f0-4769-4b27-930e-01e2ef9c123c/resourceGroups/testRG-7382/providers/Microsoft.Compute/snapshots/testSnapshot-2723\u0022,\r\n",
        "  \u0022type\u0022: \u0022Microsoft.Compute/snapshots\u0022,\r\n",
        "  \u0022location\u0022: \u0022westus2\u0022,\r\n",
        "  \u0022tags\u0022: {},\r\n",
        "  \u0022sku\u0022: {\r\n",
        "    \u0022name\u0022: \u0022Standard_LRS\u0022,\r\n",
        "    \u0022tier\u0022: \u0022Standard\u0022\r\n",
        "  },\r\n",
        "  \u0022properties\u0022: {\r\n",
        "    \u0022creationData\u0022: {\r\n",
        "      \u0022createOption\u0022: \u0022Copy\u0022,\r\n",
        "      \u0022sourceResourceId\u0022: \u0022/subscriptions/db1ab6f0-4769-4b27-930e-01e2ef9c123c/resourceGroups/testRG-7382/providers/Microsoft.Compute/disks/testDisk-4573\u0022,\r\n",
        "      \u0022sourceUniqueId\u0022: \u002299b57959-6e3f-461f-a061-0695da8160f2\u0022\r\n",
        "    },\r\n",
        "    \u0022diskSizeGB\u0022: 1,\r\n",
        "    \u0022encryption\u0022: {\r\n",
        "      \u0022type\u0022: \u0022EncryptionAtRestWithPlatformKey\u0022\r\n",
        "    },\r\n",
        "    \u0022incremental\u0022: false,\r\n",
        "    \u0022timeCreated\u0022: \u00222021-08-27T06:08:44.8329488\u002B00:00\u0022,\r\n",
        "    \u0022provisioningState\u0022: \u0022Succeeded\u0022,\r\n",
        "    \u0022diskState\u0022: \u0022Unattached\u0022,\r\n",
        "    \u0022diskSizeBytes\u0022: 1073741824,\r\n",
        "    \u0022uniqueId\u0022: \u002285e8ea03-a5b0-4ff7-88c1-411dcf657f12\u0022,\r\n",
        "    \u0022networkAccessPolicy\u0022: \u0022AllowAll\u0022\r\n",
        "  }\r\n",
        "}\r\n",
        "  },\r\n",
        "  \u0022name\u0022: \u0022ede26842-cc6a-46a7-a73a-0ffc2e1842d2\u0022\r\n",
        "}"
      ]
    },
    {
      "RequestUri": "https://management.azure.com/subscriptions/db1ab6f0-4769-4b27-930e-01e2ef9c123c/resourceGroups/testRG-7382/providers/Microsoft.Compute/snapshots/testSnapshot-2723?api-version=2020-12-01",
      "RequestMethod": "GET",
      "RequestHeaders": {
        "Authorization": "Sanitized",
        "User-Agent": "azsdk-net-ResourceManager/1.0.0-alpha.20210823.1 (.NET Framework 4.8.4390.0; Microsoft Windows 10.0.19043 )",
        "x-ms-client-request-id": "5b930f153051536bd71b1e79f7aaccce",
        "x-ms-return-client-request-id": "true"
      },
      "RequestBody": null,
      "StatusCode": 200,
      "ResponseHeaders": {
        "Cache-Control": "no-cache",
        "Content-Length": "1029",
        "Content-Type": "application/json; charset=utf-8",
        "Date": "Fri, 27 Aug 2021 06:08:46 GMT",
        "Expires": "-1",
        "Pragma": "no-cache",
        "Server": [
          "Microsoft-HTTPAPI/2.0",
          "Microsoft-HTTPAPI/2.0"
        ],
        "Strict-Transport-Security": "max-age=31536000; includeSubDomains",
        "X-Content-Type-Options": "nosniff",
        "x-ms-client-request-id": "5b930f153051536bd71b1e79f7aaccce",
        "x-ms-correlation-request-id": "0b19f466-e0d4-43d4-b5e4-930adb6e3f1c",
        "x-ms-ratelimit-remaining-resource": "Microsoft.Compute/LowCostGet3Min;14998,Microsoft.Compute/LowCostGet30Min;119990",
        "x-ms-ratelimit-remaining-subscription-reads": "11993",
        "x-ms-request-id": "28db7190-4018-41f4-a17f-c1fb7104e8ee",
        "x-ms-routing-request-id": "JAPANEAST:20210827T060846Z:0b19f466-e0d4-43d4-b5e4-930adb6e3f1c",
        "x-ms-served-by": "4bf15084-9f45-4a17-82a6-013632a884fb_132661632045392573"
      },
      "ResponseBody": [
        "{\r\n",
        "  \u0022name\u0022: \u0022testSnapshot-2723\u0022,\r\n",
        "  \u0022id\u0022: \u0022/subscriptions/db1ab6f0-4769-4b27-930e-01e2ef9c123c/resourceGroups/testRG-7382/providers/Microsoft.Compute/snapshots/testSnapshot-2723\u0022,\r\n",
        "  \u0022type\u0022: \u0022Microsoft.Compute/snapshots\u0022,\r\n",
        "  \u0022location\u0022: \u0022westus2\u0022,\r\n",
        "  \u0022tags\u0022: {},\r\n",
        "  \u0022sku\u0022: {\r\n",
        "    \u0022name\u0022: \u0022Standard_LRS\u0022,\r\n",
        "    \u0022tier\u0022: \u0022Standard\u0022\r\n",
        "  },\r\n",
        "  \u0022properties\u0022: {\r\n",
        "    \u0022creationData\u0022: {\r\n",
        "      \u0022createOption\u0022: \u0022Copy\u0022,\r\n",
        "      \u0022sourceResourceId\u0022: \u0022/subscriptions/db1ab6f0-4769-4b27-930e-01e2ef9c123c/resourceGroups/testRG-7382/providers/Microsoft.Compute/disks/testDisk-4573\u0022,\r\n",
        "      \u0022sourceUniqueId\u0022: \u002299b57959-6e3f-461f-a061-0695da8160f2\u0022\r\n",
        "    },\r\n",
        "    \u0022diskSizeGB\u0022: 1,\r\n",
        "    \u0022encryption\u0022: {\r\n",
        "      \u0022type\u0022: \u0022EncryptionAtRestWithPlatformKey\u0022\r\n",
        "    },\r\n",
        "    \u0022incremental\u0022: false,\r\n",
        "    \u0022timeCreated\u0022: \u00222021-08-27T06:08:44.8329488\u002B00:00\u0022,\r\n",
        "    \u0022provisioningState\u0022: \u0022Succeeded\u0022,\r\n",
        "    \u0022diskState\u0022: \u0022Unattached\u0022,\r\n",
        "    \u0022diskSizeBytes\u0022: 1073741824,\r\n",
        "    \u0022uniqueId\u0022: \u002285e8ea03-a5b0-4ff7-88c1-411dcf657f12\u0022,\r\n",
        "    \u0022networkAccessPolicy\u0022: \u0022AllowAll\u0022\r\n",
        "  }\r\n",
        "}"
      ]
    },
    {
      "RequestUri": "https://management.azure.com/subscriptions/db1ab6f0-4769-4b27-930e-01e2ef9c123c/resourceGroups/testRG-7382/providers/Microsoft.Compute/snapshots/testSnapshot-2723?api-version=2020-12-01",
      "RequestMethod": "DELETE",
      "RequestHeaders": {
        "Authorization": "Sanitized",
        "User-Agent": "azsdk-net-ResourceManager/1.0.0-alpha.20210823.1 (.NET Framework 4.8.4390.0; Microsoft Windows 10.0.19043 )",
        "x-ms-client-request-id": "535be7211e0012c67d7d2708e6ec0bdb",
        "x-ms-return-client-request-id": "true"
      },
      "RequestBody": null,
      "StatusCode": 202,
      "ResponseHeaders": {
        "Azure-AsyncOperation": "https://management.azure.com/subscriptions/db1ab6f0-4769-4b27-930e-01e2ef9c123c/providers/Microsoft.Compute/locations/westus2/DiskOperations/cb1176bf-cfc9-448e-b8d8-06cd9791c653?api-version=2020-12-01",
        "Cache-Control": "no-cache",
        "Content-Length": "0",
        "Date": "Fri, 27 Aug 2021 06:08:46 GMT",
        "Expires": "-1",
        "Location": "https://management.azure.com/subscriptions/db1ab6f0-4769-4b27-930e-01e2ef9c123c/providers/Microsoft.Compute/locations/westus2/DiskOperations/cb1176bf-cfc9-448e-b8d8-06cd9791c653?monitor=true\u0026api-version=2020-12-01",
        "Pragma": "no-cache",
        "Server": [
          "Microsoft-HTTPAPI/2.0",
          "Microsoft-HTTPAPI/2.0"
        ],
        "Strict-Transport-Security": "max-age=31536000; includeSubDomains",
        "X-Content-Type-Options": "nosniff",
        "x-ms-client-request-id": "535be7211e0012c67d7d2708e6ec0bdb",
        "x-ms-correlation-request-id": "1417bdf2-abde-4261-bb3b-c8184ec883d7",
        "x-ms-ratelimit-remaining-resource": "Microsoft.Compute/DeleteDisks3Min;2999,Microsoft.Compute/DeleteDisks30Min;23998",
        "x-ms-ratelimit-remaining-subscription-deletes": "14999",
        "x-ms-request-id": "cb1176bf-cfc9-448e-b8d8-06cd9791c653",
        "x-ms-routing-request-id": "JAPANEAST:20210827T060847Z:1417bdf2-abde-4261-bb3b-c8184ec883d7",
        "x-ms-served-by": "4bf15084-9f45-4a17-82a6-013632a884fb_132661632045392573"
      },
      "ResponseBody": []
    },
    {
      "RequestUri": "https://management.azure.com/subscriptions/db1ab6f0-4769-4b27-930e-01e2ef9c123c/providers/Microsoft.Compute/locations/westus2/DiskOperations/cb1176bf-cfc9-448e-b8d8-06cd9791c653?api-version=2020-12-01",
      "RequestMethod": "GET",
      "RequestHeaders": {
        "Authorization": "Sanitized",
        "User-Agent": "azsdk-net-ResourceManager/1.0.0-alpha.20210823.1 (.NET Framework 4.8.4390.0; Microsoft Windows 10.0.19043 )",
        "x-ms-client-request-id": "24d65e1b088ff7084880ded409636deb",
        "x-ms-return-client-request-id": "true"
      },
      "RequestBody": null,
      "StatusCode": 200,
      "ResponseHeaders": {
        "Cache-Control": "no-cache",
        "Content-Length": "183",
        "Content-Type": "application/json; charset=utf-8",
        "Date": "Fri, 27 Aug 2021 06:08:46 GMT",
        "Expires": "-1",
        "Pragma": "no-cache",
        "Server": [
          "Microsoft-HTTPAPI/2.0",
          "Microsoft-HTTPAPI/2.0"
        ],
        "Strict-Transport-Security": "max-age=31536000; includeSubDomains",
        "X-Content-Type-Options": "nosniff",
        "x-ms-client-request-id": "24d65e1b088ff7084880ded409636deb",
        "x-ms-correlation-request-id": "8a8c8945-23cf-4cce-8e4e-cdfe342c6fcd",
        "x-ms-ratelimit-remaining-resource": "Microsoft.Compute/GetOperation3Min;49996,Microsoft.Compute/GetOperation30Min;399995",
        "x-ms-ratelimit-remaining-subscription-reads": "11992",
        "x-ms-request-id": "f75ca986-ac57-4f80-86de-af40b33acf14",
        "x-ms-routing-request-id": "JAPANEAST:20210827T060847Z:8a8c8945-23cf-4cce-8e4e-cdfe342c6fcd",
        "x-ms-served-by": "4bf15084-9f45-4a17-82a6-013632a884fb_132661632045392573"
      },
      "ResponseBody": [
        "{\r\n",
        "  \u0022startTime\u0022: \u00222021-08-27T06:08:47.207962\u002B00:00\u0022,\r\n",
        "  \u0022endTime\u0022: \u00222021-08-27T06:08:47.3798445\u002B00:00\u0022,\r\n",
        "  \u0022status\u0022: \u0022Succeeded\u0022,\r\n",
        "  \u0022name\u0022: \u0022cb1176bf-cfc9-448e-b8d8-06cd9791c653\u0022\r\n",
        "}"
      ]
    }
  ],
  "Variables": {
    "RandomSeed": "807952434",
    "RESOURCE_MANAGER_URL": null,
    "SUBSCRIPTION_ID": "db1ab6f0-4769-4b27-930e-01e2ef9c123c"
  }
}