{
  "Entries": [
    {
      "RequestUri": "https://rooms-ppe-us.ppe.communication.azure.net/identities?api-version=2021-03-07",
      "RequestMethod": "POST",
      "RequestHeaders": {
        "Accept": "application/json",
        "Authorization": "Sanitized",
        "Content-Length": "2",
        "Content-Type": "application/json",
        "traceparent": "00-cbd686df8b8bcdd8165b6582bd7a0d77-7f82d686e23080fe-00",
        "User-Agent": "azsdk-net-Communication.Identity/1.1.0-alpha.20220621.1 (.NET 6.0.6; Microsoft Windows 10.0.22000)",
        "x-ms-client-request-id": "b31e347d83201105d7850a4c42f5fb10",
        "x-ms-content-sha256": "Sanitized",
        "x-ms-date": "Tue, 21 Jun 2022 20:49:38 GMT",
        "x-ms-return-client-request-id": "true"
      },
      "RequestBody": {},
      "StatusCode": 201,
      "ResponseHeaders": {
        "api-supported-versions": "2020-07-20-preview2, 2021-02-22-preview1, 2021-03-07, 2021-10-31-preview, 2021-11-01, 2022-06-01",
        "Content-Length": "101",
        "Content-Type": "application/json; charset=utf-8",
        "Date": "Tue, 21 Jun 2022 20:49:38 GMT",
        "MS-CV": "9ziV0f8qeEKxcF5/HjpjPQ.0",
        "Request-Context": "appId=",
        "Strict-Transport-Security": "max-age=2592000",
        "X-Azure-Ref": "04i6yYgAAAABdu67SqWfKTZEs\u002BOwNUlYbWVZSMzExMDAwMTE2MDIzAGYwOWE0YzEzLTIxZjEtNDhlYy05Y2Y3LTY2NTQ1Njg0YjY0Mg==",
        "X-Cache": "CONFIG_NOCACHE",
        "x-ms-client-request-id": "b31e347d83201105d7850a4c42f5fb10",
        "X-Processing-Time": "32ms"
      },
      "ResponseBody": {
        "identity": {
          "id": "8:acs:db75ed0c-e801-41a3-99a4-66a0a119a06c_00000012-27e8-c964-07fd-084822006366"
        }
      }
    },
    {
      "RequestUri": "https://rooms-ppe-us.ppe.communication.azure.net/identities?api-version=2021-03-07",
      "RequestMethod": "POST",
      "RequestHeaders": {
        "Accept": "application/json",
        "Authorization": "Sanitized",
        "Content-Length": "2",
        "Content-Type": "application/json",
        "traceparent": "00-2adb5ffd4d895e11bdbe430c535c2476-83f3ca3cf7a06661-00",
        "User-Agent": "azsdk-net-Communication.Identity/1.1.0-alpha.20220621.1 (.NET 6.0.6; Microsoft Windows 10.0.22000)",
        "x-ms-client-request-id": "88a9af5fe2a721b38d4511ab8d4d85d7",
        "x-ms-content-sha256": "Sanitized",
        "x-ms-date": "Tue, 21 Jun 2022 20:49:38 GMT",
        "x-ms-return-client-request-id": "true"
      },
      "RequestBody": {},
      "StatusCode": 201,
      "ResponseHeaders": {
        "api-supported-versions": "2020-07-20-preview2, 2021-02-22-preview1, 2021-03-07, 2021-10-31-preview, 2021-11-01, 2022-06-01",
        "Content-Length": "101",
        "Content-Type": "application/json; charset=utf-8",
        "Date": "Tue, 21 Jun 2022 20:49:38 GMT",
        "MS-CV": "4JE1apOLqkauwU1RsdDk1w.0",
        "Request-Context": "appId=",
        "Strict-Transport-Security": "max-age=2592000",
        "X-Azure-Ref": "04i6yYgAAAABXyU2PYBQORLpq6sY20RoLWVZSMzExMDAwMTE2MDIzAGYwOWE0YzEzLTIxZjEtNDhlYy05Y2Y3LTY2NTQ1Njg0YjY0Mg==",
        "X-Cache": "CONFIG_NOCACHE",
        "x-ms-client-request-id": "88a9af5fe2a721b38d4511ab8d4d85d7",
        "X-Processing-Time": "29ms"
      },
      "ResponseBody": {
        "identity": {
          "id": "8:acs:db75ed0c-e801-41a3-99a4-66a0a119a06c_00000012-27e8-c9a8-07fd-084822006367"
        }
      }
    },
    {
      "RequestUri": "https://rooms-ppe-us.ppe.communication.azure.net/rooms?api-version=2022-02-01",
      "RequestMethod": "POST",
      "RequestHeaders": {
        "Accept": "application/json",
        "Authorization": "Sanitized",
        "Content-Length": "437",
        "Content-Type": "application/json",
        "Repeatability-First-Sent": "2022-06-21T20:49:38.6681614Z",
        "Repeatability-Request-ID": "e2d231d5-e090-4bec-ac3b-24ba508b2b7c",
        "traceparent": "00-0884f6aad011293eb96260edd30a3646-5dfd8ebd7816dad9-00",
        "User-Agent": "azsdk-net-Communication.Rooms/1.0.0-alpha.20220621.1 (.NET 6.0.6; Microsoft Windows 10.0.22000)",
        "x-ms-client-request-id": "d57be0a096e0d46c0d4da2ee27b2b583",
        "x-ms-content-sha256": "Sanitized",
        "x-ms-date": "Tue, 21 Jun 2022 20:49:38 GMT",
        "x-ms-return-client-request-id": "true"
      },
      "RequestBody": {
        "validFrom": "2022-06-21T20:49:38.6657409Z",
        "validUntil": "2022-06-22T20:49:38.6657409Z",
        "roomOpen": false,
        "participants": [
          {
            "communicationIdentifier": {
              "communicationUser": {
                "id": "8:acs:db75ed0c-e801-41a3-99a4-66a0a119a06c_00000012-27e8-c964-07fd-084822006366"
              }
            },
            "role": "Presenter"
          },
          {
            "communicationIdentifier": {
              "communicationUser": {
                "id": "8:acs:db75ed0c-e801-41a3-99a4-66a0a119a06c_00000012-27e8-c9a8-07fd-084822006367"
              }
            },
            "role": "Attendee"
          }
        ]
      },
      "StatusCode": 201,
      "ResponseHeaders": {
        "api-supported-versions": "2021-04-07, 2022-02-01",
        "Content-Type": "application/json; charset=utf-8",
        "Date": "Tue, 21 Jun 2022 20:49:38 GMT",
        "Location": "99496919280341765",
        "MS-CV": "HeVKMTyeDUCpzigGfBooSQ.0",
        "Repeatability-Result": "accepted",
        "Transfer-Encoding": "chunked",
        "X-Azure-Ref": "04i6yYgAAAAB8Z3oYbIp4QaQjImqyK7cIWVZSMzExMDAwMTE2MDIzAGYwOWE0YzEzLTIxZjEtNDhlYy05Y2Y3LTY2NTQ1Njg0YjY0Mg==",
        "X-Cache": "CONFIG_NOCACHE"
      },
      "ResponseBody": {
        "id": "99496919280341765",
        "createdDateTime": "2022-06-21T20:49:38.9756472\u002B00:00",
        "validFrom": "2022-06-21T20:49:38.6657409\u002B00:00",
        "validUntil": "2022-06-22T20:49:38.6657409\u002B00:00",
        "participants": [
          {
            "communicationIdentifier": {
              "rawId": "8:acs:db75ed0c-e801-41a3-99a4-66a0a119a06c_00000012-27e8-c964-07fd-084822006366",
              "communicationUser": {
                "id": "8:acs:db75ed0c-e801-41a3-99a4-66a0a119a06c_00000012-27e8-c964-07fd-084822006366"
              }
            },
            "role": "Presenter"
          },
          {
            "communicationIdentifier": {
              "rawId": "8:acs:db75ed0c-e801-41a3-99a4-66a0a119a06c_00000012-27e8-c9a8-07fd-084822006367",
              "communicationUser": {
                "id": "8:acs:db75ed0c-e801-41a3-99a4-66a0a119a06c_00000012-27e8-c9a8-07fd-084822006367"
              }
            },
            "role": "Attendee"
          }
        ]
      }
    },
    {
      "RequestUri": "https://rooms-ppe-us.ppe.communication.azure.net/rooms/99496919280341765?api-version=2022-02-01",
      "RequestMethod": "PATCH",
      "RequestHeaders": {
        "Accept": "application/json",
        "Authorization": "Sanitized",
        "Content-Length": "105",
        "Content-Type": "application/json",
        "traceparent": "00-eae22379cd336910baad291baa990d05-6f7bba237faebf5d-00",
        "User-Agent": "azsdk-net-Communication.Rooms/1.0.0-alpha.20220621.1 (.NET 6.0.6; Microsoft Windows 10.0.22000)",
        "x-ms-client-request-id": "d656e7d6bbca9bef80fd25da725a848a",
        "x-ms-content-sha256": "Sanitized",
        "x-ms-date": "Tue, 21 Jun 2022 20:49:39 GMT",
        "x-ms-return-client-request-id": "true"
      },
      "RequestBody": {
        "validFrom": "2022-06-21T20:49:38.6657409Z",
        "validUntil": "2022-06-22T20:49:38.6657409Z",
        "roomOpen": false
      },
      "StatusCode": 200,
      "ResponseHeaders": {
        "api-supported-versions": "2021-04-07, 2022-02-01",
        "Content-Type": "application/json; charset=utf-8",
        "Date": "Tue, 21 Jun 2022 20:49:39 GMT",
        "MS-CV": "MlFOR\u002BVo2EWu7pztnc4l7A.0",
        "Transfer-Encoding": "chunked",
        "X-Azure-Ref": "04y6yYgAAAABawDGqWAbyQ7vyrGRNuexZWVZSMzExMDAwMTE2MDIzAGYwOWE0YzEzLTIxZjEtNDhlYy05Y2Y3LTY2NTQ1Njg0YjY0Mg==",
        "X-Cache": "CONFIG_NOCACHE"
      },
      "ResponseBody": {
        "id": "99496919280341765",
        "createdDateTime": "2022-06-21T20:49:38.9756472\u002B00:00",
        "validFrom": "2022-06-21T20:49:38.6657409\u002B00:00",
        "validUntil": "2022-06-22T20:49:38.6657409\u002B00:00",
        "participants": [
          {
            "communicationIdentifier": {
              "rawId": "8:acs:db75ed0c-e801-41a3-99a4-66a0a119a06c_00000012-27e8-c964-07fd-084822006366",
              "communicationUser": {
                "id": "8:acs:db75ed0c-e801-41a3-99a4-66a0a119a06c_00000012-27e8-c964-07fd-084822006366"
              }
            },
            "role": "Presenter"
          },
          {
            "communicationIdentifier": {
              "rawId": "8:acs:db75ed0c-e801-41a3-99a4-66a0a119a06c_00000012-27e8-c9a8-07fd-084822006367",
              "communicationUser": {
                "id": "8:acs:db75ed0c-e801-41a3-99a4-66a0a119a06c_00000012-27e8-c9a8-07fd-084822006367"
              }
            },
            "role": "Attendee"
          }
        ]
      }
    },
    {
      "RequestUri": "https://rooms-ppe-us.ppe.communication.azure.net/rooms/99496919280341765?api-version=2022-02-01",
      "RequestMethod": "GET",
      "RequestHeaders": {
        "Accept": "application/json",
        "Authorization": "Sanitized",
        "traceparent": "00-228eaee84829886eff69b31b4012ccca-d11a471c53bc223a-00",
        "User-Agent": "azsdk-net-Communication.Rooms/1.0.0-alpha.20220621.1 (.NET 6.0.6; Microsoft Windows 10.0.22000)",
        "x-ms-client-request-id": "62ab3300267ac83043d47b5a40c4f9db",
        "x-ms-content-sha256": "Sanitized",
        "x-ms-date": "Tue, 21 Jun 2022 20:49:39 GMT",
        "x-ms-return-client-request-id": "true"
      },
      "RequestBody": null,
      "StatusCode": 200,
      "ResponseHeaders": {
        "api-supported-versions": "2021-04-07, 2022-02-01",
        "Content-Type": "application/json; charset=utf-8",
        "Date": "Tue, 21 Jun 2022 20:49:39 GMT",
        "MS-CV": "n9BRJ1gN6k2vZ3nrV1eVMQ.0",
        "Transfer-Encoding": "chunked",
        "X-Azure-Ref": "04y6yYgAAAAD6PZcNUwb0T5cPwf8k79NEWVZSMzExMDAwMTE2MDIzAGYwOWE0YzEzLTIxZjEtNDhlYy05Y2Y3LTY2NTQ1Njg0YjY0Mg==",
        "X-Cache": "CONFIG_NOCACHE"
      },
      "ResponseBody": {
        "id": "99496919280341765",
        "createdDateTime": "2022-06-21T20:49:38.9756472\u002B00:00",
        "validFrom": "2022-06-21T20:49:38.6657409\u002B00:00",
        "validUntil": "2022-06-22T20:49:38.6657409\u002B00:00",
        "participants": [
          {
            "communicationIdentifier": {
              "rawId": "8:acs:db75ed0c-e801-41a3-99a4-66a0a119a06c_00000012-27e8-c964-07fd-084822006366",
              "communicationUser": {
                "id": "8:acs:db75ed0c-e801-41a3-99a4-66a0a119a06c_00000012-27e8-c964-07fd-084822006366"
              }
            },
            "role": "Presenter"
          },
          {
            "communicationIdentifier": {
              "rawId": "8:acs:db75ed0c-e801-41a3-99a4-66a0a119a06c_00000012-27e8-c9a8-07fd-084822006367",
              "communicationUser": {
                "id": "8:acs:db75ed0c-e801-41a3-99a4-66a0a119a06c_00000012-27e8-c9a8-07fd-084822006367"
              }
            },
            "role": "Attendee"
          }
        ]
      }
    },
    {
      "RequestUri": "https://rooms-ppe-us.ppe.communication.azure.net/rooms/99496919280341765?api-version=2022-02-01",
      "RequestMethod": "DELETE",
      "RequestHeaders": {
        "Accept": "application/json",
        "Authorization": "Sanitized",
        "traceparent": "00-0628b7dad48dc825ca3256a1e343b13c-5a175832671f6b18-00",
        "User-Agent": "azsdk-net-Communication.Rooms/1.0.0-alpha.20220621.1 (.NET 6.0.6; Microsoft Windows 10.0.22000)",
        "x-ms-client-request-id": "a5d48e8faef7e50cf0e054e2719162b2",
        "x-ms-content-sha256": "Sanitized",
        "x-ms-date": "Tue, 21 Jun 2022 20:49:39 GMT",
        "x-ms-return-client-request-id": "true"
      },
      "RequestBody": null,
      "StatusCode": 204,
      "ResponseHeaders": {
        "api-supported-versions": "2021-04-07, 2022-02-01",
        "Date": "Tue, 21 Jun 2022 20:49:39 GMT",
        "MS-CV": "IhxreddnGkSWsIFqeTZfgw.0",
        "X-Azure-Ref": "04y6yYgAAAAAAz\u002BdL2xraQ7ICuDHwmiSHWVZSMzExMDAwMTE2MDIzAGYwOWE0YzEzLTIxZjEtNDhlYy05Y2Y3LTY2NTQ1Njg0YjY0Mg==",
        "X-Cache": "CONFIG_NOCACHE"
      },
      "ResponseBody": null
    }
  ],
  "Variables": {
    "COMMUNICATION_LIVETEST_DYNAMIC_CONNECTION_STRING": "endpoint=https://rooms-ppe-us.ppe.communication.azure.net/;accesskey=Kg==",
    "RandomSeed": "659399843"
  }
}
