{
  "Entries": [
    {
      "RequestUri": "https://seanhnscanada.blob.core.windows.net/test-filesystem-e99d8102-36ec-834b-2254-e50d49c3aded?restype=container",
      "RequestMethod": "PUT",
      "RequestHeaders": {
        "Accept": "application/xml",
        "Authorization": "Sanitized",
        "Content-Length": "0",
        "traceparent": "00-ce2045be8292a412aec913237b42d228-bd20821002f000db-00",
        "User-Agent": "azsdk-net-Storage.Files.DataLake/12.12.0-alpha.20220713.1 (.NET 6.0.7; Microsoft Windows 10.0.19044)",
        "x-ms-blob-public-access": "container",
        "x-ms-client-request-id": "9e1e517c-02a7-5d1a-59f9-966dfd4f18de",
        "x-ms-date": "Wed, 13 Jul 2022 17:05:44 GMT",
        "x-ms-return-client-request-id": "true",
        "x-ms-version": "2021-08-06"
      },
      "RequestBody": null,
      "StatusCode": 201,
      "ResponseHeaders": {
        "Content-Length": "0",
        "Date": "Wed, 13 Jul 2022 17:05:43 GMT",
        "ETag": "\u00220x8DA64F1EC89696F\u0022",
        "Last-Modified": "Wed, 13 Jul 2022 17:05:44 GMT",
        "Server": [
          "Windows-Azure-Blob/1.0",
          "Microsoft-HTTPAPI/2.0"
        ],
        "x-ms-client-request-id": "9e1e517c-02a7-5d1a-59f9-966dfd4f18de",
        "x-ms-request-id": "b5f1def2-e01e-0076-2cda-96f5fa000000",
        "x-ms-version": "2021-08-06"
      },
      "ResponseBody": null
    },
    {
      "RequestUri": "https://seanhnscanada.dfs.core.windows.net/test-filesystem-e99d8102-36ec-834b-2254-e50d49c3aded/test-directory-59a92a13-5f2a-6bb5-1d54-7eca2a97bba5?resource=directory",
      "RequestMethod": "PUT",
      "RequestHeaders": {
        "Accept": "application/json",
        "Authorization": "Sanitized",
        "Content-Length": "0",
        "traceparent": "00-5ed56a1ba38c56d7ee8362fb6b66533e-39f7d7377dca3547-00",
        "User-Agent": "azsdk-net-Storage.Files.DataLake/12.12.0-alpha.20220713.1 (.NET 6.0.7; Microsoft Windows 10.0.19044)",
        "x-ms-client-request-id": "9da12d09-c5d3-1da1-9bb2-8053845033c2",
        "x-ms-date": "Wed, 13 Jul 2022 17:05:44 GMT",
        "x-ms-return-client-request-id": "true",
        "x-ms-version": "2021-08-06"
      },
      "RequestBody": null,
      "StatusCode": 201,
      "ResponseHeaders": {
        "Content-Length": "0",
        "Date": "Wed, 13 Jul 2022 17:05:44 GMT",
        "ETag": "\u00220x8DA64F1EC991203\u0022",
        "Last-Modified": "Wed, 13 Jul 2022 17:05:44 GMT",
        "Server": [
          "Windows-Azure-HDFS/1.0",
          "Microsoft-HTTPAPI/2.0"
        ],
        "x-ms-client-request-id": "9da12d09-c5d3-1da1-9bb2-8053845033c2",
        "x-ms-request-id": "43248b48-201f-0056-01da-968e5d000000",
        "x-ms-request-server-encrypted": "true",
        "x-ms-version": "2021-08-06"
      },
      "ResponseBody": null
    },
    {
      "RequestUri": "https://seanhnscanada.dfs.core.windows.net/test-filesystem-e99d8102-36ec-834b-2254-e50d49c3aded/test-directory-59a92a13-5f2a-6bb5-1d54-7eca2a97bba5/test-file-e438f03d-20be-0439-e360-3df738c86b28?resource=file\u0026blobtype=appendblob",
      "RequestMethod": "PUT",
      "RequestHeaders": {
        "Accept": "application/json",
        "Authorization": "Sanitized",
        "Content-Length": "0",
        "traceparent": "00-e70aa479bc4ec3c7dfc7ff2f429b2d02-177aa04673e75139-00",
        "User-Agent": "azsdk-net-Storage.Files.DataLake/12.12.0-alpha.20220713.1 (.NET 6.0.7; Microsoft Windows 10.0.19044)",
        "x-ms-client-request-id": "224b5746-368f-1fcc-1fc8-6d4bc54875f0",
        "x-ms-date": "Wed, 13 Jul 2022 17:05:44 GMT",
        "x-ms-owner": "fcc06208-1ef6-6fd1-7773-5bf18ff2c3ca",
        "x-ms-return-client-request-id": "true",
        "x-ms-version": "2021-08-06"
      },
      "RequestBody": null,
      "StatusCode": 201,
      "ResponseHeaders": {
        "Content-Length": "0",
        "Date": "Wed, 13 Jul 2022 17:05:44 GMT",
        "ETag": "\u00220x8DA64F1ECA890FF\u0022",
        "Last-Modified": "Wed, 13 Jul 2022 17:05:44 GMT",
        "Server": [
          "Windows-Azure-HDFS/1.0",
          "Microsoft-HTTPAPI/2.0"
        ],
        "x-ms-client-request-id": "224b5746-368f-1fcc-1fc8-6d4bc54875f0",
        "x-ms-request-id": "43248b4c-201f-0056-05da-968e5d000000",
        "x-ms-request-server-encrypted": "true",
        "x-ms-version": "2021-08-06"
      },
      "ResponseBody": null
    },
    {
      "RequestUri": "https://seanhnscanada.dfs.core.windows.net/test-filesystem-e99d8102-36ec-834b-2254-e50d49c3aded/test-directory-59a92a13-5f2a-6bb5-1d54-7eca2a97bba5/test-file-e438f03d-20be-0439-e360-3df738c86b28?action=getAccessControl",
      "RequestMethod": "HEAD",
      "RequestHeaders": {
        "Accept": "application/json",
        "Authorization": "Sanitized",
        "traceparent": "00-00eb904e9b2f395fc26aa40b28d1159e-faf9c0ecbd9e972e-00",
        "User-Agent": "azsdk-net-Storage.Files.DataLake/12.12.0-alpha.20220713.1 (.NET 6.0.7; Microsoft Windows 10.0.19044)",
        "x-ms-client-request-id": "37aa888f-a1a7-c93b-968f-f0f4fa1123ab",
        "x-ms-date": "Wed, 13 Jul 2022 17:05:44 GMT",
        "x-ms-return-client-request-id": "true",
        "x-ms-version": "2021-08-06"
      },
      "RequestBody": null,
      "StatusCode": 200,
      "ResponseHeaders": {
        "Date": "Wed, 13 Jul 2022 17:05:44 GMT",
        "ETag": "\u00220x8DA64F1ECA890FF\u0022",
        "Last-Modified": "Wed, 13 Jul 2022 17:05:44 GMT",
        "Server": [
          "Windows-Azure-HDFS/1.0",
          "Microsoft-HTTPAPI/2.0"
        ],
        "x-ms-acl": "user::rw-,group::r--,other::---",
        "x-ms-client-request-id": "37aa888f-a1a7-c93b-968f-f0f4fa1123ab",
        "x-ms-group": "$superuser",
        "x-ms-owner": "fcc06208-1ef6-6fd1-7773-5bf18ff2c3ca",
        "x-ms-permissions": "rw-r-----",
        "x-ms-request-id": "43248b4d-201f-0056-06da-968e5d000000",
        "x-ms-version": "2021-08-06"
      },
      "ResponseBody": null
    },
    {
      "RequestUri": "https://seanhnscanada.blob.core.windows.net/test-filesystem-e99d8102-36ec-834b-2254-e50d49c3aded?restype=container",
      "RequestMethod": "DELETE",
      "RequestHeaders": {
        "Accept": "application/xml",
        "Authorization": "Sanitized",
        "traceparent": "00-fd7d4eb14aa6de3c53eb9df2b929c811-0e48204788d98b9a-00",
        "User-Agent": "azsdk-net-Storage.Files.DataLake/12.12.0-alpha.20220713.1 (.NET 6.0.7; Microsoft Windows 10.0.19044)",
        "x-ms-client-request-id": "3cbca0e1-3e9d-fc48-372d-3e896c76a6f3",
        "x-ms-date": "Wed, 13 Jul 2022 17:05:44 GMT",
        "x-ms-return-client-request-id": "true",
        "x-ms-version": "2021-08-06"
      },
      "RequestBody": null,
      "StatusCode": 202,
      "ResponseHeaders": {
        "Content-Length": "0",
        "Date": "Wed, 13 Jul 2022 17:05:44 GMT",
        "Server": [
          "Windows-Azure-Blob/1.0",
          "Microsoft-HTTPAPI/2.0"
        ],
        "x-ms-client-request-id": "3cbca0e1-3e9d-fc48-372d-3e896c76a6f3",
        "x-ms-request-id": "b5f1e063-e01e-0076-79da-96f5fa000000",
        "x-ms-version": "2021-08-06"
      },
      "ResponseBody": null
    }
  ],
  "Variables": {
    "RandomSeed": "1859230781",
    "Storage_TestConfigHierarchicalNamespace": "NamespaceTenant\nseanhnscanada\nU2FuaXRpemVk\nhttps://seanhnscanada.blob.core.windows.net\nhttps://seancanaryv3.file.core.windows.net\nhttps://seanhnscanada.queue.core.windows.net\nhttps://seanhnscanada.table.core.windows.net\n\n\n\n\nhttps://seanhnscanada-secondary.blob.core.windows.net\nhttps://seanhnscanada-secondary.file.core.windows.net\nhttps://seanhnscanada-secondary.queue.core.windows.net\nhttps://seanhnscanada-secondary.table.core.windows.net\n68390a19-a643-458b-b726-408abf67b4fc\nSanitized\n72f988bf-86f1-41af-91ab-2d7cd011db47\nhttps://login.microsoftonline.com/\nCloud\nBlobEndpoint=https://seanhnscanada.blob.core.windows.net/;QueueEndpoint=https://seanhnscanada.queue.core.windows.net/;FileEndpoint=https://seancanaryv3.file.core.windows.net/;BlobSecondaryEndpoint=https://seanhnscanada-secondary.blob.core.windows.net/;QueueSecondaryEndpoint=https://seanhnscanada-secondary.queue.core.windows.net/;FileSecondaryEndpoint=https://seanhnscanada-secondary.file.core.windows.net/;AccountName=seanhnscanada;AccountKey=Sanitized\nseanscope1\nXClient\n"
  }
}
