{
  "Entries": [
    {
      "RequestUri": "https://seanhnscanada.blob.core.windows.net/test-filesystem-cd25ea77-74b7-1392-1753-63ca39c078d5?restype=container",
      "RequestMethod": "PUT",
      "RequestHeaders": {
        "Accept": "application/xml",
        "Authorization": "Sanitized",
        "Content-Length": "0",
        "traceparent": "00-65144ddd8fc8f9002786533469109a55-a9cf4f2981d75b12-00",
        "User-Agent": "azsdk-net-Storage.Files.DataLake/12.12.0-alpha.20220713.1 (.NET 6.0.7; Microsoft Windows 10.0.19044)",
        "x-ms-blob-public-access": "container",
        "x-ms-client-request-id": "c920b0d8-7dd5-9840-6be3-5f413c1ff62c",
        "x-ms-date": "Wed, 13 Jul 2022 17:29:10 GMT",
        "x-ms-return-client-request-id": "true",
        "x-ms-version": "2021-08-06"
      },
      "RequestBody": null,
      "StatusCode": 201,
      "ResponseHeaders": {
        "Content-Length": "0",
        "Date": "Wed, 13 Jul 2022 17:29:09 GMT",
        "ETag": "\u00220x8DA64F532A99094\u0022",
        "Last-Modified": "Wed, 13 Jul 2022 17:29:10 GMT",
        "Server": [
          "Windows-Azure-Blob/1.0",
          "Microsoft-HTTPAPI/2.0"
        ],
        "x-ms-client-request-id": "c920b0d8-7dd5-9840-6be3-5f413c1ff62c",
        "x-ms-request-id": "b81ecf86-701e-0006-14de-964c0d000000",
        "x-ms-version": "2021-08-06"
      },
      "ResponseBody": null
    },
    {
      "RequestUri": "https://seanhnscanada.dfs.core.windows.net/test-filesystem-cd25ea77-74b7-1392-1753-63ca39c078d5/test-directory-1aa1de11-ab26-0bd4-3148-928b12205de6?resource=directory",
      "RequestMethod": "PUT",
      "RequestHeaders": {
        "Accept": "application/json",
        "Authorization": "Sanitized",
        "Content-Length": "0",
        "traceparent": "00-7ed28b73af5da7e6e6644df1df561a8e-43ef5b56065f2ea6-00",
        "User-Agent": "azsdk-net-Storage.Files.DataLake/12.12.0-alpha.20220713.1 (.NET 6.0.7; Microsoft Windows 10.0.19044)",
        "x-ms-client-request-id": "d6613535-b38f-2d2c-dc15-978deab4864a",
        "x-ms-date": "Wed, 13 Jul 2022 17:29:10 GMT",
        "x-ms-return-client-request-id": "true",
        "x-ms-version": "2021-08-06"
      },
      "RequestBody": null,
      "StatusCode": 201,
      "ResponseHeaders": {
        "Content-Length": "0",
        "Date": "Wed, 13 Jul 2022 17:29:09 GMT",
        "ETag": "\u00220x8DA64F532B6ECCD\u0022",
        "Last-Modified": "Wed, 13 Jul 2022 17:29:10 GMT",
        "Server": [
          "Windows-Azure-HDFS/1.0",
          "Microsoft-HTTPAPI/2.0"
        ],
        "x-ms-client-request-id": "d6613535-b38f-2d2c-dc15-978deab4864a",
        "x-ms-request-id": "e21c0d70-401f-0050-50de-96bde2000000",
        "x-ms-request-server-encrypted": "true",
        "x-ms-version": "2021-08-06"
      },
      "ResponseBody": null
    },
    {
      "RequestUri": "https://seanhnscanada.dfs.core.windows.net/test-filesystem-cd25ea77-74b7-1392-1753-63ca39c078d5/test-directory-1aa1de11-ab26-0bd4-3148-928b12205de6/test-file-2cbd7885-6d2d-628c-dec7-9f1b94f3fdb9?resource=file\u0026blobtype=appendblob",
      "RequestMethod": "PUT",
      "RequestHeaders": {
        "Accept": "application/json",
        "Authorization": "Sanitized",
        "Content-Length": "0",
        "If-None-Match": "*",
        "traceparent": "00-5aaf905d93d0f5bcf55db843c5202677-d667c87123b9715f-00",
        "User-Agent": "azsdk-net-Storage.Files.DataLake/12.12.0-alpha.20220713.1 (.NET 6.0.7; Microsoft Windows 10.0.19044)",
        "x-ms-client-request-id": "955bcb84-73ba-c7ed-a8fe-f8c7131098e8",
        "x-ms-date": "Wed, 13 Jul 2022 17:29:10 GMT",
        "x-ms-return-client-request-id": "true",
        "x-ms-version": "2021-08-06"
      },
      "RequestBody": null,
      "StatusCode": 201,
      "ResponseHeaders": {
        "Content-Length": "0",
        "Date": "Wed, 13 Jul 2022 17:29:10 GMT",
        "ETag": "\u00220x8DA64F532C3ABF5\u0022",
        "Last-Modified": "Wed, 13 Jul 2022 17:29:10 GMT",
        "Server": [
          "Windows-Azure-HDFS/1.0",
          "Microsoft-HTTPAPI/2.0"
        ],
        "x-ms-client-request-id": "955bcb84-73ba-c7ed-a8fe-f8c7131098e8",
        "x-ms-request-id": "e21c0d71-401f-0050-51de-96bde2000000",
        "x-ms-request-server-encrypted": "true",
        "x-ms-version": "2021-08-06"
      },
      "ResponseBody": null
    },
    {
      "RequestUri": "https://seanhnscanada.blob.core.windows.net/test-filesystem-cd25ea77-74b7-1392-1753-63ca39c078d5?restype=container",
      "RequestMethod": "DELETE",
      "RequestHeaders": {
        "Accept": "application/xml",
        "Authorization": "Sanitized",
        "traceparent": "00-f96fc10b7becab2d17710da39ae2edde-3d7711d44d870844-00",
        "User-Agent": "azsdk-net-Storage.Files.DataLake/12.12.0-alpha.20220713.1 (.NET 6.0.7; Microsoft Windows 10.0.19044)",
        "x-ms-client-request-id": "c997dad8-6798-34ff-8a8e-34c08e8fbcd2",
        "x-ms-date": "Wed, 13 Jul 2022 17:29:10 GMT",
        "x-ms-return-client-request-id": "true",
        "x-ms-version": "2021-08-06"
      },
      "RequestBody": null,
      "StatusCode": 202,
      "ResponseHeaders": {
        "Content-Length": "0",
        "Date": "Wed, 13 Jul 2022 17:29:10 GMT",
        "Server": [
          "Windows-Azure-Blob/1.0",
          "Microsoft-HTTPAPI/2.0"
        ],
        "x-ms-client-request-id": "c997dad8-6798-34ff-8a8e-34c08e8fbcd2",
        "x-ms-request-id": "b81ed08e-701e-0006-68de-964c0d000000",
        "x-ms-version": "2021-08-06"
      },
      "ResponseBody": null
    }
  ],
  "Variables": {
    "RandomSeed": "1967976894",
    "Storage_TestConfigHierarchicalNamespace": "NamespaceTenant\nseanhnscanada\nU2FuaXRpemVk\nhttps://seanhnscanada.blob.core.windows.net\nhttps://seancanaryv3.file.core.windows.net\nhttps://seanhnscanada.queue.core.windows.net\nhttps://seanhnscanada.table.core.windows.net\n\n\n\n\nhttps://seanhnscanada-secondary.blob.core.windows.net\nhttps://seanhnscanada-secondary.file.core.windows.net\nhttps://seanhnscanada-secondary.queue.core.windows.net\nhttps://seanhnscanada-secondary.table.core.windows.net\n68390a19-a643-458b-b726-408abf67b4fc\nSanitized\n72f988bf-86f1-41af-91ab-2d7cd011db47\nhttps://login.microsoftonline.com/\nCloud\nBlobEndpoint=https://seanhnscanada.blob.core.windows.net/;QueueEndpoint=https://seanhnscanada.queue.core.windows.net/;FileEndpoint=https://seancanaryv3.file.core.windows.net/;BlobSecondaryEndpoint=https://seanhnscanada-secondary.blob.core.windows.net/;QueueSecondaryEndpoint=https://seanhnscanada-secondary.queue.core.windows.net/;FileSecondaryEndpoint=https://seanhnscanada-secondary.file.core.windows.net/;AccountName=seanhnscanada;AccountKey=Sanitized\nseanscope1\nXClient\n"
  }
}
