{
  "Entries": [
    {
      "RequestUri": "https://management.azure.com/subscriptions/db1ab6f0-4769-4b27-930e-01e2ef9c123c?api-version=2019-11-01",
      "RequestMethod": "GET",
      "RequestHeaders": {
        "Accept": "application/json",
        "Authorization": "Sanitized",
        "User-Agent": [
          "azsdk-net-ResourceManager.Core/1.0.0-alpha.20210721.1",
          "(.NET 5.0.8; Microsoft Windows 10.0.19043)"
        ],
        "x-ms-client-request-id": "4cd16310c1b83195866d795d08315012",
        "x-ms-return-client-request-id": "true"
      },
      "RequestBody": null,
      "StatusCode": 200,
      "ResponseHeaders": {
        "Cache-Control": "no-cache",
        "Content-Length": "468",
        "Content-Type": "application/json; charset=utf-8",
        "Date": "Fri, 23 Jul 2021 11:00:35 GMT",
        "Expires": "-1",
        "Pragma": "no-cache",
        "Strict-Transport-Security": "max-age=31536000; includeSubDomains",
        "X-Content-Type-Options": "nosniff",
        "x-ms-correlation-request-id": "17183e1b-5610-4c6d-8164-3dc41a6ec381",
        "x-ms-ratelimit-remaining-subscription-reads": "11997",
        "x-ms-request-id": "17183e1b-5610-4c6d-8164-3dc41a6ec381",
        "x-ms-routing-request-id": "SOUTHEASTASIA:20210723T110035Z:17183e1b-5610-4c6d-8164-3dc41a6ec381"
      },
      "ResponseBody": {
        "id": "/subscriptions/db1ab6f0-4769-4b27-930e-01e2ef9c123c",
        "authorizationSource": "RoleBased",
        "managedByTenants": [],
        "tags": {
          "tagKey1": "tagValue1",
          "tagKey2": "tagValue2"
        },
        "subscriptionId": "db1ab6f0-4769-4b27-930e-01e2ef9c123c",
        "tenantId": "72f988bf-86f1-41af-91ab-2d7cd011db47",
        "displayName": ".NET Mgmt SDK Test with TTL = 1 Day",
        "state": "Enabled",
        "subscriptionPolicies": {
          "locationPlacementId": "Internal_2014-09-01",
          "quotaId": "Internal_2014-09-01",
          "spendingLimit": "Off"
        }
      }
    },
    {
      "RequestUri": "https://management.azure.com/subscriptions/db1ab6f0-4769-4b27-930e-01e2ef9c123c/resourcegroups/testRG-1738?api-version=2019-10-01",
      "RequestMethod": "PUT",
      "RequestHeaders": {
        "Accept": "application/json",
        "Authorization": "Sanitized",
        "Content-Length": "44",
        "Content-Type": "application/json",
        "traceparent": "00-8938b5d231d45f429e5323d3c38b8fec-b779e41881154248-00",
        "User-Agent": [
          "azsdk-net-ResourceManager.Core/1.0.0-alpha.20210721.1",
          "(.NET 5.0.8; Microsoft Windows 10.0.19043)"
        ],
        "x-ms-client-request-id": "dc60be0b5429a282f1b42fe7537e5f31",
        "x-ms-return-client-request-id": "true"
      },
      "RequestBody": {
        "location": "westus2",
        "tags": {
          "test": "env"
        }
      },
      "StatusCode": 201,
      "ResponseHeaders": {
        "Cache-Control": "no-cache",
        "Content-Length": "242",
        "Content-Type": "application/json; charset=utf-8",
        "Date": "Fri, 23 Jul 2021 11:00:40 GMT",
        "Expires": "-1",
        "Pragma": "no-cache",
        "Strict-Transport-Security": "max-age=31536000; includeSubDomains",
        "X-Content-Type-Options": "nosniff",
        "x-ms-correlation-request-id": "f69b5cb4-dbed-4082-9e29-e569558e0eb9",
        "x-ms-ratelimit-remaining-subscription-writes": "1199",
        "x-ms-request-id": "f69b5cb4-dbed-4082-9e29-e569558e0eb9",
        "x-ms-routing-request-id": "SOUTHEASTASIA:20210723T110041Z:f69b5cb4-dbed-4082-9e29-e569558e0eb9"
      },
      "ResponseBody": {
        "id": "/subscriptions/db1ab6f0-4769-4b27-930e-01e2ef9c123c/resourceGroups/testRG-1738",
        "name": "testRG-1738",
        "type": "Microsoft.Resources/resourceGroups",
        "location": "westus2",
        "tags": {
          "test": "env"
        },
        "properties": {
          "provisioningState": "Succeeded"
        }
      }
    },
    {
      "RequestUri": "https://management.azure.com/subscriptions/db1ab6f0-4769-4b27-930e-01e2ef9c123c/resourceGroups/testRG-1738/providers/Microsoft.Compute/disks/testDisk-5544?api-version=2020-12-01",
      "RequestMethod": "PUT",
      "RequestHeaders": {
        "Accept": "application/json",
        "Authorization": "Sanitized",
        "Content-Length": "132",
        "Content-Type": "application/json",
        "User-Agent": [
          "azsdk-net-ResourceManager.Core/1.0.0-alpha.20210721.1",
          "(.NET 5.0.8; Microsoft Windows 10.0.19043)"
        ],
        "x-ms-client-request-id": "ae6e8eef48fd7b9b987d3fcfdc00f573",
        "x-ms-return-client-request-id": "true"
      },
      "RequestBody": {
        "sku": {
          "name": "Standard_LRS"
        },
        "tags": {},
        "location": "westus2",
        "properties": {
          "creationData": {
            "createOption": "Empty"
          },
          "diskSizeGB": 1
        }
      },
      "StatusCode": 202,
      "ResponseHeaders": {
        "Azure-AsyncOperation": "https://management.azure.com/subscriptions/db1ab6f0-4769-4b27-930e-01e2ef9c123c/providers/Microsoft.Compute/locations/westus2/DiskOperations/5ea5554d-751b-4861-89fd-e4c5dc91dc94?api-version=2020-12-01",
        "Cache-Control": "no-cache",
        "Content-Length": "292",
        "Content-Type": "application/json; charset=utf-8",
        "Date": "Fri, 23 Jul 2021 11:00:44 GMT",
        "Expires": "-1",
        "Location": "https://management.azure.com/subscriptions/db1ab6f0-4769-4b27-930e-01e2ef9c123c/providers/Microsoft.Compute/locations/westus2/DiskOperations/5ea5554d-751b-4861-89fd-e4c5dc91dc94?monitor=true\u0026api-version=2020-12-01",
        "Pragma": "no-cache",
        "Retry-After": "2",
        "Server": [
          "Microsoft-HTTPAPI/2.0",
          "Microsoft-HTTPAPI/2.0"
        ],
        "Strict-Transport-Security": "max-age=31536000; includeSubDomains",
        "X-Content-Type-Options": "nosniff",
        "x-ms-client-request-id": "ae6e8eef48fd7b9b987d3fcfdc00f573",
        "x-ms-correlation-request-id": "04c644d9-4086-4004-9d10-4411590c8e8b",
        "x-ms-ratelimit-remaining-resource": "Microsoft.Compute/CreateUpdateDisks3Min;996,Microsoft.Compute/CreateUpdateDisks30Min;7996",
        "x-ms-ratelimit-remaining-subscription-writes": "1198",
        "x-ms-request-id": "5ea5554d-751b-4861-89fd-e4c5dc91dc94",
        "x-ms-routing-request-id": "SOUTHEASTASIA:20210723T110045Z:04c644d9-4086-4004-9d10-4411590c8e8b",
        "x-ms-served-by": "4bf15084-9f45-4a17-82a6-013632a884fb_132573940321823891"
      },
      "ResponseBody": [
        "{\r\n",
        "  \u0022name\u0022: \u0022testDisk-5544\u0022,\r\n",
        "  \u0022location\u0022: \u0022westus2\u0022,\r\n",
        "  \u0022tags\u0022: {},\r\n",
        "  \u0022sku\u0022: {\r\n",
        "    \u0022name\u0022: \u0022Standard_LRS\u0022\r\n",
        "  },\r\n",
        "  \u0022properties\u0022: {\r\n",
        "    \u0022creationData\u0022: {\r\n",
        "      \u0022createOption\u0022: \u0022Empty\u0022\r\n",
        "    },\r\n",
        "    \u0022diskSizeGB\u0022: 1,\r\n",
        "    \u0022provisioningState\u0022: \u0022Updating\u0022,\r\n",
        "    \u0022isArmResource\u0022: true\r\n",
        "  }\r\n",
        "}"
      ]
    },
    {
      "RequestUri": "https://management.azure.com/subscriptions/db1ab6f0-4769-4b27-930e-01e2ef9c123c/providers/Microsoft.Compute/locations/westus2/DiskOperations/5ea5554d-751b-4861-89fd-e4c5dc91dc94?api-version=2020-12-01",
      "RequestMethod": "GET",
      "RequestHeaders": {
        "Authorization": "Sanitized",
        "User-Agent": [
          "azsdk-net-ResourceManager.Core/1.0.0-alpha.20210721.1",
          "(.NET 5.0.8; Microsoft Windows 10.0.19043)"
        ],
        "x-ms-client-request-id": "c242802ca0a4760ec46091d642d215b3",
        "x-ms-return-client-request-id": "true"
      },
      "RequestBody": null,
      "StatusCode": 200,
      "ResponseHeaders": {
        "Cache-Control": "no-cache",
        "Content-Length": "1051",
        "Content-Type": "application/json; charset=utf-8",
        "Date": "Fri, 23 Jul 2021 11:00:45 GMT",
        "Expires": "-1",
        "Pragma": "no-cache",
        "Server": [
          "Microsoft-HTTPAPI/2.0",
          "Microsoft-HTTPAPI/2.0"
        ],
        "Strict-Transport-Security": "max-age=31536000; includeSubDomains",
        "X-Content-Type-Options": "nosniff",
        "x-ms-client-request-id": "c242802ca0a4760ec46091d642d215b3",
        "x-ms-correlation-request-id": "e16a13f1-8eb3-47c4-b6ba-f400f7c9760e",
        "x-ms-ratelimit-remaining-resource": "Microsoft.Compute/GetOperation3Min;49983,Microsoft.Compute/GetOperation30Min;399983",
        "x-ms-ratelimit-remaining-subscription-reads": "11996",
        "x-ms-request-id": "c360678d-87a4-49ca-bee3-1914dc010c8a",
        "x-ms-routing-request-id": "SOUTHEASTASIA:20210723T110045Z:e16a13f1-8eb3-47c4-b6ba-f400f7c9760e",
        "x-ms-served-by": "4bf15084-9f45-4a17-82a6-013632a884fb_132573940321823891"
      },
      "ResponseBody": [
        "{\r\n",
        "  \u0022startTime\u0022: \u00222021-07-23T11:00:45.1369287\u002B00:00\u0022,\r\n",
        "  \u0022endTime\u0022: \u00222021-07-23T11:00:45.2619455\u002B00:00\u0022,\r\n",
        "  \u0022status\u0022: \u0022Succeeded\u0022,\r\n",
        "  \u0022properties\u0022: {\r\n",
        "    \u0022output\u0022: {\r\n",
        "  \u0022name\u0022: \u0022testDisk-5544\u0022,\r\n",
        "  \u0022id\u0022: \u0022/subscriptions/db1ab6f0-4769-4b27-930e-01e2ef9c123c/resourceGroups/testRG-1738/providers/Microsoft.Compute/disks/testDisk-5544\u0022,\r\n",
        "  \u0022type\u0022: \u0022Microsoft.Compute/disks\u0022,\r\n",
        "  \u0022location\u0022: \u0022westus2\u0022,\r\n",
        "  \u0022tags\u0022: {},\r\n",
        "  \u0022sku\u0022: {\r\n",
        "    \u0022name\u0022: \u0022Standard_LRS\u0022,\r\n",
        "    \u0022tier\u0022: \u0022Standard\u0022\r\n",
        "  },\r\n",
        "  \u0022properties\u0022: {\r\n",
        "    \u0022creationData\u0022: {\r\n",
        "      \u0022createOption\u0022: \u0022Empty\u0022\r\n",
        "    },\r\n",
        "    \u0022diskSizeGB\u0022: 1,\r\n",
        "    \u0022diskIOPSReadWrite\u0022: 500,\r\n",
        "    \u0022diskMBpsReadWrite\u0022: 60,\r\n",
        "    \u0022encryption\u0022: {\r\n",
        "      \u0022type\u0022: \u0022EncryptionAtRestWithPlatformKey\u0022\r\n",
        "    },\r\n",
        "    \u0022timeCreated\u0022: \u00222021-07-23T11:00:45.1369287\u002B00:00\u0022,\r\n",
        "    \u0022provisioningState\u0022: \u0022Succeeded\u0022,\r\n",
        "    \u0022diskState\u0022: \u0022Unattached\u0022,\r\n",
        "    \u0022diskSizeBytes\u0022: 1073741824,\r\n",
        "    \u0022uniqueId\u0022: \u0022f97e6dac-e72b-4bd4-8a0f-69160fa19119\u0022,\r\n",
        "    \u0022networkAccessPolicy\u0022: \u0022AllowAll\u0022\r\n",
        "  }\r\n",
        "}\r\n",
        "  },\r\n",
        "  \u0022name\u0022: \u00225ea5554d-751b-4861-89fd-e4c5dc91dc94\u0022\r\n",
        "}"
      ]
    },
    {
      "RequestUri": "https://management.azure.com/subscriptions/db1ab6f0-4769-4b27-930e-01e2ef9c123c/resourceGroups/testRG-1738/providers/Microsoft.Compute/disks/testDisk-5544?api-version=2020-12-01",
      "RequestMethod": "GET",
      "RequestHeaders": {
        "Authorization": "Sanitized",
        "User-Agent": [
          "azsdk-net-ResourceManager.Core/1.0.0-alpha.20210721.1",
          "(.NET 5.0.8; Microsoft Windows 10.0.19043)"
        ],
        "x-ms-client-request-id": "a5a574394daa07b17e1f04363b353264",
        "x-ms-return-client-request-id": "true"
      },
      "RequestBody": null,
      "StatusCode": 200,
      "ResponseHeaders": {
        "Cache-Control": "no-cache",
        "Content-Length": "826",
        "Content-Type": "application/json; charset=utf-8",
        "Date": "Fri, 23 Jul 2021 11:00:45 GMT",
        "Expires": "-1",
        "Pragma": "no-cache",
        "Server": [
          "Microsoft-HTTPAPI/2.0",
          "Microsoft-HTTPAPI/2.0"
        ],
        "Strict-Transport-Security": "max-age=31536000; includeSubDomains",
        "X-Content-Type-Options": "nosniff",
        "x-ms-client-request-id": "a5a574394daa07b17e1f04363b353264",
        "x-ms-correlation-request-id": "6ce12b31-f25b-4c20-8f50-ea3162e8f134",
        "x-ms-ratelimit-remaining-resource": "Microsoft.Compute/LowCostGet3Min;14981,Microsoft.Compute/LowCostGet30Min;119968",
        "x-ms-ratelimit-remaining-subscription-reads": "11995",
        "x-ms-request-id": "869e7ab0-df4d-4885-9fb3-6f368324ab8b",
        "x-ms-routing-request-id": "SOUTHEASTASIA:20210723T110045Z:6ce12b31-f25b-4c20-8f50-ea3162e8f134",
        "x-ms-served-by": "4bf15084-9f45-4a17-82a6-013632a884fb_132573940321823891"
      },
      "ResponseBody": [
        "{\r\n",
        "  \u0022name\u0022: \u0022testDisk-5544\u0022,\r\n",
        "  \u0022id\u0022: \u0022/subscriptions/db1ab6f0-4769-4b27-930e-01e2ef9c123c/resourceGroups/testRG-1738/providers/Microsoft.Compute/disks/testDisk-5544\u0022,\r\n",
        "  \u0022type\u0022: \u0022Microsoft.Compute/disks\u0022,\r\n",
        "  \u0022location\u0022: \u0022westus2\u0022,\r\n",
        "  \u0022tags\u0022: {},\r\n",
        "  \u0022sku\u0022: {\r\n",
        "    \u0022name\u0022: \u0022Standard_LRS\u0022,\r\n",
        "    \u0022tier\u0022: \u0022Standard\u0022\r\n",
        "  },\r\n",
        "  \u0022properties\u0022: {\r\n",
        "    \u0022creationData\u0022: {\r\n",
        "      \u0022createOption\u0022: \u0022Empty\u0022\r\n",
        "    },\r\n",
        "    \u0022diskSizeGB\u0022: 1,\r\n",
        "    \u0022diskIOPSReadWrite\u0022: 500,\r\n",
        "    \u0022diskMBpsReadWrite\u0022: 60,\r\n",
        "    \u0022encryption\u0022: {\r\n",
        "      \u0022type\u0022: \u0022EncryptionAtRestWithPlatformKey\u0022\r\n",
        "    },\r\n",
        "    \u0022timeCreated\u0022: \u00222021-07-23T11:00:45.1369287\u002B00:00\u0022,\r\n",
        "    \u0022provisioningState\u0022: \u0022Succeeded\u0022,\r\n",
        "    \u0022diskState\u0022: \u0022Unattached\u0022,\r\n",
        "    \u0022diskSizeBytes\u0022: 1073741824,\r\n",
        "    \u0022uniqueId\u0022: \u0022f97e6dac-e72b-4bd4-8a0f-69160fa19119\u0022,\r\n",
        "    \u0022networkAccessPolicy\u0022: \u0022AllowAll\u0022\r\n",
        "  }\r\n",
        "}"
      ]
    },
    {
      "RequestUri": "https://management.azure.com/subscriptions/db1ab6f0-4769-4b27-930e-01e2ef9c123c/resourceGroups/testRG-1738/providers/Microsoft.Compute/disks/testDisk-893?api-version=2020-12-01",
      "RequestMethod": "PUT",
      "RequestHeaders": {
        "Accept": "application/json",
        "Authorization": "Sanitized",
        "Content-Length": "132",
        "Content-Type": "application/json",
        "User-Agent": [
          "azsdk-net-ResourceManager.Core/1.0.0-alpha.20210721.1",
          "(.NET 5.0.8; Microsoft Windows 10.0.19043)"
        ],
        "x-ms-client-request-id": "be5ba325cf32ca0d3e1f7556390dd7b1",
        "x-ms-return-client-request-id": "true"
      },
      "RequestBody": {
        "sku": {
          "name": "Standard_LRS"
        },
        "tags": {},
        "location": "westus2",
        "properties": {
          "creationData": {
            "createOption": "Empty"
          },
          "diskSizeGB": 1
        }
      },
      "StatusCode": 202,
      "ResponseHeaders": {
        "Azure-AsyncOperation": "https://management.azure.com/subscriptions/db1ab6f0-4769-4b27-930e-01e2ef9c123c/providers/Microsoft.Compute/locations/westus2/DiskOperations/0ffbf1ea-3b7e-4ea7-b46f-3bd604bdee92?api-version=2020-12-01",
        "Cache-Control": "no-cache",
        "Content-Length": "291",
        "Content-Type": "application/json; charset=utf-8",
        "Date": "Fri, 23 Jul 2021 11:00:47 GMT",
        "Expires": "-1",
        "Location": "https://management.azure.com/subscriptions/db1ab6f0-4769-4b27-930e-01e2ef9c123c/providers/Microsoft.Compute/locations/westus2/DiskOperations/0ffbf1ea-3b7e-4ea7-b46f-3bd604bdee92?monitor=true\u0026api-version=2020-12-01",
        "Pragma": "no-cache",
        "Retry-After": "2",
        "Server": [
          "Microsoft-HTTPAPI/2.0",
          "Microsoft-HTTPAPI/2.0"
        ],
        "Strict-Transport-Security": "max-age=31536000; includeSubDomains",
        "X-Content-Type-Options": "nosniff",
        "x-ms-client-request-id": "be5ba325cf32ca0d3e1f7556390dd7b1",
        "x-ms-correlation-request-id": "6e2e3070-5716-4104-bd36-39e92e3d31cf",
        "x-ms-ratelimit-remaining-resource": "Microsoft.Compute/CreateUpdateDisks3Min;995,Microsoft.Compute/CreateUpdateDisks30Min;7995",
        "x-ms-ratelimit-remaining-subscription-writes": "1197",
        "x-ms-request-id": "0ffbf1ea-3b7e-4ea7-b46f-3bd604bdee92",
        "x-ms-routing-request-id": "SOUTHEASTASIA:20210723T110047Z:6e2e3070-5716-4104-bd36-39e92e3d31cf",
        "x-ms-served-by": "4bf15084-9f45-4a17-82a6-013632a884fb_132573940321823891"
      },
      "ResponseBody": [
        "{\r\n",
        "  \u0022name\u0022: \u0022testDisk-893\u0022,\r\n",
        "  \u0022location\u0022: \u0022westus2\u0022,\r\n",
        "  \u0022tags\u0022: {},\r\n",
        "  \u0022sku\u0022: {\r\n",
        "    \u0022name\u0022: \u0022Standard_LRS\u0022\r\n",
        "  },\r\n",
        "  \u0022properties\u0022: {\r\n",
        "    \u0022creationData\u0022: {\r\n",
        "      \u0022createOption\u0022: \u0022Empty\u0022\r\n",
        "    },\r\n",
        "    \u0022diskSizeGB\u0022: 1,\r\n",
        "    \u0022provisioningState\u0022: \u0022Updating\u0022,\r\n",
        "    \u0022isArmResource\u0022: true\r\n",
        "  }\r\n",
        "}"
      ]
    },
    {
      "RequestUri": "https://management.azure.com/subscriptions/db1ab6f0-4769-4b27-930e-01e2ef9c123c/providers/Microsoft.Compute/locations/westus2/DiskOperations/0ffbf1ea-3b7e-4ea7-b46f-3bd604bdee92?api-version=2020-12-01",
      "RequestMethod": "GET",
      "RequestHeaders": {
        "Authorization": "Sanitized",
        "User-Agent": [
          "azsdk-net-ResourceManager.Core/1.0.0-alpha.20210721.1",
          "(.NET 5.0.8; Microsoft Windows 10.0.19043)"
        ],
        "x-ms-client-request-id": "2f1c462cf5baa50798da6c2e3cb14411",
        "x-ms-return-client-request-id": "true"
      },
      "RequestBody": null,
      "StatusCode": 200,
      "ResponseHeaders": {
        "Cache-Control": "no-cache",
        "Content-Length": "1049",
        "Content-Type": "application/json; charset=utf-8",
        "Date": "Fri, 23 Jul 2021 11:00:47 GMT",
        "Expires": "-1",
        "Pragma": "no-cache",
        "Server": [
          "Microsoft-HTTPAPI/2.0",
          "Microsoft-HTTPAPI/2.0"
        ],
        "Strict-Transport-Security": "max-age=31536000; includeSubDomains",
        "X-Content-Type-Options": "nosniff",
        "x-ms-client-request-id": "2f1c462cf5baa50798da6c2e3cb14411",
        "x-ms-correlation-request-id": "35c1faa7-82bc-44f1-bb67-56f0a299aa7e",
        "x-ms-ratelimit-remaining-resource": "Microsoft.Compute/GetOperation3Min;49979,Microsoft.Compute/GetOperation30Min;399979",
        "x-ms-ratelimit-remaining-subscription-reads": "11994",
        "x-ms-request-id": "58b5d5fe-a7ac-4bab-801e-f31d8862f8d0",
        "x-ms-routing-request-id": "SOUTHEASTASIA:20210723T110047Z:35c1faa7-82bc-44f1-bb67-56f0a299aa7e",
        "x-ms-served-by": "4bf15084-9f45-4a17-82a6-013632a884fb_132573940321823891"
      },
      "ResponseBody": [
        "{\r\n",
        "  \u0022startTime\u0022: \u00222021-07-23T11:00:47.4962852\u002B00:00\u0022,\r\n",
        "  \u0022endTime\u0022: \u00222021-07-23T11:00:47.6212691\u002B00:00\u0022,\r\n",
        "  \u0022status\u0022: \u0022Succeeded\u0022,\r\n",
        "  \u0022properties\u0022: {\r\n",
        "    \u0022output\u0022: {\r\n",
        "  \u0022name\u0022: \u0022testDisk-893\u0022,\r\n",
        "  \u0022id\u0022: \u0022/subscriptions/db1ab6f0-4769-4b27-930e-01e2ef9c123c/resourceGroups/testRG-1738/providers/Microsoft.Compute/disks/testDisk-893\u0022,\r\n",
        "  \u0022type\u0022: \u0022Microsoft.Compute/disks\u0022,\r\n",
        "  \u0022location\u0022: \u0022westus2\u0022,\r\n",
        "  \u0022tags\u0022: {},\r\n",
        "  \u0022sku\u0022: {\r\n",
        "    \u0022name\u0022: \u0022Standard_LRS\u0022,\r\n",
        "    \u0022tier\u0022: \u0022Standard\u0022\r\n",
        "  },\r\n",
        "  \u0022properties\u0022: {\r\n",
        "    \u0022creationData\u0022: {\r\n",
        "      \u0022createOption\u0022: \u0022Empty\u0022\r\n",
        "    },\r\n",
        "    \u0022diskSizeGB\u0022: 1,\r\n",
        "    \u0022diskIOPSReadWrite\u0022: 500,\r\n",
        "    \u0022diskMBpsReadWrite\u0022: 60,\r\n",
        "    \u0022encryption\u0022: {\r\n",
        "      \u0022type\u0022: \u0022EncryptionAtRestWithPlatformKey\u0022\r\n",
        "    },\r\n",
        "    \u0022timeCreated\u0022: \u00222021-07-23T11:00:47.4962852\u002B00:00\u0022,\r\n",
        "    \u0022provisioningState\u0022: \u0022Succeeded\u0022,\r\n",
        "    \u0022diskState\u0022: \u0022Unattached\u0022,\r\n",
        "    \u0022diskSizeBytes\u0022: 1073741824,\r\n",
        "    \u0022uniqueId\u0022: \u0022281bd8c1-18d4-4a22-b7f3-173ad8eceb02\u0022,\r\n",
        "    \u0022networkAccessPolicy\u0022: \u0022AllowAll\u0022\r\n",
        "  }\r\n",
        "}\r\n",
        "  },\r\n",
        "  \u0022name\u0022: \u00220ffbf1ea-3b7e-4ea7-b46f-3bd604bdee92\u0022\r\n",
        "}"
      ]
    },
    {
      "RequestUri": "https://management.azure.com/subscriptions/db1ab6f0-4769-4b27-930e-01e2ef9c123c/resourceGroups/testRG-1738/providers/Microsoft.Compute/disks/testDisk-893?api-version=2020-12-01",
      "RequestMethod": "GET",
      "RequestHeaders": {
        "Authorization": "Sanitized",
        "User-Agent": [
          "azsdk-net-ResourceManager.Core/1.0.0-alpha.20210721.1",
          "(.NET 5.0.8; Microsoft Windows 10.0.19043)"
        ],
        "x-ms-client-request-id": "09e2852cd55db645c48b83ee4a71f304",
        "x-ms-return-client-request-id": "true"
      },
      "RequestBody": null,
      "StatusCode": 200,
      "ResponseHeaders": {
        "Cache-Control": "no-cache",
        "Content-Length": "824",
        "Content-Type": "application/json; charset=utf-8",
        "Date": "Fri, 23 Jul 2021 11:00:47 GMT",
        "Expires": "-1",
        "Pragma": "no-cache",
        "Server": [
          "Microsoft-HTTPAPI/2.0",
          "Microsoft-HTTPAPI/2.0"
        ],
        "Strict-Transport-Security": "max-age=31536000; includeSubDomains",
        "X-Content-Type-Options": "nosniff",
        "x-ms-client-request-id": "09e2852cd55db645c48b83ee4a71f304",
        "x-ms-correlation-request-id": "2866a79d-2dbd-4d8b-aa84-2dbeaab1e43c",
        "x-ms-ratelimit-remaining-resource": "Microsoft.Compute/LowCostGet3Min;14977,Microsoft.Compute/LowCostGet30Min;119964",
        "x-ms-ratelimit-remaining-subscription-reads": "11993",
        "x-ms-request-id": "a43550bc-1866-4666-98ac-89caa084a097",
        "x-ms-routing-request-id": "SOUTHEASTASIA:20210723T110048Z:2866a79d-2dbd-4d8b-aa84-2dbeaab1e43c",
        "x-ms-served-by": "4bf15084-9f45-4a17-82a6-013632a884fb_132573940321823891"
      },
      "ResponseBody": [
        "{\r\n",
        "  \u0022name\u0022: \u0022testDisk-893\u0022,\r\n",
        "  \u0022id\u0022: \u0022/subscriptions/db1ab6f0-4769-4b27-930e-01e2ef9c123c/resourceGroups/testRG-1738/providers/Microsoft.Compute/disks/testDisk-893\u0022,\r\n",
        "  \u0022type\u0022: \u0022Microsoft.Compute/disks\u0022,\r\n",
        "  \u0022location\u0022: \u0022westus2\u0022,\r\n",
        "  \u0022tags\u0022: {},\r\n",
        "  \u0022sku\u0022: {\r\n",
        "    \u0022name\u0022: \u0022Standard_LRS\u0022,\r\n",
        "    \u0022tier\u0022: \u0022Standard\u0022\r\n",
        "  },\r\n",
        "  \u0022properties\u0022: {\r\n",
        "    \u0022creationData\u0022: {\r\n",
        "      \u0022createOption\u0022: \u0022Empty\u0022\r\n",
        "    },\r\n",
        "    \u0022diskSizeGB\u0022: 1,\r\n",
        "    \u0022diskIOPSReadWrite\u0022: 500,\r\n",
        "    \u0022diskMBpsReadWrite\u0022: 60,\r\n",
        "    \u0022encryption\u0022: {\r\n",
        "      \u0022type\u0022: \u0022EncryptionAtRestWithPlatformKey\u0022\r\n",
        "    },\r\n",
        "    \u0022timeCreated\u0022: \u00222021-07-23T11:00:47.4962852\u002B00:00\u0022,\r\n",
        "    \u0022provisioningState\u0022: \u0022Succeeded\u0022,\r\n",
        "    \u0022diskState\u0022: \u0022Unattached\u0022,\r\n",
        "    \u0022diskSizeBytes\u0022: 1073741824,\r\n",
        "    \u0022uniqueId\u0022: \u0022281bd8c1-18d4-4a22-b7f3-173ad8eceb02\u0022,\r\n",
        "    \u0022networkAccessPolicy\u0022: \u0022AllowAll\u0022\r\n",
        "  }\r\n",
        "}"
      ]
    },
    {
      "RequestUri": "https://management.azure.com/subscriptions/db1ab6f0-4769-4b27-930e-01e2ef9c123c/resourceGroups/testRG-1738/providers/Microsoft.Compute/disks?api-version=2020-12-01",
      "RequestMethod": "GET",
      "RequestHeaders": {
        "Accept": "application/json",
        "Authorization": "Sanitized",
        "User-Agent": [
          "azsdk-net-ResourceManager.Core/1.0.0-alpha.20210721.1",
          "(.NET 5.0.8; Microsoft Windows 10.0.19043)"
        ],
        "x-ms-client-request-id": "f2294690a8f064f6242ff66f03b09389",
        "x-ms-return-client-request-id": "true"
      },
      "RequestBody": null,
      "StatusCode": 200,
      "ResponseHeaders": {
        "Cache-Control": "no-cache",
        "Content-Length": "1902",
        "Content-Type": "application/json; charset=utf-8",
        "Date": "Fri, 23 Jul 2021 11:00:48 GMT",
        "Expires": "-1",
        "Pragma": "no-cache",
        "Server": [
          "Microsoft-HTTPAPI/2.0",
          "Microsoft-HTTPAPI/2.0"
        ],
        "Strict-Transport-Security": "max-age=31536000; includeSubDomains",
        "X-Content-Type-Options": "nosniff",
        "x-ms-client-request-id": "f2294690a8f064f6242ff66f03b09389",
        "x-ms-correlation-request-id": "080c065b-23c3-419b-8499-120acd06d543",
        "x-ms-ratelimit-remaining-resource": "Microsoft.Compute/HighCostGet3Min;239,Microsoft.Compute/HighCostGet30Min;1919",
        "x-ms-ratelimit-remaining-subscription-reads": "11992",
        "x-ms-request-id": "cac73f1b-3318-487b-a6c0-93b31883a7ca",
        "x-ms-routing-request-id": "SOUTHEASTASIA:20210723T110048Z:080c065b-23c3-419b-8499-120acd06d543",
        "x-ms-served-by": "4bf15084-9f45-4a17-82a6-013632a884fb_132573940321823891"
      },
      "ResponseBody": [
        "{\r\n",
        "  \u0022value\u0022: [\r\n",
        "    {\r\n",
        "      \u0022name\u0022: \u0022testDisk-5544\u0022,\r\n",
        "      \u0022id\u0022: \u0022/subscriptions/db1ab6f0-4769-4b27-930e-01e2ef9c123c/resourceGroups/testRG-1738/providers/Microsoft.Compute/disks/testDisk-5544\u0022,\r\n",
        "      \u0022type\u0022: \u0022Microsoft.Compute/disks\u0022,\r\n",
        "      \u0022location\u0022: \u0022westus2\u0022,\r\n",
        "      \u0022tags\u0022: {},\r\n",
        "      \u0022sku\u0022: {\r\n",
        "        \u0022name\u0022: \u0022Standard_LRS\u0022,\r\n",
        "        \u0022tier\u0022: \u0022Standard\u0022\r\n",
        "      },\r\n",
        "      \u0022properties\u0022: {\r\n",
        "        \u0022creationData\u0022: {\r\n",
        "          \u0022createOption\u0022: \u0022Empty\u0022\r\n",
        "        },\r\n",
        "        \u0022diskSizeGB\u0022: 1,\r\n",
        "        \u0022diskIOPSReadWrite\u0022: 500,\r\n",
        "        \u0022diskMBpsReadWrite\u0022: 60,\r\n",
        "        \u0022encryption\u0022: {\r\n",
        "          \u0022type\u0022: \u0022EncryptionAtRestWithPlatformKey\u0022\r\n",
        "        },\r\n",
        "        \u0022timeCreated\u0022: \u00222021-07-23T11:00:45.1369287\u002B00:00\u0022,\r\n",
        "        \u0022provisioningState\u0022: \u0022Succeeded\u0022,\r\n",
        "        \u0022diskState\u0022: \u0022Unattached\u0022,\r\n",
        "        \u0022diskSizeBytes\u0022: 1073741824,\r\n",
        "        \u0022uniqueId\u0022: \u0022f97e6dac-e72b-4bd4-8a0f-69160fa19119\u0022,\r\n",
        "        \u0022networkAccessPolicy\u0022: \u0022AllowAll\u0022\r\n",
        "      }\r\n",
        "    },\r\n",
        "    {\r\n",
        "      \u0022name\u0022: \u0022testDisk-893\u0022,\r\n",
        "      \u0022id\u0022: \u0022/subscriptions/db1ab6f0-4769-4b27-930e-01e2ef9c123c/resourceGroups/testRG-1738/providers/Microsoft.Compute/disks/testDisk-893\u0022,\r\n",
        "      \u0022type\u0022: \u0022Microsoft.Compute/disks\u0022,\r\n",
        "      \u0022location\u0022: \u0022westus2\u0022,\r\n",
        "      \u0022tags\u0022: {},\r\n",
        "      \u0022sku\u0022: {\r\n",
        "        \u0022name\u0022: \u0022Standard_LRS\u0022,\r\n",
        "        \u0022tier\u0022: \u0022Standard\u0022\r\n",
        "      },\r\n",
        "      \u0022properties\u0022: {\r\n",
        "        \u0022creationData\u0022: {\r\n",
        "          \u0022createOption\u0022: \u0022Empty\u0022\r\n",
        "        },\r\n",
        "        \u0022diskSizeGB\u0022: 1,\r\n",
        "        \u0022diskIOPSReadWrite\u0022: 500,\r\n",
        "        \u0022diskMBpsReadWrite\u0022: 60,\r\n",
        "        \u0022encryption\u0022: {\r\n",
        "          \u0022type\u0022: \u0022EncryptionAtRestWithPlatformKey\u0022\r\n",
        "        },\r\n",
        "        \u0022timeCreated\u0022: \u00222021-07-23T11:00:47.4962852\u002B00:00\u0022,\r\n",
        "        \u0022provisioningState\u0022: \u0022Succeeded\u0022,\r\n",
        "        \u0022diskState\u0022: \u0022Unattached\u0022,\r\n",
        "        \u0022diskSizeBytes\u0022: 1073741824,\r\n",
        "        \u0022uniqueId\u0022: \u0022281bd8c1-18d4-4a22-b7f3-173ad8eceb02\u0022,\r\n",
        "        \u0022networkAccessPolicy\u0022: \u0022AllowAll\u0022\r\n",
        "      }\r\n",
        "    }\r\n",
        "  ]\r\n",
        "}"
      ]
    }
  ],
  "Variables": {
    "RandomSeed": "1080746977",
    "RESOURCE_MANAGER_URL": null,
    "SUBSCRIPTION_ID": "db1ab6f0-4769-4b27-930e-01e2ef9c123c"
  }
}